
> @guidesmiths/react-form-builder@1.2.5 test
> npx @guidesmiths/license-checker --failOn AGPL --outputFileName License-report --errorReportFileName License-error | run-s test:unit test:lint test:build


> @guidesmiths/react-form-builder@1.2.5 test:unit
> cross-env CI=1 react-scripts test --env=jsdom  --passWithNoTests

FAIL src/Questions/Genre/_tests_/gender.test.js
  ● Console

    console.error
      Error: Uncaught [TypeError: Cannot read properties of undefined (reading 'array')]
          at reportException (/Users/pabloelisseo/repos/one-beyond/csm/react-form-builder/node_modules/jsdom/lib/jsdom/living/helpers/runtime-script-errors.js:66:24)
          at innerInvokeEventListeners (/Users/pabloelisseo/repos/one-beyond/csm/react-form-builder/node_modules/jsdom/lib/jsdom/living/events/EventTarget-impl.js:341:9)
          at invokeEventListeners (/Users/pabloelisseo/repos/one-beyond/csm/react-form-builder/node_modules/jsdom/lib/jsdom/living/events/EventTarget-impl.js:274:3)
          at HTMLUnknownElementImpl._dispatch (/Users/pabloelisseo/repos/one-beyond/csm/react-form-builder/node_modules/jsdom/lib/jsdom/living/events/EventTarget-impl.js:221:9)
          at HTMLUnknownElementImpl.dispatchEvent (/Users/pabloelisseo/repos/one-beyond/csm/react-form-builder/node_modules/jsdom/lib/jsdom/living/events/EventTarget-impl.js:94:17)
          at HTMLUnknownElement.dispatchEvent (/Users/pabloelisseo/repos/one-beyond/csm/react-form-builder/node_modules/jsdom/lib/jsdom/living/generated/EventTarget.js:231:34)
          at Object.invokeGuardedCallbackDev (/Users/pabloelisseo/repos/one-beyond/csm/react-form-builder/node_modules/react-dom/cjs/react-dom.development.js:4213:16)
          at invokeGuardedCallback (/Users/pabloelisseo/repos/one-beyond/csm/react-form-builder/node_modules/react-dom/cjs/react-dom.development.js:4277:31)
          at beginWork$1 (/Users/pabloelisseo/repos/one-beyond/csm/react-form-builder/node_modules/react-dom/cjs/react-dom.development.js:27451:7)
          at performUnitOfWork (/Users/pabloelisseo/repos/one-beyond/csm/react-form-builder/node_modules/react-dom/cjs/react-dom.development.js:26560:12) TypeError: Cannot read properties of undefined (reading 'array')
          at control (/Users/pabloelisseo/repos/one-beyond/csm/react-form-builder/node_modules/react-hook-form/src/useController.ts:63:35)
          at Object.<anonymous>.exports.Controller (/Users/pabloelisseo/repos/one-beyond/csm/react-form-builder/node_modules/react-hook-form/src/form.tsx:38:5)
          at renderWithHooks (/Users/pabloelisseo/repos/one-beyond/csm/react-form-builder/node_modules/react-dom/cjs/react-dom.development.js:16305:18)
          at mountIndeterminateComponent (/Users/pabloelisseo/repos/one-beyond/csm/react-form-builder/node_modules/react-dom/cjs/react-dom.development.js:20074:13)
          at beginWork (/Users/pabloelisseo/repos/one-beyond/csm/react-form-builder/node_modules/react-dom/cjs/react-dom.development.js:21587:16)
          at HTMLUnknownElement.callCallback (/Users/pabloelisseo/repos/one-beyond/csm/react-form-builder/node_modules/react-dom/cjs/react-dom.development.js:4164:14)
          at HTMLUnknownElement.callTheUserObjectsOperation (/Users/pabloelisseo/repos/one-beyond/csm/react-form-builder/node_modules/jsdom/lib/jsdom/living/generated/EventListener.js:26:30)
          at innerInvokeEventListeners (/Users/pabloelisseo/repos/one-beyond/csm/react-form-builder/node_modules/jsdom/lib/jsdom/living/events/EventTarget-impl.js:338:25)
          at invokeEventListeners (/Users/pabloelisseo/repos/one-beyond/csm/react-form-builder/node_modules/jsdom/lib/jsdom/living/events/EventTarget-impl.js:274:3)
          at HTMLUnknownElementImpl._dispatch (/Users/pabloelisseo/repos/one-beyond/csm/react-form-builder/node_modules/jsdom/lib/jsdom/living/events/EventTarget-impl.js:221:9)
          at HTMLUnknownElementImpl.dispatchEvent (/Users/pabloelisseo/repos/one-beyond/csm/react-form-builder/node_modules/jsdom/lib/jsdom/living/events/EventTarget-impl.js:94:17)
          at HTMLUnknownElement.dispatchEvent (/Users/pabloelisseo/repos/one-beyond/csm/react-form-builder/node_modules/jsdom/lib/jsdom/living/generated/EventTarget.js:231:34)
          at Object.invokeGuardedCallbackDev (/Users/pabloelisseo/repos/one-beyond/csm/react-form-builder/node_modules/react-dom/cjs/react-dom.development.js:4213:16)
          at invokeGuardedCallback (/Users/pabloelisseo/repos/one-beyond/csm/react-form-builder/node_modules/react-dom/cjs/react-dom.development.js:4277:31)
          at beginWork$1 (/Users/pabloelisseo/repos/one-beyond/csm/react-form-builder/node_modules/react-dom/cjs/react-dom.development.js:27451:7)
          at performUnitOfWork (/Users/pabloelisseo/repos/one-beyond/csm/react-form-builder/node_modules/react-dom/cjs/react-dom.development.js:26560:12)
          at workLoopSync (/Users/pabloelisseo/repos/one-beyond/csm/react-form-builder/node_modules/react-dom/cjs/react-dom.development.js:26466:5)
          at renderRootSync (/Users/pabloelisseo/repos/one-beyond/csm/react-form-builder/node_modules/react-dom/cjs/react-dom.development.js:26434:7)
          at performConcurrentWorkOnRoot (/Users/pabloelisseo/repos/one-beyond/csm/react-form-builder/node_modules/react-dom/cjs/react-dom.development.js:25738:74)
          at flushActQueue (/Users/pabloelisseo/repos/one-beyond/csm/react-form-builder/node_modules/react/cjs/react.development.js:2667:24)
          at act (/Users/pabloelisseo/repos/one-beyond/csm/react-form-builder/node_modules/react/cjs/react.development.js:2582:11)
          at /Users/pabloelisseo/repos/one-beyond/csm/react-form-builder/node_modules/@testing-library/react/dist/act-compat.js:46:25
          at renderRoot (/Users/pabloelisseo/repos/one-beyond/csm/react-form-builder/node_modules/@testing-library/react/dist/pure.js:161:26)
          at render (/Users/pabloelisseo/repos/one-beyond/csm/react-form-builder/node_modules/@testing-library/react/dist/pure.js:247:10)
          at setup (/Users/pabloelisseo/repos/one-beyond/csm/react-form-builder/src/Questions/Genre/_tests_/gender.test.js:34:33)
          at Object.<anonymous> (/Users/pabloelisseo/repos/one-beyond/csm/react-form-builder/src/Questions/Genre/_tests_/gender.test.js:44:31)
          at Promise.then.completed (/Users/pabloelisseo/repos/one-beyond/csm/react-form-builder/node_modules/jest-circus/build/utils.js:391:28)
          at new Promise (<anonymous>)
          at callAsyncCircusFn (/Users/pabloelisseo/repos/one-beyond/csm/react-form-builder/node_modules/jest-circus/build/utils.js:316:10)
          at _callCircusTest (/Users/pabloelisseo/repos/one-beyond/csm/react-form-builder/node_modules/jest-circus/build/run.js:218:40)
          at processTicksAndRejections (node:internal/process/task_queues:95:5)
          at _runTest (/Users/pabloelisseo/repos/one-beyond/csm/react-form-builder/node_modules/jest-circus/build/run.js:155:3)
          at _runTestsForDescribeBlock (/Users/pabloelisseo/repos/one-beyond/csm/react-form-builder/node_modules/jest-circus/build/run.js:66:9)
          at run (/Users/pabloelisseo/repos/one-beyond/csm/react-form-builder/node_modules/jest-circus/build/run.js:25:3)
          at runAndTransformResultsToJestFormat (/Users/pabloelisseo/repos/one-beyond/csm/react-form-builder/node_modules/jest-circus/build/legacy-code-todo-rewrite/jestAdapterInit.js:170:21)
          at jestAdapter (/Users/pabloelisseo/repos/one-beyond/csm/react-form-builder/node_modules/jest-circus/build/legacy-code-todo-rewrite/jestAdapter.js:82:19)
          at runTestInternal (/Users/pabloelisseo/repos/one-beyond/csm/react-form-builder/node_modules/jest-runner/build/runTest.js:389:16)
          at runTest (/Users/pabloelisseo/repos/one-beyond/csm/react-form-builder/node_modules/jest-runner/build/runTest.js:475:34)
          at Object.worker (/Users/pabloelisseo/repos/one-beyond/csm/react-form-builder/node_modules/jest-runner/build/testWorker.js:133:12)

      at VirtualConsole.<anonymous> (node_modules/jsdom/lib/jsdom/virtual-console.js:29:45)
      at reportException (node_modules/jsdom/lib/jsdom/living/helpers/runtime-script-errors.js:70:28)
      at innerInvokeEventListeners (node_modules/jsdom/lib/jsdom/living/events/EventTarget-impl.js:341:9)
      at invokeEventListeners (node_modules/jsdom/lib/jsdom/living/events/EventTarget-impl.js:274:3)
      at HTMLUnknownElementImpl._dispatch (node_modules/jsdom/lib/jsdom/living/events/EventTarget-impl.js:221:9)
      at HTMLUnknownElementImpl.dispatchEvent (node_modules/jsdom/lib/jsdom/living/events/EventTarget-impl.js:94:17)
      at HTMLUnknownElement.dispatchEvent (node_modules/jsdom/lib/jsdom/living/generated/EventTarget.js:231:34)

    console.error
      Error: Uncaught [TypeError: Cannot read properties of undefined (reading 'array')]
          at reportException (/Users/pabloelisseo/repos/one-beyond/csm/react-form-builder/node_modules/jsdom/lib/jsdom/living/helpers/runtime-script-errors.js:66:24)
          at innerInvokeEventListeners (/Users/pabloelisseo/repos/one-beyond/csm/react-form-builder/node_modules/jsdom/lib/jsdom/living/events/EventTarget-impl.js:341:9)
          at invokeEventListeners (/Users/pabloelisseo/repos/one-beyond/csm/react-form-builder/node_modules/jsdom/lib/jsdom/living/events/EventTarget-impl.js:274:3)
          at HTMLUnknownElementImpl._dispatch (/Users/pabloelisseo/repos/one-beyond/csm/react-form-builder/node_modules/jsdom/lib/jsdom/living/events/EventTarget-impl.js:221:9)
          at HTMLUnknownElementImpl.dispatchEvent (/Users/pabloelisseo/repos/one-beyond/csm/react-form-builder/node_modules/jsdom/lib/jsdom/living/events/EventTarget-impl.js:94:17)
          at HTMLUnknownElement.dispatchEvent (/Users/pabloelisseo/repos/one-beyond/csm/react-form-builder/node_modules/jsdom/lib/jsdom/living/generated/EventTarget.js:231:34)
          at Object.invokeGuardedCallbackDev (/Users/pabloelisseo/repos/one-beyond/csm/react-form-builder/node_modules/react-dom/cjs/react-dom.development.js:4213:16)
          at invokeGuardedCallback (/Users/pabloelisseo/repos/one-beyond/csm/react-form-builder/node_modules/react-dom/cjs/react-dom.development.js:4277:31)
          at beginWork$1 (/Users/pabloelisseo/repos/one-beyond/csm/react-form-builder/node_modules/react-dom/cjs/react-dom.development.js:27451:7)
          at performUnitOfWork (/Users/pabloelisseo/repos/one-beyond/csm/react-form-builder/node_modules/react-dom/cjs/react-dom.development.js:26560:12) TypeError: Cannot read properties of undefined (reading 'array')
          at control (/Users/pabloelisseo/repos/one-beyond/csm/react-form-builder/node_modules/react-hook-form/src/useController.ts:63:35)
          at Object.<anonymous>.exports.Controller (/Users/pabloelisseo/repos/one-beyond/csm/react-form-builder/node_modules/react-hook-form/src/form.tsx:38:5)
          at renderWithHooks (/Users/pabloelisseo/repos/one-beyond/csm/react-form-builder/node_modules/react-dom/cjs/react-dom.development.js:16305:18)
          at mountIndeterminateComponent (/Users/pabloelisseo/repos/one-beyond/csm/react-form-builder/node_modules/react-dom/cjs/react-dom.development.js:20074:13)
          at beginWork (/Users/pabloelisseo/repos/one-beyond/csm/react-form-builder/node_modules/react-dom/cjs/react-dom.development.js:21587:16)
          at HTMLUnknownElement.callCallback (/Users/pabloelisseo/repos/one-beyond/csm/react-form-builder/node_modules/react-dom/cjs/react-dom.development.js:4164:14)
          at HTMLUnknownElement.callTheUserObjectsOperation (/Users/pabloelisseo/repos/one-beyond/csm/react-form-builder/node_modules/jsdom/lib/jsdom/living/generated/EventListener.js:26:30)
          at innerInvokeEventListeners (/Users/pabloelisseo/repos/one-beyond/csm/react-form-builder/node_modules/jsdom/lib/jsdom/living/events/EventTarget-impl.js:338:25)
          at invokeEventListeners (/Users/pabloelisseo/repos/one-beyond/csm/react-form-builder/node_modules/jsdom/lib/jsdom/living/events/EventTarget-impl.js:274:3)
          at HTMLUnknownElementImpl._dispatch (/Users/pabloelisseo/repos/one-beyond/csm/react-form-builder/node_modules/jsdom/lib/jsdom/living/events/EventTarget-impl.js:221:9)
          at HTMLUnknownElementImpl.dispatchEvent (/Users/pabloelisseo/repos/one-beyond/csm/react-form-builder/node_modules/jsdom/lib/jsdom/living/events/EventTarget-impl.js:94:17)
          at HTMLUnknownElement.dispatchEvent (/Users/pabloelisseo/repos/one-beyond/csm/react-form-builder/node_modules/jsdom/lib/jsdom/living/generated/EventTarget.js:231:34)
          at Object.invokeGuardedCallbackDev (/Users/pabloelisseo/repos/one-beyond/csm/react-form-builder/node_modules/react-dom/cjs/react-dom.development.js:4213:16)
          at invokeGuardedCallback (/Users/pabloelisseo/repos/one-beyond/csm/react-form-builder/node_modules/react-dom/cjs/react-dom.development.js:4277:31)
          at beginWork$1 (/Users/pabloelisseo/repos/one-beyond/csm/react-form-builder/node_modules/react-dom/cjs/react-dom.development.js:27451:7)
          at performUnitOfWork (/Users/pabloelisseo/repos/one-beyond/csm/react-form-builder/node_modules/react-dom/cjs/react-dom.development.js:26560:12)
          at workLoopSync (/Users/pabloelisseo/repos/one-beyond/csm/react-form-builder/node_modules/react-dom/cjs/react-dom.development.js:26466:5)
          at renderRootSync (/Users/pabloelisseo/repos/one-beyond/csm/react-form-builder/node_modules/react-dom/cjs/react-dom.development.js:26434:7)
          at recoverFromConcurrentError (/Users/pabloelisseo/repos/one-beyond/csm/react-form-builder/node_modules/react-dom/cjs/react-dom.development.js:25850:20)
          at performConcurrentWorkOnRoot (/Users/pabloelisseo/repos/one-beyond/csm/react-form-builder/node_modules/react-dom/cjs/react-dom.development.js:25750:22)
          at flushActQueue (/Users/pabloelisseo/repos/one-beyond/csm/react-form-builder/node_modules/react/cjs/react.development.js:2667:24)
          at act (/Users/pabloelisseo/repos/one-beyond/csm/react-form-builder/node_modules/react/cjs/react.development.js:2582:11)
          at /Users/pabloelisseo/repos/one-beyond/csm/react-form-builder/node_modules/@testing-library/react/dist/act-compat.js:46:25
          at renderRoot (/Users/pabloelisseo/repos/one-beyond/csm/react-form-builder/node_modules/@testing-library/react/dist/pure.js:161:26)
          at render (/Users/pabloelisseo/repos/one-beyond/csm/react-form-builder/node_modules/@testing-library/react/dist/pure.js:247:10)
          at setup (/Users/pabloelisseo/repos/one-beyond/csm/react-form-builder/src/Questions/Genre/_tests_/gender.test.js:34:33)
          at Object.<anonymous> (/Users/pabloelisseo/repos/one-beyond/csm/react-form-builder/src/Questions/Genre/_tests_/gender.test.js:44:31)
          at Promise.then.completed (/Users/pabloelisseo/repos/one-beyond/csm/react-form-builder/node_modules/jest-circus/build/utils.js:391:28)
          at new Promise (<anonymous>)
          at callAsyncCircusFn (/Users/pabloelisseo/repos/one-beyond/csm/react-form-builder/node_modules/jest-circus/build/utils.js:316:10)
          at _callCircusTest (/Users/pabloelisseo/repos/one-beyond/csm/react-form-builder/node_modules/jest-circus/build/run.js:218:40)
          at processTicksAndRejections (node:internal/process/task_queues:95:5)
          at _runTest (/Users/pabloelisseo/repos/one-beyond/csm/react-form-builder/node_modules/jest-circus/build/run.js:155:3)
          at _runTestsForDescribeBlock (/Users/pabloelisseo/repos/one-beyond/csm/react-form-builder/node_modules/jest-circus/build/run.js:66:9)
          at run (/Users/pabloelisseo/repos/one-beyond/csm/react-form-builder/node_modules/jest-circus/build/run.js:25:3)
          at runAndTransformResultsToJestFormat (/Users/pabloelisseo/repos/one-beyond/csm/react-form-builder/node_modules/jest-circus/build/legacy-code-todo-rewrite/jestAdapterInit.js:170:21)
          at jestAdapter (/Users/pabloelisseo/repos/one-beyond/csm/react-form-builder/node_modules/jest-circus/build/legacy-code-todo-rewrite/jestAdapter.js:82:19)
          at runTestInternal (/Users/pabloelisseo/repos/one-beyond/csm/react-form-builder/node_modules/jest-runner/build/runTest.js:389:16)
          at runTest (/Users/pabloelisseo/repos/one-beyond/csm/react-form-builder/node_modules/jest-runner/build/runTest.js:475:34)
          at Object.worker (/Users/pabloelisseo/repos/one-beyond/csm/react-form-builder/node_modules/jest-runner/build/testWorker.js:133:12)

      at VirtualConsole.<anonymous> (node_modules/jsdom/lib/jsdom/virtual-console.js:29:45)
      at reportException (node_modules/jsdom/lib/jsdom/living/helpers/runtime-script-errors.js:70:28)
      at innerInvokeEventListeners (node_modules/jsdom/lib/jsdom/living/events/EventTarget-impl.js:341:9)
      at invokeEventListeners (node_modules/jsdom/lib/jsdom/living/events/EventTarget-impl.js:274:3)
      at HTMLUnknownElementImpl._dispatch (node_modules/jsdom/lib/jsdom/living/events/EventTarget-impl.js:221:9)
      at HTMLUnknownElementImpl.dispatchEvent (node_modules/jsdom/lib/jsdom/living/events/EventTarget-impl.js:94:17)
      at HTMLUnknownElement.dispatchEvent (node_modules/jsdom/lib/jsdom/living/generated/EventTarget.js:231:34)

    console.error
      The above error occurred in one of your React components:
      
          at Object.<anonymous>.exports.Controller (/Users/pabloelisseo/repos/one-beyond/csm/react-form-builder/node_modules/react-hook-form/src/form.tsx:37:9)
          at Select (/Users/pabloelisseo/repos/one-beyond/csm/react-form-builder/src/Fields/Select/index.js:10:3)
          at div
          at /Users/pabloelisseo/repos/one-beyond/csm/react-form-builder/node_modules/@emotion/react/dist/emotion-element-48d2c2e4.cjs.dev.js:62:23
          at QuestionGender (/Users/pabloelisseo/repos/one-beyond/csm/react-form-builder/src/Questions/Genre/index.js:20:27)
      
      Consider adding an error boundary to your tree to customize error handling behavior.
      Visit https://reactjs.org/link/error-boundaries to learn more about error boundaries.

      at logCapturedError (node_modules/react-dom/cjs/react-dom.development.js:18687:23)
      at update.callback (node_modules/react-dom/cjs/react-dom.development.js:18720:5)
      at callCallback (node_modules/react-dom/cjs/react-dom.development.js:13923:12)
      at commitUpdateQueue (node_modules/react-dom/cjs/react-dom.development.js:13944:9)
      at commitLayoutEffectOnFiber (node_modules/react-dom/cjs/react-dom.development.js:23391:13)
      at commitLayoutMountEffects_complete (node_modules/react-dom/cjs/react-dom.development.js:24688:9)
      at commitLayoutEffects_begin (node_modules/react-dom/cjs/react-dom.development.js:24674:7)
      at commitLayoutEffects (node_modules/react-dom/cjs/react-dom.development.js:24612:3)

    console.error
      Error: Uncaught [TypeError: Cannot read properties of undefined (reading 'array')]
          at reportException (/Users/pabloelisseo/repos/one-beyond/csm/react-form-builder/node_modules/jsdom/lib/jsdom/living/helpers/runtime-script-errors.js:66:24)
          at innerInvokeEventListeners (/Users/pabloelisseo/repos/one-beyond/csm/react-form-builder/node_modules/jsdom/lib/jsdom/living/events/EventTarget-impl.js:341:9)
          at invokeEventListeners (/Users/pabloelisseo/repos/one-beyond/csm/react-form-builder/node_modules/jsdom/lib/jsdom/living/events/EventTarget-impl.js:274:3)
          at HTMLUnknownElementImpl._dispatch (/Users/pabloelisseo/repos/one-beyond/csm/react-form-builder/node_modules/jsdom/lib/jsdom/living/events/EventTarget-impl.js:221:9)
          at HTMLUnknownElementImpl.dispatchEvent (/Users/pabloelisseo/repos/one-beyond/csm/react-form-builder/node_modules/jsdom/lib/jsdom/living/events/EventTarget-impl.js:94:17)
          at HTMLUnknownElement.dispatchEvent (/Users/pabloelisseo/repos/one-beyond/csm/react-form-builder/node_modules/jsdom/lib/jsdom/living/generated/EventTarget.js:231:34)
          at Object.invokeGuardedCallbackDev (/Users/pabloelisseo/repos/one-beyond/csm/react-form-builder/node_modules/react-dom/cjs/react-dom.development.js:4213:16)
          at invokeGuardedCallback (/Users/pabloelisseo/repos/one-beyond/csm/react-form-builder/node_modules/react-dom/cjs/react-dom.development.js:4277:31)
          at beginWork$1 (/Users/pabloelisseo/repos/one-beyond/csm/react-form-builder/node_modules/react-dom/cjs/react-dom.development.js:27451:7)
          at performUnitOfWork (/Users/pabloelisseo/repos/one-beyond/csm/react-form-builder/node_modules/react-dom/cjs/react-dom.development.js:26560:12) TypeError: Cannot read properties of undefined (reading 'array')
          at control (/Users/pabloelisseo/repos/one-beyond/csm/react-form-builder/node_modules/react-hook-form/src/useController.ts:63:35)
          at Object.<anonymous>.exports.Controller (/Users/pabloelisseo/repos/one-beyond/csm/react-form-builder/node_modules/react-hook-form/src/form.tsx:38:5)
          at renderWithHooks (/Users/pabloelisseo/repos/one-beyond/csm/react-form-builder/node_modules/react-dom/cjs/react-dom.development.js:16305:18)
          at mountIndeterminateComponent (/Users/pabloelisseo/repos/one-beyond/csm/react-form-builder/node_modules/react-dom/cjs/react-dom.development.js:20074:13)
          at beginWork (/Users/pabloelisseo/repos/one-beyond/csm/react-form-builder/node_modules/react-dom/cjs/react-dom.development.js:21587:16)
          at HTMLUnknownElement.callCallback (/Users/pabloelisseo/repos/one-beyond/csm/react-form-builder/node_modules/react-dom/cjs/react-dom.development.js:4164:14)
          at HTMLUnknownElement.callTheUserObjectsOperation (/Users/pabloelisseo/repos/one-beyond/csm/react-form-builder/node_modules/jsdom/lib/jsdom/living/generated/EventListener.js:26:30)
          at innerInvokeEventListeners (/Users/pabloelisseo/repos/one-beyond/csm/react-form-builder/node_modules/jsdom/lib/jsdom/living/events/EventTarget-impl.js:338:25)
          at invokeEventListeners (/Users/pabloelisseo/repos/one-beyond/csm/react-form-builder/node_modules/jsdom/lib/jsdom/living/events/EventTarget-impl.js:274:3)
          at HTMLUnknownElementImpl._dispatch (/Users/pabloelisseo/repos/one-beyond/csm/react-form-builder/node_modules/jsdom/lib/jsdom/living/events/EventTarget-impl.js:221:9)
          at HTMLUnknownElementImpl.dispatchEvent (/Users/pabloelisseo/repos/one-beyond/csm/react-form-builder/node_modules/jsdom/lib/jsdom/living/events/EventTarget-impl.js:94:17)
          at HTMLUnknownElement.dispatchEvent (/Users/pabloelisseo/repos/one-beyond/csm/react-form-builder/node_modules/jsdom/lib/jsdom/living/generated/EventTarget.js:231:34)
          at Object.invokeGuardedCallbackDev (/Users/pabloelisseo/repos/one-beyond/csm/react-form-builder/node_modules/react-dom/cjs/react-dom.development.js:4213:16)
          at invokeGuardedCallback (/Users/pabloelisseo/repos/one-beyond/csm/react-form-builder/node_modules/react-dom/cjs/react-dom.development.js:4277:31)
          at beginWork$1 (/Users/pabloelisseo/repos/one-beyond/csm/react-form-builder/node_modules/react-dom/cjs/react-dom.development.js:27451:7)
          at performUnitOfWork (/Users/pabloelisseo/repos/one-beyond/csm/react-form-builder/node_modules/react-dom/cjs/react-dom.development.js:26560:12)
          at workLoopSync (/Users/pabloelisseo/repos/one-beyond/csm/react-form-builder/node_modules/react-dom/cjs/react-dom.development.js:26466:5)
          at renderRootSync (/Users/pabloelisseo/repos/one-beyond/csm/react-form-builder/node_modules/react-dom/cjs/react-dom.development.js:26434:7)
          at performConcurrentWorkOnRoot (/Users/pabloelisseo/repos/one-beyond/csm/react-form-builder/node_modules/react-dom/cjs/react-dom.development.js:25738:74)
          at flushActQueue (/Users/pabloelisseo/repos/one-beyond/csm/react-form-builder/node_modules/react/cjs/react.development.js:2667:24)
          at act (/Users/pabloelisseo/repos/one-beyond/csm/react-form-builder/node_modules/react/cjs/react.development.js:2582:11)
          at /Users/pabloelisseo/repos/one-beyond/csm/react-form-builder/node_modules/@testing-library/react/dist/act-compat.js:46:25
          at renderRoot (/Users/pabloelisseo/repos/one-beyond/csm/react-form-builder/node_modules/@testing-library/react/dist/pure.js:161:26)
          at render (/Users/pabloelisseo/repos/one-beyond/csm/react-form-builder/node_modules/@testing-library/react/dist/pure.js:247:10)
          at setup (/Users/pabloelisseo/repos/one-beyond/csm/react-form-builder/src/Questions/Genre/_tests_/gender.test.js:34:33)
          at Object.<anonymous> (/Users/pabloelisseo/repos/one-beyond/csm/react-form-builder/src/Questions/Genre/_tests_/gender.test.js:49:31)
          at Promise.then.completed (/Users/pabloelisseo/repos/one-beyond/csm/react-form-builder/node_modules/jest-circus/build/utils.js:391:28)
          at new Promise (<anonymous>)
          at callAsyncCircusFn (/Users/pabloelisseo/repos/one-beyond/csm/react-form-builder/node_modules/jest-circus/build/utils.js:316:10)
          at _callCircusTest (/Users/pabloelisseo/repos/one-beyond/csm/react-form-builder/node_modules/jest-circus/build/run.js:218:40)
          at processTicksAndRejections (node:internal/process/task_queues:95:5)
          at _runTest (/Users/pabloelisseo/repos/one-beyond/csm/react-form-builder/node_modules/jest-circus/build/run.js:155:3)
          at _runTestsForDescribeBlock (/Users/pabloelisseo/repos/one-beyond/csm/react-form-builder/node_modules/jest-circus/build/run.js:66:9)
          at run (/Users/pabloelisseo/repos/one-beyond/csm/react-form-builder/node_modules/jest-circus/build/run.js:25:3)
          at runAndTransformResultsToJestFormat (/Users/pabloelisseo/repos/one-beyond/csm/react-form-builder/node_modules/jest-circus/build/legacy-code-todo-rewrite/jestAdapterInit.js:170:21)
          at jestAdapter (/Users/pabloelisseo/repos/one-beyond/csm/react-form-builder/node_modules/jest-circus/build/legacy-code-todo-rewrite/jestAdapter.js:82:19)
          at runTestInternal (/Users/pabloelisseo/repos/one-beyond/csm/react-form-builder/node_modules/jest-runner/build/runTest.js:389:16)
          at runTest (/Users/pabloelisseo/repos/one-beyond/csm/react-form-builder/node_modules/jest-runner/build/runTest.js:475:34)
          at Object.worker (/Users/pabloelisseo/repos/one-beyond/csm/react-form-builder/node_modules/jest-runner/build/testWorker.js:133:12)

      at VirtualConsole.<anonymous> (node_modules/jsdom/lib/jsdom/virtual-console.js:29:45)
      at reportException (node_modules/jsdom/lib/jsdom/living/helpers/runtime-script-errors.js:70:28)
      at innerInvokeEventListeners (node_modules/jsdom/lib/jsdom/living/events/EventTarget-impl.js:341:9)
      at invokeEventListeners (node_modules/jsdom/lib/jsdom/living/events/EventTarget-impl.js:274:3)
      at HTMLUnknownElementImpl._dispatch (node_modules/jsdom/lib/jsdom/living/events/EventTarget-impl.js:221:9)
      at HTMLUnknownElementImpl.dispatchEvent (node_modules/jsdom/lib/jsdom/living/events/EventTarget-impl.js:94:17)
      at HTMLUnknownElement.dispatchEvent (node_modules/jsdom/lib/jsdom/living/generated/EventTarget.js:231:34)

    console.error
      Error: Uncaught [TypeError: Cannot read properties of undefined (reading 'array')]
          at reportException (/Users/pabloelisseo/repos/one-beyond/csm/react-form-builder/node_modules/jsdom/lib/jsdom/living/helpers/runtime-script-errors.js:66:24)
          at innerInvokeEventListeners (/Users/pabloelisseo/repos/one-beyond/csm/react-form-builder/node_modules/jsdom/lib/jsdom/living/events/EventTarget-impl.js:341:9)
          at invokeEventListeners (/Users/pabloelisseo/repos/one-beyond/csm/react-form-builder/node_modules/jsdom/lib/jsdom/living/events/EventTarget-impl.js:274:3)
          at HTMLUnknownElementImpl._dispatch (/Users/pabloelisseo/repos/one-beyond/csm/react-form-builder/node_modules/jsdom/lib/jsdom/living/events/EventTarget-impl.js:221:9)
          at HTMLUnknownElementImpl.dispatchEvent (/Users/pabloelisseo/repos/one-beyond/csm/react-form-builder/node_modules/jsdom/lib/jsdom/living/events/EventTarget-impl.js:94:17)
          at HTMLUnknownElement.dispatchEvent (/Users/pabloelisseo/repos/one-beyond/csm/react-form-builder/node_modules/jsdom/lib/jsdom/living/generated/EventTarget.js:231:34)
          at Object.invokeGuardedCallbackDev (/Users/pabloelisseo/repos/one-beyond/csm/react-form-builder/node_modules/react-dom/cjs/react-dom.development.js:4213:16)
          at invokeGuardedCallback (/Users/pabloelisseo/repos/one-beyond/csm/react-form-builder/node_modules/react-dom/cjs/react-dom.development.js:4277:31)
          at beginWork$1 (/Users/pabloelisseo/repos/one-beyond/csm/react-form-builder/node_modules/react-dom/cjs/react-dom.development.js:27451:7)
          at performUnitOfWork (/Users/pabloelisseo/repos/one-beyond/csm/react-form-builder/node_modules/react-dom/cjs/react-dom.development.js:26560:12) TypeError: Cannot read properties of undefined (reading 'array')
          at control (/Users/pabloelisseo/repos/one-beyond/csm/react-form-builder/node_modules/react-hook-form/src/useController.ts:63:35)
          at Object.<anonymous>.exports.Controller (/Users/pabloelisseo/repos/one-beyond/csm/react-form-builder/node_modules/react-hook-form/src/form.tsx:38:5)
          at renderWithHooks (/Users/pabloelisseo/repos/one-beyond/csm/react-form-builder/node_modules/react-dom/cjs/react-dom.development.js:16305:18)
          at mountIndeterminateComponent (/Users/pabloelisseo/repos/one-beyond/csm/react-form-builder/node_modules/react-dom/cjs/react-dom.development.js:20074:13)
          at beginWork (/Users/pabloelisseo/repos/one-beyond/csm/react-form-builder/node_modules/react-dom/cjs/react-dom.development.js:21587:16)
          at HTMLUnknownElement.callCallback (/Users/pabloelisseo/repos/one-beyond/csm/react-form-builder/node_modules/react-dom/cjs/react-dom.development.js:4164:14)
          at HTMLUnknownElement.callTheUserObjectsOperation (/Users/pabloelisseo/repos/one-beyond/csm/react-form-builder/node_modules/jsdom/lib/jsdom/living/generated/EventListener.js:26:30)
          at innerInvokeEventListeners (/Users/pabloelisseo/repos/one-beyond/csm/react-form-builder/node_modules/jsdom/lib/jsdom/living/events/EventTarget-impl.js:338:25)
          at invokeEventListeners (/Users/pabloelisseo/repos/one-beyond/csm/react-form-builder/node_modules/jsdom/lib/jsdom/living/events/EventTarget-impl.js:274:3)
          at HTMLUnknownElementImpl._dispatch (/Users/pabloelisseo/repos/one-beyond/csm/react-form-builder/node_modules/jsdom/lib/jsdom/living/events/EventTarget-impl.js:221:9)
          at HTMLUnknownElementImpl.dispatchEvent (/Users/pabloelisseo/repos/one-beyond/csm/react-form-builder/node_modules/jsdom/lib/jsdom/living/events/EventTarget-impl.js:94:17)
          at HTMLUnknownElement.dispatchEvent (/Users/pabloelisseo/repos/one-beyond/csm/react-form-builder/node_modules/jsdom/lib/jsdom/living/generated/EventTarget.js:231:34)
          at Object.invokeGuardedCallbackDev (/Users/pabloelisseo/repos/one-beyond/csm/react-form-builder/node_modules/react-dom/cjs/react-dom.development.js:4213:16)
          at invokeGuardedCallback (/Users/pabloelisseo/repos/one-beyond/csm/react-form-builder/node_modules/react-dom/cjs/react-dom.development.js:4277:31)
          at beginWork$1 (/Users/pabloelisseo/repos/one-beyond/csm/react-form-builder/node_modules/react-dom/cjs/react-dom.development.js:27451:7)
          at performUnitOfWork (/Users/pabloelisseo/repos/one-beyond/csm/react-form-builder/node_modules/react-dom/cjs/react-dom.development.js:26560:12)
          at workLoopSync (/Users/pabloelisseo/repos/one-beyond/csm/react-form-builder/node_modules/react-dom/cjs/react-dom.development.js:26466:5)
          at renderRootSync (/Users/pabloelisseo/repos/one-beyond/csm/react-form-builder/node_modules/react-dom/cjs/react-dom.development.js:26434:7)
          at recoverFromConcurrentError (/Users/pabloelisseo/repos/one-beyond/csm/react-form-builder/node_modules/react-dom/cjs/react-dom.development.js:25850:20)
          at performConcurrentWorkOnRoot (/Users/pabloelisseo/repos/one-beyond/csm/react-form-builder/node_modules/react-dom/cjs/react-dom.development.js:25750:22)
          at flushActQueue (/Users/pabloelisseo/repos/one-beyond/csm/react-form-builder/node_modules/react/cjs/react.development.js:2667:24)
          at act (/Users/pabloelisseo/repos/one-beyond/csm/react-form-builder/node_modules/react/cjs/react.development.js:2582:11)
          at /Users/pabloelisseo/repos/one-beyond/csm/react-form-builder/node_modules/@testing-library/react/dist/act-compat.js:46:25
          at renderRoot (/Users/pabloelisseo/repos/one-beyond/csm/react-form-builder/node_modules/@testing-library/react/dist/pure.js:161:26)
          at render (/Users/pabloelisseo/repos/one-beyond/csm/react-form-builder/node_modules/@testing-library/react/dist/pure.js:247:10)
          at setup (/Users/pabloelisseo/repos/one-beyond/csm/react-form-builder/src/Questions/Genre/_tests_/gender.test.js:34:33)
          at Object.<anonymous> (/Users/pabloelisseo/repos/one-beyond/csm/react-form-builder/src/Questions/Genre/_tests_/gender.test.js:49:31)
          at Promise.then.completed (/Users/pabloelisseo/repos/one-beyond/csm/react-form-builder/node_modules/jest-circus/build/utils.js:391:28)
          at new Promise (<anonymous>)
          at callAsyncCircusFn (/Users/pabloelisseo/repos/one-beyond/csm/react-form-builder/node_modules/jest-circus/build/utils.js:316:10)
          at _callCircusTest (/Users/pabloelisseo/repos/one-beyond/csm/react-form-builder/node_modules/jest-circus/build/run.js:218:40)
          at processTicksAndRejections (node:internal/process/task_queues:95:5)
          at _runTest (/Users/pabloelisseo/repos/one-beyond/csm/react-form-builder/node_modules/jest-circus/build/run.js:155:3)
          at _runTestsForDescribeBlock (/Users/pabloelisseo/repos/one-beyond/csm/react-form-builder/node_modules/jest-circus/build/run.js:66:9)
          at run (/Users/pabloelisseo/repos/one-beyond/csm/react-form-builder/node_modules/jest-circus/build/run.js:25:3)
          at runAndTransformResultsToJestFormat (/Users/pabloelisseo/repos/one-beyond/csm/react-form-builder/node_modules/jest-circus/build/legacy-code-todo-rewrite/jestAdapterInit.js:170:21)
          at jestAdapter (/Users/pabloelisseo/repos/one-beyond/csm/react-form-builder/node_modules/jest-circus/build/legacy-code-todo-rewrite/jestAdapter.js:82:19)
          at runTestInternal (/Users/pabloelisseo/repos/one-beyond/csm/react-form-builder/node_modules/jest-runner/build/runTest.js:389:16)
          at runTest (/Users/pabloelisseo/repos/one-beyond/csm/react-form-builder/node_modules/jest-runner/build/runTest.js:475:34)
          at Object.worker (/Users/pabloelisseo/repos/one-beyond/csm/react-form-builder/node_modules/jest-runner/build/testWorker.js:133:12)

      at VirtualConsole.<anonymous> (node_modules/jsdom/lib/jsdom/virtual-console.js:29:45)
      at reportException (node_modules/jsdom/lib/jsdom/living/helpers/runtime-script-errors.js:70:28)
      at innerInvokeEventListeners (node_modules/jsdom/lib/jsdom/living/events/EventTarget-impl.js:341:9)
      at invokeEventListeners (node_modules/jsdom/lib/jsdom/living/events/EventTarget-impl.js:274:3)
      at HTMLUnknownElementImpl._dispatch (node_modules/jsdom/lib/jsdom/living/events/EventTarget-impl.js:221:9)
      at HTMLUnknownElementImpl.dispatchEvent (node_modules/jsdom/lib/jsdom/living/events/EventTarget-impl.js:94:17)
      at HTMLUnknownElement.dispatchEvent (node_modules/jsdom/lib/jsdom/living/generated/EventTarget.js:231:34)

    console.error
      The above error occurred in one of your React components:
      
          at Object.<anonymous>.exports.Controller (/Users/pabloelisseo/repos/one-beyond/csm/react-form-builder/node_modules/react-hook-form/src/form.tsx:37:9)
          at Select (/Users/pabloelisseo/repos/one-beyond/csm/react-form-builder/src/Fields/Select/index.js:10:3)
          at div
          at /Users/pabloelisseo/repos/one-beyond/csm/react-form-builder/node_modules/@emotion/react/dist/emotion-element-48d2c2e4.cjs.dev.js:62:23
          at QuestionGender (/Users/pabloelisseo/repos/one-beyond/csm/react-form-builder/src/Questions/Genre/index.js:20:27)
      
      Consider adding an error boundary to your tree to customize error handling behavior.
      Visit https://reactjs.org/link/error-boundaries to learn more about error boundaries.

      at logCapturedError (node_modules/react-dom/cjs/react-dom.development.js:18687:23)
      at update.callback (node_modules/react-dom/cjs/react-dom.development.js:18720:5)
      at callCallback (node_modules/react-dom/cjs/react-dom.development.js:13923:12)
      at commitUpdateQueue (node_modules/react-dom/cjs/react-dom.development.js:13944:9)
      at commitLayoutEffectOnFiber (node_modules/react-dom/cjs/react-dom.development.js:23391:13)
      at commitLayoutMountEffects_complete (node_modules/react-dom/cjs/react-dom.development.js:24688:9)
      at commitLayoutEffects_begin (node_modules/react-dom/cjs/react-dom.development.js:24674:7)
      at commitLayoutEffects (node_modules/react-dom/cjs/react-dom.development.js:24612:3)

    console.error
      Error: Uncaught [TypeError: Cannot read properties of undefined (reading 'array')]
          at reportException (/Users/pabloelisseo/repos/one-beyond/csm/react-form-builder/node_modules/jsdom/lib/jsdom/living/helpers/runtime-script-errors.js:66:24)
          at innerInvokeEventListeners (/Users/pabloelisseo/repos/one-beyond/csm/react-form-builder/node_modules/jsdom/lib/jsdom/living/events/EventTarget-impl.js:341:9)
          at invokeEventListeners (/Users/pabloelisseo/repos/one-beyond/csm/react-form-builder/node_modules/jsdom/lib/jsdom/living/events/EventTarget-impl.js:274:3)
          at HTMLUnknownElementImpl._dispatch (/Users/pabloelisseo/repos/one-beyond/csm/react-form-builder/node_modules/jsdom/lib/jsdom/living/events/EventTarget-impl.js:221:9)
          at HTMLUnknownElementImpl.dispatchEvent (/Users/pabloelisseo/repos/one-beyond/csm/react-form-builder/node_modules/jsdom/lib/jsdom/living/events/EventTarget-impl.js:94:17)
          at HTMLUnknownElement.dispatchEvent (/Users/pabloelisseo/repos/one-beyond/csm/react-form-builder/node_modules/jsdom/lib/jsdom/living/generated/EventTarget.js:231:34)
          at Object.invokeGuardedCallbackDev (/Users/pabloelisseo/repos/one-beyond/csm/react-form-builder/node_modules/react-dom/cjs/react-dom.development.js:4213:16)
          at invokeGuardedCallback (/Users/pabloelisseo/repos/one-beyond/csm/react-form-builder/node_modules/react-dom/cjs/react-dom.development.js:4277:31)
          at beginWork$1 (/Users/pabloelisseo/repos/one-beyond/csm/react-form-builder/node_modules/react-dom/cjs/react-dom.development.js:27451:7)
          at performUnitOfWork (/Users/pabloelisseo/repos/one-beyond/csm/react-form-builder/node_modules/react-dom/cjs/react-dom.development.js:26560:12) TypeError: Cannot read properties of undefined (reading 'array')
          at control (/Users/pabloelisseo/repos/one-beyond/csm/react-form-builder/node_modules/react-hook-form/src/useController.ts:63:35)
          at Object.<anonymous>.exports.Controller (/Users/pabloelisseo/repos/one-beyond/csm/react-form-builder/node_modules/react-hook-form/src/form.tsx:38:5)
          at renderWithHooks (/Users/pabloelisseo/repos/one-beyond/csm/react-form-builder/node_modules/react-dom/cjs/react-dom.development.js:16305:18)
          at mountIndeterminateComponent (/Users/pabloelisseo/repos/one-beyond/csm/react-form-builder/node_modules/react-dom/cjs/react-dom.development.js:20074:13)
          at beginWork (/Users/pabloelisseo/repos/one-beyond/csm/react-form-builder/node_modules/react-dom/cjs/react-dom.development.js:21587:16)
          at HTMLUnknownElement.callCallback (/Users/pabloelisseo/repos/one-beyond/csm/react-form-builder/node_modules/react-dom/cjs/react-dom.development.js:4164:14)
          at HTMLUnknownElement.callTheUserObjectsOperation (/Users/pabloelisseo/repos/one-beyond/csm/react-form-builder/node_modules/jsdom/lib/jsdom/living/generated/EventListener.js:26:30)
          at innerInvokeEventListeners (/Users/pabloelisseo/repos/one-beyond/csm/react-form-builder/node_modules/jsdom/lib/jsdom/living/events/EventTarget-impl.js:338:25)
          at invokeEventListeners (/Users/pabloelisseo/repos/one-beyond/csm/react-form-builder/node_modules/jsdom/lib/jsdom/living/events/EventTarget-impl.js:274:3)
          at HTMLUnknownElementImpl._dispatch (/Users/pabloelisseo/repos/one-beyond/csm/react-form-builder/node_modules/jsdom/lib/jsdom/living/events/EventTarget-impl.js:221:9)
          at HTMLUnknownElementImpl.dispatchEvent (/Users/pabloelisseo/repos/one-beyond/csm/react-form-builder/node_modules/jsdom/lib/jsdom/living/events/EventTarget-impl.js:94:17)
          at HTMLUnknownElement.dispatchEvent (/Users/pabloelisseo/repos/one-beyond/csm/react-form-builder/node_modules/jsdom/lib/jsdom/living/generated/EventTarget.js:231:34)
          at Object.invokeGuardedCallbackDev (/Users/pabloelisseo/repos/one-beyond/csm/react-form-builder/node_modules/react-dom/cjs/react-dom.development.js:4213:16)
          at invokeGuardedCallback (/Users/pabloelisseo/repos/one-beyond/csm/react-form-builder/node_modules/react-dom/cjs/react-dom.development.js:4277:31)
          at beginWork$1 (/Users/pabloelisseo/repos/one-beyond/csm/react-form-builder/node_modules/react-dom/cjs/react-dom.development.js:27451:7)
          at performUnitOfWork (/Users/pabloelisseo/repos/one-beyond/csm/react-form-builder/node_modules/react-dom/cjs/react-dom.development.js:26560:12)
          at workLoopSync (/Users/pabloelisseo/repos/one-beyond/csm/react-form-builder/node_modules/react-dom/cjs/react-dom.development.js:26466:5)
          at renderRootSync (/Users/pabloelisseo/repos/one-beyond/csm/react-form-builder/node_modules/react-dom/cjs/react-dom.development.js:26434:7)
          at performConcurrentWorkOnRoot (/Users/pabloelisseo/repos/one-beyond/csm/react-form-builder/node_modules/react-dom/cjs/react-dom.development.js:25738:74)
          at flushActQueue (/Users/pabloelisseo/repos/one-beyond/csm/react-form-builder/node_modules/react/cjs/react.development.js:2667:24)
          at act (/Users/pabloelisseo/repos/one-beyond/csm/react-form-builder/node_modules/react/cjs/react.development.js:2582:11)
          at /Users/pabloelisseo/repos/one-beyond/csm/react-form-builder/node_modules/@testing-library/react/dist/act-compat.js:46:25
          at renderRoot (/Users/pabloelisseo/repos/one-beyond/csm/react-form-builder/node_modules/@testing-library/react/dist/pure.js:161:26)
          at render (/Users/pabloelisseo/repos/one-beyond/csm/react-form-builder/node_modules/@testing-library/react/dist/pure.js:247:10)
          at Object.<anonymous> (/Users/pabloelisseo/repos/one-beyond/csm/react-form-builder/src/Questions/Genre/_tests_/gender.test.js:56:9)
          at Promise.then.completed (/Users/pabloelisseo/repos/one-beyond/csm/react-form-builder/node_modules/jest-circus/build/utils.js:391:28)
          at new Promise (<anonymous>)
          at callAsyncCircusFn (/Users/pabloelisseo/repos/one-beyond/csm/react-form-builder/node_modules/jest-circus/build/utils.js:316:10)
          at _callCircusTest (/Users/pabloelisseo/repos/one-beyond/csm/react-form-builder/node_modules/jest-circus/build/run.js:218:40)
          at processTicksAndRejections (node:internal/process/task_queues:95:5)
          at _runTest (/Users/pabloelisseo/repos/one-beyond/csm/react-form-builder/node_modules/jest-circus/build/run.js:155:3)
          at _runTestsForDescribeBlock (/Users/pabloelisseo/repos/one-beyond/csm/react-form-builder/node_modules/jest-circus/build/run.js:66:9)
          at run (/Users/pabloelisseo/repos/one-beyond/csm/react-form-builder/node_modules/jest-circus/build/run.js:25:3)
          at runAndTransformResultsToJestFormat (/Users/pabloelisseo/repos/one-beyond/csm/react-form-builder/node_modules/jest-circus/build/legacy-code-todo-rewrite/jestAdapterInit.js:170:21)
          at jestAdapter (/Users/pabloelisseo/repos/one-beyond/csm/react-form-builder/node_modules/jest-circus/build/legacy-code-todo-rewrite/jestAdapter.js:82:19)
          at runTestInternal (/Users/pabloelisseo/repos/one-beyond/csm/react-form-builder/node_modules/jest-runner/build/runTest.js:389:16)
          at runTest (/Users/pabloelisseo/repos/one-beyond/csm/react-form-builder/node_modules/jest-runner/build/runTest.js:475:34)
          at Object.worker (/Users/pabloelisseo/repos/one-beyond/csm/react-form-builder/node_modules/jest-runner/build/testWorker.js:133:12)

      at VirtualConsole.<anonymous> (node_modules/jsdom/lib/jsdom/virtual-console.js:29:45)
      at reportException (node_modules/jsdom/lib/jsdom/living/helpers/runtime-script-errors.js:70:28)
      at innerInvokeEventListeners (node_modules/jsdom/lib/jsdom/living/events/EventTarget-impl.js:341:9)
      at invokeEventListeners (node_modules/jsdom/lib/jsdom/living/events/EventTarget-impl.js:274:3)
      at HTMLUnknownElementImpl._dispatch (node_modules/jsdom/lib/jsdom/living/events/EventTarget-impl.js:221:9)
      at HTMLUnknownElementImpl.dispatchEvent (node_modules/jsdom/lib/jsdom/living/events/EventTarget-impl.js:94:17)
      at HTMLUnknownElement.dispatchEvent (node_modules/jsdom/lib/jsdom/living/generated/EventTarget.js:231:34)

    console.error
      Error: Uncaught [TypeError: Cannot read properties of undefined (reading 'array')]
          at reportException (/Users/pabloelisseo/repos/one-beyond/csm/react-form-builder/node_modules/jsdom/lib/jsdom/living/helpers/runtime-script-errors.js:66:24)
          at innerInvokeEventListeners (/Users/pabloelisseo/repos/one-beyond/csm/react-form-builder/node_modules/jsdom/lib/jsdom/living/events/EventTarget-impl.js:341:9)
          at invokeEventListeners (/Users/pabloelisseo/repos/one-beyond/csm/react-form-builder/node_modules/jsdom/lib/jsdom/living/events/EventTarget-impl.js:274:3)
          at HTMLUnknownElementImpl._dispatch (/Users/pabloelisseo/repos/one-beyond/csm/react-form-builder/node_modules/jsdom/lib/jsdom/living/events/EventTarget-impl.js:221:9)
          at HTMLUnknownElementImpl.dispatchEvent (/Users/pabloelisseo/repos/one-beyond/csm/react-form-builder/node_modules/jsdom/lib/jsdom/living/events/EventTarget-impl.js:94:17)
          at HTMLUnknownElement.dispatchEvent (/Users/pabloelisseo/repos/one-beyond/csm/react-form-builder/node_modules/jsdom/lib/jsdom/living/generated/EventTarget.js:231:34)
          at Object.invokeGuardedCallbackDev (/Users/pabloelisseo/repos/one-beyond/csm/react-form-builder/node_modules/react-dom/cjs/react-dom.development.js:4213:16)
          at invokeGuardedCallback (/Users/pabloelisseo/repos/one-beyond/csm/react-form-builder/node_modules/react-dom/cjs/react-dom.development.js:4277:31)
          at beginWork$1 (/Users/pabloelisseo/repos/one-beyond/csm/react-form-builder/node_modules/react-dom/cjs/react-dom.development.js:27451:7)
          at performUnitOfWork (/Users/pabloelisseo/repos/one-beyond/csm/react-form-builder/node_modules/react-dom/cjs/react-dom.development.js:26560:12) TypeError: Cannot read properties of undefined (reading 'array')
          at control (/Users/pabloelisseo/repos/one-beyond/csm/react-form-builder/node_modules/react-hook-form/src/useController.ts:63:35)
          at Object.<anonymous>.exports.Controller (/Users/pabloelisseo/repos/one-beyond/csm/react-form-builder/node_modules/react-hook-form/src/form.tsx:38:5)
          at renderWithHooks (/Users/pabloelisseo/repos/one-beyond/csm/react-form-builder/node_modules/react-dom/cjs/react-dom.development.js:16305:18)
          at mountIndeterminateComponent (/Users/pabloelisseo/repos/one-beyond/csm/react-form-builder/node_modules/react-dom/cjs/react-dom.development.js:20074:13)
          at beginWork (/Users/pabloelisseo/repos/one-beyond/csm/react-form-builder/node_modules/react-dom/cjs/react-dom.development.js:21587:16)
          at HTMLUnknownElement.callCallback (/Users/pabloelisseo/repos/one-beyond/csm/react-form-builder/node_modules/react-dom/cjs/react-dom.development.js:4164:14)
          at HTMLUnknownElement.callTheUserObjectsOperation (/Users/pabloelisseo/repos/one-beyond/csm/react-form-builder/node_modules/jsdom/lib/jsdom/living/generated/EventListener.js:26:30)
          at innerInvokeEventListeners (/Users/pabloelisseo/repos/one-beyond/csm/react-form-builder/node_modules/jsdom/lib/jsdom/living/events/EventTarget-impl.js:338:25)
          at invokeEventListeners (/Users/pabloelisseo/repos/one-beyond/csm/react-form-builder/node_modules/jsdom/lib/jsdom/living/events/EventTarget-impl.js:274:3)
          at HTMLUnknownElementImpl._dispatch (/Users/pabloelisseo/repos/one-beyond/csm/react-form-builder/node_modules/jsdom/lib/jsdom/living/events/EventTarget-impl.js:221:9)
          at HTMLUnknownElementImpl.dispatchEvent (/Users/pabloelisseo/repos/one-beyond/csm/react-form-builder/node_modules/jsdom/lib/jsdom/living/events/EventTarget-impl.js:94:17)
          at HTMLUnknownElement.dispatchEvent (/Users/pabloelisseo/repos/one-beyond/csm/react-form-builder/node_modules/jsdom/lib/jsdom/living/generated/EventTarget.js:231:34)
          at Object.invokeGuardedCallbackDev (/Users/pabloelisseo/repos/one-beyond/csm/react-form-builder/node_modules/react-dom/cjs/react-dom.development.js:4213:16)
          at invokeGuardedCallback (/Users/pabloelisseo/repos/one-beyond/csm/react-form-builder/node_modules/react-dom/cjs/react-dom.development.js:4277:31)
          at beginWork$1 (/Users/pabloelisseo/repos/one-beyond/csm/react-form-builder/node_modules/react-dom/cjs/react-dom.development.js:27451:7)
          at performUnitOfWork (/Users/pabloelisseo/repos/one-beyond/csm/react-form-builder/node_modules/react-dom/cjs/react-dom.development.js:26560:12)
          at workLoopSync (/Users/pabloelisseo/repos/one-beyond/csm/react-form-builder/node_modules/react-dom/cjs/react-dom.development.js:26466:5)
          at renderRootSync (/Users/pabloelisseo/repos/one-beyond/csm/react-form-builder/node_modules/react-dom/cjs/react-dom.development.js:26434:7)
          at recoverFromConcurrentError (/Users/pabloelisseo/repos/one-beyond/csm/react-form-builder/node_modules/react-dom/cjs/react-dom.development.js:25850:20)
          at performConcurrentWorkOnRoot (/Users/pabloelisseo/repos/one-beyond/csm/react-form-builder/node_modules/react-dom/cjs/react-dom.development.js:25750:22)
          at flushActQueue (/Users/pabloelisseo/repos/one-beyond/csm/react-form-builder/node_modules/react/cjs/react.development.js:2667:24)
          at act (/Users/pabloelisseo/repos/one-beyond/csm/react-form-builder/node_modules/react/cjs/react.development.js:2582:11)
          at /Users/pabloelisseo/repos/one-beyond/csm/react-form-builder/node_modules/@testing-library/react/dist/act-compat.js:46:25
          at renderRoot (/Users/pabloelisseo/repos/one-beyond/csm/react-form-builder/node_modules/@testing-library/react/dist/pure.js:161:26)
          at render (/Users/pabloelisseo/repos/one-beyond/csm/react-form-builder/node_modules/@testing-library/react/dist/pure.js:247:10)
          at Object.<anonymous> (/Users/pabloelisseo/repos/one-beyond/csm/react-form-builder/src/Questions/Genre/_tests_/gender.test.js:56:9)
          at Promise.then.completed (/Users/pabloelisseo/repos/one-beyond/csm/react-form-builder/node_modules/jest-circus/build/utils.js:391:28)
          at new Promise (<anonymous>)
          at callAsyncCircusFn (/Users/pabloelisseo/repos/one-beyond/csm/react-form-builder/node_modules/jest-circus/build/utils.js:316:10)
          at _callCircusTest (/Users/pabloelisseo/repos/one-beyond/csm/react-form-builder/node_modules/jest-circus/build/run.js:218:40)
          at processTicksAndRejections (node:internal/process/task_queues:95:5)
          at _runTest (/Users/pabloelisseo/repos/one-beyond/csm/react-form-builder/node_modules/jest-circus/build/run.js:155:3)
          at _runTestsForDescribeBlock (/Users/pabloelisseo/repos/one-beyond/csm/react-form-builder/node_modules/jest-circus/build/run.js:66:9)
          at run (/Users/pabloelisseo/repos/one-beyond/csm/react-form-builder/node_modules/jest-circus/build/run.js:25:3)
          at runAndTransformResultsToJestFormat (/Users/pabloelisseo/repos/one-beyond/csm/react-form-builder/node_modules/jest-circus/build/legacy-code-todo-rewrite/jestAdapterInit.js:170:21)
          at jestAdapter (/Users/pabloelisseo/repos/one-beyond/csm/react-form-builder/node_modules/jest-circus/build/legacy-code-todo-rewrite/jestAdapter.js:82:19)
          at runTestInternal (/Users/pabloelisseo/repos/one-beyond/csm/react-form-builder/node_modules/jest-runner/build/runTest.js:389:16)
          at runTest (/Users/pabloelisseo/repos/one-beyond/csm/react-form-builder/node_modules/jest-runner/build/runTest.js:475:34)
          at Object.worker (/Users/pabloelisseo/repos/one-beyond/csm/react-form-builder/node_modules/jest-runner/build/testWorker.js:133:12)

      at VirtualConsole.<anonymous> (node_modules/jsdom/lib/jsdom/virtual-console.js:29:45)
      at reportException (node_modules/jsdom/lib/jsdom/living/helpers/runtime-script-errors.js:70:28)
      at innerInvokeEventListeners (node_modules/jsdom/lib/jsdom/living/events/EventTarget-impl.js:341:9)
      at invokeEventListeners (node_modules/jsdom/lib/jsdom/living/events/EventTarget-impl.js:274:3)
      at HTMLUnknownElementImpl._dispatch (node_modules/jsdom/lib/jsdom/living/events/EventTarget-impl.js:221:9)
      at HTMLUnknownElementImpl.dispatchEvent (node_modules/jsdom/lib/jsdom/living/events/EventTarget-impl.js:94:17)
      at HTMLUnknownElement.dispatchEvent (node_modules/jsdom/lib/jsdom/living/generated/EventTarget.js:231:34)

    console.error
      The above error occurred in one of your React components:
      
          at Object.<anonymous>.exports.Controller (/Users/pabloelisseo/repos/one-beyond/csm/react-form-builder/node_modules/react-hook-form/src/form.tsx:37:9)
          at Select (/Users/pabloelisseo/repos/one-beyond/csm/react-form-builder/src/Fields/Select/index.js:10:3)
          at div
          at /Users/pabloelisseo/repos/one-beyond/csm/react-form-builder/node_modules/@emotion/react/dist/emotion-element-48d2c2e4.cjs.dev.js:62:23
          at QuestionGender (/Users/pabloelisseo/repos/one-beyond/csm/react-form-builder/src/Questions/Genre/index.js:20:27)
      
      Consider adding an error boundary to your tree to customize error handling behavior.
      Visit https://reactjs.org/link/error-boundaries to learn more about error boundaries.

      at logCapturedError (node_modules/react-dom/cjs/react-dom.development.js:18687:23)
      at update.callback (node_modules/react-dom/cjs/react-dom.development.js:18720:5)
      at callCallback (node_modules/react-dom/cjs/react-dom.development.js:13923:12)
      at commitUpdateQueue (node_modules/react-dom/cjs/react-dom.development.js:13944:9)
      at commitLayoutEffectOnFiber (node_modules/react-dom/cjs/react-dom.development.js:23391:13)
      at commitLayoutMountEffects_complete (node_modules/react-dom/cjs/react-dom.development.js:24688:9)
      at commitLayoutEffects_begin (node_modules/react-dom/cjs/react-dom.development.js:24674:7)
      at commitLayoutEffects (node_modules/react-dom/cjs/react-dom.development.js:24612:3)

    console.error
      Error: Uncaught [TypeError: Cannot read properties of undefined (reading 'array')]
          at reportException (/Users/pabloelisseo/repos/one-beyond/csm/react-form-builder/node_modules/jsdom/lib/jsdom/living/helpers/runtime-script-errors.js:66:24)
          at innerInvokeEventListeners (/Users/pabloelisseo/repos/one-beyond/csm/react-form-builder/node_modules/jsdom/lib/jsdom/living/events/EventTarget-impl.js:341:9)
          at invokeEventListeners (/Users/pabloelisseo/repos/one-beyond/csm/react-form-builder/node_modules/jsdom/lib/jsdom/living/events/EventTarget-impl.js:274:3)
          at HTMLUnknownElementImpl._dispatch (/Users/pabloelisseo/repos/one-beyond/csm/react-form-builder/node_modules/jsdom/lib/jsdom/living/events/EventTarget-impl.js:221:9)
          at HTMLUnknownElementImpl.dispatchEvent (/Users/pabloelisseo/repos/one-beyond/csm/react-form-builder/node_modules/jsdom/lib/jsdom/living/events/EventTarget-impl.js:94:17)
          at HTMLUnknownElement.dispatchEvent (/Users/pabloelisseo/repos/one-beyond/csm/react-form-builder/node_modules/jsdom/lib/jsdom/living/generated/EventTarget.js:231:34)
          at Object.invokeGuardedCallbackDev (/Users/pabloelisseo/repos/one-beyond/csm/react-form-builder/node_modules/react-dom/cjs/react-dom.development.js:4213:16)
          at invokeGuardedCallback (/Users/pabloelisseo/repos/one-beyond/csm/react-form-builder/node_modules/react-dom/cjs/react-dom.development.js:4277:31)
          at beginWork$1 (/Users/pabloelisseo/repos/one-beyond/csm/react-form-builder/node_modules/react-dom/cjs/react-dom.development.js:27451:7)
          at performUnitOfWork (/Users/pabloelisseo/repos/one-beyond/csm/react-form-builder/node_modules/react-dom/cjs/react-dom.development.js:26560:12) TypeError: Cannot read properties of undefined (reading 'array')
          at control (/Users/pabloelisseo/repos/one-beyond/csm/react-form-builder/node_modules/react-hook-form/src/useController.ts:63:35)
          at Object.<anonymous>.exports.Controller (/Users/pabloelisseo/repos/one-beyond/csm/react-form-builder/node_modules/react-hook-form/src/form.tsx:38:5)
          at renderWithHooks (/Users/pabloelisseo/repos/one-beyond/csm/react-form-builder/node_modules/react-dom/cjs/react-dom.development.js:16305:18)
          at mountIndeterminateComponent (/Users/pabloelisseo/repos/one-beyond/csm/react-form-builder/node_modules/react-dom/cjs/react-dom.development.js:20074:13)
          at beginWork (/Users/pabloelisseo/repos/one-beyond/csm/react-form-builder/node_modules/react-dom/cjs/react-dom.development.js:21587:16)
          at HTMLUnknownElement.callCallback (/Users/pabloelisseo/repos/one-beyond/csm/react-form-builder/node_modules/react-dom/cjs/react-dom.development.js:4164:14)
          at HTMLUnknownElement.callTheUserObjectsOperation (/Users/pabloelisseo/repos/one-beyond/csm/react-form-builder/node_modules/jsdom/lib/jsdom/living/generated/EventListener.js:26:30)
          at innerInvokeEventListeners (/Users/pabloelisseo/repos/one-beyond/csm/react-form-builder/node_modules/jsdom/lib/jsdom/living/events/EventTarget-impl.js:338:25)
          at invokeEventListeners (/Users/pabloelisseo/repos/one-beyond/csm/react-form-builder/node_modules/jsdom/lib/jsdom/living/events/EventTarget-impl.js:274:3)
          at HTMLUnknownElementImpl._dispatch (/Users/pabloelisseo/repos/one-beyond/csm/react-form-builder/node_modules/jsdom/lib/jsdom/living/events/EventTarget-impl.js:221:9)
          at HTMLUnknownElementImpl.dispatchEvent (/Users/pabloelisseo/repos/one-beyond/csm/react-form-builder/node_modules/jsdom/lib/jsdom/living/events/EventTarget-impl.js:94:17)
          at HTMLUnknownElement.dispatchEvent (/Users/pabloelisseo/repos/one-beyond/csm/react-form-builder/node_modules/jsdom/lib/jsdom/living/generated/EventTarget.js:231:34)
          at Object.invokeGuardedCallbackDev (/Users/pabloelisseo/repos/one-beyond/csm/react-form-builder/node_modules/react-dom/cjs/react-dom.development.js:4213:16)
          at invokeGuardedCallback (/Users/pabloelisseo/repos/one-beyond/csm/react-form-builder/node_modules/react-dom/cjs/react-dom.development.js:4277:31)
          at beginWork$1 (/Users/pabloelisseo/repos/one-beyond/csm/react-form-builder/node_modules/react-dom/cjs/react-dom.development.js:27451:7)
          at performUnitOfWork (/Users/pabloelisseo/repos/one-beyond/csm/react-form-builder/node_modules/react-dom/cjs/react-dom.development.js:26560:12)
          at workLoopSync (/Users/pabloelisseo/repos/one-beyond/csm/react-form-builder/node_modules/react-dom/cjs/react-dom.development.js:26466:5)
          at renderRootSync (/Users/pabloelisseo/repos/one-beyond/csm/react-form-builder/node_modules/react-dom/cjs/react-dom.development.js:26434:7)
          at performConcurrentWorkOnRoot (/Users/pabloelisseo/repos/one-beyond/csm/react-form-builder/node_modules/react-dom/cjs/react-dom.development.js:25738:74)
          at flushActQueue (/Users/pabloelisseo/repos/one-beyond/csm/react-form-builder/node_modules/react/cjs/react.development.js:2667:24)
          at act (/Users/pabloelisseo/repos/one-beyond/csm/react-form-builder/node_modules/react/cjs/react.development.js:2582:11)
          at /Users/pabloelisseo/repos/one-beyond/csm/react-form-builder/node_modules/@testing-library/react/dist/act-compat.js:46:25
          at renderRoot (/Users/pabloelisseo/repos/one-beyond/csm/react-form-builder/node_modules/@testing-library/react/dist/pure.js:161:26)
          at render (/Users/pabloelisseo/repos/one-beyond/csm/react-form-builder/node_modules/@testing-library/react/dist/pure.js:247:10)
          at setup (/Users/pabloelisseo/repos/one-beyond/csm/react-form-builder/src/Questions/Genre/_tests_/gender.test.js:34:33)
          at Object.<anonymous> (/Users/pabloelisseo/repos/one-beyond/csm/react-form-builder/src/Questions/Genre/_tests_/gender.test.js:62:33)
          at Promise.then.completed (/Users/pabloelisseo/repos/one-beyond/csm/react-form-builder/node_modules/jest-circus/build/utils.js:391:28)
          at new Promise (<anonymous>)
          at callAsyncCircusFn (/Users/pabloelisseo/repos/one-beyond/csm/react-form-builder/node_modules/jest-circus/build/utils.js:316:10)
          at _callCircusTest (/Users/pabloelisseo/repos/one-beyond/csm/react-form-builder/node_modules/jest-circus/build/run.js:218:40)
          at processTicksAndRejections (node:internal/process/task_queues:95:5)
          at _runTest (/Users/pabloelisseo/repos/one-beyond/csm/react-form-builder/node_modules/jest-circus/build/run.js:155:3)
          at _runTestsForDescribeBlock (/Users/pabloelisseo/repos/one-beyond/csm/react-form-builder/node_modules/jest-circus/build/run.js:66:9)
          at run (/Users/pabloelisseo/repos/one-beyond/csm/react-form-builder/node_modules/jest-circus/build/run.js:25:3)
          at runAndTransformResultsToJestFormat (/Users/pabloelisseo/repos/one-beyond/csm/react-form-builder/node_modules/jest-circus/build/legacy-code-todo-rewrite/jestAdapterInit.js:170:21)
          at jestAdapter (/Users/pabloelisseo/repos/one-beyond/csm/react-form-builder/node_modules/jest-circus/build/legacy-code-todo-rewrite/jestAdapter.js:82:19)
          at runTestInternal (/Users/pabloelisseo/repos/one-beyond/csm/react-form-builder/node_modules/jest-runner/build/runTest.js:389:16)
          at runTest (/Users/pabloelisseo/repos/one-beyond/csm/react-form-builder/node_modules/jest-runner/build/runTest.js:475:34)
          at Object.worker (/Users/pabloelisseo/repos/one-beyond/csm/react-form-builder/node_modules/jest-runner/build/testWorker.js:133:12)

      at VirtualConsole.<anonymous> (node_modules/jsdom/lib/jsdom/virtual-console.js:29:45)
      at reportException (node_modules/jsdom/lib/jsdom/living/helpers/runtime-script-errors.js:70:28)
      at innerInvokeEventListeners (node_modules/jsdom/lib/jsdom/living/events/EventTarget-impl.js:341:9)
      at invokeEventListeners (node_modules/jsdom/lib/jsdom/living/events/EventTarget-impl.js:274:3)
      at HTMLUnknownElementImpl._dispatch (node_modules/jsdom/lib/jsdom/living/events/EventTarget-impl.js:221:9)
      at HTMLUnknownElementImpl.dispatchEvent (node_modules/jsdom/lib/jsdom/living/events/EventTarget-impl.js:94:17)
      at HTMLUnknownElement.dispatchEvent (node_modules/jsdom/lib/jsdom/living/generated/EventTarget.js:231:34)

    console.error
      Error: Uncaught [TypeError: Cannot read properties of undefined (reading 'array')]
          at reportException (/Users/pabloelisseo/repos/one-beyond/csm/react-form-builder/node_modules/jsdom/lib/jsdom/living/helpers/runtime-script-errors.js:66:24)
          at innerInvokeEventListeners (/Users/pabloelisseo/repos/one-beyond/csm/react-form-builder/node_modules/jsdom/lib/jsdom/living/events/EventTarget-impl.js:341:9)
          at invokeEventListeners (/Users/pabloelisseo/repos/one-beyond/csm/react-form-builder/node_modules/jsdom/lib/jsdom/living/events/EventTarget-impl.js:274:3)
          at HTMLUnknownElementImpl._dispatch (/Users/pabloelisseo/repos/one-beyond/csm/react-form-builder/node_modules/jsdom/lib/jsdom/living/events/EventTarget-impl.js:221:9)
          at HTMLUnknownElementImpl.dispatchEvent (/Users/pabloelisseo/repos/one-beyond/csm/react-form-builder/node_modules/jsdom/lib/jsdom/living/events/EventTarget-impl.js:94:17)
          at HTMLUnknownElement.dispatchEvent (/Users/pabloelisseo/repos/one-beyond/csm/react-form-builder/node_modules/jsdom/lib/jsdom/living/generated/EventTarget.js:231:34)
          at Object.invokeGuardedCallbackDev (/Users/pabloelisseo/repos/one-beyond/csm/react-form-builder/node_modules/react-dom/cjs/react-dom.development.js:4213:16)
          at invokeGuardedCallback (/Users/pabloelisseo/repos/one-beyond/csm/react-form-builder/node_modules/react-dom/cjs/react-dom.development.js:4277:31)
          at beginWork$1 (/Users/pabloelisseo/repos/one-beyond/csm/react-form-builder/node_modules/react-dom/cjs/react-dom.development.js:27451:7)
          at performUnitOfWork (/Users/pabloelisseo/repos/one-beyond/csm/react-form-builder/node_modules/react-dom/cjs/react-dom.development.js:26560:12) TypeError: Cannot read properties of undefined (reading 'array')
          at control (/Users/pabloelisseo/repos/one-beyond/csm/react-form-builder/node_modules/react-hook-form/src/useController.ts:63:35)
          at Object.<anonymous>.exports.Controller (/Users/pabloelisseo/repos/one-beyond/csm/react-form-builder/node_modules/react-hook-form/src/form.tsx:38:5)
          at renderWithHooks (/Users/pabloelisseo/repos/one-beyond/csm/react-form-builder/node_modules/react-dom/cjs/react-dom.development.js:16305:18)
          at mountIndeterminateComponent (/Users/pabloelisseo/repos/one-beyond/csm/react-form-builder/node_modules/react-dom/cjs/react-dom.development.js:20074:13)
          at beginWork (/Users/pabloelisseo/repos/one-beyond/csm/react-form-builder/node_modules/react-dom/cjs/react-dom.development.js:21587:16)
          at HTMLUnknownElement.callCallback (/Users/pabloelisseo/repos/one-beyond/csm/react-form-builder/node_modules/react-dom/cjs/react-dom.development.js:4164:14)
          at HTMLUnknownElement.callTheUserObjectsOperation (/Users/pabloelisseo/repos/one-beyond/csm/react-form-builder/node_modules/jsdom/lib/jsdom/living/generated/EventListener.js:26:30)
          at innerInvokeEventListeners (/Users/pabloelisseo/repos/one-beyond/csm/react-form-builder/node_modules/jsdom/lib/jsdom/living/events/EventTarget-impl.js:338:25)
          at invokeEventListeners (/Users/pabloelisseo/repos/one-beyond/csm/react-form-builder/node_modules/jsdom/lib/jsdom/living/events/EventTarget-impl.js:274:3)
          at HTMLUnknownElementImpl._dispatch (/Users/pabloelisseo/repos/one-beyond/csm/react-form-builder/node_modules/jsdom/lib/jsdom/living/events/EventTarget-impl.js:221:9)
          at HTMLUnknownElementImpl.dispatchEvent (/Users/pabloelisseo/repos/one-beyond/csm/react-form-builder/node_modules/jsdom/lib/jsdom/living/events/EventTarget-impl.js:94:17)
          at HTMLUnknownElement.dispatchEvent (/Users/pabloelisseo/repos/one-beyond/csm/react-form-builder/node_modules/jsdom/lib/jsdom/living/generated/EventTarget.js:231:34)
          at Object.invokeGuardedCallbackDev (/Users/pabloelisseo/repos/one-beyond/csm/react-form-builder/node_modules/react-dom/cjs/react-dom.development.js:4213:16)
          at invokeGuardedCallback (/Users/pabloelisseo/repos/one-beyond/csm/react-form-builder/node_modules/react-dom/cjs/react-dom.development.js:4277:31)
          at beginWork$1 (/Users/pabloelisseo/repos/one-beyond/csm/react-form-builder/node_modules/react-dom/cjs/react-dom.development.js:27451:7)
          at performUnitOfWork (/Users/pabloelisseo/repos/one-beyond/csm/react-form-builder/node_modules/react-dom/cjs/react-dom.development.js:26560:12)
          at workLoopSync (/Users/pabloelisseo/repos/one-beyond/csm/react-form-builder/node_modules/react-dom/cjs/react-dom.development.js:26466:5)
          at renderRootSync (/Users/pabloelisseo/repos/one-beyond/csm/react-form-builder/node_modules/react-dom/cjs/react-dom.development.js:26434:7)
          at recoverFromConcurrentError (/Users/pabloelisseo/repos/one-beyond/csm/react-form-builder/node_modules/react-dom/cjs/react-dom.development.js:25850:20)
          at performConcurrentWorkOnRoot (/Users/pabloelisseo/repos/one-beyond/csm/react-form-builder/node_modules/react-dom/cjs/react-dom.development.js:25750:22)
          at flushActQueue (/Users/pabloelisseo/repos/one-beyond/csm/react-form-builder/node_modules/react/cjs/react.development.js:2667:24)
          at act (/Users/pabloelisseo/repos/one-beyond/csm/react-form-builder/node_modules/react/cjs/react.development.js:2582:11)
          at /Users/pabloelisseo/repos/one-beyond/csm/react-form-builder/node_modules/@testing-library/react/dist/act-compat.js:46:25
          at renderRoot (/Users/pabloelisseo/repos/one-beyond/csm/react-form-builder/node_modules/@testing-library/react/dist/pure.js:161:26)
          at render (/Users/pabloelisseo/repos/one-beyond/csm/react-form-builder/node_modules/@testing-library/react/dist/pure.js:247:10)
          at setup (/Users/pabloelisseo/repos/one-beyond/csm/react-form-builder/src/Questions/Genre/_tests_/gender.test.js:34:33)
          at Object.<anonymous> (/Users/pabloelisseo/repos/one-beyond/csm/react-form-builder/src/Questions/Genre/_tests_/gender.test.js:62:33)
          at Promise.then.completed (/Users/pabloelisseo/repos/one-beyond/csm/react-form-builder/node_modules/jest-circus/build/utils.js:391:28)
          at new Promise (<anonymous>)
          at callAsyncCircusFn (/Users/pabloelisseo/repos/one-beyond/csm/react-form-builder/node_modules/jest-circus/build/utils.js:316:10)
          at _callCircusTest (/Users/pabloelisseo/repos/one-beyond/csm/react-form-builder/node_modules/jest-circus/build/run.js:218:40)
          at processTicksAndRejections (node:internal/process/task_queues:95:5)
          at _runTest (/Users/pabloelisseo/repos/one-beyond/csm/react-form-builder/node_modules/jest-circus/build/run.js:155:3)
          at _runTestsForDescribeBlock (/Users/pabloelisseo/repos/one-beyond/csm/react-form-builder/node_modules/jest-circus/build/run.js:66:9)
          at run (/Users/pabloelisseo/repos/one-beyond/csm/react-form-builder/node_modules/jest-circus/build/run.js:25:3)
          at runAndTransformResultsToJestFormat (/Users/pabloelisseo/repos/one-beyond/csm/react-form-builder/node_modules/jest-circus/build/legacy-code-todo-rewrite/jestAdapterInit.js:170:21)
          at jestAdapter (/Users/pabloelisseo/repos/one-beyond/csm/react-form-builder/node_modules/jest-circus/build/legacy-code-todo-rewrite/jestAdapter.js:82:19)
          at runTestInternal (/Users/pabloelisseo/repos/one-beyond/csm/react-form-builder/node_modules/jest-runner/build/runTest.js:389:16)
          at runTest (/Users/pabloelisseo/repos/one-beyond/csm/react-form-builder/node_modules/jest-runner/build/runTest.js:475:34)
          at Object.worker (/Users/pabloelisseo/repos/one-beyond/csm/react-form-builder/node_modules/jest-runner/build/testWorker.js:133:12)

      at VirtualConsole.<anonymous> (node_modules/jsdom/lib/jsdom/virtual-console.js:29:45)
      at reportException (node_modules/jsdom/lib/jsdom/living/helpers/runtime-script-errors.js:70:28)
      at innerInvokeEventListeners (node_modules/jsdom/lib/jsdom/living/events/EventTarget-impl.js:341:9)
      at invokeEventListeners (node_modules/jsdom/lib/jsdom/living/events/EventTarget-impl.js:274:3)
      at HTMLUnknownElementImpl._dispatch (node_modules/jsdom/lib/jsdom/living/events/EventTarget-impl.js:221:9)
      at HTMLUnknownElementImpl.dispatchEvent (node_modules/jsdom/lib/jsdom/living/events/EventTarget-impl.js:94:17)
      at HTMLUnknownElement.dispatchEvent (node_modules/jsdom/lib/jsdom/living/generated/EventTarget.js:231:34)

    console.error
      The above error occurred in one of your React components:
      
          at Object.<anonymous>.exports.Controller (/Users/pabloelisseo/repos/one-beyond/csm/react-form-builder/node_modules/react-hook-form/src/form.tsx:37:9)
          at Select (/Users/pabloelisseo/repos/one-beyond/csm/react-form-builder/src/Fields/Select/index.js:10:3)
          at div
          at /Users/pabloelisseo/repos/one-beyond/csm/react-form-builder/node_modules/@emotion/react/dist/emotion-element-48d2c2e4.cjs.dev.js:62:23
          at QuestionGender (/Users/pabloelisseo/repos/one-beyond/csm/react-form-builder/src/Questions/Genre/index.js:20:27)
      
      Consider adding an error boundary to your tree to customize error handling behavior.
      Visit https://reactjs.org/link/error-boundaries to learn more about error boundaries.

      at logCapturedError (node_modules/react-dom/cjs/react-dom.development.js:18687:23)
      at update.callback (node_modules/react-dom/cjs/react-dom.development.js:18720:5)
      at callCallback (node_modules/react-dom/cjs/react-dom.development.js:13923:12)
      at commitUpdateQueue (node_modules/react-dom/cjs/react-dom.development.js:13944:9)
      at commitLayoutEffectOnFiber (node_modules/react-dom/cjs/react-dom.development.js:23391:13)
      at commitLayoutMountEffects_complete (node_modules/react-dom/cjs/react-dom.development.js:24688:9)
      at commitLayoutEffects_begin (node_modules/react-dom/cjs/react-dom.development.js:24674:7)
      at commitLayoutEffects (node_modules/react-dom/cjs/react-dom.development.js:24612:3)

    console.error
      Error: Uncaught [TypeError: Cannot read properties of undefined (reading 'array')]
          at reportException (/Users/pabloelisseo/repos/one-beyond/csm/react-form-builder/node_modules/jsdom/lib/jsdom/living/helpers/runtime-script-errors.js:66:24)
          at innerInvokeEventListeners (/Users/pabloelisseo/repos/one-beyond/csm/react-form-builder/node_modules/jsdom/lib/jsdom/living/events/EventTarget-impl.js:341:9)
          at invokeEventListeners (/Users/pabloelisseo/repos/one-beyond/csm/react-form-builder/node_modules/jsdom/lib/jsdom/living/events/EventTarget-impl.js:274:3)
          at HTMLUnknownElementImpl._dispatch (/Users/pabloelisseo/repos/one-beyond/csm/react-form-builder/node_modules/jsdom/lib/jsdom/living/events/EventTarget-impl.js:221:9)
          at HTMLUnknownElementImpl.dispatchEvent (/Users/pabloelisseo/repos/one-beyond/csm/react-form-builder/node_modules/jsdom/lib/jsdom/living/events/EventTarget-impl.js:94:17)
          at HTMLUnknownElement.dispatchEvent (/Users/pabloelisseo/repos/one-beyond/csm/react-form-builder/node_modules/jsdom/lib/jsdom/living/generated/EventTarget.js:231:34)
          at Object.invokeGuardedCallbackDev (/Users/pabloelisseo/repos/one-beyond/csm/react-form-builder/node_modules/react-dom/cjs/react-dom.development.js:4213:16)
          at invokeGuardedCallback (/Users/pabloelisseo/repos/one-beyond/csm/react-form-builder/node_modules/react-dom/cjs/react-dom.development.js:4277:31)
          at beginWork$1 (/Users/pabloelisseo/repos/one-beyond/csm/react-form-builder/node_modules/react-dom/cjs/react-dom.development.js:27451:7)
          at performUnitOfWork (/Users/pabloelisseo/repos/one-beyond/csm/react-form-builder/node_modules/react-dom/cjs/react-dom.development.js:26560:12) TypeError: Cannot read properties of undefined (reading 'array')
          at control (/Users/pabloelisseo/repos/one-beyond/csm/react-form-builder/node_modules/react-hook-form/src/useController.ts:63:35)
          at Object.<anonymous>.exports.Controller (/Users/pabloelisseo/repos/one-beyond/csm/react-form-builder/node_modules/react-hook-form/src/form.tsx:38:5)
          at renderWithHooks (/Users/pabloelisseo/repos/one-beyond/csm/react-form-builder/node_modules/react-dom/cjs/react-dom.development.js:16305:18)
          at mountIndeterminateComponent (/Users/pabloelisseo/repos/one-beyond/csm/react-form-builder/node_modules/react-dom/cjs/react-dom.development.js:20074:13)
          at beginWork (/Users/pabloelisseo/repos/one-beyond/csm/react-form-builder/node_modules/react-dom/cjs/react-dom.development.js:21587:16)
          at HTMLUnknownElement.callCallback (/Users/pabloelisseo/repos/one-beyond/csm/react-form-builder/node_modules/react-dom/cjs/react-dom.development.js:4164:14)
          at HTMLUnknownElement.callTheUserObjectsOperation (/Users/pabloelisseo/repos/one-beyond/csm/react-form-builder/node_modules/jsdom/lib/jsdom/living/generated/EventListener.js:26:30)
          at innerInvokeEventListeners (/Users/pabloelisseo/repos/one-beyond/csm/react-form-builder/node_modules/jsdom/lib/jsdom/living/events/EventTarget-impl.js:338:25)
          at invokeEventListeners (/Users/pabloelisseo/repos/one-beyond/csm/react-form-builder/node_modules/jsdom/lib/jsdom/living/events/EventTarget-impl.js:274:3)
          at HTMLUnknownElementImpl._dispatch (/Users/pabloelisseo/repos/one-beyond/csm/react-form-builder/node_modules/jsdom/lib/jsdom/living/events/EventTarget-impl.js:221:9)
          at HTMLUnknownElementImpl.dispatchEvent (/Users/pabloelisseo/repos/one-beyond/csm/react-form-builder/node_modules/jsdom/lib/jsdom/living/events/EventTarget-impl.js:94:17)
          at HTMLUnknownElement.dispatchEvent (/Users/pabloelisseo/repos/one-beyond/csm/react-form-builder/node_modules/jsdom/lib/jsdom/living/generated/EventTarget.js:231:34)
          at Object.invokeGuardedCallbackDev (/Users/pabloelisseo/repos/one-beyond/csm/react-form-builder/node_modules/react-dom/cjs/react-dom.development.js:4213:16)
          at invokeGuardedCallback (/Users/pabloelisseo/repos/one-beyond/csm/react-form-builder/node_modules/react-dom/cjs/react-dom.development.js:4277:31)
          at beginWork$1 (/Users/pabloelisseo/repos/one-beyond/csm/react-form-builder/node_modules/react-dom/cjs/react-dom.development.js:27451:7)
          at performUnitOfWork (/Users/pabloelisseo/repos/one-beyond/csm/react-form-builder/node_modules/react-dom/cjs/react-dom.development.js:26560:12)
          at workLoopSync (/Users/pabloelisseo/repos/one-beyond/csm/react-form-builder/node_modules/react-dom/cjs/react-dom.development.js:26466:5)
          at renderRootSync (/Users/pabloelisseo/repos/one-beyond/csm/react-form-builder/node_modules/react-dom/cjs/react-dom.development.js:26434:7)
          at performConcurrentWorkOnRoot (/Users/pabloelisseo/repos/one-beyond/csm/react-form-builder/node_modules/react-dom/cjs/react-dom.development.js:25738:74)
          at flushActQueue (/Users/pabloelisseo/repos/one-beyond/csm/react-form-builder/node_modules/react/cjs/react.development.js:2667:24)
          at act (/Users/pabloelisseo/repos/one-beyond/csm/react-form-builder/node_modules/react/cjs/react.development.js:2582:11)
          at /Users/pabloelisseo/repos/one-beyond/csm/react-form-builder/node_modules/@testing-library/react/dist/act-compat.js:46:25
          at renderRoot (/Users/pabloelisseo/repos/one-beyond/csm/react-form-builder/node_modules/@testing-library/react/dist/pure.js:161:26)
          at render (/Users/pabloelisseo/repos/one-beyond/csm/react-form-builder/node_modules/@testing-library/react/dist/pure.js:247:10)
          at Object.<anonymous> (/Users/pabloelisseo/repos/one-beyond/csm/react-form-builder/src/Questions/Genre/_tests_/gender.test.js:90:31)
          at Promise.then.completed (/Users/pabloelisseo/repos/one-beyond/csm/react-form-builder/node_modules/jest-circus/build/utils.js:391:28)
          at new Promise (<anonymous>)
          at callAsyncCircusFn (/Users/pabloelisseo/repos/one-beyond/csm/react-form-builder/node_modules/jest-circus/build/utils.js:316:10)
          at _callCircusTest (/Users/pabloelisseo/repos/one-beyond/csm/react-form-builder/node_modules/jest-circus/build/run.js:218:40)
          at processTicksAndRejections (node:internal/process/task_queues:95:5)
          at _runTest (/Users/pabloelisseo/repos/one-beyond/csm/react-form-builder/node_modules/jest-circus/build/run.js:155:3)
          at _runTestsForDescribeBlock (/Users/pabloelisseo/repos/one-beyond/csm/react-form-builder/node_modules/jest-circus/build/run.js:66:9)
          at run (/Users/pabloelisseo/repos/one-beyond/csm/react-form-builder/node_modules/jest-circus/build/run.js:25:3)
          at runAndTransformResultsToJestFormat (/Users/pabloelisseo/repos/one-beyond/csm/react-form-builder/node_modules/jest-circus/build/legacy-code-todo-rewrite/jestAdapterInit.js:170:21)
          at jestAdapter (/Users/pabloelisseo/repos/one-beyond/csm/react-form-builder/node_modules/jest-circus/build/legacy-code-todo-rewrite/jestAdapter.js:82:19)
          at runTestInternal (/Users/pabloelisseo/repos/one-beyond/csm/react-form-builder/node_modules/jest-runner/build/runTest.js:389:16)
          at runTest (/Users/pabloelisseo/repos/one-beyond/csm/react-form-builder/node_modules/jest-runner/build/runTest.js:475:34)
          at Object.worker (/Users/pabloelisseo/repos/one-beyond/csm/react-form-builder/node_modules/jest-runner/build/testWorker.js:133:12)

      at VirtualConsole.<anonymous> (node_modules/jsdom/lib/jsdom/virtual-console.js:29:45)
      at reportException (node_modules/jsdom/lib/jsdom/living/helpers/runtime-script-errors.js:70:28)
      at innerInvokeEventListeners (node_modules/jsdom/lib/jsdom/living/events/EventTarget-impl.js:341:9)
      at invokeEventListeners (node_modules/jsdom/lib/jsdom/living/events/EventTarget-impl.js:274:3)
      at HTMLUnknownElementImpl._dispatch (node_modules/jsdom/lib/jsdom/living/events/EventTarget-impl.js:221:9)
      at HTMLUnknownElementImpl.dispatchEvent (node_modules/jsdom/lib/jsdom/living/events/EventTarget-impl.js:94:17)
      at HTMLUnknownElement.dispatchEvent (node_modules/jsdom/lib/jsdom/living/generated/EventTarget.js:231:34)

    console.error
      Error: Uncaught [TypeError: Cannot read properties of undefined (reading 'array')]
          at reportException (/Users/pabloelisseo/repos/one-beyond/csm/react-form-builder/node_modules/jsdom/lib/jsdom/living/helpers/runtime-script-errors.js:66:24)
          at innerInvokeEventListeners (/Users/pabloelisseo/repos/one-beyond/csm/react-form-builder/node_modules/jsdom/lib/jsdom/living/events/EventTarget-impl.js:341:9)
          at invokeEventListeners (/Users/pabloelisseo/repos/one-beyond/csm/react-form-builder/node_modules/jsdom/lib/jsdom/living/events/EventTarget-impl.js:274:3)
          at HTMLUnknownElementImpl._dispatch (/Users/pabloelisseo/repos/one-beyond/csm/react-form-builder/node_modules/jsdom/lib/jsdom/living/events/EventTarget-impl.js:221:9)
          at HTMLUnknownElementImpl.dispatchEvent (/Users/pabloelisseo/repos/one-beyond/csm/react-form-builder/node_modules/jsdom/lib/jsdom/living/events/EventTarget-impl.js:94:17)
          at HTMLUnknownElement.dispatchEvent (/Users/pabloelisseo/repos/one-beyond/csm/react-form-builder/node_modules/jsdom/lib/jsdom/living/generated/EventTarget.js:231:34)
          at Object.invokeGuardedCallbackDev (/Users/pabloelisseo/repos/one-beyond/csm/react-form-builder/node_modules/react-dom/cjs/react-dom.development.js:4213:16)
          at invokeGuardedCallback (/Users/pabloelisseo/repos/one-beyond/csm/react-form-builder/node_modules/react-dom/cjs/react-dom.development.js:4277:31)
          at beginWork$1 (/Users/pabloelisseo/repos/one-beyond/csm/react-form-builder/node_modules/react-dom/cjs/react-dom.development.js:27451:7)
          at performUnitOfWork (/Users/pabloelisseo/repos/one-beyond/csm/react-form-builder/node_modules/react-dom/cjs/react-dom.development.js:26560:12) TypeError: Cannot read properties of undefined (reading 'array')
          at control (/Users/pabloelisseo/repos/one-beyond/csm/react-form-builder/node_modules/react-hook-form/src/useController.ts:63:35)
          at Object.<anonymous>.exports.Controller (/Users/pabloelisseo/repos/one-beyond/csm/react-form-builder/node_modules/react-hook-form/src/form.tsx:38:5)
          at renderWithHooks (/Users/pabloelisseo/repos/one-beyond/csm/react-form-builder/node_modules/react-dom/cjs/react-dom.development.js:16305:18)
          at mountIndeterminateComponent (/Users/pabloelisseo/repos/one-beyond/csm/react-form-builder/node_modules/react-dom/cjs/react-dom.development.js:20074:13)
          at beginWork (/Users/pabloelisseo/repos/one-beyond/csm/react-form-builder/node_modules/react-dom/cjs/react-dom.development.js:21587:16)
          at HTMLUnknownElement.callCallback (/Users/pabloelisseo/repos/one-beyond/csm/react-form-builder/node_modules/react-dom/cjs/react-dom.development.js:4164:14)
          at HTMLUnknownElement.callTheUserObjectsOperation (/Users/pabloelisseo/repos/one-beyond/csm/react-form-builder/node_modules/jsdom/lib/jsdom/living/generated/EventListener.js:26:30)
          at innerInvokeEventListeners (/Users/pabloelisseo/repos/one-beyond/csm/react-form-builder/node_modules/jsdom/lib/jsdom/living/events/EventTarget-impl.js:338:25)
          at invokeEventListeners (/Users/pabloelisseo/repos/one-beyond/csm/react-form-builder/node_modules/jsdom/lib/jsdom/living/events/EventTarget-impl.js:274:3)
          at HTMLUnknownElementImpl._dispatch (/Users/pabloelisseo/repos/one-beyond/csm/react-form-builder/node_modules/jsdom/lib/jsdom/living/events/EventTarget-impl.js:221:9)
          at HTMLUnknownElementImpl.dispatchEvent (/Users/pabloelisseo/repos/one-beyond/csm/react-form-builder/node_modules/jsdom/lib/jsdom/living/events/EventTarget-impl.js:94:17)
          at HTMLUnknownElement.dispatchEvent (/Users/pabloelisseo/repos/one-beyond/csm/react-form-builder/node_modules/jsdom/lib/jsdom/living/generated/EventTarget.js:231:34)
          at Object.invokeGuardedCallbackDev (/Users/pabloelisseo/repos/one-beyond/csm/react-form-builder/node_modules/react-dom/cjs/react-dom.development.js:4213:16)
          at invokeGuardedCallback (/Users/pabloelisseo/repos/one-beyond/csm/react-form-builder/node_modules/react-dom/cjs/react-dom.development.js:4277:31)
          at beginWork$1 (/Users/pabloelisseo/repos/one-beyond/csm/react-form-builder/node_modules/react-dom/cjs/react-dom.development.js:27451:7)
          at performUnitOfWork (/Users/pabloelisseo/repos/one-beyond/csm/react-form-builder/node_modules/react-dom/cjs/react-dom.development.js:26560:12)
          at workLoopSync (/Users/pabloelisseo/repos/one-beyond/csm/react-form-builder/node_modules/react-dom/cjs/react-dom.development.js:26466:5)
          at renderRootSync (/Users/pabloelisseo/repos/one-beyond/csm/react-form-builder/node_modules/react-dom/cjs/react-dom.development.js:26434:7)
          at recoverFromConcurrentError (/Users/pabloelisseo/repos/one-beyond/csm/react-form-builder/node_modules/react-dom/cjs/react-dom.development.js:25850:20)
          at performConcurrentWorkOnRoot (/Users/pabloelisseo/repos/one-beyond/csm/react-form-builder/node_modules/react-dom/cjs/react-dom.development.js:25750:22)
          at flushActQueue (/Users/pabloelisseo/repos/one-beyond/csm/react-form-builder/node_modules/react/cjs/react.development.js:2667:24)
          at act (/Users/pabloelisseo/repos/one-beyond/csm/react-form-builder/node_modules/react/cjs/react.development.js:2582:11)
          at /Users/pabloelisseo/repos/one-beyond/csm/react-form-builder/node_modules/@testing-library/react/dist/act-compat.js:46:25
          at renderRoot (/Users/pabloelisseo/repos/one-beyond/csm/react-form-builder/node_modules/@testing-library/react/dist/pure.js:161:26)
          at render (/Users/pabloelisseo/repos/one-beyond/csm/react-form-builder/node_modules/@testing-library/react/dist/pure.js:247:10)
          at Object.<anonymous> (/Users/pabloelisseo/repos/one-beyond/csm/react-form-builder/src/Questions/Genre/_tests_/gender.test.js:90:31)
          at Promise.then.completed (/Users/pabloelisseo/repos/one-beyond/csm/react-form-builder/node_modules/jest-circus/build/utils.js:391:28)
          at new Promise (<anonymous>)
          at callAsyncCircusFn (/Users/pabloelisseo/repos/one-beyond/csm/react-form-builder/node_modules/jest-circus/build/utils.js:316:10)
          at _callCircusTest (/Users/pabloelisseo/repos/one-beyond/csm/react-form-builder/node_modules/jest-circus/build/run.js:218:40)
          at processTicksAndRejections (node:internal/process/task_queues:95:5)
          at _runTest (/Users/pabloelisseo/repos/one-beyond/csm/react-form-builder/node_modules/jest-circus/build/run.js:155:3)
          at _runTestsForDescribeBlock (/Users/pabloelisseo/repos/one-beyond/csm/react-form-builder/node_modules/jest-circus/build/run.js:66:9)
          at run (/Users/pabloelisseo/repos/one-beyond/csm/react-form-builder/node_modules/jest-circus/build/run.js:25:3)
          at runAndTransformResultsToJestFormat (/Users/pabloelisseo/repos/one-beyond/csm/react-form-builder/node_modules/jest-circus/build/legacy-code-todo-rewrite/jestAdapterInit.js:170:21)
          at jestAdapter (/Users/pabloelisseo/repos/one-beyond/csm/react-form-builder/node_modules/jest-circus/build/legacy-code-todo-rewrite/jestAdapter.js:82:19)
          at runTestInternal (/Users/pabloelisseo/repos/one-beyond/csm/react-form-builder/node_modules/jest-runner/build/runTest.js:389:16)
          at runTest (/Users/pabloelisseo/repos/one-beyond/csm/react-form-builder/node_modules/jest-runner/build/runTest.js:475:34)
          at Object.worker (/Users/pabloelisseo/repos/one-beyond/csm/react-form-builder/node_modules/jest-runner/build/testWorker.js:133:12)

      at VirtualConsole.<anonymous> (node_modules/jsdom/lib/jsdom/virtual-console.js:29:45)
      at reportException (node_modules/jsdom/lib/jsdom/living/helpers/runtime-script-errors.js:70:28)
      at innerInvokeEventListeners (node_modules/jsdom/lib/jsdom/living/events/EventTarget-impl.js:341:9)
      at invokeEventListeners (node_modules/jsdom/lib/jsdom/living/events/EventTarget-impl.js:274:3)
      at HTMLUnknownElementImpl._dispatch (node_modules/jsdom/lib/jsdom/living/events/EventTarget-impl.js:221:9)
      at HTMLUnknownElementImpl.dispatchEvent (node_modules/jsdom/lib/jsdom/living/events/EventTarget-impl.js:94:17)
      at HTMLUnknownElement.dispatchEvent (node_modules/jsdom/lib/jsdom/living/generated/EventTarget.js:231:34)

    console.error
      The above error occurred in one of your React components:
      
          at Object.<anonymous>.exports.Controller (/Users/pabloelisseo/repos/one-beyond/csm/react-form-builder/node_modules/react-hook-form/src/form.tsx:37:9)
          at Select (/Users/pabloelisseo/repos/one-beyond/csm/react-form-builder/src/Fields/Select/index.js:10:3)
          at div
          at /Users/pabloelisseo/repos/one-beyond/csm/react-form-builder/node_modules/@emotion/react/dist/emotion-element-48d2c2e4.cjs.dev.js:62:23
          at QuestionGender (/Users/pabloelisseo/repos/one-beyond/csm/react-form-builder/src/Questions/Genre/index.js:20:27)
      
      Consider adding an error boundary to your tree to customize error handling behavior.
      Visit https://reactjs.org/link/error-boundaries to learn more about error boundaries.

      at logCapturedError (node_modules/react-dom/cjs/react-dom.development.js:18687:23)
      at update.callback (node_modules/react-dom/cjs/react-dom.development.js:18720:5)
      at callCallback (node_modules/react-dom/cjs/react-dom.development.js:13923:12)
      at commitUpdateQueue (node_modules/react-dom/cjs/react-dom.development.js:13944:9)
      at commitLayoutEffectOnFiber (node_modules/react-dom/cjs/react-dom.development.js:23391:13)
      at commitLayoutMountEffects_complete (node_modules/react-dom/cjs/react-dom.development.js:24688:9)
      at commitLayoutEffects_begin (node_modules/react-dom/cjs/react-dom.development.js:24674:7)
      at commitLayoutEffects (node_modules/react-dom/cjs/react-dom.development.js:24612:3)

    console.error
      Error: Uncaught [TypeError: Cannot read properties of undefined (reading 'array')]
          at reportException (/Users/pabloelisseo/repos/one-beyond/csm/react-form-builder/node_modules/jsdom/lib/jsdom/living/helpers/runtime-script-errors.js:66:24)
          at innerInvokeEventListeners (/Users/pabloelisseo/repos/one-beyond/csm/react-form-builder/node_modules/jsdom/lib/jsdom/living/events/EventTarget-impl.js:341:9)
          at invokeEventListeners (/Users/pabloelisseo/repos/one-beyond/csm/react-form-builder/node_modules/jsdom/lib/jsdom/living/events/EventTarget-impl.js:274:3)
          at HTMLUnknownElementImpl._dispatch (/Users/pabloelisseo/repos/one-beyond/csm/react-form-builder/node_modules/jsdom/lib/jsdom/living/events/EventTarget-impl.js:221:9)
          at HTMLUnknownElementImpl.dispatchEvent (/Users/pabloelisseo/repos/one-beyond/csm/react-form-builder/node_modules/jsdom/lib/jsdom/living/events/EventTarget-impl.js:94:17)
          at HTMLUnknownElement.dispatchEvent (/Users/pabloelisseo/repos/one-beyond/csm/react-form-builder/node_modules/jsdom/lib/jsdom/living/generated/EventTarget.js:231:34)
          at Object.invokeGuardedCallbackDev (/Users/pabloelisseo/repos/one-beyond/csm/react-form-builder/node_modules/react-dom/cjs/react-dom.development.js:4213:16)
          at invokeGuardedCallback (/Users/pabloelisseo/repos/one-beyond/csm/react-form-builder/node_modules/react-dom/cjs/react-dom.development.js:4277:31)
          at beginWork$1 (/Users/pabloelisseo/repos/one-beyond/csm/react-form-builder/node_modules/react-dom/cjs/react-dom.development.js:27451:7)
          at performUnitOfWork (/Users/pabloelisseo/repos/one-beyond/csm/react-form-builder/node_modules/react-dom/cjs/react-dom.development.js:26560:12) TypeError: Cannot read properties of undefined (reading 'array')
          at control (/Users/pabloelisseo/repos/one-beyond/csm/react-form-builder/node_modules/react-hook-form/src/useController.ts:63:35)
          at Object.<anonymous>.exports.Controller (/Users/pabloelisseo/repos/one-beyond/csm/react-form-builder/node_modules/react-hook-form/src/form.tsx:38:5)
          at renderWithHooks (/Users/pabloelisseo/repos/one-beyond/csm/react-form-builder/node_modules/react-dom/cjs/react-dom.development.js:16305:18)
          at mountIndeterminateComponent (/Users/pabloelisseo/repos/one-beyond/csm/react-form-builder/node_modules/react-dom/cjs/react-dom.development.js:20074:13)
          at beginWork (/Users/pabloelisseo/repos/one-beyond/csm/react-form-builder/node_modules/react-dom/cjs/react-dom.development.js:21587:16)
          at HTMLUnknownElement.callCallback (/Users/pabloelisseo/repos/one-beyond/csm/react-form-builder/node_modules/react-dom/cjs/react-dom.development.js:4164:14)
          at HTMLUnknownElement.callTheUserObjectsOperation (/Users/pabloelisseo/repos/one-beyond/csm/react-form-builder/node_modules/jsdom/lib/jsdom/living/generated/EventListener.js:26:30)
          at innerInvokeEventListeners (/Users/pabloelisseo/repos/one-beyond/csm/react-form-builder/node_modules/jsdom/lib/jsdom/living/events/EventTarget-impl.js:338:25)
          at invokeEventListeners (/Users/pabloelisseo/repos/one-beyond/csm/react-form-builder/node_modules/jsdom/lib/jsdom/living/events/EventTarget-impl.js:274:3)
          at HTMLUnknownElementImpl._dispatch (/Users/pabloelisseo/repos/one-beyond/csm/react-form-builder/node_modules/jsdom/lib/jsdom/living/events/EventTarget-impl.js:221:9)
          at HTMLUnknownElementImpl.dispatchEvent (/Users/pabloelisseo/repos/one-beyond/csm/react-form-builder/node_modules/jsdom/lib/jsdom/living/events/EventTarget-impl.js:94:17)
          at HTMLUnknownElement.dispatchEvent (/Users/pabloelisseo/repos/one-beyond/csm/react-form-builder/node_modules/jsdom/lib/jsdom/living/generated/EventTarget.js:231:34)
          at Object.invokeGuardedCallbackDev (/Users/pabloelisseo/repos/one-beyond/csm/react-form-builder/node_modules/react-dom/cjs/react-dom.development.js:4213:16)
          at invokeGuardedCallback (/Users/pabloelisseo/repos/one-beyond/csm/react-form-builder/node_modules/react-dom/cjs/react-dom.development.js:4277:31)
          at beginWork$1 (/Users/pabloelisseo/repos/one-beyond/csm/react-form-builder/node_modules/react-dom/cjs/react-dom.development.js:27451:7)
          at performUnitOfWork (/Users/pabloelisseo/repos/one-beyond/csm/react-form-builder/node_modules/react-dom/cjs/react-dom.development.js:26560:12)
          at workLoopSync (/Users/pabloelisseo/repos/one-beyond/csm/react-form-builder/node_modules/react-dom/cjs/react-dom.development.js:26466:5)
          at renderRootSync (/Users/pabloelisseo/repos/one-beyond/csm/react-form-builder/node_modules/react-dom/cjs/react-dom.development.js:26434:7)
          at performConcurrentWorkOnRoot (/Users/pabloelisseo/repos/one-beyond/csm/react-form-builder/node_modules/react-dom/cjs/react-dom.development.js:25738:74)
          at flushActQueue (/Users/pabloelisseo/repos/one-beyond/csm/react-form-builder/node_modules/react/cjs/react.development.js:2667:24)
          at act (/Users/pabloelisseo/repos/one-beyond/csm/react-form-builder/node_modules/react/cjs/react.development.js:2582:11)
          at /Users/pabloelisseo/repos/one-beyond/csm/react-form-builder/node_modules/@testing-library/react/dist/act-compat.js:46:25
          at renderRoot (/Users/pabloelisseo/repos/one-beyond/csm/react-form-builder/node_modules/@testing-library/react/dist/pure.js:161:26)
          at render (/Users/pabloelisseo/repos/one-beyond/csm/react-form-builder/node_modules/@testing-library/react/dist/pure.js:247:10)
          at Object.<anonymous> (/Users/pabloelisseo/repos/one-beyond/csm/react-form-builder/src/Questions/Genre/_tests_/gender.test.js:110:31)
          at Promise.then.completed (/Users/pabloelisseo/repos/one-beyond/csm/react-form-builder/node_modules/jest-circus/build/utils.js:391:28)
          at new Promise (<anonymous>)
          at callAsyncCircusFn (/Users/pabloelisseo/repos/one-beyond/csm/react-form-builder/node_modules/jest-circus/build/utils.js:316:10)
          at _callCircusTest (/Users/pabloelisseo/repos/one-beyond/csm/react-form-builder/node_modules/jest-circus/build/run.js:218:40)
          at processTicksAndRejections (node:internal/process/task_queues:95:5)
          at _runTest (/Users/pabloelisseo/repos/one-beyond/csm/react-form-builder/node_modules/jest-circus/build/run.js:155:3)
          at _runTestsForDescribeBlock (/Users/pabloelisseo/repos/one-beyond/csm/react-form-builder/node_modules/jest-circus/build/run.js:66:9)
          at run (/Users/pabloelisseo/repos/one-beyond/csm/react-form-builder/node_modules/jest-circus/build/run.js:25:3)
          at runAndTransformResultsToJestFormat (/Users/pabloelisseo/repos/one-beyond/csm/react-form-builder/node_modules/jest-circus/build/legacy-code-todo-rewrite/jestAdapterInit.js:170:21)
          at jestAdapter (/Users/pabloelisseo/repos/one-beyond/csm/react-form-builder/node_modules/jest-circus/build/legacy-code-todo-rewrite/jestAdapter.js:82:19)
          at runTestInternal (/Users/pabloelisseo/repos/one-beyond/csm/react-form-builder/node_modules/jest-runner/build/runTest.js:389:16)
          at runTest (/Users/pabloelisseo/repos/one-beyond/csm/react-form-builder/node_modules/jest-runner/build/runTest.js:475:34)
          at Object.worker (/Users/pabloelisseo/repos/one-beyond/csm/react-form-builder/node_modules/jest-runner/build/testWorker.js:133:12)

      at VirtualConsole.<anonymous> (node_modules/jsdom/lib/jsdom/virtual-console.js:29:45)
      at reportException (node_modules/jsdom/lib/jsdom/living/helpers/runtime-script-errors.js:70:28)
      at innerInvokeEventListeners (node_modules/jsdom/lib/jsdom/living/events/EventTarget-impl.js:341:9)
      at invokeEventListeners (node_modules/jsdom/lib/jsdom/living/events/EventTarget-impl.js:274:3)
      at HTMLUnknownElementImpl._dispatch (node_modules/jsdom/lib/jsdom/living/events/EventTarget-impl.js:221:9)
      at HTMLUnknownElementImpl.dispatchEvent (node_modules/jsdom/lib/jsdom/living/events/EventTarget-impl.js:94:17)
      at HTMLUnknownElement.dispatchEvent (node_modules/jsdom/lib/jsdom/living/generated/EventTarget.js:231:34)

    console.error
      Error: Uncaught [TypeError: Cannot read properties of undefined (reading 'array')]
          at reportException (/Users/pabloelisseo/repos/one-beyond/csm/react-form-builder/node_modules/jsdom/lib/jsdom/living/helpers/runtime-script-errors.js:66:24)
          at innerInvokeEventListeners (/Users/pabloelisseo/repos/one-beyond/csm/react-form-builder/node_modules/jsdom/lib/jsdom/living/events/EventTarget-impl.js:341:9)
          at invokeEventListeners (/Users/pabloelisseo/repos/one-beyond/csm/react-form-builder/node_modules/jsdom/lib/jsdom/living/events/EventTarget-impl.js:274:3)
          at HTMLUnknownElementImpl._dispatch (/Users/pabloelisseo/repos/one-beyond/csm/react-form-builder/node_modules/jsdom/lib/jsdom/living/events/EventTarget-impl.js:221:9)
          at HTMLUnknownElementImpl.dispatchEvent (/Users/pabloelisseo/repos/one-beyond/csm/react-form-builder/node_modules/jsdom/lib/jsdom/living/events/EventTarget-impl.js:94:17)
          at HTMLUnknownElement.dispatchEvent (/Users/pabloelisseo/repos/one-beyond/csm/react-form-builder/node_modules/jsdom/lib/jsdom/living/generated/EventTarget.js:231:34)
          at Object.invokeGuardedCallbackDev (/Users/pabloelisseo/repos/one-beyond/csm/react-form-builder/node_modules/react-dom/cjs/react-dom.development.js:4213:16)
          at invokeGuardedCallback (/Users/pabloelisseo/repos/one-beyond/csm/react-form-builder/node_modules/react-dom/cjs/react-dom.development.js:4277:31)
          at beginWork$1 (/Users/pabloelisseo/repos/one-beyond/csm/react-form-builder/node_modules/react-dom/cjs/react-dom.development.js:27451:7)
          at performUnitOfWork (/Users/pabloelisseo/repos/one-beyond/csm/react-form-builder/node_modules/react-dom/cjs/react-dom.development.js:26560:12) TypeError: Cannot read properties of undefined (reading 'array')
          at control (/Users/pabloelisseo/repos/one-beyond/csm/react-form-builder/node_modules/react-hook-form/src/useController.ts:63:35)
          at Object.<anonymous>.exports.Controller (/Users/pabloelisseo/repos/one-beyond/csm/react-form-builder/node_modules/react-hook-form/src/form.tsx:38:5)
          at renderWithHooks (/Users/pabloelisseo/repos/one-beyond/csm/react-form-builder/node_modules/react-dom/cjs/react-dom.development.js:16305:18)
          at mountIndeterminateComponent (/Users/pabloelisseo/repos/one-beyond/csm/react-form-builder/node_modules/react-dom/cjs/react-dom.development.js:20074:13)
          at beginWork (/Users/pabloelisseo/repos/one-beyond/csm/react-form-builder/node_modules/react-dom/cjs/react-dom.development.js:21587:16)
          at HTMLUnknownElement.callCallback (/Users/pabloelisseo/repos/one-beyond/csm/react-form-builder/node_modules/react-dom/cjs/react-dom.development.js:4164:14)
          at HTMLUnknownElement.callTheUserObjectsOperation (/Users/pabloelisseo/repos/one-beyond/csm/react-form-builder/node_modules/jsdom/lib/jsdom/living/generated/EventListener.js:26:30)
          at innerInvokeEventListeners (/Users/pabloelisseo/repos/one-beyond/csm/react-form-builder/node_modules/jsdom/lib/jsdom/living/events/EventTarget-impl.js:338:25)
          at invokeEventListeners (/Users/pabloelisseo/repos/one-beyond/csm/react-form-builder/node_modules/jsdom/lib/jsdom/living/events/EventTarget-impl.js:274:3)
          at HTMLUnknownElementImpl._dispatch (/Users/pabloelisseo/repos/one-beyond/csm/react-form-builder/node_modules/jsdom/lib/jsdom/living/events/EventTarget-impl.js:221:9)
          at HTMLUnknownElementImpl.dispatchEvent (/Users/pabloelisseo/repos/one-beyond/csm/react-form-builder/node_modules/jsdom/lib/jsdom/living/events/EventTarget-impl.js:94:17)
          at HTMLUnknownElement.dispatchEvent (/Users/pabloelisseo/repos/one-beyond/csm/react-form-builder/node_modules/jsdom/lib/jsdom/living/generated/EventTarget.js:231:34)
          at Object.invokeGuardedCallbackDev (/Users/pabloelisseo/repos/one-beyond/csm/react-form-builder/node_modules/react-dom/cjs/react-dom.development.js:4213:16)
          at invokeGuardedCallback (/Users/pabloelisseo/repos/one-beyond/csm/react-form-builder/node_modules/react-dom/cjs/react-dom.development.js:4277:31)
          at beginWork$1 (/Users/pabloelisseo/repos/one-beyond/csm/react-form-builder/node_modules/react-dom/cjs/react-dom.development.js:27451:7)
          at performUnitOfWork (/Users/pabloelisseo/repos/one-beyond/csm/react-form-builder/node_modules/react-dom/cjs/react-dom.development.js:26560:12)
          at workLoopSync (/Users/pabloelisseo/repos/one-beyond/csm/react-form-builder/node_modules/react-dom/cjs/react-dom.development.js:26466:5)
          at renderRootSync (/Users/pabloelisseo/repos/one-beyond/csm/react-form-builder/node_modules/react-dom/cjs/react-dom.development.js:26434:7)
          at recoverFromConcurrentError (/Users/pabloelisseo/repos/one-beyond/csm/react-form-builder/node_modules/react-dom/cjs/react-dom.development.js:25850:20)
          at performConcurrentWorkOnRoot (/Users/pabloelisseo/repos/one-beyond/csm/react-form-builder/node_modules/react-dom/cjs/react-dom.development.js:25750:22)
          at flushActQueue (/Users/pabloelisseo/repos/one-beyond/csm/react-form-builder/node_modules/react/cjs/react.development.js:2667:24)
          at act (/Users/pabloelisseo/repos/one-beyond/csm/react-form-builder/node_modules/react/cjs/react.development.js:2582:11)
          at /Users/pabloelisseo/repos/one-beyond/csm/react-form-builder/node_modules/@testing-library/react/dist/act-compat.js:46:25
          at renderRoot (/Users/pabloelisseo/repos/one-beyond/csm/react-form-builder/node_modules/@testing-library/react/dist/pure.js:161:26)
          at render (/Users/pabloelisseo/repos/one-beyond/csm/react-form-builder/node_modules/@testing-library/react/dist/pure.js:247:10)
          at Object.<anonymous> (/Users/pabloelisseo/repos/one-beyond/csm/react-form-builder/src/Questions/Genre/_tests_/gender.test.js:110:31)
          at Promise.then.completed (/Users/pabloelisseo/repos/one-beyond/csm/react-form-builder/node_modules/jest-circus/build/utils.js:391:28)
          at new Promise (<anonymous>)
          at callAsyncCircusFn (/Users/pabloelisseo/repos/one-beyond/csm/react-form-builder/node_modules/jest-circus/build/utils.js:316:10)
          at _callCircusTest (/Users/pabloelisseo/repos/one-beyond/csm/react-form-builder/node_modules/jest-circus/build/run.js:218:40)
          at processTicksAndRejections (node:internal/process/task_queues:95:5)
          at _runTest (/Users/pabloelisseo/repos/one-beyond/csm/react-form-builder/node_modules/jest-circus/build/run.js:155:3)
          at _runTestsForDescribeBlock (/Users/pabloelisseo/repos/one-beyond/csm/react-form-builder/node_modules/jest-circus/build/run.js:66:9)
          at run (/Users/pabloelisseo/repos/one-beyond/csm/react-form-builder/node_modules/jest-circus/build/run.js:25:3)
          at runAndTransformResultsToJestFormat (/Users/pabloelisseo/repos/one-beyond/csm/react-form-builder/node_modules/jest-circus/build/legacy-code-todo-rewrite/jestAdapterInit.js:170:21)
          at jestAdapter (/Users/pabloelisseo/repos/one-beyond/csm/react-form-builder/node_modules/jest-circus/build/legacy-code-todo-rewrite/jestAdapter.js:82:19)
          at runTestInternal (/Users/pabloelisseo/repos/one-beyond/csm/react-form-builder/node_modules/jest-runner/build/runTest.js:389:16)
          at runTest (/Users/pabloelisseo/repos/one-beyond/csm/react-form-builder/node_modules/jest-runner/build/runTest.js:475:34)
          at Object.worker (/Users/pabloelisseo/repos/one-beyond/csm/react-form-builder/node_modules/jest-runner/build/testWorker.js:133:12)

      at VirtualConsole.<anonymous> (node_modules/jsdom/lib/jsdom/virtual-console.js:29:45)
      at reportException (node_modules/jsdom/lib/jsdom/living/helpers/runtime-script-errors.js:70:28)
      at innerInvokeEventListeners (node_modules/jsdom/lib/jsdom/living/events/EventTarget-impl.js:341:9)
      at invokeEventListeners (node_modules/jsdom/lib/jsdom/living/events/EventTarget-impl.js:274:3)
      at HTMLUnknownElementImpl._dispatch (node_modules/jsdom/lib/jsdom/living/events/EventTarget-impl.js:221:9)
      at HTMLUnknownElementImpl.dispatchEvent (node_modules/jsdom/lib/jsdom/living/events/EventTarget-impl.js:94:17)
      at HTMLUnknownElement.dispatchEvent (node_modules/jsdom/lib/jsdom/living/generated/EventTarget.js:231:34)

    console.error
      The above error occurred in one of your React components:
      
          at Object.<anonymous>.exports.Controller (/Users/pabloelisseo/repos/one-beyond/csm/react-form-builder/node_modules/react-hook-form/src/form.tsx:37:9)
          at Select (/Users/pabloelisseo/repos/one-beyond/csm/react-form-builder/src/Fields/Select/index.js:10:3)
          at div
          at /Users/pabloelisseo/repos/one-beyond/csm/react-form-builder/node_modules/@emotion/react/dist/emotion-element-48d2c2e4.cjs.dev.js:62:23
          at QuestionGender (/Users/pabloelisseo/repos/one-beyond/csm/react-form-builder/src/Questions/Genre/index.js:20:27)
      
      Consider adding an error boundary to your tree to customize error handling behavior.
      Visit https://reactjs.org/link/error-boundaries to learn more about error boundaries.

      at logCapturedError (node_modules/react-dom/cjs/react-dom.development.js:18687:23)
      at update.callback (node_modules/react-dom/cjs/react-dom.development.js:18720:5)
      at callCallback (node_modules/react-dom/cjs/react-dom.development.js:13923:12)
      at commitUpdateQueue (node_modules/react-dom/cjs/react-dom.development.js:13944:9)
      at commitLayoutEffectOnFiber (node_modules/react-dom/cjs/react-dom.development.js:23391:13)
      at commitLayoutMountEffects_complete (node_modules/react-dom/cjs/react-dom.development.js:24688:9)
      at commitLayoutEffects_begin (node_modules/react-dom/cjs/react-dom.development.js:24674:7)
      at commitLayoutEffects (node_modules/react-dom/cjs/react-dom.development.js:24612:3)

    console.error
      Error: Uncaught [TypeError: Cannot read properties of undefined (reading 'array')]
          at reportException (/Users/pabloelisseo/repos/one-beyond/csm/react-form-builder/node_modules/jsdom/lib/jsdom/living/helpers/runtime-script-errors.js:66:24)
          at innerInvokeEventListeners (/Users/pabloelisseo/repos/one-beyond/csm/react-form-builder/node_modules/jsdom/lib/jsdom/living/events/EventTarget-impl.js:341:9)
          at invokeEventListeners (/Users/pabloelisseo/repos/one-beyond/csm/react-form-builder/node_modules/jsdom/lib/jsdom/living/events/EventTarget-impl.js:274:3)
          at HTMLUnknownElementImpl._dispatch (/Users/pabloelisseo/repos/one-beyond/csm/react-form-builder/node_modules/jsdom/lib/jsdom/living/events/EventTarget-impl.js:221:9)
          at HTMLUnknownElementImpl.dispatchEvent (/Users/pabloelisseo/repos/one-beyond/csm/react-form-builder/node_modules/jsdom/lib/jsdom/living/events/EventTarget-impl.js:94:17)
          at HTMLUnknownElement.dispatchEvent (/Users/pabloelisseo/repos/one-beyond/csm/react-form-builder/node_modules/jsdom/lib/jsdom/living/generated/EventTarget.js:231:34)
          at Object.invokeGuardedCallbackDev (/Users/pabloelisseo/repos/one-beyond/csm/react-form-builder/node_modules/react-dom/cjs/react-dom.development.js:4213:16)
          at invokeGuardedCallback (/Users/pabloelisseo/repos/one-beyond/csm/react-form-builder/node_modules/react-dom/cjs/react-dom.development.js:4277:31)
          at beginWork$1 (/Users/pabloelisseo/repos/one-beyond/csm/react-form-builder/node_modules/react-dom/cjs/react-dom.development.js:27451:7)
          at performUnitOfWork (/Users/pabloelisseo/repos/one-beyond/csm/react-form-builder/node_modules/react-dom/cjs/react-dom.development.js:26560:12) TypeError: Cannot read properties of undefined (reading 'array')
          at control (/Users/pabloelisseo/repos/one-beyond/csm/react-form-builder/node_modules/react-hook-form/src/useController.ts:63:35)
          at Object.<anonymous>.exports.Controller (/Users/pabloelisseo/repos/one-beyond/csm/react-form-builder/node_modules/react-hook-form/src/form.tsx:38:5)
          at renderWithHooks (/Users/pabloelisseo/repos/one-beyond/csm/react-form-builder/node_modules/react-dom/cjs/react-dom.development.js:16305:18)
          at mountIndeterminateComponent (/Users/pabloelisseo/repos/one-beyond/csm/react-form-builder/node_modules/react-dom/cjs/react-dom.development.js:20074:13)
          at beginWork (/Users/pabloelisseo/repos/one-beyond/csm/react-form-builder/node_modules/react-dom/cjs/react-dom.development.js:21587:16)
          at HTMLUnknownElement.callCallback (/Users/pabloelisseo/repos/one-beyond/csm/react-form-builder/node_modules/react-dom/cjs/react-dom.development.js:4164:14)
          at HTMLUnknownElement.callTheUserObjectsOperation (/Users/pabloelisseo/repos/one-beyond/csm/react-form-builder/node_modules/jsdom/lib/jsdom/living/generated/EventListener.js:26:30)
          at innerInvokeEventListeners (/Users/pabloelisseo/repos/one-beyond/csm/react-form-builder/node_modules/jsdom/lib/jsdom/living/events/EventTarget-impl.js:338:25)
          at invokeEventListeners (/Users/pabloelisseo/repos/one-beyond/csm/react-form-builder/node_modules/jsdom/lib/jsdom/living/events/EventTarget-impl.js:274:3)
          at HTMLUnknownElementImpl._dispatch (/Users/pabloelisseo/repos/one-beyond/csm/react-form-builder/node_modules/jsdom/lib/jsdom/living/events/EventTarget-impl.js:221:9)
          at HTMLUnknownElementImpl.dispatchEvent (/Users/pabloelisseo/repos/one-beyond/csm/react-form-builder/node_modules/jsdom/lib/jsdom/living/events/EventTarget-impl.js:94:17)
          at HTMLUnknownElement.dispatchEvent (/Users/pabloelisseo/repos/one-beyond/csm/react-form-builder/node_modules/jsdom/lib/jsdom/living/generated/EventTarget.js:231:34)
          at Object.invokeGuardedCallbackDev (/Users/pabloelisseo/repos/one-beyond/csm/react-form-builder/node_modules/react-dom/cjs/react-dom.development.js:4213:16)
          at invokeGuardedCallback (/Users/pabloelisseo/repos/one-beyond/csm/react-form-builder/node_modules/react-dom/cjs/react-dom.development.js:4277:31)
          at beginWork$1 (/Users/pabloelisseo/repos/one-beyond/csm/react-form-builder/node_modules/react-dom/cjs/react-dom.development.js:27451:7)
          at performUnitOfWork (/Users/pabloelisseo/repos/one-beyond/csm/react-form-builder/node_modules/react-dom/cjs/react-dom.development.js:26560:12)
          at workLoopSync (/Users/pabloelisseo/repos/one-beyond/csm/react-form-builder/node_modules/react-dom/cjs/react-dom.development.js:26466:5)
          at renderRootSync (/Users/pabloelisseo/repos/one-beyond/csm/react-form-builder/node_modules/react-dom/cjs/react-dom.development.js:26434:7)
          at performConcurrentWorkOnRoot (/Users/pabloelisseo/repos/one-beyond/csm/react-form-builder/node_modules/react-dom/cjs/react-dom.development.js:25738:74)
          at flushActQueue (/Users/pabloelisseo/repos/one-beyond/csm/react-form-builder/node_modules/react/cjs/react.development.js:2667:24)
          at act (/Users/pabloelisseo/repos/one-beyond/csm/react-form-builder/node_modules/react/cjs/react.development.js:2582:11)
          at /Users/pabloelisseo/repos/one-beyond/csm/react-form-builder/node_modules/@testing-library/react/dist/act-compat.js:46:25
          at renderRoot (/Users/pabloelisseo/repos/one-beyond/csm/react-form-builder/node_modules/@testing-library/react/dist/pure.js:161:26)
          at render (/Users/pabloelisseo/repos/one-beyond/csm/react-form-builder/node_modules/@testing-library/react/dist/pure.js:247:10)
          at Object.<anonymous> (/Users/pabloelisseo/repos/one-beyond/csm/react-form-builder/src/Questions/Genre/_tests_/gender.test.js:135:31)
          at Promise.then.completed (/Users/pabloelisseo/repos/one-beyond/csm/react-form-builder/node_modules/jest-circus/build/utils.js:391:28)
          at new Promise (<anonymous>)
          at callAsyncCircusFn (/Users/pabloelisseo/repos/one-beyond/csm/react-form-builder/node_modules/jest-circus/build/utils.js:316:10)
          at _callCircusTest (/Users/pabloelisseo/repos/one-beyond/csm/react-form-builder/node_modules/jest-circus/build/run.js:218:40)
          at processTicksAndRejections (node:internal/process/task_queues:95:5)
          at _runTest (/Users/pabloelisseo/repos/one-beyond/csm/react-form-builder/node_modules/jest-circus/build/run.js:155:3)
          at _runTestsForDescribeBlock (/Users/pabloelisseo/repos/one-beyond/csm/react-form-builder/node_modules/jest-circus/build/run.js:66:9)
          at run (/Users/pabloelisseo/repos/one-beyond/csm/react-form-builder/node_modules/jest-circus/build/run.js:25:3)
          at runAndTransformResultsToJestFormat (/Users/pabloelisseo/repos/one-beyond/csm/react-form-builder/node_modules/jest-circus/build/legacy-code-todo-rewrite/jestAdapterInit.js:170:21)
          at jestAdapter (/Users/pabloelisseo/repos/one-beyond/csm/react-form-builder/node_modules/jest-circus/build/legacy-code-todo-rewrite/jestAdapter.js:82:19)
          at runTestInternal (/Users/pabloelisseo/repos/one-beyond/csm/react-form-builder/node_modules/jest-runner/build/runTest.js:389:16)
          at runTest (/Users/pabloelisseo/repos/one-beyond/csm/react-form-builder/node_modules/jest-runner/build/runTest.js:475:34)
          at Object.worker (/Users/pabloelisseo/repos/one-beyond/csm/react-form-builder/node_modules/jest-runner/build/testWorker.js:133:12)

      at VirtualConsole.<anonymous> (node_modules/jsdom/lib/jsdom/virtual-console.js:29:45)
      at reportException (node_modules/jsdom/lib/jsdom/living/helpers/runtime-script-errors.js:70:28)
      at innerInvokeEventListeners (node_modules/jsdom/lib/jsdom/living/events/EventTarget-impl.js:341:9)
      at invokeEventListeners (node_modules/jsdom/lib/jsdom/living/events/EventTarget-impl.js:274:3)
      at HTMLUnknownElementImpl._dispatch (node_modules/jsdom/lib/jsdom/living/events/EventTarget-impl.js:221:9)
      at HTMLUnknownElementImpl.dispatchEvent (node_modules/jsdom/lib/jsdom/living/events/EventTarget-impl.js:94:17)
      at HTMLUnknownElement.dispatchEvent (node_modules/jsdom/lib/jsdom/living/generated/EventTarget.js:231:34)

    console.error
      Error: Uncaught [TypeError: Cannot read properties of undefined (reading 'array')]
          at reportException (/Users/pabloelisseo/repos/one-beyond/csm/react-form-builder/node_modules/jsdom/lib/jsdom/living/helpers/runtime-script-errors.js:66:24)
          at innerInvokeEventListeners (/Users/pabloelisseo/repos/one-beyond/csm/react-form-builder/node_modules/jsdom/lib/jsdom/living/events/EventTarget-impl.js:341:9)
          at invokeEventListeners (/Users/pabloelisseo/repos/one-beyond/csm/react-form-builder/node_modules/jsdom/lib/jsdom/living/events/EventTarget-impl.js:274:3)
          at HTMLUnknownElementImpl._dispatch (/Users/pabloelisseo/repos/one-beyond/csm/react-form-builder/node_modules/jsdom/lib/jsdom/living/events/EventTarget-impl.js:221:9)
          at HTMLUnknownElementImpl.dispatchEvent (/Users/pabloelisseo/repos/one-beyond/csm/react-form-builder/node_modules/jsdom/lib/jsdom/living/events/EventTarget-impl.js:94:17)
          at HTMLUnknownElement.dispatchEvent (/Users/pabloelisseo/repos/one-beyond/csm/react-form-builder/node_modules/jsdom/lib/jsdom/living/generated/EventTarget.js:231:34)
          at Object.invokeGuardedCallbackDev (/Users/pabloelisseo/repos/one-beyond/csm/react-form-builder/node_modules/react-dom/cjs/react-dom.development.js:4213:16)
          at invokeGuardedCallback (/Users/pabloelisseo/repos/one-beyond/csm/react-form-builder/node_modules/react-dom/cjs/react-dom.development.js:4277:31)
          at beginWork$1 (/Users/pabloelisseo/repos/one-beyond/csm/react-form-builder/node_modules/react-dom/cjs/react-dom.development.js:27451:7)
          at performUnitOfWork (/Users/pabloelisseo/repos/one-beyond/csm/react-form-builder/node_modules/react-dom/cjs/react-dom.development.js:26560:12) TypeError: Cannot read properties of undefined (reading 'array')
          at control (/Users/pabloelisseo/repos/one-beyond/csm/react-form-builder/node_modules/react-hook-form/src/useController.ts:63:35)
          at Object.<anonymous>.exports.Controller (/Users/pabloelisseo/repos/one-beyond/csm/react-form-builder/node_modules/react-hook-form/src/form.tsx:38:5)
          at renderWithHooks (/Users/pabloelisseo/repos/one-beyond/csm/react-form-builder/node_modules/react-dom/cjs/react-dom.development.js:16305:18)
          at mountIndeterminateComponent (/Users/pabloelisseo/repos/one-beyond/csm/react-form-builder/node_modules/react-dom/cjs/react-dom.development.js:20074:13)
          at beginWork (/Users/pabloelisseo/repos/one-beyond/csm/react-form-builder/node_modules/react-dom/cjs/react-dom.development.js:21587:16)
          at HTMLUnknownElement.callCallback (/Users/pabloelisseo/repos/one-beyond/csm/react-form-builder/node_modules/react-dom/cjs/react-dom.development.js:4164:14)
          at HTMLUnknownElement.callTheUserObjectsOperation (/Users/pabloelisseo/repos/one-beyond/csm/react-form-builder/node_modules/jsdom/lib/jsdom/living/generated/EventListener.js:26:30)
          at innerInvokeEventListeners (/Users/pabloelisseo/repos/one-beyond/csm/react-form-builder/node_modules/jsdom/lib/jsdom/living/events/EventTarget-impl.js:338:25)
          at invokeEventListeners (/Users/pabloelisseo/repos/one-beyond/csm/react-form-builder/node_modules/jsdom/lib/jsdom/living/events/EventTarget-impl.js:274:3)
          at HTMLUnknownElementImpl._dispatch (/Users/pabloelisseo/repos/one-beyond/csm/react-form-builder/node_modules/jsdom/lib/jsdom/living/events/EventTarget-impl.js:221:9)
          at HTMLUnknownElementImpl.dispatchEvent (/Users/pabloelisseo/repos/one-beyond/csm/react-form-builder/node_modules/jsdom/lib/jsdom/living/events/EventTarget-impl.js:94:17)
          at HTMLUnknownElement.dispatchEvent (/Users/pabloelisseo/repos/one-beyond/csm/react-form-builder/node_modules/jsdom/lib/jsdom/living/generated/EventTarget.js:231:34)
          at Object.invokeGuardedCallbackDev (/Users/pabloelisseo/repos/one-beyond/csm/react-form-builder/node_modules/react-dom/cjs/react-dom.development.js:4213:16)
          at invokeGuardedCallback (/Users/pabloelisseo/repos/one-beyond/csm/react-form-builder/node_modules/react-dom/cjs/react-dom.development.js:4277:31)
          at beginWork$1 (/Users/pabloelisseo/repos/one-beyond/csm/react-form-builder/node_modules/react-dom/cjs/react-dom.development.js:27451:7)
          at performUnitOfWork (/Users/pabloelisseo/repos/one-beyond/csm/react-form-builder/node_modules/react-dom/cjs/react-dom.development.js:26560:12)
          at workLoopSync (/Users/pabloelisseo/repos/one-beyond/csm/react-form-builder/node_modules/react-dom/cjs/react-dom.development.js:26466:5)
          at renderRootSync (/Users/pabloelisseo/repos/one-beyond/csm/react-form-builder/node_modules/react-dom/cjs/react-dom.development.js:26434:7)
          at recoverFromConcurrentError (/Users/pabloelisseo/repos/one-beyond/csm/react-form-builder/node_modules/react-dom/cjs/react-dom.development.js:25850:20)
          at performConcurrentWorkOnRoot (/Users/pabloelisseo/repos/one-beyond/csm/react-form-builder/node_modules/react-dom/cjs/react-dom.development.js:25750:22)
          at flushActQueue (/Users/pabloelisseo/repos/one-beyond/csm/react-form-builder/node_modules/react/cjs/react.development.js:2667:24)
          at act (/Users/pabloelisseo/repos/one-beyond/csm/react-form-builder/node_modules/react/cjs/react.development.js:2582:11)
          at /Users/pabloelisseo/repos/one-beyond/csm/react-form-builder/node_modules/@testing-library/react/dist/act-compat.js:46:25
          at renderRoot (/Users/pabloelisseo/repos/one-beyond/csm/react-form-builder/node_modules/@testing-library/react/dist/pure.js:161:26)
          at render (/Users/pabloelisseo/repos/one-beyond/csm/react-form-builder/node_modules/@testing-library/react/dist/pure.js:247:10)
          at Object.<anonymous> (/Users/pabloelisseo/repos/one-beyond/csm/react-form-builder/src/Questions/Genre/_tests_/gender.test.js:135:31)
          at Promise.then.completed (/Users/pabloelisseo/repos/one-beyond/csm/react-form-builder/node_modules/jest-circus/build/utils.js:391:28)
          at new Promise (<anonymous>)
          at callAsyncCircusFn (/Users/pabloelisseo/repos/one-beyond/csm/react-form-builder/node_modules/jest-circus/build/utils.js:316:10)
          at _callCircusTest (/Users/pabloelisseo/repos/one-beyond/csm/react-form-builder/node_modules/jest-circus/build/run.js:218:40)
          at processTicksAndRejections (node:internal/process/task_queues:95:5)
          at _runTest (/Users/pabloelisseo/repos/one-beyond/csm/react-form-builder/node_modules/jest-circus/build/run.js:155:3)
          at _runTestsForDescribeBlock (/Users/pabloelisseo/repos/one-beyond/csm/react-form-builder/node_modules/jest-circus/build/run.js:66:9)
          at run (/Users/pabloelisseo/repos/one-beyond/csm/react-form-builder/node_modules/jest-circus/build/run.js:25:3)
          at runAndTransformResultsToJestFormat (/Users/pabloelisseo/repos/one-beyond/csm/react-form-builder/node_modules/jest-circus/build/legacy-code-todo-rewrite/jestAdapterInit.js:170:21)
          at jestAdapter (/Users/pabloelisseo/repos/one-beyond/csm/react-form-builder/node_modules/jest-circus/build/legacy-code-todo-rewrite/jestAdapter.js:82:19)
          at runTestInternal (/Users/pabloelisseo/repos/one-beyond/csm/react-form-builder/node_modules/jest-runner/build/runTest.js:389:16)
          at runTest (/Users/pabloelisseo/repos/one-beyond/csm/react-form-builder/node_modules/jest-runner/build/runTest.js:475:34)
          at Object.worker (/Users/pabloelisseo/repos/one-beyond/csm/react-form-builder/node_modules/jest-runner/build/testWorker.js:133:12)

      at VirtualConsole.<anonymous> (node_modules/jsdom/lib/jsdom/virtual-console.js:29:45)
      at reportException (node_modules/jsdom/lib/jsdom/living/helpers/runtime-script-errors.js:70:28)
      at innerInvokeEventListeners (node_modules/jsdom/lib/jsdom/living/events/EventTarget-impl.js:341:9)
      at invokeEventListeners (node_modules/jsdom/lib/jsdom/living/events/EventTarget-impl.js:274:3)
      at HTMLUnknownElementImpl._dispatch (node_modules/jsdom/lib/jsdom/living/events/EventTarget-impl.js:221:9)
      at HTMLUnknownElementImpl.dispatchEvent (node_modules/jsdom/lib/jsdom/living/events/EventTarget-impl.js:94:17)
      at HTMLUnknownElement.dispatchEvent (node_modules/jsdom/lib/jsdom/living/generated/EventTarget.js:231:34)

    console.error
      The above error occurred in one of your React components:
      
          at Object.<anonymous>.exports.Controller (/Users/pabloelisseo/repos/one-beyond/csm/react-form-builder/node_modules/react-hook-form/src/form.tsx:37:9)
          at Select (/Users/pabloelisseo/repos/one-beyond/csm/react-form-builder/src/Fields/Select/index.js:10:3)
          at div
          at /Users/pabloelisseo/repos/one-beyond/csm/react-form-builder/node_modules/@emotion/react/dist/emotion-element-48d2c2e4.cjs.dev.js:62:23
          at QuestionGender (/Users/pabloelisseo/repos/one-beyond/csm/react-form-builder/src/Questions/Genre/index.js:20:27)
      
      Consider adding an error boundary to your tree to customize error handling behavior.
      Visit https://reactjs.org/link/error-boundaries to learn more about error boundaries.

      at logCapturedError (node_modules/react-dom/cjs/react-dom.development.js:18687:23)
      at update.callback (node_modules/react-dom/cjs/react-dom.development.js:18720:5)
      at callCallback (node_modules/react-dom/cjs/react-dom.development.js:13923:12)
      at commitUpdateQueue (node_modules/react-dom/cjs/react-dom.development.js:13944:9)
      at commitLayoutEffectOnFiber (node_modules/react-dom/cjs/react-dom.development.js:23391:13)
      at commitLayoutMountEffects_complete (node_modules/react-dom/cjs/react-dom.development.js:24688:9)
      at commitLayoutEffects_begin (node_modules/react-dom/cjs/react-dom.development.js:24674:7)
      at commitLayoutEffects (node_modules/react-dom/cjs/react-dom.development.js:24612:3)

    console.error
      Error: Uncaught [TypeError: Cannot read properties of undefined (reading 'array')]
          at reportException (/Users/pabloelisseo/repos/one-beyond/csm/react-form-builder/node_modules/jsdom/lib/jsdom/living/helpers/runtime-script-errors.js:66:24)
          at innerInvokeEventListeners (/Users/pabloelisseo/repos/one-beyond/csm/react-form-builder/node_modules/jsdom/lib/jsdom/living/events/EventTarget-impl.js:341:9)
          at invokeEventListeners (/Users/pabloelisseo/repos/one-beyond/csm/react-form-builder/node_modules/jsdom/lib/jsdom/living/events/EventTarget-impl.js:274:3)
          at HTMLUnknownElementImpl._dispatch (/Users/pabloelisseo/repos/one-beyond/csm/react-form-builder/node_modules/jsdom/lib/jsdom/living/events/EventTarget-impl.js:221:9)
          at HTMLUnknownElementImpl.dispatchEvent (/Users/pabloelisseo/repos/one-beyond/csm/react-form-builder/node_modules/jsdom/lib/jsdom/living/events/EventTarget-impl.js:94:17)
          at HTMLUnknownElement.dispatchEvent (/Users/pabloelisseo/repos/one-beyond/csm/react-form-builder/node_modules/jsdom/lib/jsdom/living/generated/EventTarget.js:231:34)
          at Object.invokeGuardedCallbackDev (/Users/pabloelisseo/repos/one-beyond/csm/react-form-builder/node_modules/react-dom/cjs/react-dom.development.js:4213:16)
          at invokeGuardedCallback (/Users/pabloelisseo/repos/one-beyond/csm/react-form-builder/node_modules/react-dom/cjs/react-dom.development.js:4277:31)
          at beginWork$1 (/Users/pabloelisseo/repos/one-beyond/csm/react-form-builder/node_modules/react-dom/cjs/react-dom.development.js:27451:7)
          at performUnitOfWork (/Users/pabloelisseo/repos/one-beyond/csm/react-form-builder/node_modules/react-dom/cjs/react-dom.development.js:26560:12) TypeError: Cannot read properties of undefined (reading 'array')
          at control (/Users/pabloelisseo/repos/one-beyond/csm/react-form-builder/node_modules/react-hook-form/src/useController.ts:63:35)
          at Object.<anonymous>.exports.Controller (/Users/pabloelisseo/repos/one-beyond/csm/react-form-builder/node_modules/react-hook-form/src/form.tsx:38:5)
          at renderWithHooks (/Users/pabloelisseo/repos/one-beyond/csm/react-form-builder/node_modules/react-dom/cjs/react-dom.development.js:16305:18)
          at mountIndeterminateComponent (/Users/pabloelisseo/repos/one-beyond/csm/react-form-builder/node_modules/react-dom/cjs/react-dom.development.js:20074:13)
          at beginWork (/Users/pabloelisseo/repos/one-beyond/csm/react-form-builder/node_modules/react-dom/cjs/react-dom.development.js:21587:16)
          at HTMLUnknownElement.callCallback (/Users/pabloelisseo/repos/one-beyond/csm/react-form-builder/node_modules/react-dom/cjs/react-dom.development.js:4164:14)
          at HTMLUnknownElement.callTheUserObjectsOperation (/Users/pabloelisseo/repos/one-beyond/csm/react-form-builder/node_modules/jsdom/lib/jsdom/living/generated/EventListener.js:26:30)
          at innerInvokeEventListeners (/Users/pabloelisseo/repos/one-beyond/csm/react-form-builder/node_modules/jsdom/lib/jsdom/living/events/EventTarget-impl.js:338:25)
          at invokeEventListeners (/Users/pabloelisseo/repos/one-beyond/csm/react-form-builder/node_modules/jsdom/lib/jsdom/living/events/EventTarget-impl.js:274:3)
          at HTMLUnknownElementImpl._dispatch (/Users/pabloelisseo/repos/one-beyond/csm/react-form-builder/node_modules/jsdom/lib/jsdom/living/events/EventTarget-impl.js:221:9)
          at HTMLUnknownElementImpl.dispatchEvent (/Users/pabloelisseo/repos/one-beyond/csm/react-form-builder/node_modules/jsdom/lib/jsdom/living/events/EventTarget-impl.js:94:17)
          at HTMLUnknownElement.dispatchEvent (/Users/pabloelisseo/repos/one-beyond/csm/react-form-builder/node_modules/jsdom/lib/jsdom/living/generated/EventTarget.js:231:34)
          at Object.invokeGuardedCallbackDev (/Users/pabloelisseo/repos/one-beyond/csm/react-form-builder/node_modules/react-dom/cjs/react-dom.development.js:4213:16)
          at invokeGuardedCallback (/Users/pabloelisseo/repos/one-beyond/csm/react-form-builder/node_modules/react-dom/cjs/react-dom.development.js:4277:31)
          at beginWork$1 (/Users/pabloelisseo/repos/one-beyond/csm/react-form-builder/node_modules/react-dom/cjs/react-dom.development.js:27451:7)
          at performUnitOfWork (/Users/pabloelisseo/repos/one-beyond/csm/react-form-builder/node_modules/react-dom/cjs/react-dom.development.js:26560:12)
          at workLoopSync (/Users/pabloelisseo/repos/one-beyond/csm/react-form-builder/node_modules/react-dom/cjs/react-dom.development.js:26466:5)
          at renderRootSync (/Users/pabloelisseo/repos/one-beyond/csm/react-form-builder/node_modules/react-dom/cjs/react-dom.development.js:26434:7)
          at performConcurrentWorkOnRoot (/Users/pabloelisseo/repos/one-beyond/csm/react-form-builder/node_modules/react-dom/cjs/react-dom.development.js:25738:74)
          at flushActQueue (/Users/pabloelisseo/repos/one-beyond/csm/react-form-builder/node_modules/react/cjs/react.development.js:2667:24)
          at act (/Users/pabloelisseo/repos/one-beyond/csm/react-form-builder/node_modules/react/cjs/react.development.js:2582:11)
          at /Users/pabloelisseo/repos/one-beyond/csm/react-form-builder/node_modules/@testing-library/react/dist/act-compat.js:46:25
          at renderRoot (/Users/pabloelisseo/repos/one-beyond/csm/react-form-builder/node_modules/@testing-library/react/dist/pure.js:161:26)
          at render (/Users/pabloelisseo/repos/one-beyond/csm/react-form-builder/node_modules/@testing-library/react/dist/pure.js:247:10)
          at Object.<anonymous> (/Users/pabloelisseo/repos/one-beyond/csm/react-form-builder/src/Questions/Genre/_tests_/gender.test.js:160:31)
          at Promise.then.completed (/Users/pabloelisseo/repos/one-beyond/csm/react-form-builder/node_modules/jest-circus/build/utils.js:391:28)
          at new Promise (<anonymous>)
          at callAsyncCircusFn (/Users/pabloelisseo/repos/one-beyond/csm/react-form-builder/node_modules/jest-circus/build/utils.js:316:10)
          at _callCircusTest (/Users/pabloelisseo/repos/one-beyond/csm/react-form-builder/node_modules/jest-circus/build/run.js:218:40)
          at processTicksAndRejections (node:internal/process/task_queues:95:5)
          at _runTest (/Users/pabloelisseo/repos/one-beyond/csm/react-form-builder/node_modules/jest-circus/build/run.js:155:3)
          at _runTestsForDescribeBlock (/Users/pabloelisseo/repos/one-beyond/csm/react-form-builder/node_modules/jest-circus/build/run.js:66:9)
          at run (/Users/pabloelisseo/repos/one-beyond/csm/react-form-builder/node_modules/jest-circus/build/run.js:25:3)
          at runAndTransformResultsToJestFormat (/Users/pabloelisseo/repos/one-beyond/csm/react-form-builder/node_modules/jest-circus/build/legacy-code-todo-rewrite/jestAdapterInit.js:170:21)
          at jestAdapter (/Users/pabloelisseo/repos/one-beyond/csm/react-form-builder/node_modules/jest-circus/build/legacy-code-todo-rewrite/jestAdapter.js:82:19)
          at runTestInternal (/Users/pabloelisseo/repos/one-beyond/csm/react-form-builder/node_modules/jest-runner/build/runTest.js:389:16)
          at runTest (/Users/pabloelisseo/repos/one-beyond/csm/react-form-builder/node_modules/jest-runner/build/runTest.js:475:34)
          at Object.worker (/Users/pabloelisseo/repos/one-beyond/csm/react-form-builder/node_modules/jest-runner/build/testWorker.js:133:12)

      at VirtualConsole.<anonymous> (node_modules/jsdom/lib/jsdom/virtual-console.js:29:45)
      at reportException (node_modules/jsdom/lib/jsdom/living/helpers/runtime-script-errors.js:70:28)
      at innerInvokeEventListeners (node_modules/jsdom/lib/jsdom/living/events/EventTarget-impl.js:341:9)
      at invokeEventListeners (node_modules/jsdom/lib/jsdom/living/events/EventTarget-impl.js:274:3)
      at HTMLUnknownElementImpl._dispatch (node_modules/jsdom/lib/jsdom/living/events/EventTarget-impl.js:221:9)
      at HTMLUnknownElementImpl.dispatchEvent (node_modules/jsdom/lib/jsdom/living/events/EventTarget-impl.js:94:17)
      at HTMLUnknownElement.dispatchEvent (node_modules/jsdom/lib/jsdom/living/generated/EventTarget.js:231:34)

    console.error
      Error: Uncaught [TypeError: Cannot read properties of undefined (reading 'array')]
          at reportException (/Users/pabloelisseo/repos/one-beyond/csm/react-form-builder/node_modules/jsdom/lib/jsdom/living/helpers/runtime-script-errors.js:66:24)
          at innerInvokeEventListeners (/Users/pabloelisseo/repos/one-beyond/csm/react-form-builder/node_modules/jsdom/lib/jsdom/living/events/EventTarget-impl.js:341:9)
          at invokeEventListeners (/Users/pabloelisseo/repos/one-beyond/csm/react-form-builder/node_modules/jsdom/lib/jsdom/living/events/EventTarget-impl.js:274:3)
          at HTMLUnknownElementImpl._dispatch (/Users/pabloelisseo/repos/one-beyond/csm/react-form-builder/node_modules/jsdom/lib/jsdom/living/events/EventTarget-impl.js:221:9)
          at HTMLUnknownElementImpl.dispatchEvent (/Users/pabloelisseo/repos/one-beyond/csm/react-form-builder/node_modules/jsdom/lib/jsdom/living/events/EventTarget-impl.js:94:17)
          at HTMLUnknownElement.dispatchEvent (/Users/pabloelisseo/repos/one-beyond/csm/react-form-builder/node_modules/jsdom/lib/jsdom/living/generated/EventTarget.js:231:34)
          at Object.invokeGuardedCallbackDev (/Users/pabloelisseo/repos/one-beyond/csm/react-form-builder/node_modules/react-dom/cjs/react-dom.development.js:4213:16)
          at invokeGuardedCallback (/Users/pabloelisseo/repos/one-beyond/csm/react-form-builder/node_modules/react-dom/cjs/react-dom.development.js:4277:31)
          at beginWork$1 (/Users/pabloelisseo/repos/one-beyond/csm/react-form-builder/node_modules/react-dom/cjs/react-dom.development.js:27451:7)
          at performUnitOfWork (/Users/pabloelisseo/repos/one-beyond/csm/react-form-builder/node_modules/react-dom/cjs/react-dom.development.js:26560:12) TypeError: Cannot read properties of undefined (reading 'array')
          at control (/Users/pabloelisseo/repos/one-beyond/csm/react-form-builder/node_modules/react-hook-form/src/useController.ts:63:35)
          at Object.<anonymous>.exports.Controller (/Users/pabloelisseo/repos/one-beyond/csm/react-form-builder/node_modules/react-hook-form/src/form.tsx:38:5)
          at renderWithHooks (/Users/pabloelisseo/repos/one-beyond/csm/react-form-builder/node_modules/react-dom/cjs/react-dom.development.js:16305:18)
          at mountIndeterminateComponent (/Users/pabloelisseo/repos/one-beyond/csm/react-form-builder/node_modules/react-dom/cjs/react-dom.development.js:20074:13)
          at beginWork (/Users/pabloelisseo/repos/one-beyond/csm/react-form-builder/node_modules/react-dom/cjs/react-dom.development.js:21587:16)
          at HTMLUnknownElement.callCallback (/Users/pabloelisseo/repos/one-beyond/csm/react-form-builder/node_modules/react-dom/cjs/react-dom.development.js:4164:14)
          at HTMLUnknownElement.callTheUserObjectsOperation (/Users/pabloelisseo/repos/one-beyond/csm/react-form-builder/node_modules/jsdom/lib/jsdom/living/generated/EventListener.js:26:30)
          at innerInvokeEventListeners (/Users/pabloelisseo/repos/one-beyond/csm/react-form-builder/node_modules/jsdom/lib/jsdom/living/events/EventTarget-impl.js:338:25)
          at invokeEventListeners (/Users/pabloelisseo/repos/one-beyond/csm/react-form-builder/node_modules/jsdom/lib/jsdom/living/events/EventTarget-impl.js:274:3)
          at HTMLUnknownElementImpl._dispatch (/Users/pabloelisseo/repos/one-beyond/csm/react-form-builder/node_modules/jsdom/lib/jsdom/living/events/EventTarget-impl.js:221:9)
          at HTMLUnknownElementImpl.dispatchEvent (/Users/pabloelisseo/repos/one-beyond/csm/react-form-builder/node_modules/jsdom/lib/jsdom/living/events/EventTarget-impl.js:94:17)
          at HTMLUnknownElement.dispatchEvent (/Users/pabloelisseo/repos/one-beyond/csm/react-form-builder/node_modules/jsdom/lib/jsdom/living/generated/EventTarget.js:231:34)
          at Object.invokeGuardedCallbackDev (/Users/pabloelisseo/repos/one-beyond/csm/react-form-builder/node_modules/react-dom/cjs/react-dom.development.js:4213:16)
          at invokeGuardedCallback (/Users/pabloelisseo/repos/one-beyond/csm/react-form-builder/node_modules/react-dom/cjs/react-dom.development.js:4277:31)
          at beginWork$1 (/Users/pabloelisseo/repos/one-beyond/csm/react-form-builder/node_modules/react-dom/cjs/react-dom.development.js:27451:7)
          at performUnitOfWork (/Users/pabloelisseo/repos/one-beyond/csm/react-form-builder/node_modules/react-dom/cjs/react-dom.development.js:26560:12)
          at workLoopSync (/Users/pabloelisseo/repos/one-beyond/csm/react-form-builder/node_modules/react-dom/cjs/react-dom.development.js:26466:5)
          at renderRootSync (/Users/pabloelisseo/repos/one-beyond/csm/react-form-builder/node_modules/react-dom/cjs/react-dom.development.js:26434:7)
          at recoverFromConcurrentError (/Users/pabloelisseo/repos/one-beyond/csm/react-form-builder/node_modules/react-dom/cjs/react-dom.development.js:25850:20)
          at performConcurrentWorkOnRoot (/Users/pabloelisseo/repos/one-beyond/csm/react-form-builder/node_modules/react-dom/cjs/react-dom.development.js:25750:22)
          at flushActQueue (/Users/pabloelisseo/repos/one-beyond/csm/react-form-builder/node_modules/react/cjs/react.development.js:2667:24)
          at act (/Users/pabloelisseo/repos/one-beyond/csm/react-form-builder/node_modules/react/cjs/react.development.js:2582:11)
          at /Users/pabloelisseo/repos/one-beyond/csm/react-form-builder/node_modules/@testing-library/react/dist/act-compat.js:46:25
          at renderRoot (/Users/pabloelisseo/repos/one-beyond/csm/react-form-builder/node_modules/@testing-library/react/dist/pure.js:161:26)
          at render (/Users/pabloelisseo/repos/one-beyond/csm/react-form-builder/node_modules/@testing-library/react/dist/pure.js:247:10)
          at Object.<anonymous> (/Users/pabloelisseo/repos/one-beyond/csm/react-form-builder/src/Questions/Genre/_tests_/gender.test.js:160:31)
          at Promise.then.completed (/Users/pabloelisseo/repos/one-beyond/csm/react-form-builder/node_modules/jest-circus/build/utils.js:391:28)
          at new Promise (<anonymous>)
          at callAsyncCircusFn (/Users/pabloelisseo/repos/one-beyond/csm/react-form-builder/node_modules/jest-circus/build/utils.js:316:10)
          at _callCircusTest (/Users/pabloelisseo/repos/one-beyond/csm/react-form-builder/node_modules/jest-circus/build/run.js:218:40)
          at processTicksAndRejections (node:internal/process/task_queues:95:5)
          at _runTest (/Users/pabloelisseo/repos/one-beyond/csm/react-form-builder/node_modules/jest-circus/build/run.js:155:3)
          at _runTestsForDescribeBlock (/Users/pabloelisseo/repos/one-beyond/csm/react-form-builder/node_modules/jest-circus/build/run.js:66:9)
          at run (/Users/pabloelisseo/repos/one-beyond/csm/react-form-builder/node_modules/jest-circus/build/run.js:25:3)
          at runAndTransformResultsToJestFormat (/Users/pabloelisseo/repos/one-beyond/csm/react-form-builder/node_modules/jest-circus/build/legacy-code-todo-rewrite/jestAdapterInit.js:170:21)
          at jestAdapter (/Users/pabloelisseo/repos/one-beyond/csm/react-form-builder/node_modules/jest-circus/build/legacy-code-todo-rewrite/jestAdapter.js:82:19)
          at runTestInternal (/Users/pabloelisseo/repos/one-beyond/csm/react-form-builder/node_modules/jest-runner/build/runTest.js:389:16)
          at runTest (/Users/pabloelisseo/repos/one-beyond/csm/react-form-builder/node_modules/jest-runner/build/runTest.js:475:34)
          at Object.worker (/Users/pabloelisseo/repos/one-beyond/csm/react-form-builder/node_modules/jest-runner/build/testWorker.js:133:12)

      at VirtualConsole.<anonymous> (node_modules/jsdom/lib/jsdom/virtual-console.js:29:45)
      at reportException (node_modules/jsdom/lib/jsdom/living/helpers/runtime-script-errors.js:70:28)
      at innerInvokeEventListeners (node_modules/jsdom/lib/jsdom/living/events/EventTarget-impl.js:341:9)
      at invokeEventListeners (node_modules/jsdom/lib/jsdom/living/events/EventTarget-impl.js:274:3)
      at HTMLUnknownElementImpl._dispatch (node_modules/jsdom/lib/jsdom/living/events/EventTarget-impl.js:221:9)
      at HTMLUnknownElementImpl.dispatchEvent (node_modules/jsdom/lib/jsdom/living/events/EventTarget-impl.js:94:17)
      at HTMLUnknownElement.dispatchEvent (node_modules/jsdom/lib/jsdom/living/generated/EventTarget.js:231:34)

    console.error
      The above error occurred in one of your React components:
      
          at Object.<anonymous>.exports.Controller (/Users/pabloelisseo/repos/one-beyond/csm/react-form-builder/node_modules/react-hook-form/src/form.tsx:37:9)
          at Select (/Users/pabloelisseo/repos/one-beyond/csm/react-form-builder/src/Fields/Select/index.js:10:3)
          at div
          at /Users/pabloelisseo/repos/one-beyond/csm/react-form-builder/node_modules/@emotion/react/dist/emotion-element-48d2c2e4.cjs.dev.js:62:23
          at QuestionGender (/Users/pabloelisseo/repos/one-beyond/csm/react-form-builder/src/Questions/Genre/index.js:20:27)
      
      Consider adding an error boundary to your tree to customize error handling behavior.
      Visit https://reactjs.org/link/error-boundaries to learn more about error boundaries.

      at logCapturedError (node_modules/react-dom/cjs/react-dom.development.js:18687:23)
      at update.callback (node_modules/react-dom/cjs/react-dom.development.js:18720:5)
      at callCallback (node_modules/react-dom/cjs/react-dom.development.js:13923:12)
      at commitUpdateQueue (node_modules/react-dom/cjs/react-dom.development.js:13944:9)
      at commitLayoutEffectOnFiber (node_modules/react-dom/cjs/react-dom.development.js:23391:13)
      at commitLayoutMountEffects_complete (node_modules/react-dom/cjs/react-dom.development.js:24688:9)
      at commitLayoutEffects_begin (node_modules/react-dom/cjs/react-dom.development.js:24674:7)
      at commitLayoutEffects (node_modules/react-dom/cjs/react-dom.development.js:24612:3)

    console.error
      Error: Uncaught [TypeError: Cannot read properties of undefined (reading 'array')]
          at reportException (/Users/pabloelisseo/repos/one-beyond/csm/react-form-builder/node_modules/jsdom/lib/jsdom/living/helpers/runtime-script-errors.js:66:24)
          at innerInvokeEventListeners (/Users/pabloelisseo/repos/one-beyond/csm/react-form-builder/node_modules/jsdom/lib/jsdom/living/events/EventTarget-impl.js:341:9)
          at invokeEventListeners (/Users/pabloelisseo/repos/one-beyond/csm/react-form-builder/node_modules/jsdom/lib/jsdom/living/events/EventTarget-impl.js:274:3)
          at HTMLUnknownElementImpl._dispatch (/Users/pabloelisseo/repos/one-beyond/csm/react-form-builder/node_modules/jsdom/lib/jsdom/living/events/EventTarget-impl.js:221:9)
          at HTMLUnknownElementImpl.dispatchEvent (/Users/pabloelisseo/repos/one-beyond/csm/react-form-builder/node_modules/jsdom/lib/jsdom/living/events/EventTarget-impl.js:94:17)
          at HTMLUnknownElement.dispatchEvent (/Users/pabloelisseo/repos/one-beyond/csm/react-form-builder/node_modules/jsdom/lib/jsdom/living/generated/EventTarget.js:231:34)
          at Object.invokeGuardedCallbackDev (/Users/pabloelisseo/repos/one-beyond/csm/react-form-builder/node_modules/react-dom/cjs/react-dom.development.js:4213:16)
          at invokeGuardedCallback (/Users/pabloelisseo/repos/one-beyond/csm/react-form-builder/node_modules/react-dom/cjs/react-dom.development.js:4277:31)
          at beginWork$1 (/Users/pabloelisseo/repos/one-beyond/csm/react-form-builder/node_modules/react-dom/cjs/react-dom.development.js:27451:7)
          at performUnitOfWork (/Users/pabloelisseo/repos/one-beyond/csm/react-form-builder/node_modules/react-dom/cjs/react-dom.development.js:26560:12) TypeError: Cannot read properties of undefined (reading 'array')
          at control (/Users/pabloelisseo/repos/one-beyond/csm/react-form-builder/node_modules/react-hook-form/src/useController.ts:63:35)
          at Object.<anonymous>.exports.Controller (/Users/pabloelisseo/repos/one-beyond/csm/react-form-builder/node_modules/react-hook-form/src/form.tsx:38:5)
          at renderWithHooks (/Users/pabloelisseo/repos/one-beyond/csm/react-form-builder/node_modules/react-dom/cjs/react-dom.development.js:16305:18)
          at mountIndeterminateComponent (/Users/pabloelisseo/repos/one-beyond/csm/react-form-builder/node_modules/react-dom/cjs/react-dom.development.js:20074:13)
          at beginWork (/Users/pabloelisseo/repos/one-beyond/csm/react-form-builder/node_modules/react-dom/cjs/react-dom.development.js:21587:16)
          at HTMLUnknownElement.callCallback (/Users/pabloelisseo/repos/one-beyond/csm/react-form-builder/node_modules/react-dom/cjs/react-dom.development.js:4164:14)
          at HTMLUnknownElement.callTheUserObjectsOperation (/Users/pabloelisseo/repos/one-beyond/csm/react-form-builder/node_modules/jsdom/lib/jsdom/living/generated/EventListener.js:26:30)
          at innerInvokeEventListeners (/Users/pabloelisseo/repos/one-beyond/csm/react-form-builder/node_modules/jsdom/lib/jsdom/living/events/EventTarget-impl.js:338:25)
          at invokeEventListeners (/Users/pabloelisseo/repos/one-beyond/csm/react-form-builder/node_modules/jsdom/lib/jsdom/living/events/EventTarget-impl.js:274:3)
          at HTMLUnknownElementImpl._dispatch (/Users/pabloelisseo/repos/one-beyond/csm/react-form-builder/node_modules/jsdom/lib/jsdom/living/events/EventTarget-impl.js:221:9)
          at HTMLUnknownElementImpl.dispatchEvent (/Users/pabloelisseo/repos/one-beyond/csm/react-form-builder/node_modules/jsdom/lib/jsdom/living/events/EventTarget-impl.js:94:17)
          at HTMLUnknownElement.dispatchEvent (/Users/pabloelisseo/repos/one-beyond/csm/react-form-builder/node_modules/jsdom/lib/jsdom/living/generated/EventTarget.js:231:34)
          at Object.invokeGuardedCallbackDev (/Users/pabloelisseo/repos/one-beyond/csm/react-form-builder/node_modules/react-dom/cjs/react-dom.development.js:4213:16)
          at invokeGuardedCallback (/Users/pabloelisseo/repos/one-beyond/csm/react-form-builder/node_modules/react-dom/cjs/react-dom.development.js:4277:31)
          at beginWork$1 (/Users/pabloelisseo/repos/one-beyond/csm/react-form-builder/node_modules/react-dom/cjs/react-dom.development.js:27451:7)
          at performUnitOfWork (/Users/pabloelisseo/repos/one-beyond/csm/react-form-builder/node_modules/react-dom/cjs/react-dom.development.js:26560:12)
          at workLoopSync (/Users/pabloelisseo/repos/one-beyond/csm/react-form-builder/node_modules/react-dom/cjs/react-dom.development.js:26466:5)
          at renderRootSync (/Users/pabloelisseo/repos/one-beyond/csm/react-form-builder/node_modules/react-dom/cjs/react-dom.development.js:26434:7)
          at performConcurrentWorkOnRoot (/Users/pabloelisseo/repos/one-beyond/csm/react-form-builder/node_modules/react-dom/cjs/react-dom.development.js:25738:74)
          at flushActQueue (/Users/pabloelisseo/repos/one-beyond/csm/react-form-builder/node_modules/react/cjs/react.development.js:2667:24)
          at act (/Users/pabloelisseo/repos/one-beyond/csm/react-form-builder/node_modules/react/cjs/react.development.js:2582:11)
          at /Users/pabloelisseo/repos/one-beyond/csm/react-form-builder/node_modules/@testing-library/react/dist/act-compat.js:46:25
          at renderRoot (/Users/pabloelisseo/repos/one-beyond/csm/react-form-builder/node_modules/@testing-library/react/dist/pure.js:161:26)
          at render (/Users/pabloelisseo/repos/one-beyond/csm/react-form-builder/node_modules/@testing-library/react/dist/pure.js:247:10)
          at Object.<anonymous> (/Users/pabloelisseo/repos/one-beyond/csm/react-form-builder/src/Questions/Genre/_tests_/gender.test.js:185:31)
          at Promise.then.completed (/Users/pabloelisseo/repos/one-beyond/csm/react-form-builder/node_modules/jest-circus/build/utils.js:391:28)
          at new Promise (<anonymous>)
          at callAsyncCircusFn (/Users/pabloelisseo/repos/one-beyond/csm/react-form-builder/node_modules/jest-circus/build/utils.js:316:10)
          at _callCircusTest (/Users/pabloelisseo/repos/one-beyond/csm/react-form-builder/node_modules/jest-circus/build/run.js:218:40)
          at processTicksAndRejections (node:internal/process/task_queues:95:5)
          at _runTest (/Users/pabloelisseo/repos/one-beyond/csm/react-form-builder/node_modules/jest-circus/build/run.js:155:3)
          at _runTestsForDescribeBlock (/Users/pabloelisseo/repos/one-beyond/csm/react-form-builder/node_modules/jest-circus/build/run.js:66:9)
          at run (/Users/pabloelisseo/repos/one-beyond/csm/react-form-builder/node_modules/jest-circus/build/run.js:25:3)
          at runAndTransformResultsToJestFormat (/Users/pabloelisseo/repos/one-beyond/csm/react-form-builder/node_modules/jest-circus/build/legacy-code-todo-rewrite/jestAdapterInit.js:170:21)
          at jestAdapter (/Users/pabloelisseo/repos/one-beyond/csm/react-form-builder/node_modules/jest-circus/build/legacy-code-todo-rewrite/jestAdapter.js:82:19)
          at runTestInternal (/Users/pabloelisseo/repos/one-beyond/csm/react-form-builder/node_modules/jest-runner/build/runTest.js:389:16)
          at runTest (/Users/pabloelisseo/repos/one-beyond/csm/react-form-builder/node_modules/jest-runner/build/runTest.js:475:34)
          at Object.worker (/Users/pabloelisseo/repos/one-beyond/csm/react-form-builder/node_modules/jest-runner/build/testWorker.js:133:12)

      at VirtualConsole.<anonymous> (node_modules/jsdom/lib/jsdom/virtual-console.js:29:45)
      at reportException (node_modules/jsdom/lib/jsdom/living/helpers/runtime-script-errors.js:70:28)
      at innerInvokeEventListeners (node_modules/jsdom/lib/jsdom/living/events/EventTarget-impl.js:341:9)
      at invokeEventListeners (node_modules/jsdom/lib/jsdom/living/events/EventTarget-impl.js:274:3)
      at HTMLUnknownElementImpl._dispatch (node_modules/jsdom/lib/jsdom/living/events/EventTarget-impl.js:221:9)
      at HTMLUnknownElementImpl.dispatchEvent (node_modules/jsdom/lib/jsdom/living/events/EventTarget-impl.js:94:17)
      at HTMLUnknownElement.dispatchEvent (node_modules/jsdom/lib/jsdom/living/generated/EventTarget.js:231:34)

    console.error
      Error: Uncaught [TypeError: Cannot read properties of undefined (reading 'array')]
          at reportException (/Users/pabloelisseo/repos/one-beyond/csm/react-form-builder/node_modules/jsdom/lib/jsdom/living/helpers/runtime-script-errors.js:66:24)
          at innerInvokeEventListeners (/Users/pabloelisseo/repos/one-beyond/csm/react-form-builder/node_modules/jsdom/lib/jsdom/living/events/EventTarget-impl.js:341:9)
          at invokeEventListeners (/Users/pabloelisseo/repos/one-beyond/csm/react-form-builder/node_modules/jsdom/lib/jsdom/living/events/EventTarget-impl.js:274:3)
          at HTMLUnknownElementImpl._dispatch (/Users/pabloelisseo/repos/one-beyond/csm/react-form-builder/node_modules/jsdom/lib/jsdom/living/events/EventTarget-impl.js:221:9)
          at HTMLUnknownElementImpl.dispatchEvent (/Users/pabloelisseo/repos/one-beyond/csm/react-form-builder/node_modules/jsdom/lib/jsdom/living/events/EventTarget-impl.js:94:17)
          at HTMLUnknownElement.dispatchEvent (/Users/pabloelisseo/repos/one-beyond/csm/react-form-builder/node_modules/jsdom/lib/jsdom/living/generated/EventTarget.js:231:34)
          at Object.invokeGuardedCallbackDev (/Users/pabloelisseo/repos/one-beyond/csm/react-form-builder/node_modules/react-dom/cjs/react-dom.development.js:4213:16)
          at invokeGuardedCallback (/Users/pabloelisseo/repos/one-beyond/csm/react-form-builder/node_modules/react-dom/cjs/react-dom.development.js:4277:31)
          at beginWork$1 (/Users/pabloelisseo/repos/one-beyond/csm/react-form-builder/node_modules/react-dom/cjs/react-dom.development.js:27451:7)
          at performUnitOfWork (/Users/pabloelisseo/repos/one-beyond/csm/react-form-builder/node_modules/react-dom/cjs/react-dom.development.js:26560:12) TypeError: Cannot read properties of undefined (reading 'array')
          at control (/Users/pabloelisseo/repos/one-beyond/csm/react-form-builder/node_modules/react-hook-form/src/useController.ts:63:35)
          at Object.<anonymous>.exports.Controller (/Users/pabloelisseo/repos/one-beyond/csm/react-form-builder/node_modules/react-hook-form/src/form.tsx:38:5)
          at renderWithHooks (/Users/pabloelisseo/repos/one-beyond/csm/react-form-builder/node_modules/react-dom/cjs/react-dom.development.js:16305:18)
          at mountIndeterminateComponent (/Users/pabloelisseo/repos/one-beyond/csm/react-form-builder/node_modules/react-dom/cjs/react-dom.development.js:20074:13)
          at beginWork (/Users/pabloelisseo/repos/one-beyond/csm/react-form-builder/node_modules/react-dom/cjs/react-dom.development.js:21587:16)
          at HTMLUnknownElement.callCallback (/Users/pabloelisseo/repos/one-beyond/csm/react-form-builder/node_modules/react-dom/cjs/react-dom.development.js:4164:14)
          at HTMLUnknownElement.callTheUserObjectsOperation (/Users/pabloelisseo/repos/one-beyond/csm/react-form-builder/node_modules/jsdom/lib/jsdom/living/generated/EventListener.js:26:30)
          at innerInvokeEventListeners (/Users/pabloelisseo/repos/one-beyond/csm/react-form-builder/node_modules/jsdom/lib/jsdom/living/events/EventTarget-impl.js:338:25)
          at invokeEventListeners (/Users/pabloelisseo/repos/one-beyond/csm/react-form-builder/node_modules/jsdom/lib/jsdom/living/events/EventTarget-impl.js:274:3)
          at HTMLUnknownElementImpl._dispatch (/Users/pabloelisseo/repos/one-beyond/csm/react-form-builder/node_modules/jsdom/lib/jsdom/living/events/EventTarget-impl.js:221:9)
          at HTMLUnknownElementImpl.dispatchEvent (/Users/pabloelisseo/repos/one-beyond/csm/react-form-builder/node_modules/jsdom/lib/jsdom/living/events/EventTarget-impl.js:94:17)
          at HTMLUnknownElement.dispatchEvent (/Users/pabloelisseo/repos/one-beyond/csm/react-form-builder/node_modules/jsdom/lib/jsdom/living/generated/EventTarget.js:231:34)
          at Object.invokeGuardedCallbackDev (/Users/pabloelisseo/repos/one-beyond/csm/react-form-builder/node_modules/react-dom/cjs/react-dom.development.js:4213:16)
          at invokeGuardedCallback (/Users/pabloelisseo/repos/one-beyond/csm/react-form-builder/node_modules/react-dom/cjs/react-dom.development.js:4277:31)
          at beginWork$1 (/Users/pabloelisseo/repos/one-beyond/csm/react-form-builder/node_modules/react-dom/cjs/react-dom.development.js:27451:7)
          at performUnitOfWork (/Users/pabloelisseo/repos/one-beyond/csm/react-form-builder/node_modules/react-dom/cjs/react-dom.development.js:26560:12)
          at workLoopSync (/Users/pabloelisseo/repos/one-beyond/csm/react-form-builder/node_modules/react-dom/cjs/react-dom.development.js:26466:5)
          at renderRootSync (/Users/pabloelisseo/repos/one-beyond/csm/react-form-builder/node_modules/react-dom/cjs/react-dom.development.js:26434:7)
          at recoverFromConcurrentError (/Users/pabloelisseo/repos/one-beyond/csm/react-form-builder/node_modules/react-dom/cjs/react-dom.development.js:25850:20)
          at performConcurrentWorkOnRoot (/Users/pabloelisseo/repos/one-beyond/csm/react-form-builder/node_modules/react-dom/cjs/react-dom.development.js:25750:22)
          at flushActQueue (/Users/pabloelisseo/repos/one-beyond/csm/react-form-builder/node_modules/react/cjs/react.development.js:2667:24)
          at act (/Users/pabloelisseo/repos/one-beyond/csm/react-form-builder/node_modules/react/cjs/react.development.js:2582:11)
          at /Users/pabloelisseo/repos/one-beyond/csm/react-form-builder/node_modules/@testing-library/react/dist/act-compat.js:46:25
          at renderRoot (/Users/pabloelisseo/repos/one-beyond/csm/react-form-builder/node_modules/@testing-library/react/dist/pure.js:161:26)
          at render (/Users/pabloelisseo/repos/one-beyond/csm/react-form-builder/node_modules/@testing-library/react/dist/pure.js:247:10)
          at Object.<anonymous> (/Users/pabloelisseo/repos/one-beyond/csm/react-form-builder/src/Questions/Genre/_tests_/gender.test.js:185:31)
          at Promise.then.completed (/Users/pabloelisseo/repos/one-beyond/csm/react-form-builder/node_modules/jest-circus/build/utils.js:391:28)
          at new Promise (<anonymous>)
          at callAsyncCircusFn (/Users/pabloelisseo/repos/one-beyond/csm/react-form-builder/node_modules/jest-circus/build/utils.js:316:10)
          at _callCircusTest (/Users/pabloelisseo/repos/one-beyond/csm/react-form-builder/node_modules/jest-circus/build/run.js:218:40)
          at processTicksAndRejections (node:internal/process/task_queues:95:5)
          at _runTest (/Users/pabloelisseo/repos/one-beyond/csm/react-form-builder/node_modules/jest-circus/build/run.js:155:3)
          at _runTestsForDescribeBlock (/Users/pabloelisseo/repos/one-beyond/csm/react-form-builder/node_modules/jest-circus/build/run.js:66:9)
          at run (/Users/pabloelisseo/repos/one-beyond/csm/react-form-builder/node_modules/jest-circus/build/run.js:25:3)
          at runAndTransformResultsToJestFormat (/Users/pabloelisseo/repos/one-beyond/csm/react-form-builder/node_modules/jest-circus/build/legacy-code-todo-rewrite/jestAdapterInit.js:170:21)
          at jestAdapter (/Users/pabloelisseo/repos/one-beyond/csm/react-form-builder/node_modules/jest-circus/build/legacy-code-todo-rewrite/jestAdapter.js:82:19)
          at runTestInternal (/Users/pabloelisseo/repos/one-beyond/csm/react-form-builder/node_modules/jest-runner/build/runTest.js:389:16)
          at runTest (/Users/pabloelisseo/repos/one-beyond/csm/react-form-builder/node_modules/jest-runner/build/runTest.js:475:34)
          at Object.worker (/Users/pabloelisseo/repos/one-beyond/csm/react-form-builder/node_modules/jest-runner/build/testWorker.js:133:12)

      at VirtualConsole.<anonymous> (node_modules/jsdom/lib/jsdom/virtual-console.js:29:45)
      at reportException (node_modules/jsdom/lib/jsdom/living/helpers/runtime-script-errors.js:70:28)
      at innerInvokeEventListeners (node_modules/jsdom/lib/jsdom/living/events/EventTarget-impl.js:341:9)
      at invokeEventListeners (node_modules/jsdom/lib/jsdom/living/events/EventTarget-impl.js:274:3)
      at HTMLUnknownElementImpl._dispatch (node_modules/jsdom/lib/jsdom/living/events/EventTarget-impl.js:221:9)
      at HTMLUnknownElementImpl.dispatchEvent (node_modules/jsdom/lib/jsdom/living/events/EventTarget-impl.js:94:17)
      at HTMLUnknownElement.dispatchEvent (node_modules/jsdom/lib/jsdom/living/generated/EventTarget.js:231:34)

    console.error
      The above error occurred in one of your React components:
      
          at Object.<anonymous>.exports.Controller (/Users/pabloelisseo/repos/one-beyond/csm/react-form-builder/node_modules/react-hook-form/src/form.tsx:37:9)
          at Select (/Users/pabloelisseo/repos/one-beyond/csm/react-form-builder/src/Fields/Select/index.js:10:3)
          at div
          at /Users/pabloelisseo/repos/one-beyond/csm/react-form-builder/node_modules/@emotion/react/dist/emotion-element-48d2c2e4.cjs.dev.js:62:23
          at QuestionGender (/Users/pabloelisseo/repos/one-beyond/csm/react-form-builder/src/Questions/Genre/index.js:20:27)
      
      Consider adding an error boundary to your tree to customize error handling behavior.
      Visit https://reactjs.org/link/error-boundaries to learn more about error boundaries.

      at logCapturedError (node_modules/react-dom/cjs/react-dom.development.js:18687:23)
      at update.callback (node_modules/react-dom/cjs/react-dom.development.js:18720:5)
      at callCallback (node_modules/react-dom/cjs/react-dom.development.js:13923:12)
      at commitUpdateQueue (node_modules/react-dom/cjs/react-dom.development.js:13944:9)
      at commitLayoutEffectOnFiber (node_modules/react-dom/cjs/react-dom.development.js:23391:13)
      at commitLayoutMountEffects_complete (node_modules/react-dom/cjs/react-dom.development.js:24688:9)
      at commitLayoutEffects_begin (node_modules/react-dom/cjs/react-dom.development.js:24674:7)
      at commitLayoutEffects (node_modules/react-dom/cjs/react-dom.development.js:24612:3)

    console.error
      Error: Uncaught [TypeError: Cannot read properties of undefined (reading 'array')]
          at reportException (/Users/pabloelisseo/repos/one-beyond/csm/react-form-builder/node_modules/jsdom/lib/jsdom/living/helpers/runtime-script-errors.js:66:24)
          at innerInvokeEventListeners (/Users/pabloelisseo/repos/one-beyond/csm/react-form-builder/node_modules/jsdom/lib/jsdom/living/events/EventTarget-impl.js:341:9)
          at invokeEventListeners (/Users/pabloelisseo/repos/one-beyond/csm/react-form-builder/node_modules/jsdom/lib/jsdom/living/events/EventTarget-impl.js:274:3)
          at HTMLUnknownElementImpl._dispatch (/Users/pabloelisseo/repos/one-beyond/csm/react-form-builder/node_modules/jsdom/lib/jsdom/living/events/EventTarget-impl.js:221:9)
          at HTMLUnknownElementImpl.dispatchEvent (/Users/pabloelisseo/repos/one-beyond/csm/react-form-builder/node_modules/jsdom/lib/jsdom/living/events/EventTarget-impl.js:94:17)
          at HTMLUnknownElement.dispatchEvent (/Users/pabloelisseo/repos/one-beyond/csm/react-form-builder/node_modules/jsdom/lib/jsdom/living/generated/EventTarget.js:231:34)
          at Object.invokeGuardedCallbackDev (/Users/pabloelisseo/repos/one-beyond/csm/react-form-builder/node_modules/react-dom/cjs/react-dom.development.js:4213:16)
          at invokeGuardedCallback (/Users/pabloelisseo/repos/one-beyond/csm/react-form-builder/node_modules/react-dom/cjs/react-dom.development.js:4277:31)
          at beginWork$1 (/Users/pabloelisseo/repos/one-beyond/csm/react-form-builder/node_modules/react-dom/cjs/react-dom.development.js:27451:7)
          at performUnitOfWork (/Users/pabloelisseo/repos/one-beyond/csm/react-form-builder/node_modules/react-dom/cjs/react-dom.development.js:26560:12) TypeError: Cannot read properties of undefined (reading 'array')
          at control (/Users/pabloelisseo/repos/one-beyond/csm/react-form-builder/node_modules/react-hook-form/src/useController.ts:63:35)
          at Object.<anonymous>.exports.Controller (/Users/pabloelisseo/repos/one-beyond/csm/react-form-builder/node_modules/react-hook-form/src/form.tsx:38:5)
          at renderWithHooks (/Users/pabloelisseo/repos/one-beyond/csm/react-form-builder/node_modules/react-dom/cjs/react-dom.development.js:16305:18)
          at mountIndeterminateComponent (/Users/pabloelisseo/repos/one-beyond/csm/react-form-builder/node_modules/react-dom/cjs/react-dom.development.js:20074:13)
          at beginWork (/Users/pabloelisseo/repos/one-beyond/csm/react-form-builder/node_modules/react-dom/cjs/react-dom.development.js:21587:16)
          at HTMLUnknownElement.callCallback (/Users/pabloelisseo/repos/one-beyond/csm/react-form-builder/node_modules/react-dom/cjs/react-dom.development.js:4164:14)
          at HTMLUnknownElement.callTheUserObjectsOperation (/Users/pabloelisseo/repos/one-beyond/csm/react-form-builder/node_modules/jsdom/lib/jsdom/living/generated/EventListener.js:26:30)
          at innerInvokeEventListeners (/Users/pabloelisseo/repos/one-beyond/csm/react-form-builder/node_modules/jsdom/lib/jsdom/living/events/EventTarget-impl.js:338:25)
          at invokeEventListeners (/Users/pabloelisseo/repos/one-beyond/csm/react-form-builder/node_modules/jsdom/lib/jsdom/living/events/EventTarget-impl.js:274:3)
          at HTMLUnknownElementImpl._dispatch (/Users/pabloelisseo/repos/one-beyond/csm/react-form-builder/node_modules/jsdom/lib/jsdom/living/events/EventTarget-impl.js:221:9)
          at HTMLUnknownElementImpl.dispatchEvent (/Users/pabloelisseo/repos/one-beyond/csm/react-form-builder/node_modules/jsdom/lib/jsdom/living/events/EventTarget-impl.js:94:17)
          at HTMLUnknownElement.dispatchEvent (/Users/pabloelisseo/repos/one-beyond/csm/react-form-builder/node_modules/jsdom/lib/jsdom/living/generated/EventTarget.js:231:34)
          at Object.invokeGuardedCallbackDev (/Users/pabloelisseo/repos/one-beyond/csm/react-form-builder/node_modules/react-dom/cjs/react-dom.development.js:4213:16)
          at invokeGuardedCallback (/Users/pabloelisseo/repos/one-beyond/csm/react-form-builder/node_modules/react-dom/cjs/react-dom.development.js:4277:31)
          at beginWork$1 (/Users/pabloelisseo/repos/one-beyond/csm/react-form-builder/node_modules/react-dom/cjs/react-dom.development.js:27451:7)
          at performUnitOfWork (/Users/pabloelisseo/repos/one-beyond/csm/react-form-builder/node_modules/react-dom/cjs/react-dom.development.js:26560:12)
          at workLoopSync (/Users/pabloelisseo/repos/one-beyond/csm/react-form-builder/node_modules/react-dom/cjs/react-dom.development.js:26466:5)
          at renderRootSync (/Users/pabloelisseo/repos/one-beyond/csm/react-form-builder/node_modules/react-dom/cjs/react-dom.development.js:26434:7)
          at performConcurrentWorkOnRoot (/Users/pabloelisseo/repos/one-beyond/csm/react-form-builder/node_modules/react-dom/cjs/react-dom.development.js:25738:74)
          at flushActQueue (/Users/pabloelisseo/repos/one-beyond/csm/react-form-builder/node_modules/react/cjs/react.development.js:2667:24)
          at act (/Users/pabloelisseo/repos/one-beyond/csm/react-form-builder/node_modules/react/cjs/react.development.js:2582:11)
          at /Users/pabloelisseo/repos/one-beyond/csm/react-form-builder/node_modules/@testing-library/react/dist/act-compat.js:46:25
          at renderRoot (/Users/pabloelisseo/repos/one-beyond/csm/react-form-builder/node_modules/@testing-library/react/dist/pure.js:161:26)
          at render (/Users/pabloelisseo/repos/one-beyond/csm/react-form-builder/node_modules/@testing-library/react/dist/pure.js:247:10)
          at Object.<anonymous> (/Users/pabloelisseo/repos/one-beyond/csm/react-form-builder/src/Questions/Genre/_tests_/gender.test.js:201:31)
          at Promise.then.completed (/Users/pabloelisseo/repos/one-beyond/csm/react-form-builder/node_modules/jest-circus/build/utils.js:391:28)
          at new Promise (<anonymous>)
          at callAsyncCircusFn (/Users/pabloelisseo/repos/one-beyond/csm/react-form-builder/node_modules/jest-circus/build/utils.js:316:10)
          at _callCircusTest (/Users/pabloelisseo/repos/one-beyond/csm/react-form-builder/node_modules/jest-circus/build/run.js:218:40)
          at processTicksAndRejections (node:internal/process/task_queues:95:5)
          at _runTest (/Users/pabloelisseo/repos/one-beyond/csm/react-form-builder/node_modules/jest-circus/build/run.js:155:3)
          at _runTestsForDescribeBlock (/Users/pabloelisseo/repos/one-beyond/csm/react-form-builder/node_modules/jest-circus/build/run.js:66:9)
          at run (/Users/pabloelisseo/repos/one-beyond/csm/react-form-builder/node_modules/jest-circus/build/run.js:25:3)
          at runAndTransformResultsToJestFormat (/Users/pabloelisseo/repos/one-beyond/csm/react-form-builder/node_modules/jest-circus/build/legacy-code-todo-rewrite/jestAdapterInit.js:170:21)
          at jestAdapter (/Users/pabloelisseo/repos/one-beyond/csm/react-form-builder/node_modules/jest-circus/build/legacy-code-todo-rewrite/jestAdapter.js:82:19)
          at runTestInternal (/Users/pabloelisseo/repos/one-beyond/csm/react-form-builder/node_modules/jest-runner/build/runTest.js:389:16)
          at runTest (/Users/pabloelisseo/repos/one-beyond/csm/react-form-builder/node_modules/jest-runner/build/runTest.js:475:34)
          at Object.worker (/Users/pabloelisseo/repos/one-beyond/csm/react-form-builder/node_modules/jest-runner/build/testWorker.js:133:12)

      at VirtualConsole.<anonymous> (node_modules/jsdom/lib/jsdom/virtual-console.js:29:45)
      at reportException (node_modules/jsdom/lib/jsdom/living/helpers/runtime-script-errors.js:70:28)
      at innerInvokeEventListeners (node_modules/jsdom/lib/jsdom/living/events/EventTarget-impl.js:341:9)
      at invokeEventListeners (node_modules/jsdom/lib/jsdom/living/events/EventTarget-impl.js:274:3)
      at HTMLUnknownElementImpl._dispatch (node_modules/jsdom/lib/jsdom/living/events/EventTarget-impl.js:221:9)
      at HTMLUnknownElementImpl.dispatchEvent (node_modules/jsdom/lib/jsdom/living/events/EventTarget-impl.js:94:17)
      at HTMLUnknownElement.dispatchEvent (node_modules/jsdom/lib/jsdom/living/generated/EventTarget.js:231:34)

    console.error
      Error: Uncaught [TypeError: Cannot read properties of undefined (reading 'array')]
          at reportException (/Users/pabloelisseo/repos/one-beyond/csm/react-form-builder/node_modules/jsdom/lib/jsdom/living/helpers/runtime-script-errors.js:66:24)
          at innerInvokeEventListeners (/Users/pabloelisseo/repos/one-beyond/csm/react-form-builder/node_modules/jsdom/lib/jsdom/living/events/EventTarget-impl.js:341:9)
          at invokeEventListeners (/Users/pabloelisseo/repos/one-beyond/csm/react-form-builder/node_modules/jsdom/lib/jsdom/living/events/EventTarget-impl.js:274:3)
          at HTMLUnknownElementImpl._dispatch (/Users/pabloelisseo/repos/one-beyond/csm/react-form-builder/node_modules/jsdom/lib/jsdom/living/events/EventTarget-impl.js:221:9)
          at HTMLUnknownElementImpl.dispatchEvent (/Users/pabloelisseo/repos/one-beyond/csm/react-form-builder/node_modules/jsdom/lib/jsdom/living/events/EventTarget-impl.js:94:17)
          at HTMLUnknownElement.dispatchEvent (/Users/pabloelisseo/repos/one-beyond/csm/react-form-builder/node_modules/jsdom/lib/jsdom/living/generated/EventTarget.js:231:34)
          at Object.invokeGuardedCallbackDev (/Users/pabloelisseo/repos/one-beyond/csm/react-form-builder/node_modules/react-dom/cjs/react-dom.development.js:4213:16)
          at invokeGuardedCallback (/Users/pabloelisseo/repos/one-beyond/csm/react-form-builder/node_modules/react-dom/cjs/react-dom.development.js:4277:31)
          at beginWork$1 (/Users/pabloelisseo/repos/one-beyond/csm/react-form-builder/node_modules/react-dom/cjs/react-dom.development.js:27451:7)
          at performUnitOfWork (/Users/pabloelisseo/repos/one-beyond/csm/react-form-builder/node_modules/react-dom/cjs/react-dom.development.js:26560:12) TypeError: Cannot read properties of undefined (reading 'array')
          at control (/Users/pabloelisseo/repos/one-beyond/csm/react-form-builder/node_modules/react-hook-form/src/useController.ts:63:35)
          at Object.<anonymous>.exports.Controller (/Users/pabloelisseo/repos/one-beyond/csm/react-form-builder/node_modules/react-hook-form/src/form.tsx:38:5)
          at renderWithHooks (/Users/pabloelisseo/repos/one-beyond/csm/react-form-builder/node_modules/react-dom/cjs/react-dom.development.js:16305:18)
          at mountIndeterminateComponent (/Users/pabloelisseo/repos/one-beyond/csm/react-form-builder/node_modules/react-dom/cjs/react-dom.development.js:20074:13)
          at beginWork (/Users/pabloelisseo/repos/one-beyond/csm/react-form-builder/node_modules/react-dom/cjs/react-dom.development.js:21587:16)
          at HTMLUnknownElement.callCallback (/Users/pabloelisseo/repos/one-beyond/csm/react-form-builder/node_modules/react-dom/cjs/react-dom.development.js:4164:14)
          at HTMLUnknownElement.callTheUserObjectsOperation (/Users/pabloelisseo/repos/one-beyond/csm/react-form-builder/node_modules/jsdom/lib/jsdom/living/generated/EventListener.js:26:30)
          at innerInvokeEventListeners (/Users/pabloelisseo/repos/one-beyond/csm/react-form-builder/node_modules/jsdom/lib/jsdom/living/events/EventTarget-impl.js:338:25)
          at invokeEventListeners (/Users/pabloelisseo/repos/one-beyond/csm/react-form-builder/node_modules/jsdom/lib/jsdom/living/events/EventTarget-impl.js:274:3)
          at HTMLUnknownElementImpl._dispatch (/Users/pabloelisseo/repos/one-beyond/csm/react-form-builder/node_modules/jsdom/lib/jsdom/living/events/EventTarget-impl.js:221:9)
          at HTMLUnknownElementImpl.dispatchEvent (/Users/pabloelisseo/repos/one-beyond/csm/react-form-builder/node_modules/jsdom/lib/jsdom/living/events/EventTarget-impl.js:94:17)
          at HTMLUnknownElement.dispatchEvent (/Users/pabloelisseo/repos/one-beyond/csm/react-form-builder/node_modules/jsdom/lib/jsdom/living/generated/EventTarget.js:231:34)
          at Object.invokeGuardedCallbackDev (/Users/pabloelisseo/repos/one-beyond/csm/react-form-builder/node_modules/react-dom/cjs/react-dom.development.js:4213:16)
          at invokeGuardedCallback (/Users/pabloelisseo/repos/one-beyond/csm/react-form-builder/node_modules/react-dom/cjs/react-dom.development.js:4277:31)
          at beginWork$1 (/Users/pabloelisseo/repos/one-beyond/csm/react-form-builder/node_modules/react-dom/cjs/react-dom.development.js:27451:7)
          at performUnitOfWork (/Users/pabloelisseo/repos/one-beyond/csm/react-form-builder/node_modules/react-dom/cjs/react-dom.development.js:26560:12)
          at workLoopSync (/Users/pabloelisseo/repos/one-beyond/csm/react-form-builder/node_modules/react-dom/cjs/react-dom.development.js:26466:5)
          at renderRootSync (/Users/pabloelisseo/repos/one-beyond/csm/react-form-builder/node_modules/react-dom/cjs/react-dom.development.js:26434:7)
          at recoverFromConcurrentError (/Users/pabloelisseo/repos/one-beyond/csm/react-form-builder/node_modules/react-dom/cjs/react-dom.development.js:25850:20)
          at performConcurrentWorkOnRoot (/Users/pabloelisseo/repos/one-beyond/csm/react-form-builder/node_modules/react-dom/cjs/react-dom.development.js:25750:22)
          at flushActQueue (/Users/pabloelisseo/repos/one-beyond/csm/react-form-builder/node_modules/react/cjs/react.development.js:2667:24)
          at act (/Users/pabloelisseo/repos/one-beyond/csm/react-form-builder/node_modules/react/cjs/react.development.js:2582:11)
          at /Users/pabloelisseo/repos/one-beyond/csm/react-form-builder/node_modules/@testing-library/react/dist/act-compat.js:46:25
          at renderRoot (/Users/pabloelisseo/repos/one-beyond/csm/react-form-builder/node_modules/@testing-library/react/dist/pure.js:161:26)
          at render (/Users/pabloelisseo/repos/one-beyond/csm/react-form-builder/node_modules/@testing-library/react/dist/pure.js:247:10)
          at Object.<anonymous> (/Users/pabloelisseo/repos/one-beyond/csm/react-form-builder/src/Questions/Genre/_tests_/gender.test.js:201:31)
          at Promise.then.completed (/Users/pabloelisseo/repos/one-beyond/csm/react-form-builder/node_modules/jest-circus/build/utils.js:391:28)
          at new Promise (<anonymous>)
          at callAsyncCircusFn (/Users/pabloelisseo/repos/one-beyond/csm/react-form-builder/node_modules/jest-circus/build/utils.js:316:10)
          at _callCircusTest (/Users/pabloelisseo/repos/one-beyond/csm/react-form-builder/node_modules/jest-circus/build/run.js:218:40)
          at processTicksAndRejections (node:internal/process/task_queues:95:5)
          at _runTest (/Users/pabloelisseo/repos/one-beyond/csm/react-form-builder/node_modules/jest-circus/build/run.js:155:3)
          at _runTestsForDescribeBlock (/Users/pabloelisseo/repos/one-beyond/csm/react-form-builder/node_modules/jest-circus/build/run.js:66:9)
          at run (/Users/pabloelisseo/repos/one-beyond/csm/react-form-builder/node_modules/jest-circus/build/run.js:25:3)
          at runAndTransformResultsToJestFormat (/Users/pabloelisseo/repos/one-beyond/csm/react-form-builder/node_modules/jest-circus/build/legacy-code-todo-rewrite/jestAdapterInit.js:170:21)
          at jestAdapter (/Users/pabloelisseo/repos/one-beyond/csm/react-form-builder/node_modules/jest-circus/build/legacy-code-todo-rewrite/jestAdapter.js:82:19)
          at runTestInternal (/Users/pabloelisseo/repos/one-beyond/csm/react-form-builder/node_modules/jest-runner/build/runTest.js:389:16)
          at runTest (/Users/pabloelisseo/repos/one-beyond/csm/react-form-builder/node_modules/jest-runner/build/runTest.js:475:34)
          at Object.worker (/Users/pabloelisseo/repos/one-beyond/csm/react-form-builder/node_modules/jest-runner/build/testWorker.js:133:12)

      at VirtualConsole.<anonymous> (node_modules/jsdom/lib/jsdom/virtual-console.js:29:45)
      at reportException (node_modules/jsdom/lib/jsdom/living/helpers/runtime-script-errors.js:70:28)
      at innerInvokeEventListeners (node_modules/jsdom/lib/jsdom/living/events/EventTarget-impl.js:341:9)
      at invokeEventListeners (node_modules/jsdom/lib/jsdom/living/events/EventTarget-impl.js:274:3)
      at HTMLUnknownElementImpl._dispatch (node_modules/jsdom/lib/jsdom/living/events/EventTarget-impl.js:221:9)
      at HTMLUnknownElementImpl.dispatchEvent (node_modules/jsdom/lib/jsdom/living/events/EventTarget-impl.js:94:17)
      at HTMLUnknownElement.dispatchEvent (node_modules/jsdom/lib/jsdom/living/generated/EventTarget.js:231:34)

    console.error
      The above error occurred in one of your React components:
      
          at Object.<anonymous>.exports.Controller (/Users/pabloelisseo/repos/one-beyond/csm/react-form-builder/node_modules/react-hook-form/src/form.tsx:37:9)
          at Select (/Users/pabloelisseo/repos/one-beyond/csm/react-form-builder/src/Fields/Select/index.js:10:3)
          at div
          at /Users/pabloelisseo/repos/one-beyond/csm/react-form-builder/node_modules/@emotion/react/dist/emotion-element-48d2c2e4.cjs.dev.js:62:23
          at QuestionGender (/Users/pabloelisseo/repos/one-beyond/csm/react-form-builder/src/Questions/Genre/index.js:20:27)
      
      Consider adding an error boundary to your tree to customize error handling behavior.
      Visit https://reactjs.org/link/error-boundaries to learn more about error boundaries.

      at logCapturedError (node_modules/react-dom/cjs/react-dom.development.js:18687:23)
      at update.callback (node_modules/react-dom/cjs/react-dom.development.js:18720:5)
      at callCallback (node_modules/react-dom/cjs/react-dom.development.js:13923:12)
      at commitUpdateQueue (node_modules/react-dom/cjs/react-dom.development.js:13944:9)
      at commitLayoutEffectOnFiber (node_modules/react-dom/cjs/react-dom.development.js:23391:13)
      at commitLayoutMountEffects_complete (node_modules/react-dom/cjs/react-dom.development.js:24688:9)
      at commitLayoutEffects_begin (node_modules/react-dom/cjs/react-dom.development.js:24674:7)
      at commitLayoutEffects (node_modules/react-dom/cjs/react-dom.development.js:24612:3)

  ● check the placeholder text

    TypeError: Cannot read properties of undefined (reading 'array')

      32 |
      33 | const setup = () => {
    > 34 |   const renderComponent = render(
         |                                 ^
      35 |     <QuestionGender question={question} useForm={useForm} />
      36 |   )
      37 |   const genderComponent = renderComponent.getByTestId('question-gender')

      at control (node_modules/react-hook-form/src/useController.ts:63:35)
      at Object.<anonymous>.exports.Controller (node_modules/react-hook-form/src/form.tsx:38:5)
      at renderWithHooks (node_modules/react-dom/cjs/react-dom.development.js:16305:18)
      at mountIndeterminateComponent (node_modules/react-dom/cjs/react-dom.development.js:20074:13)
      at beginWork (node_modules/react-dom/cjs/react-dom.development.js:21587:16)
      at beginWork$1 (node_modules/react-dom/cjs/react-dom.development.js:27426:14)
      at performUnitOfWork (node_modules/react-dom/cjs/react-dom.development.js:26560:12)
      at workLoopSync (node_modules/react-dom/cjs/react-dom.development.js:26466:5)
      at renderRootSync (node_modules/react-dom/cjs/react-dom.development.js:26434:7)
      at recoverFromConcurrentError (node_modules/react-dom/cjs/react-dom.development.js:25850:20)
      at performConcurrentWorkOnRoot (node_modules/react-dom/cjs/react-dom.development.js:25750:22)
      at flushActQueue (node_modules/react/cjs/react.development.js:2667:24)
      at act (node_modules/react/cjs/react.development.js:2582:11)
      at node_modules/@testing-library/react/dist/act-compat.js:46:25
      at renderRoot (node_modules/@testing-library/react/dist/pure.js:161:26)
      at render (node_modules/@testing-library/react/dist/pure.js:247:10)
      at setup (src/Questions/Genre/_tests_/gender.test.js:34:33)
      at Object.<anonymous> (src/Questions/Genre/_tests_/gender.test.js:44:31)

  ● Gender label

    TypeError: Cannot read properties of undefined (reading 'array')

      32 |
      33 | const setup = () => {
    > 34 |   const renderComponent = render(
         |                                 ^
      35 |     <QuestionGender question={question} useForm={useForm} />
      36 |   )
      37 |   const genderComponent = renderComponent.getByTestId('question-gender')

      at control (node_modules/react-hook-form/src/useController.ts:63:35)
      at Object.<anonymous>.exports.Controller (node_modules/react-hook-form/src/form.tsx:38:5)
      at renderWithHooks (node_modules/react-dom/cjs/react-dom.development.js:16305:18)
      at mountIndeterminateComponent (node_modules/react-dom/cjs/react-dom.development.js:20074:13)
      at beginWork (node_modules/react-dom/cjs/react-dom.development.js:21587:16)
      at beginWork$1 (node_modules/react-dom/cjs/react-dom.development.js:27426:14)
      at performUnitOfWork (node_modules/react-dom/cjs/react-dom.development.js:26560:12)
      at workLoopSync (node_modules/react-dom/cjs/react-dom.development.js:26466:5)
      at renderRootSync (node_modules/react-dom/cjs/react-dom.development.js:26434:7)
      at recoverFromConcurrentError (node_modules/react-dom/cjs/react-dom.development.js:25850:20)
      at performConcurrentWorkOnRoot (node_modules/react-dom/cjs/react-dom.development.js:25750:22)
      at flushActQueue (node_modules/react/cjs/react.development.js:2667:24)
      at act (node_modules/react/cjs/react.development.js:2582:11)
      at node_modules/@testing-library/react/dist/act-compat.js:46:25
      at renderRoot (node_modules/@testing-library/react/dist/pure.js:161:26)
      at render (node_modules/@testing-library/react/dist/pure.js:247:10)
      at setup (src/Questions/Genre/_tests_/gender.test.js:34:33)
      at Object.<anonymous> (src/Questions/Genre/_tests_/gender.test.js:49:31)

  ● label tag is not displayed when label value is null

    TypeError: Cannot read properties of undefined (reading 'array')

      54 |   const questionNoLabel = { ...question }
      55 |   delete questionNoLabel.label
    > 56 |   render(<QuestionGender question={questionNoLabel} useForm={useForm} />)
         |         ^
      57 |
      58 |   expect(!screen.queryByTestId('gender-label'))
      59 | })

      at control (node_modules/react-hook-form/src/useController.ts:63:35)
      at Object.<anonymous>.exports.Controller (node_modules/react-hook-form/src/form.tsx:38:5)
      at renderWithHooks (node_modules/react-dom/cjs/react-dom.development.js:16305:18)
      at mountIndeterminateComponent (node_modules/react-dom/cjs/react-dom.development.js:20074:13)
      at beginWork (node_modules/react-dom/cjs/react-dom.development.js:21587:16)
      at beginWork$1 (node_modules/react-dom/cjs/react-dom.development.js:27426:14)
      at performUnitOfWork (node_modules/react-dom/cjs/react-dom.development.js:26560:12)
      at workLoopSync (node_modules/react-dom/cjs/react-dom.development.js:26466:5)
      at renderRootSync (node_modules/react-dom/cjs/react-dom.development.js:26434:7)
      at recoverFromConcurrentError (node_modules/react-dom/cjs/react-dom.development.js:25850:20)
      at performConcurrentWorkOnRoot (node_modules/react-dom/cjs/react-dom.development.js:25750:22)
      at flushActQueue (node_modules/react/cjs/react.development.js:2667:24)
      at act (node_modules/react/cjs/react.development.js:2582:11)
      at node_modules/@testing-library/react/dist/act-compat.js:46:25
      at renderRoot (node_modules/@testing-library/react/dist/pure.js:161:26)
      at render (node_modules/@testing-library/react/dist/pure.js:247:10)
      at Object.<anonymous> (src/Questions/Genre/_tests_/gender.test.js:56:9)

  ● Change value of gender select

    TypeError: Cannot read properties of undefined (reading 'array')

      32 |
      33 | const setup = () => {
    > 34 |   const renderComponent = render(
         |                                 ^
      35 |     <QuestionGender question={question} useForm={useForm} />
      36 |   )
      37 |   const genderComponent = renderComponent.getByTestId('question-gender')

      at control (node_modules/react-hook-form/src/useController.ts:63:35)
      at Object.<anonymous>.exports.Controller (node_modules/react-hook-form/src/form.tsx:38:5)
      at renderWithHooks (node_modules/react-dom/cjs/react-dom.development.js:16305:18)
      at mountIndeterminateComponent (node_modules/react-dom/cjs/react-dom.development.js:20074:13)
      at beginWork (node_modules/react-dom/cjs/react-dom.development.js:21587:16)
      at beginWork$1 (node_modules/react-dom/cjs/react-dom.development.js:27426:14)
      at performUnitOfWork (node_modules/react-dom/cjs/react-dom.development.js:26560:12)
      at workLoopSync (node_modules/react-dom/cjs/react-dom.development.js:26466:5)
      at renderRootSync (node_modules/react-dom/cjs/react-dom.development.js:26434:7)
      at recoverFromConcurrentError (node_modules/react-dom/cjs/react-dom.development.js:25850:20)
      at performConcurrentWorkOnRoot (node_modules/react-dom/cjs/react-dom.development.js:25750:22)
      at flushActQueue (node_modules/react/cjs/react.development.js:2667:24)
      at act (node_modules/react/cjs/react.development.js:2582:11)
      at node_modules/@testing-library/react/dist/act-compat.js:46:25
      at renderRoot (node_modules/@testing-library/react/dist/pure.js:161:26)
      at render (node_modules/@testing-library/react/dist/pure.js:247:10)
      at setup (src/Questions/Genre/_tests_/gender.test.js:34:33)
      at Object.<anonymous> (src/Questions/Genre/_tests_/gender.test.js:62:33)

  ● Check custom options are rendered

    TypeError: Cannot read properties of undefined (reading 'array')

      88 |     }
      89 |   }
    > 90 |   const { getByText } = render(
         |                               ^
      91 |     <QuestionGender question={question} useForm={useForm} />
      92 |   )
      93 |   const genderPlaceholder = getByText('Please select a gender')

      at control (node_modules/react-hook-form/src/useController.ts:63:35)
      at Object.<anonymous>.exports.Controller (node_modules/react-hook-form/src/form.tsx:38:5)
      at renderWithHooks (node_modules/react-dom/cjs/react-dom.development.js:16305:18)
      at mountIndeterminateComponent (node_modules/react-dom/cjs/react-dom.development.js:20074:13)
      at beginWork (node_modules/react-dom/cjs/react-dom.development.js:21587:16)
      at beginWork$1 (node_modules/react-dom/cjs/react-dom.development.js:27426:14)
      at performUnitOfWork (node_modules/react-dom/cjs/react-dom.development.js:26560:12)
      at workLoopSync (node_modules/react-dom/cjs/react-dom.development.js:26466:5)
      at renderRootSync (node_modules/react-dom/cjs/react-dom.development.js:26434:7)
      at recoverFromConcurrentError (node_modules/react-dom/cjs/react-dom.development.js:25850:20)
      at performConcurrentWorkOnRoot (node_modules/react-dom/cjs/react-dom.development.js:25750:22)
      at flushActQueue (node_modules/react/cjs/react.development.js:2667:24)
      at act (node_modules/react/cjs/react.development.js:2582:11)
      at node_modules/@testing-library/react/dist/act-compat.js:46:25
      at renderRoot (node_modules/@testing-library/react/dist/pure.js:161:26)
      at render (node_modules/@testing-library/react/dist/pure.js:247:10)
      at Object.<anonymous> (src/Questions/Genre/_tests_/gender.test.js:90:31)

  ● renders a country list in spanish

    TypeError: Cannot read properties of undefined (reading 'array')

      108 |   }
      109 |
    > 110 |   const { getByText } = render(
          |                               ^
      111 |     <QuestionGender
      112 |       language={data.language}
      113 |       question={question}

      at control (node_modules/react-hook-form/src/useController.ts:63:35)
      at Object.<anonymous>.exports.Controller (node_modules/react-hook-form/src/form.tsx:38:5)
      at renderWithHooks (node_modules/react-dom/cjs/react-dom.development.js:16305:18)
      at mountIndeterminateComponent (node_modules/react-dom/cjs/react-dom.development.js:20074:13)
      at beginWork (node_modules/react-dom/cjs/react-dom.development.js:21587:16)
      at beginWork$1 (node_modules/react-dom/cjs/react-dom.development.js:27426:14)
      at performUnitOfWork (node_modules/react-dom/cjs/react-dom.development.js:26560:12)
      at workLoopSync (node_modules/react-dom/cjs/react-dom.development.js:26466:5)
      at renderRootSync (node_modules/react-dom/cjs/react-dom.development.js:26434:7)
      at recoverFromConcurrentError (node_modules/react-dom/cjs/react-dom.development.js:25850:20)
      at performConcurrentWorkOnRoot (node_modules/react-dom/cjs/react-dom.development.js:25750:22)
      at flushActQueue (node_modules/react/cjs/react.development.js:2667:24)
      at act (node_modules/react/cjs/react.development.js:2582:11)
      at node_modules/@testing-library/react/dist/act-compat.js:46:25
      at renderRoot (node_modules/@testing-library/react/dist/pure.js:161:26)
      at render (node_modules/@testing-library/react/dist/pure.js:247:10)
      at Object.<anonymous> (src/Questions/Genre/_tests_/gender.test.js:110:31)

  ● renders a country list in french

    TypeError: Cannot read properties of undefined (reading 'array')

      133 |   }
      134 |
    > 135 |   const { getByText } = render(
          |                               ^
      136 |     <QuestionGender
      137 |       language={data.language}
      138 |       question={question}

      at control (node_modules/react-hook-form/src/useController.ts:63:35)
      at Object.<anonymous>.exports.Controller (node_modules/react-hook-form/src/form.tsx:38:5)
      at renderWithHooks (node_modules/react-dom/cjs/react-dom.development.js:16305:18)
      at mountIndeterminateComponent (node_modules/react-dom/cjs/react-dom.development.js:20074:13)
      at beginWork (node_modules/react-dom/cjs/react-dom.development.js:21587:16)
      at beginWork$1 (node_modules/react-dom/cjs/react-dom.development.js:27426:14)
      at performUnitOfWork (node_modules/react-dom/cjs/react-dom.development.js:26560:12)
      at workLoopSync (node_modules/react-dom/cjs/react-dom.development.js:26466:5)
      at renderRootSync (node_modules/react-dom/cjs/react-dom.development.js:26434:7)
      at recoverFromConcurrentError (node_modules/react-dom/cjs/react-dom.development.js:25850:20)
      at performConcurrentWorkOnRoot (node_modules/react-dom/cjs/react-dom.development.js:25750:22)
      at flushActQueue (node_modules/react/cjs/react.development.js:2667:24)
      at act (node_modules/react/cjs/react.development.js:2582:11)
      at node_modules/@testing-library/react/dist/act-compat.js:46:25
      at renderRoot (node_modules/@testing-library/react/dist/pure.js:161:26)
      at render (node_modules/@testing-library/react/dist/pure.js:247:10)
      at Object.<anonymous> (src/Questions/Genre/_tests_/gender.test.js:135:31)

  ● renders a country list in deusch

    TypeError: Cannot read properties of undefined (reading 'array')

      158 |   }
      159 |
    > 160 |   const { getByText } = render(
          |                               ^
      161 |     <QuestionGender
      162 |       language={data.language}
      163 |       question={question}

      at control (node_modules/react-hook-form/src/useController.ts:63:35)
      at Object.<anonymous>.exports.Controller (node_modules/react-hook-form/src/form.tsx:38:5)
      at renderWithHooks (node_modules/react-dom/cjs/react-dom.development.js:16305:18)
      at mountIndeterminateComponent (node_modules/react-dom/cjs/react-dom.development.js:20074:13)
      at beginWork (node_modules/react-dom/cjs/react-dom.development.js:21587:16)
      at beginWork$1 (node_modules/react-dom/cjs/react-dom.development.js:27426:14)
      at performUnitOfWork (node_modules/react-dom/cjs/react-dom.development.js:26560:12)
      at workLoopSync (node_modules/react-dom/cjs/react-dom.development.js:26466:5)
      at renderRootSync (node_modules/react-dom/cjs/react-dom.development.js:26434:7)
      at recoverFromConcurrentError (node_modules/react-dom/cjs/react-dom.development.js:25850:20)
      at performConcurrentWorkOnRoot (node_modules/react-dom/cjs/react-dom.development.js:25750:22)
      at flushActQueue (node_modules/react/cjs/react.development.js:2667:24)
      at act (node_modules/react/cjs/react.development.js:2582:11)
      at node_modules/@testing-library/react/dist/act-compat.js:46:25
      at renderRoot (node_modules/@testing-library/react/dist/pure.js:161:26)
      at render (node_modules/@testing-library/react/dist/pure.js:247:10)
      at Object.<anonymous> (src/Questions/Genre/_tests_/gender.test.js:160:31)

  ● renders a country list in swedish

    TypeError: Cannot read properties of undefined (reading 'array')

      183 |   }
      184 |
    > 185 |   const { getByText } = render(
          |                               ^
      186 |     <QuestionGender
      187 |       language={data.language}
      188 |       question={question}

      at control (node_modules/react-hook-form/src/useController.ts:63:35)
      at Object.<anonymous>.exports.Controller (node_modules/react-hook-form/src/form.tsx:38:5)
      at renderWithHooks (node_modules/react-dom/cjs/react-dom.development.js:16305:18)
      at mountIndeterminateComponent (node_modules/react-dom/cjs/react-dom.development.js:20074:13)
      at beginWork (node_modules/react-dom/cjs/react-dom.development.js:21587:16)
      at beginWork$1 (node_modules/react-dom/cjs/react-dom.development.js:27426:14)
      at performUnitOfWork (node_modules/react-dom/cjs/react-dom.development.js:26560:12)
      at workLoopSync (node_modules/react-dom/cjs/react-dom.development.js:26466:5)
      at renderRootSync (node_modules/react-dom/cjs/react-dom.development.js:26434:7)
      at recoverFromConcurrentError (node_modules/react-dom/cjs/react-dom.development.js:25850:20)
      at performConcurrentWorkOnRoot (node_modules/react-dom/cjs/react-dom.development.js:25750:22)
      at flushActQueue (node_modules/react/cjs/react.development.js:2667:24)
      at act (node_modules/react/cjs/react.development.js:2582:11)
      at node_modules/@testing-library/react/dist/act-compat.js:46:25
      at renderRoot (node_modules/@testing-library/react/dist/pure.js:161:26)
      at render (node_modules/@testing-library/react/dist/pure.js:247:10)
      at Object.<anonymous> (src/Questions/Genre/_tests_/gender.test.js:185:31)

  ● show an error message

    TypeError: Cannot read properties of undefined (reading 'array')

      199 |
      200 | test('show an error message', () => {
    > 201 |   const { getByText } = render(
          |                               ^
      202 |     <QuestionGender
      203 |       question={question}
      204 |       useForm={{

      at control (node_modules/react-hook-form/src/useController.ts:63:35)
      at Object.<anonymous>.exports.Controller (node_modules/react-hook-form/src/form.tsx:38:5)
      at renderWithHooks (node_modules/react-dom/cjs/react-dom.development.js:16305:18)
      at mountIndeterminateComponent (node_modules/react-dom/cjs/react-dom.development.js:20074:13)
      at beginWork (node_modules/react-dom/cjs/react-dom.development.js:21587:16)
      at beginWork$1 (node_modules/react-dom/cjs/react-dom.development.js:27426:14)
      at performUnitOfWork (node_modules/react-dom/cjs/react-dom.development.js:26560:12)
      at workLoopSync (node_modules/react-dom/cjs/react-dom.development.js:26466:5)
      at renderRootSync (node_modules/react-dom/cjs/react-dom.development.js:26434:7)
      at recoverFromConcurrentError (node_modules/react-dom/cjs/react-dom.development.js:25850:20)
      at performConcurrentWorkOnRoot (node_modules/react-dom/cjs/react-dom.development.js:25750:22)
      at flushActQueue (node_modules/react/cjs/react.development.js:2667:24)
      at act (node_modules/react/cjs/react.development.js:2582:11)
      at node_modules/@testing-library/react/dist/act-compat.js:46:25
      at renderRoot (node_modules/@testing-library/react/dist/pure.js:161:26)
      at render (node_modules/@testing-library/react/dist/pure.js:247:10)
      at Object.<anonymous> (src/Questions/Genre/_tests_/gender.test.js:201:31)

FAIL src/Questions/County/_tests_/county.test.js
  ● Console

    console.error
      Error: Uncaught [TypeError: Cannot read properties of undefined (reading 'array')]
          at reportException (/Users/pabloelisseo/repos/one-beyond/csm/react-form-builder/node_modules/jsdom/lib/jsdom/living/helpers/runtime-script-errors.js:66:24)
          at innerInvokeEventListeners (/Users/pabloelisseo/repos/one-beyond/csm/react-form-builder/node_modules/jsdom/lib/jsdom/living/events/EventTarget-impl.js:341:9)
          at invokeEventListeners (/Users/pabloelisseo/repos/one-beyond/csm/react-form-builder/node_modules/jsdom/lib/jsdom/living/events/EventTarget-impl.js:274:3)
          at HTMLUnknownElementImpl._dispatch (/Users/pabloelisseo/repos/one-beyond/csm/react-form-builder/node_modules/jsdom/lib/jsdom/living/events/EventTarget-impl.js:221:9)
          at HTMLUnknownElementImpl.dispatchEvent (/Users/pabloelisseo/repos/one-beyond/csm/react-form-builder/node_modules/jsdom/lib/jsdom/living/events/EventTarget-impl.js:94:17)
          at HTMLUnknownElement.dispatchEvent (/Users/pabloelisseo/repos/one-beyond/csm/react-form-builder/node_modules/jsdom/lib/jsdom/living/generated/EventTarget.js:231:34)
          at Object.invokeGuardedCallbackDev (/Users/pabloelisseo/repos/one-beyond/csm/react-form-builder/node_modules/react-dom/cjs/react-dom.development.js:4213:16)
          at invokeGuardedCallback (/Users/pabloelisseo/repos/one-beyond/csm/react-form-builder/node_modules/react-dom/cjs/react-dom.development.js:4277:31)
          at beginWork$1 (/Users/pabloelisseo/repos/one-beyond/csm/react-form-builder/node_modules/react-dom/cjs/react-dom.development.js:27451:7)
          at performUnitOfWork (/Users/pabloelisseo/repos/one-beyond/csm/react-form-builder/node_modules/react-dom/cjs/react-dom.development.js:26560:12) TypeError: Cannot read properties of undefined (reading 'array')
          at control (/Users/pabloelisseo/repos/one-beyond/csm/react-form-builder/node_modules/react-hook-form/src/useController.ts:63:35)
          at Object.<anonymous>.exports.Controller (/Users/pabloelisseo/repos/one-beyond/csm/react-form-builder/node_modules/react-hook-form/src/form.tsx:38:5)
          at renderWithHooks (/Users/pabloelisseo/repos/one-beyond/csm/react-form-builder/node_modules/react-dom/cjs/react-dom.development.js:16305:18)
          at mountIndeterminateComponent (/Users/pabloelisseo/repos/one-beyond/csm/react-form-builder/node_modules/react-dom/cjs/react-dom.development.js:20074:13)
          at beginWork (/Users/pabloelisseo/repos/one-beyond/csm/react-form-builder/node_modules/react-dom/cjs/react-dom.development.js:21587:16)
          at HTMLUnknownElement.callCallback (/Users/pabloelisseo/repos/one-beyond/csm/react-form-builder/node_modules/react-dom/cjs/react-dom.development.js:4164:14)
          at HTMLUnknownElement.callTheUserObjectsOperation (/Users/pabloelisseo/repos/one-beyond/csm/react-form-builder/node_modules/jsdom/lib/jsdom/living/generated/EventListener.js:26:30)
          at innerInvokeEventListeners (/Users/pabloelisseo/repos/one-beyond/csm/react-form-builder/node_modules/jsdom/lib/jsdom/living/events/EventTarget-impl.js:338:25)
          at invokeEventListeners (/Users/pabloelisseo/repos/one-beyond/csm/react-form-builder/node_modules/jsdom/lib/jsdom/living/events/EventTarget-impl.js:274:3)
          at HTMLUnknownElementImpl._dispatch (/Users/pabloelisseo/repos/one-beyond/csm/react-form-builder/node_modules/jsdom/lib/jsdom/living/events/EventTarget-impl.js:221:9)
          at HTMLUnknownElementImpl.dispatchEvent (/Users/pabloelisseo/repos/one-beyond/csm/react-form-builder/node_modules/jsdom/lib/jsdom/living/events/EventTarget-impl.js:94:17)
          at HTMLUnknownElement.dispatchEvent (/Users/pabloelisseo/repos/one-beyond/csm/react-form-builder/node_modules/jsdom/lib/jsdom/living/generated/EventTarget.js:231:34)
          at Object.invokeGuardedCallbackDev (/Users/pabloelisseo/repos/one-beyond/csm/react-form-builder/node_modules/react-dom/cjs/react-dom.development.js:4213:16)
          at invokeGuardedCallback (/Users/pabloelisseo/repos/one-beyond/csm/react-form-builder/node_modules/react-dom/cjs/react-dom.development.js:4277:31)
          at beginWork$1 (/Users/pabloelisseo/repos/one-beyond/csm/react-form-builder/node_modules/react-dom/cjs/react-dom.development.js:27451:7)
          at performUnitOfWork (/Users/pabloelisseo/repos/one-beyond/csm/react-form-builder/node_modules/react-dom/cjs/react-dom.development.js:26560:12)
          at workLoopSync (/Users/pabloelisseo/repos/one-beyond/csm/react-form-builder/node_modules/react-dom/cjs/react-dom.development.js:26466:5)
          at renderRootSync (/Users/pabloelisseo/repos/one-beyond/csm/react-form-builder/node_modules/react-dom/cjs/react-dom.development.js:26434:7)
          at performConcurrentWorkOnRoot (/Users/pabloelisseo/repos/one-beyond/csm/react-form-builder/node_modules/react-dom/cjs/react-dom.development.js:25738:74)
          at flushActQueue (/Users/pabloelisseo/repos/one-beyond/csm/react-form-builder/node_modules/react/cjs/react.development.js:2667:24)
          at act (/Users/pabloelisseo/repos/one-beyond/csm/react-form-builder/node_modules/react/cjs/react.development.js:2582:11)
          at /Users/pabloelisseo/repos/one-beyond/csm/react-form-builder/node_modules/@testing-library/react/dist/act-compat.js:46:25
          at renderRoot (/Users/pabloelisseo/repos/one-beyond/csm/react-form-builder/node_modules/@testing-library/react/dist/pure.js:161:26)
          at render (/Users/pabloelisseo/repos/one-beyond/csm/react-form-builder/node_modules/@testing-library/react/dist/pure.js:247:10)
          at setup (/Users/pabloelisseo/repos/one-beyond/csm/react-form-builder/src/Questions/County/_tests_/county.test.js:48:33)
          at Object.<anonymous> (/Users/pabloelisseo/repos/one-beyond/csm/react-form-builder/src/Questions/County/_tests_/county.test.js:72:31)
          at Promise.then.completed (/Users/pabloelisseo/repos/one-beyond/csm/react-form-builder/node_modules/jest-circus/build/utils.js:391:28)
          at new Promise (<anonymous>)
          at callAsyncCircusFn (/Users/pabloelisseo/repos/one-beyond/csm/react-form-builder/node_modules/jest-circus/build/utils.js:316:10)
          at _callCircusTest (/Users/pabloelisseo/repos/one-beyond/csm/react-form-builder/node_modules/jest-circus/build/run.js:218:40)
          at processTicksAndRejections (node:internal/process/task_queues:95:5)
          at _runTest (/Users/pabloelisseo/repos/one-beyond/csm/react-form-builder/node_modules/jest-circus/build/run.js:155:3)
          at _runTestsForDescribeBlock (/Users/pabloelisseo/repos/one-beyond/csm/react-form-builder/node_modules/jest-circus/build/run.js:66:9)
          at run (/Users/pabloelisseo/repos/one-beyond/csm/react-form-builder/node_modules/jest-circus/build/run.js:25:3)
          at runAndTransformResultsToJestFormat (/Users/pabloelisseo/repos/one-beyond/csm/react-form-builder/node_modules/jest-circus/build/legacy-code-todo-rewrite/jestAdapterInit.js:170:21)
          at jestAdapter (/Users/pabloelisseo/repos/one-beyond/csm/react-form-builder/node_modules/jest-circus/build/legacy-code-todo-rewrite/jestAdapter.js:82:19)
          at runTestInternal (/Users/pabloelisseo/repos/one-beyond/csm/react-form-builder/node_modules/jest-runner/build/runTest.js:389:16)
          at runTest (/Users/pabloelisseo/repos/one-beyond/csm/react-form-builder/node_modules/jest-runner/build/runTest.js:475:34)
          at Object.worker (/Users/pabloelisseo/repos/one-beyond/csm/react-form-builder/node_modules/jest-runner/build/testWorker.js:133:12)

      at VirtualConsole.<anonymous> (node_modules/jsdom/lib/jsdom/virtual-console.js:29:45)
      at reportException (node_modules/jsdom/lib/jsdom/living/helpers/runtime-script-errors.js:70:28)
      at innerInvokeEventListeners (node_modules/jsdom/lib/jsdom/living/events/EventTarget-impl.js:341:9)
      at invokeEventListeners (node_modules/jsdom/lib/jsdom/living/events/EventTarget-impl.js:274:3)
      at HTMLUnknownElementImpl._dispatch (node_modules/jsdom/lib/jsdom/living/events/EventTarget-impl.js:221:9)
      at HTMLUnknownElementImpl.dispatchEvent (node_modules/jsdom/lib/jsdom/living/events/EventTarget-impl.js:94:17)
      at HTMLUnknownElement.dispatchEvent (node_modules/jsdom/lib/jsdom/living/generated/EventTarget.js:231:34)

    console.error
      Error: Uncaught [TypeError: Cannot read properties of undefined (reading 'array')]
          at reportException (/Users/pabloelisseo/repos/one-beyond/csm/react-form-builder/node_modules/jsdom/lib/jsdom/living/helpers/runtime-script-errors.js:66:24)
          at innerInvokeEventListeners (/Users/pabloelisseo/repos/one-beyond/csm/react-form-builder/node_modules/jsdom/lib/jsdom/living/events/EventTarget-impl.js:341:9)
          at invokeEventListeners (/Users/pabloelisseo/repos/one-beyond/csm/react-form-builder/node_modules/jsdom/lib/jsdom/living/events/EventTarget-impl.js:274:3)
          at HTMLUnknownElementImpl._dispatch (/Users/pabloelisseo/repos/one-beyond/csm/react-form-builder/node_modules/jsdom/lib/jsdom/living/events/EventTarget-impl.js:221:9)
          at HTMLUnknownElementImpl.dispatchEvent (/Users/pabloelisseo/repos/one-beyond/csm/react-form-builder/node_modules/jsdom/lib/jsdom/living/events/EventTarget-impl.js:94:17)
          at HTMLUnknownElement.dispatchEvent (/Users/pabloelisseo/repos/one-beyond/csm/react-form-builder/node_modules/jsdom/lib/jsdom/living/generated/EventTarget.js:231:34)
          at Object.invokeGuardedCallbackDev (/Users/pabloelisseo/repos/one-beyond/csm/react-form-builder/node_modules/react-dom/cjs/react-dom.development.js:4213:16)
          at invokeGuardedCallback (/Users/pabloelisseo/repos/one-beyond/csm/react-form-builder/node_modules/react-dom/cjs/react-dom.development.js:4277:31)
          at beginWork$1 (/Users/pabloelisseo/repos/one-beyond/csm/react-form-builder/node_modules/react-dom/cjs/react-dom.development.js:27451:7)
          at performUnitOfWork (/Users/pabloelisseo/repos/one-beyond/csm/react-form-builder/node_modules/react-dom/cjs/react-dom.development.js:26560:12) TypeError: Cannot read properties of undefined (reading 'array')
          at control (/Users/pabloelisseo/repos/one-beyond/csm/react-form-builder/node_modules/react-hook-form/src/useController.ts:63:35)
          at Object.<anonymous>.exports.Controller (/Users/pabloelisseo/repos/one-beyond/csm/react-form-builder/node_modules/react-hook-form/src/form.tsx:38:5)
          at renderWithHooks (/Users/pabloelisseo/repos/one-beyond/csm/react-form-builder/node_modules/react-dom/cjs/react-dom.development.js:16305:18)
          at mountIndeterminateComponent (/Users/pabloelisseo/repos/one-beyond/csm/react-form-builder/node_modules/react-dom/cjs/react-dom.development.js:20074:13)
          at beginWork (/Users/pabloelisseo/repos/one-beyond/csm/react-form-builder/node_modules/react-dom/cjs/react-dom.development.js:21587:16)
          at HTMLUnknownElement.callCallback (/Users/pabloelisseo/repos/one-beyond/csm/react-form-builder/node_modules/react-dom/cjs/react-dom.development.js:4164:14)
          at HTMLUnknownElement.callTheUserObjectsOperation (/Users/pabloelisseo/repos/one-beyond/csm/react-form-builder/node_modules/jsdom/lib/jsdom/living/generated/EventListener.js:26:30)
          at innerInvokeEventListeners (/Users/pabloelisseo/repos/one-beyond/csm/react-form-builder/node_modules/jsdom/lib/jsdom/living/events/EventTarget-impl.js:338:25)
          at invokeEventListeners (/Users/pabloelisseo/repos/one-beyond/csm/react-form-builder/node_modules/jsdom/lib/jsdom/living/events/EventTarget-impl.js:274:3)
          at HTMLUnknownElementImpl._dispatch (/Users/pabloelisseo/repos/one-beyond/csm/react-form-builder/node_modules/jsdom/lib/jsdom/living/events/EventTarget-impl.js:221:9)
          at HTMLUnknownElementImpl.dispatchEvent (/Users/pabloelisseo/repos/one-beyond/csm/react-form-builder/node_modules/jsdom/lib/jsdom/living/events/EventTarget-impl.js:94:17)
          at HTMLUnknownElement.dispatchEvent (/Users/pabloelisseo/repos/one-beyond/csm/react-form-builder/node_modules/jsdom/lib/jsdom/living/generated/EventTarget.js:231:34)
          at Object.invokeGuardedCallbackDev (/Users/pabloelisseo/repos/one-beyond/csm/react-form-builder/node_modules/react-dom/cjs/react-dom.development.js:4213:16)
          at invokeGuardedCallback (/Users/pabloelisseo/repos/one-beyond/csm/react-form-builder/node_modules/react-dom/cjs/react-dom.development.js:4277:31)
          at beginWork$1 (/Users/pabloelisseo/repos/one-beyond/csm/react-form-builder/node_modules/react-dom/cjs/react-dom.development.js:27451:7)
          at performUnitOfWork (/Users/pabloelisseo/repos/one-beyond/csm/react-form-builder/node_modules/react-dom/cjs/react-dom.development.js:26560:12)
          at workLoopSync (/Users/pabloelisseo/repos/one-beyond/csm/react-form-builder/node_modules/react-dom/cjs/react-dom.development.js:26466:5)
          at renderRootSync (/Users/pabloelisseo/repos/one-beyond/csm/react-form-builder/node_modules/react-dom/cjs/react-dom.development.js:26434:7)
          at performConcurrentWorkOnRoot (/Users/pabloelisseo/repos/one-beyond/csm/react-form-builder/node_modules/react-dom/cjs/react-dom.development.js:25738:74)
          at flushActQueue (/Users/pabloelisseo/repos/one-beyond/csm/react-form-builder/node_modules/react/cjs/react.development.js:2667:24)
          at act (/Users/pabloelisseo/repos/one-beyond/csm/react-form-builder/node_modules/react/cjs/react.development.js:2582:11)
          at /Users/pabloelisseo/repos/one-beyond/csm/react-form-builder/node_modules/@testing-library/react/dist/act-compat.js:46:25
          at renderRoot (/Users/pabloelisseo/repos/one-beyond/csm/react-form-builder/node_modules/@testing-library/react/dist/pure.js:161:26)
          at render (/Users/pabloelisseo/repos/one-beyond/csm/react-form-builder/node_modules/@testing-library/react/dist/pure.js:247:10)
          at setup (/Users/pabloelisseo/repos/one-beyond/csm/react-form-builder/src/Questions/County/_tests_/county.test.js:48:33)
          at Object.<anonymous> (/Users/pabloelisseo/repos/one-beyond/csm/react-form-builder/src/Questions/County/_tests_/county.test.js:72:31)
          at Promise.then.completed (/Users/pabloelisseo/repos/one-beyond/csm/react-form-builder/node_modules/jest-circus/build/utils.js:391:28)
          at new Promise (<anonymous>)
          at callAsyncCircusFn (/Users/pabloelisseo/repos/one-beyond/csm/react-form-builder/node_modules/jest-circus/build/utils.js:316:10)
          at _callCircusTest (/Users/pabloelisseo/repos/one-beyond/csm/react-form-builder/node_modules/jest-circus/build/run.js:218:40)
          at processTicksAndRejections (node:internal/process/task_queues:95:5)
          at _runTest (/Users/pabloelisseo/repos/one-beyond/csm/react-form-builder/node_modules/jest-circus/build/run.js:155:3)
          at _runTestsForDescribeBlock (/Users/pabloelisseo/repos/one-beyond/csm/react-form-builder/node_modules/jest-circus/build/run.js:66:9)
          at run (/Users/pabloelisseo/repos/one-beyond/csm/react-form-builder/node_modules/jest-circus/build/run.js:25:3)
          at runAndTransformResultsToJestFormat (/Users/pabloelisseo/repos/one-beyond/csm/react-form-builder/node_modules/jest-circus/build/legacy-code-todo-rewrite/jestAdapterInit.js:170:21)
          at jestAdapter (/Users/pabloelisseo/repos/one-beyond/csm/react-form-builder/node_modules/jest-circus/build/legacy-code-todo-rewrite/jestAdapter.js:82:19)
          at runTestInternal (/Users/pabloelisseo/repos/one-beyond/csm/react-form-builder/node_modules/jest-runner/build/runTest.js:389:16)
          at runTest (/Users/pabloelisseo/repos/one-beyond/csm/react-form-builder/node_modules/jest-runner/build/runTest.js:475:34)
          at Object.worker (/Users/pabloelisseo/repos/one-beyond/csm/react-form-builder/node_modules/jest-runner/build/testWorker.js:133:12)

      at VirtualConsole.<anonymous> (node_modules/jsdom/lib/jsdom/virtual-console.js:29:45)
      at reportException (node_modules/jsdom/lib/jsdom/living/helpers/runtime-script-errors.js:70:28)
      at innerInvokeEventListeners (node_modules/jsdom/lib/jsdom/living/events/EventTarget-impl.js:341:9)
      at invokeEventListeners (node_modules/jsdom/lib/jsdom/living/events/EventTarget-impl.js:274:3)
      at HTMLUnknownElementImpl._dispatch (node_modules/jsdom/lib/jsdom/living/events/EventTarget-impl.js:221:9)
      at HTMLUnknownElementImpl.dispatchEvent (node_modules/jsdom/lib/jsdom/living/events/EventTarget-impl.js:94:17)
      at HTMLUnknownElement.dispatchEvent (node_modules/jsdom/lib/jsdom/living/generated/EventTarget.js:231:34)

    console.error
      Error: Uncaught [TypeError: Cannot read properties of undefined (reading 'array')]
          at reportException (/Users/pabloelisseo/repos/one-beyond/csm/react-form-builder/node_modules/jsdom/lib/jsdom/living/helpers/runtime-script-errors.js:66:24)
          at innerInvokeEventListeners (/Users/pabloelisseo/repos/one-beyond/csm/react-form-builder/node_modules/jsdom/lib/jsdom/living/events/EventTarget-impl.js:341:9)
          at invokeEventListeners (/Users/pabloelisseo/repos/one-beyond/csm/react-form-builder/node_modules/jsdom/lib/jsdom/living/events/EventTarget-impl.js:274:3)
          at HTMLUnknownElementImpl._dispatch (/Users/pabloelisseo/repos/one-beyond/csm/react-form-builder/node_modules/jsdom/lib/jsdom/living/events/EventTarget-impl.js:221:9)
          at HTMLUnknownElementImpl.dispatchEvent (/Users/pabloelisseo/repos/one-beyond/csm/react-form-builder/node_modules/jsdom/lib/jsdom/living/events/EventTarget-impl.js:94:17)
          at HTMLUnknownElement.dispatchEvent (/Users/pabloelisseo/repos/one-beyond/csm/react-form-builder/node_modules/jsdom/lib/jsdom/living/generated/EventTarget.js:231:34)
          at Object.invokeGuardedCallbackDev (/Users/pabloelisseo/repos/one-beyond/csm/react-form-builder/node_modules/react-dom/cjs/react-dom.development.js:4213:16)
          at invokeGuardedCallback (/Users/pabloelisseo/repos/one-beyond/csm/react-form-builder/node_modules/react-dom/cjs/react-dom.development.js:4277:31)
          at beginWork$1 (/Users/pabloelisseo/repos/one-beyond/csm/react-form-builder/node_modules/react-dom/cjs/react-dom.development.js:27451:7)
          at performUnitOfWork (/Users/pabloelisseo/repos/one-beyond/csm/react-form-builder/node_modules/react-dom/cjs/react-dom.development.js:26560:12) TypeError: Cannot read properties of undefined (reading 'array')
          at control (/Users/pabloelisseo/repos/one-beyond/csm/react-form-builder/node_modules/react-hook-form/src/useController.ts:63:35)
          at Object.<anonymous>.exports.Controller (/Users/pabloelisseo/repos/one-beyond/csm/react-form-builder/node_modules/react-hook-form/src/form.tsx:38:5)
          at renderWithHooks (/Users/pabloelisseo/repos/one-beyond/csm/react-form-builder/node_modules/react-dom/cjs/react-dom.development.js:16305:18)
          at mountIndeterminateComponent (/Users/pabloelisseo/repos/one-beyond/csm/react-form-builder/node_modules/react-dom/cjs/react-dom.development.js:20074:13)
          at beginWork (/Users/pabloelisseo/repos/one-beyond/csm/react-form-builder/node_modules/react-dom/cjs/react-dom.development.js:21587:16)
          at HTMLUnknownElement.callCallback (/Users/pabloelisseo/repos/one-beyond/csm/react-form-builder/node_modules/react-dom/cjs/react-dom.development.js:4164:14)
          at HTMLUnknownElement.callTheUserObjectsOperation (/Users/pabloelisseo/repos/one-beyond/csm/react-form-builder/node_modules/jsdom/lib/jsdom/living/generated/EventListener.js:26:30)
          at innerInvokeEventListeners (/Users/pabloelisseo/repos/one-beyond/csm/react-form-builder/node_modules/jsdom/lib/jsdom/living/events/EventTarget-impl.js:338:25)
          at invokeEventListeners (/Users/pabloelisseo/repos/one-beyond/csm/react-form-builder/node_modules/jsdom/lib/jsdom/living/events/EventTarget-impl.js:274:3)
          at HTMLUnknownElementImpl._dispatch (/Users/pabloelisseo/repos/one-beyond/csm/react-form-builder/node_modules/jsdom/lib/jsdom/living/events/EventTarget-impl.js:221:9)
          at HTMLUnknownElementImpl.dispatchEvent (/Users/pabloelisseo/repos/one-beyond/csm/react-form-builder/node_modules/jsdom/lib/jsdom/living/events/EventTarget-impl.js:94:17)
          at HTMLUnknownElement.dispatchEvent (/Users/pabloelisseo/repos/one-beyond/csm/react-form-builder/node_modules/jsdom/lib/jsdom/living/generated/EventTarget.js:231:34)
          at Object.invokeGuardedCallbackDev (/Users/pabloelisseo/repos/one-beyond/csm/react-form-builder/node_modules/react-dom/cjs/react-dom.development.js:4213:16)
          at invokeGuardedCallback (/Users/pabloelisseo/repos/one-beyond/csm/react-form-builder/node_modules/react-dom/cjs/react-dom.development.js:4277:31)
          at beginWork$1 (/Users/pabloelisseo/repos/one-beyond/csm/react-form-builder/node_modules/react-dom/cjs/react-dom.development.js:27451:7)
          at performUnitOfWork (/Users/pabloelisseo/repos/one-beyond/csm/react-form-builder/node_modules/react-dom/cjs/react-dom.development.js:26560:12)
          at workLoopSync (/Users/pabloelisseo/repos/one-beyond/csm/react-form-builder/node_modules/react-dom/cjs/react-dom.development.js:26466:5)
          at renderRootSync (/Users/pabloelisseo/repos/one-beyond/csm/react-form-builder/node_modules/react-dom/cjs/react-dom.development.js:26434:7)
          at recoverFromConcurrentError (/Users/pabloelisseo/repos/one-beyond/csm/react-form-builder/node_modules/react-dom/cjs/react-dom.development.js:25850:20)
          at performConcurrentWorkOnRoot (/Users/pabloelisseo/repos/one-beyond/csm/react-form-builder/node_modules/react-dom/cjs/react-dom.development.js:25750:22)
          at flushActQueue (/Users/pabloelisseo/repos/one-beyond/csm/react-form-builder/node_modules/react/cjs/react.development.js:2667:24)
          at act (/Users/pabloelisseo/repos/one-beyond/csm/react-form-builder/node_modules/react/cjs/react.development.js:2582:11)
          at /Users/pabloelisseo/repos/one-beyond/csm/react-form-builder/node_modules/@testing-library/react/dist/act-compat.js:46:25
          at renderRoot (/Users/pabloelisseo/repos/one-beyond/csm/react-form-builder/node_modules/@testing-library/react/dist/pure.js:161:26)
          at render (/Users/pabloelisseo/repos/one-beyond/csm/react-form-builder/node_modules/@testing-library/react/dist/pure.js:247:10)
          at setup (/Users/pabloelisseo/repos/one-beyond/csm/react-form-builder/src/Questions/County/_tests_/county.test.js:48:33)
          at Object.<anonymous> (/Users/pabloelisseo/repos/one-beyond/csm/react-form-builder/src/Questions/County/_tests_/county.test.js:72:31)
          at Promise.then.completed (/Users/pabloelisseo/repos/one-beyond/csm/react-form-builder/node_modules/jest-circus/build/utils.js:391:28)
          at new Promise (<anonymous>)
          at callAsyncCircusFn (/Users/pabloelisseo/repos/one-beyond/csm/react-form-builder/node_modules/jest-circus/build/utils.js:316:10)
          at _callCircusTest (/Users/pabloelisseo/repos/one-beyond/csm/react-form-builder/node_modules/jest-circus/build/run.js:218:40)
          at processTicksAndRejections (node:internal/process/task_queues:95:5)
          at _runTest (/Users/pabloelisseo/repos/one-beyond/csm/react-form-builder/node_modules/jest-circus/build/run.js:155:3)
          at _runTestsForDescribeBlock (/Users/pabloelisseo/repos/one-beyond/csm/react-form-builder/node_modules/jest-circus/build/run.js:66:9)
          at run (/Users/pabloelisseo/repos/one-beyond/csm/react-form-builder/node_modules/jest-circus/build/run.js:25:3)
          at runAndTransformResultsToJestFormat (/Users/pabloelisseo/repos/one-beyond/csm/react-form-builder/node_modules/jest-circus/build/legacy-code-todo-rewrite/jestAdapterInit.js:170:21)
          at jestAdapter (/Users/pabloelisseo/repos/one-beyond/csm/react-form-builder/node_modules/jest-circus/build/legacy-code-todo-rewrite/jestAdapter.js:82:19)
          at runTestInternal (/Users/pabloelisseo/repos/one-beyond/csm/react-form-builder/node_modules/jest-runner/build/runTest.js:389:16)
          at runTest (/Users/pabloelisseo/repos/one-beyond/csm/react-form-builder/node_modules/jest-runner/build/runTest.js:475:34)
          at Object.worker (/Users/pabloelisseo/repos/one-beyond/csm/react-form-builder/node_modules/jest-runner/build/testWorker.js:133:12)

      at VirtualConsole.<anonymous> (node_modules/jsdom/lib/jsdom/virtual-console.js:29:45)
      at reportException (node_modules/jsdom/lib/jsdom/living/helpers/runtime-script-errors.js:70:28)
      at innerInvokeEventListeners (node_modules/jsdom/lib/jsdom/living/events/EventTarget-impl.js:341:9)
      at invokeEventListeners (node_modules/jsdom/lib/jsdom/living/events/EventTarget-impl.js:274:3)
      at HTMLUnknownElementImpl._dispatch (node_modules/jsdom/lib/jsdom/living/events/EventTarget-impl.js:221:9)
      at HTMLUnknownElementImpl.dispatchEvent (node_modules/jsdom/lib/jsdom/living/events/EventTarget-impl.js:94:17)
      at HTMLUnknownElement.dispatchEvent (node_modules/jsdom/lib/jsdom/living/generated/EventTarget.js:231:34)

    console.error
      Error: Uncaught [TypeError: Cannot read properties of undefined (reading 'array')]
          at reportException (/Users/pabloelisseo/repos/one-beyond/csm/react-form-builder/node_modules/jsdom/lib/jsdom/living/helpers/runtime-script-errors.js:66:24)
          at innerInvokeEventListeners (/Users/pabloelisseo/repos/one-beyond/csm/react-form-builder/node_modules/jsdom/lib/jsdom/living/events/EventTarget-impl.js:341:9)
          at invokeEventListeners (/Users/pabloelisseo/repos/one-beyond/csm/react-form-builder/node_modules/jsdom/lib/jsdom/living/events/EventTarget-impl.js:274:3)
          at HTMLUnknownElementImpl._dispatch (/Users/pabloelisseo/repos/one-beyond/csm/react-form-builder/node_modules/jsdom/lib/jsdom/living/events/EventTarget-impl.js:221:9)
          at HTMLUnknownElementImpl.dispatchEvent (/Users/pabloelisseo/repos/one-beyond/csm/react-form-builder/node_modules/jsdom/lib/jsdom/living/events/EventTarget-impl.js:94:17)
          at HTMLUnknownElement.dispatchEvent (/Users/pabloelisseo/repos/one-beyond/csm/react-form-builder/node_modules/jsdom/lib/jsdom/living/generated/EventTarget.js:231:34)
          at Object.invokeGuardedCallbackDev (/Users/pabloelisseo/repos/one-beyond/csm/react-form-builder/node_modules/react-dom/cjs/react-dom.development.js:4213:16)
          at invokeGuardedCallback (/Users/pabloelisseo/repos/one-beyond/csm/react-form-builder/node_modules/react-dom/cjs/react-dom.development.js:4277:31)
          at beginWork$1 (/Users/pabloelisseo/repos/one-beyond/csm/react-form-builder/node_modules/react-dom/cjs/react-dom.development.js:27451:7)
          at performUnitOfWork (/Users/pabloelisseo/repos/one-beyond/csm/react-form-builder/node_modules/react-dom/cjs/react-dom.development.js:26560:12) TypeError: Cannot read properties of undefined (reading 'array')
          at control (/Users/pabloelisseo/repos/one-beyond/csm/react-form-builder/node_modules/react-hook-form/src/useController.ts:63:35)
          at Object.<anonymous>.exports.Controller (/Users/pabloelisseo/repos/one-beyond/csm/react-form-builder/node_modules/react-hook-form/src/form.tsx:38:5)
          at renderWithHooks (/Users/pabloelisseo/repos/one-beyond/csm/react-form-builder/node_modules/react-dom/cjs/react-dom.development.js:16305:18)
          at mountIndeterminateComponent (/Users/pabloelisseo/repos/one-beyond/csm/react-form-builder/node_modules/react-dom/cjs/react-dom.development.js:20074:13)
          at beginWork (/Users/pabloelisseo/repos/one-beyond/csm/react-form-builder/node_modules/react-dom/cjs/react-dom.development.js:21587:16)
          at HTMLUnknownElement.callCallback (/Users/pabloelisseo/repos/one-beyond/csm/react-form-builder/node_modules/react-dom/cjs/react-dom.development.js:4164:14)
          at HTMLUnknownElement.callTheUserObjectsOperation (/Users/pabloelisseo/repos/one-beyond/csm/react-form-builder/node_modules/jsdom/lib/jsdom/living/generated/EventListener.js:26:30)
          at innerInvokeEventListeners (/Users/pabloelisseo/repos/one-beyond/csm/react-form-builder/node_modules/jsdom/lib/jsdom/living/events/EventTarget-impl.js:338:25)
          at invokeEventListeners (/Users/pabloelisseo/repos/one-beyond/csm/react-form-builder/node_modules/jsdom/lib/jsdom/living/events/EventTarget-impl.js:274:3)
          at HTMLUnknownElementImpl._dispatch (/Users/pabloelisseo/repos/one-beyond/csm/react-form-builder/node_modules/jsdom/lib/jsdom/living/events/EventTarget-impl.js:221:9)
          at HTMLUnknownElementImpl.dispatchEvent (/Users/pabloelisseo/repos/one-beyond/csm/react-form-builder/node_modules/jsdom/lib/jsdom/living/events/EventTarget-impl.js:94:17)
          at HTMLUnknownElement.dispatchEvent (/Users/pabloelisseo/repos/one-beyond/csm/react-form-builder/node_modules/jsdom/lib/jsdom/living/generated/EventTarget.js:231:34)
          at Object.invokeGuardedCallbackDev (/Users/pabloelisseo/repos/one-beyond/csm/react-form-builder/node_modules/react-dom/cjs/react-dom.development.js:4213:16)
          at invokeGuardedCallback (/Users/pabloelisseo/repos/one-beyond/csm/react-form-builder/node_modules/react-dom/cjs/react-dom.development.js:4277:31)
          at beginWork$1 (/Users/pabloelisseo/repos/one-beyond/csm/react-form-builder/node_modules/react-dom/cjs/react-dom.development.js:27451:7)
          at performUnitOfWork (/Users/pabloelisseo/repos/one-beyond/csm/react-form-builder/node_modules/react-dom/cjs/react-dom.development.js:26560:12)
          at workLoopSync (/Users/pabloelisseo/repos/one-beyond/csm/react-form-builder/node_modules/react-dom/cjs/react-dom.development.js:26466:5)
          at renderRootSync (/Users/pabloelisseo/repos/one-beyond/csm/react-form-builder/node_modules/react-dom/cjs/react-dom.development.js:26434:7)
          at recoverFromConcurrentError (/Users/pabloelisseo/repos/one-beyond/csm/react-form-builder/node_modules/react-dom/cjs/react-dom.development.js:25850:20)
          at performConcurrentWorkOnRoot (/Users/pabloelisseo/repos/one-beyond/csm/react-form-builder/node_modules/react-dom/cjs/react-dom.development.js:25750:22)
          at flushActQueue (/Users/pabloelisseo/repos/one-beyond/csm/react-form-builder/node_modules/react/cjs/react.development.js:2667:24)
          at act (/Users/pabloelisseo/repos/one-beyond/csm/react-form-builder/node_modules/react/cjs/react.development.js:2582:11)
          at /Users/pabloelisseo/repos/one-beyond/csm/react-form-builder/node_modules/@testing-library/react/dist/act-compat.js:46:25
          at renderRoot (/Users/pabloelisseo/repos/one-beyond/csm/react-form-builder/node_modules/@testing-library/react/dist/pure.js:161:26)
          at render (/Users/pabloelisseo/repos/one-beyond/csm/react-form-builder/node_modules/@testing-library/react/dist/pure.js:247:10)
          at setup (/Users/pabloelisseo/repos/one-beyond/csm/react-form-builder/src/Questions/County/_tests_/county.test.js:48:33)
          at Object.<anonymous> (/Users/pabloelisseo/repos/one-beyond/csm/react-form-builder/src/Questions/County/_tests_/county.test.js:72:31)
          at Promise.then.completed (/Users/pabloelisseo/repos/one-beyond/csm/react-form-builder/node_modules/jest-circus/build/utils.js:391:28)
          at new Promise (<anonymous>)
          at callAsyncCircusFn (/Users/pabloelisseo/repos/one-beyond/csm/react-form-builder/node_modules/jest-circus/build/utils.js:316:10)
          at _callCircusTest (/Users/pabloelisseo/repos/one-beyond/csm/react-form-builder/node_modules/jest-circus/build/run.js:218:40)
          at processTicksAndRejections (node:internal/process/task_queues:95:5)
          at _runTest (/Users/pabloelisseo/repos/one-beyond/csm/react-form-builder/node_modules/jest-circus/build/run.js:155:3)
          at _runTestsForDescribeBlock (/Users/pabloelisseo/repos/one-beyond/csm/react-form-builder/node_modules/jest-circus/build/run.js:66:9)
          at run (/Users/pabloelisseo/repos/one-beyond/csm/react-form-builder/node_modules/jest-circus/build/run.js:25:3)
          at runAndTransformResultsToJestFormat (/Users/pabloelisseo/repos/one-beyond/csm/react-form-builder/node_modules/jest-circus/build/legacy-code-todo-rewrite/jestAdapterInit.js:170:21)
          at jestAdapter (/Users/pabloelisseo/repos/one-beyond/csm/react-form-builder/node_modules/jest-circus/build/legacy-code-todo-rewrite/jestAdapter.js:82:19)
          at runTestInternal (/Users/pabloelisseo/repos/one-beyond/csm/react-form-builder/node_modules/jest-runner/build/runTest.js:389:16)
          at runTest (/Users/pabloelisseo/repos/one-beyond/csm/react-form-builder/node_modules/jest-runner/build/runTest.js:475:34)
          at Object.worker (/Users/pabloelisseo/repos/one-beyond/csm/react-form-builder/node_modules/jest-runner/build/testWorker.js:133:12)

      at VirtualConsole.<anonymous> (node_modules/jsdom/lib/jsdom/virtual-console.js:29:45)
      at reportException (node_modules/jsdom/lib/jsdom/living/helpers/runtime-script-errors.js:70:28)
      at innerInvokeEventListeners (node_modules/jsdom/lib/jsdom/living/events/EventTarget-impl.js:341:9)
      at invokeEventListeners (node_modules/jsdom/lib/jsdom/living/events/EventTarget-impl.js:274:3)
      at HTMLUnknownElementImpl._dispatch (node_modules/jsdom/lib/jsdom/living/events/EventTarget-impl.js:221:9)
      at HTMLUnknownElementImpl.dispatchEvent (node_modules/jsdom/lib/jsdom/living/events/EventTarget-impl.js:94:17)
      at HTMLUnknownElement.dispatchEvent (node_modules/jsdom/lib/jsdom/living/generated/EventTarget.js:231:34)

    console.error
      The above error occurred in one of your React components:
      
          at Object.<anonymous>.exports.Controller (/Users/pabloelisseo/repos/one-beyond/csm/react-form-builder/node_modules/react-hook-form/src/form.tsx:37:9)
          at Select (/Users/pabloelisseo/repos/one-beyond/csm/react-form-builder/src/Fields/Select/index.js:10:3)
          at div
          at /Users/pabloelisseo/repos/one-beyond/csm/react-form-builder/node_modules/@emotion/react/dist/emotion-element-48d2c2e4.cjs.dev.js:62:23
          at QuestionCountry (/Users/pabloelisseo/repos/one-beyond/csm/react-form-builder/src/Questions/Country/index.js:38:3)
      
      Consider adding an error boundary to your tree to customize error handling behavior.
      Visit https://reactjs.org/link/error-boundaries to learn more about error boundaries.

      at logCapturedError (node_modules/react-dom/cjs/react-dom.development.js:18687:23)
      at update.callback (node_modules/react-dom/cjs/react-dom.development.js:18720:5)
      at callCallback (node_modules/react-dom/cjs/react-dom.development.js:13923:12)
      at commitUpdateQueue (node_modules/react-dom/cjs/react-dom.development.js:13944:9)
      at commitLayoutEffectOnFiber (node_modules/react-dom/cjs/react-dom.development.js:23391:13)
      at commitLayoutMountEffects_complete (node_modules/react-dom/cjs/react-dom.development.js:24688:9)
      at commitLayoutEffects_begin (node_modules/react-dom/cjs/react-dom.development.js:24674:7)
      at commitLayoutEffects (node_modules/react-dom/cjs/react-dom.development.js:24612:3)

    console.error
      The above error occurred in one of your React components:
      
          at Object.<anonymous>.exports.Controller (/Users/pabloelisseo/repos/one-beyond/csm/react-form-builder/node_modules/react-hook-form/src/form.tsx:37:9)
          at Select (/Users/pabloelisseo/repos/one-beyond/csm/react-form-builder/src/Fields/Select/index.js:10:3)
          at div
          at /Users/pabloelisseo/repos/one-beyond/csm/react-form-builder/node_modules/@emotion/react/dist/emotion-element-48d2c2e4.cjs.dev.js:62:23
          at QuestionCounty (/Users/pabloelisseo/repos/one-beyond/csm/react-form-builder/src/Questions/County/index.js:9:27)
      
      Consider adding an error boundary to your tree to customize error handling behavior.
      Visit https://reactjs.org/link/error-boundaries to learn more about error boundaries.

      at logCapturedError (node_modules/react-dom/cjs/react-dom.development.js:18687:23)
      at update.callback (node_modules/react-dom/cjs/react-dom.development.js:18720:5)
      at callCallback (node_modules/react-dom/cjs/react-dom.development.js:13923:12)
      at commitUpdateQueue (node_modules/react-dom/cjs/react-dom.development.js:13944:9)
      at commitLayoutEffectOnFiber (node_modules/react-dom/cjs/react-dom.development.js:23391:13)
      at commitLayoutMountEffects_complete (node_modules/react-dom/cjs/react-dom.development.js:24688:9)
      at commitLayoutEffects_begin (node_modules/react-dom/cjs/react-dom.development.js:24674:7)
      at commitLayoutEffects (node_modules/react-dom/cjs/react-dom.development.js:24612:3)

    console.error
      Error: Uncaught [TypeError: Cannot read properties of undefined (reading 'array')]
          at reportException (/Users/pabloelisseo/repos/one-beyond/csm/react-form-builder/node_modules/jsdom/lib/jsdom/living/helpers/runtime-script-errors.js:66:24)
          at innerInvokeEventListeners (/Users/pabloelisseo/repos/one-beyond/csm/react-form-builder/node_modules/jsdom/lib/jsdom/living/events/EventTarget-impl.js:341:9)
          at invokeEventListeners (/Users/pabloelisseo/repos/one-beyond/csm/react-form-builder/node_modules/jsdom/lib/jsdom/living/events/EventTarget-impl.js:274:3)
          at HTMLUnknownElementImpl._dispatch (/Users/pabloelisseo/repos/one-beyond/csm/react-form-builder/node_modules/jsdom/lib/jsdom/living/events/EventTarget-impl.js:221:9)
          at HTMLUnknownElementImpl.dispatchEvent (/Users/pabloelisseo/repos/one-beyond/csm/react-form-builder/node_modules/jsdom/lib/jsdom/living/events/EventTarget-impl.js:94:17)
          at HTMLUnknownElement.dispatchEvent (/Users/pabloelisseo/repos/one-beyond/csm/react-form-builder/node_modules/jsdom/lib/jsdom/living/generated/EventTarget.js:231:34)
          at Object.invokeGuardedCallbackDev (/Users/pabloelisseo/repos/one-beyond/csm/react-form-builder/node_modules/react-dom/cjs/react-dom.development.js:4213:16)
          at invokeGuardedCallback (/Users/pabloelisseo/repos/one-beyond/csm/react-form-builder/node_modules/react-dom/cjs/react-dom.development.js:4277:31)
          at beginWork$1 (/Users/pabloelisseo/repos/one-beyond/csm/react-form-builder/node_modules/react-dom/cjs/react-dom.development.js:27451:7)
          at performUnitOfWork (/Users/pabloelisseo/repos/one-beyond/csm/react-form-builder/node_modules/react-dom/cjs/react-dom.development.js:26560:12) TypeError: Cannot read properties of undefined (reading 'array')
          at control (/Users/pabloelisseo/repos/one-beyond/csm/react-form-builder/node_modules/react-hook-form/src/useController.ts:63:35)
          at Object.<anonymous>.exports.Controller (/Users/pabloelisseo/repos/one-beyond/csm/react-form-builder/node_modules/react-hook-form/src/form.tsx:38:5)
          at renderWithHooks (/Users/pabloelisseo/repos/one-beyond/csm/react-form-builder/node_modules/react-dom/cjs/react-dom.development.js:16305:18)
          at mountIndeterminateComponent (/Users/pabloelisseo/repos/one-beyond/csm/react-form-builder/node_modules/react-dom/cjs/react-dom.development.js:20074:13)
          at beginWork (/Users/pabloelisseo/repos/one-beyond/csm/react-form-builder/node_modules/react-dom/cjs/react-dom.development.js:21587:16)
          at HTMLUnknownElement.callCallback (/Users/pabloelisseo/repos/one-beyond/csm/react-form-builder/node_modules/react-dom/cjs/react-dom.development.js:4164:14)
          at HTMLUnknownElement.callTheUserObjectsOperation (/Users/pabloelisseo/repos/one-beyond/csm/react-form-builder/node_modules/jsdom/lib/jsdom/living/generated/EventListener.js:26:30)
          at innerInvokeEventListeners (/Users/pabloelisseo/repos/one-beyond/csm/react-form-builder/node_modules/jsdom/lib/jsdom/living/events/EventTarget-impl.js:338:25)
          at invokeEventListeners (/Users/pabloelisseo/repos/one-beyond/csm/react-form-builder/node_modules/jsdom/lib/jsdom/living/events/EventTarget-impl.js:274:3)
          at HTMLUnknownElementImpl._dispatch (/Users/pabloelisseo/repos/one-beyond/csm/react-form-builder/node_modules/jsdom/lib/jsdom/living/events/EventTarget-impl.js:221:9)
          at HTMLUnknownElementImpl.dispatchEvent (/Users/pabloelisseo/repos/one-beyond/csm/react-form-builder/node_modules/jsdom/lib/jsdom/living/events/EventTarget-impl.js:94:17)
          at HTMLUnknownElement.dispatchEvent (/Users/pabloelisseo/repos/one-beyond/csm/react-form-builder/node_modules/jsdom/lib/jsdom/living/generated/EventTarget.js:231:34)
          at Object.invokeGuardedCallbackDev (/Users/pabloelisseo/repos/one-beyond/csm/react-form-builder/node_modules/react-dom/cjs/react-dom.development.js:4213:16)
          at invokeGuardedCallback (/Users/pabloelisseo/repos/one-beyond/csm/react-form-builder/node_modules/react-dom/cjs/react-dom.development.js:4277:31)
          at beginWork$1 (/Users/pabloelisseo/repos/one-beyond/csm/react-form-builder/node_modules/react-dom/cjs/react-dom.development.js:27451:7)
          at performUnitOfWork (/Users/pabloelisseo/repos/one-beyond/csm/react-form-builder/node_modules/react-dom/cjs/react-dom.development.js:26560:12)
          at workLoopSync (/Users/pabloelisseo/repos/one-beyond/csm/react-form-builder/node_modules/react-dom/cjs/react-dom.development.js:26466:5)
          at renderRootSync (/Users/pabloelisseo/repos/one-beyond/csm/react-form-builder/node_modules/react-dom/cjs/react-dom.development.js:26434:7)
          at performConcurrentWorkOnRoot (/Users/pabloelisseo/repos/one-beyond/csm/react-form-builder/node_modules/react-dom/cjs/react-dom.development.js:25738:74)
          at flushActQueue (/Users/pabloelisseo/repos/one-beyond/csm/react-form-builder/node_modules/react/cjs/react.development.js:2667:24)
          at act (/Users/pabloelisseo/repos/one-beyond/csm/react-form-builder/node_modules/react/cjs/react.development.js:2582:11)
          at /Users/pabloelisseo/repos/one-beyond/csm/react-form-builder/node_modules/@testing-library/react/dist/act-compat.js:46:25
          at renderRoot (/Users/pabloelisseo/repos/one-beyond/csm/react-form-builder/node_modules/@testing-library/react/dist/pure.js:161:26)
          at render (/Users/pabloelisseo/repos/one-beyond/csm/react-form-builder/node_modules/@testing-library/react/dist/pure.js:247:10)
          at setup (/Users/pabloelisseo/repos/one-beyond/csm/react-form-builder/src/Questions/County/_tests_/county.test.js:48:33)
          at Object.<anonymous> (/Users/pabloelisseo/repos/one-beyond/csm/react-form-builder/src/Questions/County/_tests_/county.test.js:77:31)
          at Promise.then.completed (/Users/pabloelisseo/repos/one-beyond/csm/react-form-builder/node_modules/jest-circus/build/utils.js:391:28)
          at new Promise (<anonymous>)
          at callAsyncCircusFn (/Users/pabloelisseo/repos/one-beyond/csm/react-form-builder/node_modules/jest-circus/build/utils.js:316:10)
          at _callCircusTest (/Users/pabloelisseo/repos/one-beyond/csm/react-form-builder/node_modules/jest-circus/build/run.js:218:40)
          at processTicksAndRejections (node:internal/process/task_queues:95:5)
          at _runTest (/Users/pabloelisseo/repos/one-beyond/csm/react-form-builder/node_modules/jest-circus/build/run.js:155:3)
          at _runTestsForDescribeBlock (/Users/pabloelisseo/repos/one-beyond/csm/react-form-builder/node_modules/jest-circus/build/run.js:66:9)
          at run (/Users/pabloelisseo/repos/one-beyond/csm/react-form-builder/node_modules/jest-circus/build/run.js:25:3)
          at runAndTransformResultsToJestFormat (/Users/pabloelisseo/repos/one-beyond/csm/react-form-builder/node_modules/jest-circus/build/legacy-code-todo-rewrite/jestAdapterInit.js:170:21)
          at jestAdapter (/Users/pabloelisseo/repos/one-beyond/csm/react-form-builder/node_modules/jest-circus/build/legacy-code-todo-rewrite/jestAdapter.js:82:19)
          at runTestInternal (/Users/pabloelisseo/repos/one-beyond/csm/react-form-builder/node_modules/jest-runner/build/runTest.js:389:16)
          at runTest (/Users/pabloelisseo/repos/one-beyond/csm/react-form-builder/node_modules/jest-runner/build/runTest.js:475:34)
          at Object.worker (/Users/pabloelisseo/repos/one-beyond/csm/react-form-builder/node_modules/jest-runner/build/testWorker.js:133:12)

      at VirtualConsole.<anonymous> (node_modules/jsdom/lib/jsdom/virtual-console.js:29:45)
      at reportException (node_modules/jsdom/lib/jsdom/living/helpers/runtime-script-errors.js:70:28)
      at innerInvokeEventListeners (node_modules/jsdom/lib/jsdom/living/events/EventTarget-impl.js:341:9)
      at invokeEventListeners (node_modules/jsdom/lib/jsdom/living/events/EventTarget-impl.js:274:3)
      at HTMLUnknownElementImpl._dispatch (node_modules/jsdom/lib/jsdom/living/events/EventTarget-impl.js:221:9)
      at HTMLUnknownElementImpl.dispatchEvent (node_modules/jsdom/lib/jsdom/living/events/EventTarget-impl.js:94:17)
      at HTMLUnknownElement.dispatchEvent (node_modules/jsdom/lib/jsdom/living/generated/EventTarget.js:231:34)

    console.error
      Error: Uncaught [TypeError: Cannot read properties of undefined (reading 'array')]
          at reportException (/Users/pabloelisseo/repos/one-beyond/csm/react-form-builder/node_modules/jsdom/lib/jsdom/living/helpers/runtime-script-errors.js:66:24)
          at innerInvokeEventListeners (/Users/pabloelisseo/repos/one-beyond/csm/react-form-builder/node_modules/jsdom/lib/jsdom/living/events/EventTarget-impl.js:341:9)
          at invokeEventListeners (/Users/pabloelisseo/repos/one-beyond/csm/react-form-builder/node_modules/jsdom/lib/jsdom/living/events/EventTarget-impl.js:274:3)
          at HTMLUnknownElementImpl._dispatch (/Users/pabloelisseo/repos/one-beyond/csm/react-form-builder/node_modules/jsdom/lib/jsdom/living/events/EventTarget-impl.js:221:9)
          at HTMLUnknownElementImpl.dispatchEvent (/Users/pabloelisseo/repos/one-beyond/csm/react-form-builder/node_modules/jsdom/lib/jsdom/living/events/EventTarget-impl.js:94:17)
          at HTMLUnknownElement.dispatchEvent (/Users/pabloelisseo/repos/one-beyond/csm/react-form-builder/node_modules/jsdom/lib/jsdom/living/generated/EventTarget.js:231:34)
          at Object.invokeGuardedCallbackDev (/Users/pabloelisseo/repos/one-beyond/csm/react-form-builder/node_modules/react-dom/cjs/react-dom.development.js:4213:16)
          at invokeGuardedCallback (/Users/pabloelisseo/repos/one-beyond/csm/react-form-builder/node_modules/react-dom/cjs/react-dom.development.js:4277:31)
          at beginWork$1 (/Users/pabloelisseo/repos/one-beyond/csm/react-form-builder/node_modules/react-dom/cjs/react-dom.development.js:27451:7)
          at performUnitOfWork (/Users/pabloelisseo/repos/one-beyond/csm/react-form-builder/node_modules/react-dom/cjs/react-dom.development.js:26560:12) TypeError: Cannot read properties of undefined (reading 'array')
          at control (/Users/pabloelisseo/repos/one-beyond/csm/react-form-builder/node_modules/react-hook-form/src/useController.ts:63:35)
          at Object.<anonymous>.exports.Controller (/Users/pabloelisseo/repos/one-beyond/csm/react-form-builder/node_modules/react-hook-form/src/form.tsx:38:5)
          at renderWithHooks (/Users/pabloelisseo/repos/one-beyond/csm/react-form-builder/node_modules/react-dom/cjs/react-dom.development.js:16305:18)
          at mountIndeterminateComponent (/Users/pabloelisseo/repos/one-beyond/csm/react-form-builder/node_modules/react-dom/cjs/react-dom.development.js:20074:13)
          at beginWork (/Users/pabloelisseo/repos/one-beyond/csm/react-form-builder/node_modules/react-dom/cjs/react-dom.development.js:21587:16)
          at HTMLUnknownElement.callCallback (/Users/pabloelisseo/repos/one-beyond/csm/react-form-builder/node_modules/react-dom/cjs/react-dom.development.js:4164:14)
          at HTMLUnknownElement.callTheUserObjectsOperation (/Users/pabloelisseo/repos/one-beyond/csm/react-form-builder/node_modules/jsdom/lib/jsdom/living/generated/EventListener.js:26:30)
          at innerInvokeEventListeners (/Users/pabloelisseo/repos/one-beyond/csm/react-form-builder/node_modules/jsdom/lib/jsdom/living/events/EventTarget-impl.js:338:25)
          at invokeEventListeners (/Users/pabloelisseo/repos/one-beyond/csm/react-form-builder/node_modules/jsdom/lib/jsdom/living/events/EventTarget-impl.js:274:3)
          at HTMLUnknownElementImpl._dispatch (/Users/pabloelisseo/repos/one-beyond/csm/react-form-builder/node_modules/jsdom/lib/jsdom/living/events/EventTarget-impl.js:221:9)
          at HTMLUnknownElementImpl.dispatchEvent (/Users/pabloelisseo/repos/one-beyond/csm/react-form-builder/node_modules/jsdom/lib/jsdom/living/events/EventTarget-impl.js:94:17)
          at HTMLUnknownElement.dispatchEvent (/Users/pabloelisseo/repos/one-beyond/csm/react-form-builder/node_modules/jsdom/lib/jsdom/living/generated/EventTarget.js:231:34)
          at Object.invokeGuardedCallbackDev (/Users/pabloelisseo/repos/one-beyond/csm/react-form-builder/node_modules/react-dom/cjs/react-dom.development.js:4213:16)
          at invokeGuardedCallback (/Users/pabloelisseo/repos/one-beyond/csm/react-form-builder/node_modules/react-dom/cjs/react-dom.development.js:4277:31)
          at beginWork$1 (/Users/pabloelisseo/repos/one-beyond/csm/react-form-builder/node_modules/react-dom/cjs/react-dom.development.js:27451:7)
          at performUnitOfWork (/Users/pabloelisseo/repos/one-beyond/csm/react-form-builder/node_modules/react-dom/cjs/react-dom.development.js:26560:12)
          at workLoopSync (/Users/pabloelisseo/repos/one-beyond/csm/react-form-builder/node_modules/react-dom/cjs/react-dom.development.js:26466:5)
          at renderRootSync (/Users/pabloelisseo/repos/one-beyond/csm/react-form-builder/node_modules/react-dom/cjs/react-dom.development.js:26434:7)
          at performConcurrentWorkOnRoot (/Users/pabloelisseo/repos/one-beyond/csm/react-form-builder/node_modules/react-dom/cjs/react-dom.development.js:25738:74)
          at flushActQueue (/Users/pabloelisseo/repos/one-beyond/csm/react-form-builder/node_modules/react/cjs/react.development.js:2667:24)
          at act (/Users/pabloelisseo/repos/one-beyond/csm/react-form-builder/node_modules/react/cjs/react.development.js:2582:11)
          at /Users/pabloelisseo/repos/one-beyond/csm/react-form-builder/node_modules/@testing-library/react/dist/act-compat.js:46:25
          at renderRoot (/Users/pabloelisseo/repos/one-beyond/csm/react-form-builder/node_modules/@testing-library/react/dist/pure.js:161:26)
          at render (/Users/pabloelisseo/repos/one-beyond/csm/react-form-builder/node_modules/@testing-library/react/dist/pure.js:247:10)
          at setup (/Users/pabloelisseo/repos/one-beyond/csm/react-form-builder/src/Questions/County/_tests_/county.test.js:48:33)
          at Object.<anonymous> (/Users/pabloelisseo/repos/one-beyond/csm/react-form-builder/src/Questions/County/_tests_/county.test.js:77:31)
          at Promise.then.completed (/Users/pabloelisseo/repos/one-beyond/csm/react-form-builder/node_modules/jest-circus/build/utils.js:391:28)
          at new Promise (<anonymous>)
          at callAsyncCircusFn (/Users/pabloelisseo/repos/one-beyond/csm/react-form-builder/node_modules/jest-circus/build/utils.js:316:10)
          at _callCircusTest (/Users/pabloelisseo/repos/one-beyond/csm/react-form-builder/node_modules/jest-circus/build/run.js:218:40)
          at processTicksAndRejections (node:internal/process/task_queues:95:5)
          at _runTest (/Users/pabloelisseo/repos/one-beyond/csm/react-form-builder/node_modules/jest-circus/build/run.js:155:3)
          at _runTestsForDescribeBlock (/Users/pabloelisseo/repos/one-beyond/csm/react-form-builder/node_modules/jest-circus/build/run.js:66:9)
          at run (/Users/pabloelisseo/repos/one-beyond/csm/react-form-builder/node_modules/jest-circus/build/run.js:25:3)
          at runAndTransformResultsToJestFormat (/Users/pabloelisseo/repos/one-beyond/csm/react-form-builder/node_modules/jest-circus/build/legacy-code-todo-rewrite/jestAdapterInit.js:170:21)
          at jestAdapter (/Users/pabloelisseo/repos/one-beyond/csm/react-form-builder/node_modules/jest-circus/build/legacy-code-todo-rewrite/jestAdapter.js:82:19)
          at runTestInternal (/Users/pabloelisseo/repos/one-beyond/csm/react-form-builder/node_modules/jest-runner/build/runTest.js:389:16)
          at runTest (/Users/pabloelisseo/repos/one-beyond/csm/react-form-builder/node_modules/jest-runner/build/runTest.js:475:34)
          at Object.worker (/Users/pabloelisseo/repos/one-beyond/csm/react-form-builder/node_modules/jest-runner/build/testWorker.js:133:12)

      at VirtualConsole.<anonymous> (node_modules/jsdom/lib/jsdom/virtual-console.js:29:45)
      at reportException (node_modules/jsdom/lib/jsdom/living/helpers/runtime-script-errors.js:70:28)
      at innerInvokeEventListeners (node_modules/jsdom/lib/jsdom/living/events/EventTarget-impl.js:341:9)
      at invokeEventListeners (node_modules/jsdom/lib/jsdom/living/events/EventTarget-impl.js:274:3)
      at HTMLUnknownElementImpl._dispatch (node_modules/jsdom/lib/jsdom/living/events/EventTarget-impl.js:221:9)
      at HTMLUnknownElementImpl.dispatchEvent (node_modules/jsdom/lib/jsdom/living/events/EventTarget-impl.js:94:17)
      at HTMLUnknownElement.dispatchEvent (node_modules/jsdom/lib/jsdom/living/generated/EventTarget.js:231:34)

    console.error
      Error: Uncaught [TypeError: Cannot read properties of undefined (reading 'array')]
          at reportException (/Users/pabloelisseo/repos/one-beyond/csm/react-form-builder/node_modules/jsdom/lib/jsdom/living/helpers/runtime-script-errors.js:66:24)
          at innerInvokeEventListeners (/Users/pabloelisseo/repos/one-beyond/csm/react-form-builder/node_modules/jsdom/lib/jsdom/living/events/EventTarget-impl.js:341:9)
          at invokeEventListeners (/Users/pabloelisseo/repos/one-beyond/csm/react-form-builder/node_modules/jsdom/lib/jsdom/living/events/EventTarget-impl.js:274:3)
          at HTMLUnknownElementImpl._dispatch (/Users/pabloelisseo/repos/one-beyond/csm/react-form-builder/node_modules/jsdom/lib/jsdom/living/events/EventTarget-impl.js:221:9)
          at HTMLUnknownElementImpl.dispatchEvent (/Users/pabloelisseo/repos/one-beyond/csm/react-form-builder/node_modules/jsdom/lib/jsdom/living/events/EventTarget-impl.js:94:17)
          at HTMLUnknownElement.dispatchEvent (/Users/pabloelisseo/repos/one-beyond/csm/react-form-builder/node_modules/jsdom/lib/jsdom/living/generated/EventTarget.js:231:34)
          at Object.invokeGuardedCallbackDev (/Users/pabloelisseo/repos/one-beyond/csm/react-form-builder/node_modules/react-dom/cjs/react-dom.development.js:4213:16)
          at invokeGuardedCallback (/Users/pabloelisseo/repos/one-beyond/csm/react-form-builder/node_modules/react-dom/cjs/react-dom.development.js:4277:31)
          at beginWork$1 (/Users/pabloelisseo/repos/one-beyond/csm/react-form-builder/node_modules/react-dom/cjs/react-dom.development.js:27451:7)
          at performUnitOfWork (/Users/pabloelisseo/repos/one-beyond/csm/react-form-builder/node_modules/react-dom/cjs/react-dom.development.js:26560:12) TypeError: Cannot read properties of undefined (reading 'array')
          at control (/Users/pabloelisseo/repos/one-beyond/csm/react-form-builder/node_modules/react-hook-form/src/useController.ts:63:35)
          at Object.<anonymous>.exports.Controller (/Users/pabloelisseo/repos/one-beyond/csm/react-form-builder/node_modules/react-hook-form/src/form.tsx:38:5)
          at renderWithHooks (/Users/pabloelisseo/repos/one-beyond/csm/react-form-builder/node_modules/react-dom/cjs/react-dom.development.js:16305:18)
          at mountIndeterminateComponent (/Users/pabloelisseo/repos/one-beyond/csm/react-form-builder/node_modules/react-dom/cjs/react-dom.development.js:20074:13)
          at beginWork (/Users/pabloelisseo/repos/one-beyond/csm/react-form-builder/node_modules/react-dom/cjs/react-dom.development.js:21587:16)
          at HTMLUnknownElement.callCallback (/Users/pabloelisseo/repos/one-beyond/csm/react-form-builder/node_modules/react-dom/cjs/react-dom.development.js:4164:14)
          at HTMLUnknownElement.callTheUserObjectsOperation (/Users/pabloelisseo/repos/one-beyond/csm/react-form-builder/node_modules/jsdom/lib/jsdom/living/generated/EventListener.js:26:30)
          at innerInvokeEventListeners (/Users/pabloelisseo/repos/one-beyond/csm/react-form-builder/node_modules/jsdom/lib/jsdom/living/events/EventTarget-impl.js:338:25)
          at invokeEventListeners (/Users/pabloelisseo/repos/one-beyond/csm/react-form-builder/node_modules/jsdom/lib/jsdom/living/events/EventTarget-impl.js:274:3)
          at HTMLUnknownElementImpl._dispatch (/Users/pabloelisseo/repos/one-beyond/csm/react-form-builder/node_modules/jsdom/lib/jsdom/living/events/EventTarget-impl.js:221:9)
          at HTMLUnknownElementImpl.dispatchEvent (/Users/pabloelisseo/repos/one-beyond/csm/react-form-builder/node_modules/jsdom/lib/jsdom/living/events/EventTarget-impl.js:94:17)
          at HTMLUnknownElement.dispatchEvent (/Users/pabloelisseo/repos/one-beyond/csm/react-form-builder/node_modules/jsdom/lib/jsdom/living/generated/EventTarget.js:231:34)
          at Object.invokeGuardedCallbackDev (/Users/pabloelisseo/repos/one-beyond/csm/react-form-builder/node_modules/react-dom/cjs/react-dom.development.js:4213:16)
          at invokeGuardedCallback (/Users/pabloelisseo/repos/one-beyond/csm/react-form-builder/node_modules/react-dom/cjs/react-dom.development.js:4277:31)
          at beginWork$1 (/Users/pabloelisseo/repos/one-beyond/csm/react-form-builder/node_modules/react-dom/cjs/react-dom.development.js:27451:7)
          at performUnitOfWork (/Users/pabloelisseo/repos/one-beyond/csm/react-form-builder/node_modules/react-dom/cjs/react-dom.development.js:26560:12)
          at workLoopSync (/Users/pabloelisseo/repos/one-beyond/csm/react-form-builder/node_modules/react-dom/cjs/react-dom.development.js:26466:5)
          at renderRootSync (/Users/pabloelisseo/repos/one-beyond/csm/react-form-builder/node_modules/react-dom/cjs/react-dom.development.js:26434:7)
          at recoverFromConcurrentError (/Users/pabloelisseo/repos/one-beyond/csm/react-form-builder/node_modules/react-dom/cjs/react-dom.development.js:25850:20)
          at performConcurrentWorkOnRoot (/Users/pabloelisseo/repos/one-beyond/csm/react-form-builder/node_modules/react-dom/cjs/react-dom.development.js:25750:22)
          at flushActQueue (/Users/pabloelisseo/repos/one-beyond/csm/react-form-builder/node_modules/react/cjs/react.development.js:2667:24)
          at act (/Users/pabloelisseo/repos/one-beyond/csm/react-form-builder/node_modules/react/cjs/react.development.js:2582:11)
          at /Users/pabloelisseo/repos/one-beyond/csm/react-form-builder/node_modules/@testing-library/react/dist/act-compat.js:46:25
          at renderRoot (/Users/pabloelisseo/repos/one-beyond/csm/react-form-builder/node_modules/@testing-library/react/dist/pure.js:161:26)
          at render (/Users/pabloelisseo/repos/one-beyond/csm/react-form-builder/node_modules/@testing-library/react/dist/pure.js:247:10)
          at setup (/Users/pabloelisseo/repos/one-beyond/csm/react-form-builder/src/Questions/County/_tests_/county.test.js:48:33)
          at Object.<anonymous> (/Users/pabloelisseo/repos/one-beyond/csm/react-form-builder/src/Questions/County/_tests_/county.test.js:77:31)
          at Promise.then.completed (/Users/pabloelisseo/repos/one-beyond/csm/react-form-builder/node_modules/jest-circus/build/utils.js:391:28)
          at new Promise (<anonymous>)
          at callAsyncCircusFn (/Users/pabloelisseo/repos/one-beyond/csm/react-form-builder/node_modules/jest-circus/build/utils.js:316:10)
          at _callCircusTest (/Users/pabloelisseo/repos/one-beyond/csm/react-form-builder/node_modules/jest-circus/build/run.js:218:40)
          at processTicksAndRejections (node:internal/process/task_queues:95:5)
          at _runTest (/Users/pabloelisseo/repos/one-beyond/csm/react-form-builder/node_modules/jest-circus/build/run.js:155:3)
          at _runTestsForDescribeBlock (/Users/pabloelisseo/repos/one-beyond/csm/react-form-builder/node_modules/jest-circus/build/run.js:66:9)
          at run (/Users/pabloelisseo/repos/one-beyond/csm/react-form-builder/node_modules/jest-circus/build/run.js:25:3)
          at runAndTransformResultsToJestFormat (/Users/pabloelisseo/repos/one-beyond/csm/react-form-builder/node_modules/jest-circus/build/legacy-code-todo-rewrite/jestAdapterInit.js:170:21)
          at jestAdapter (/Users/pabloelisseo/repos/one-beyond/csm/react-form-builder/node_modules/jest-circus/build/legacy-code-todo-rewrite/jestAdapter.js:82:19)
          at runTestInternal (/Users/pabloelisseo/repos/one-beyond/csm/react-form-builder/node_modules/jest-runner/build/runTest.js:389:16)
          at runTest (/Users/pabloelisseo/repos/one-beyond/csm/react-form-builder/node_modules/jest-runner/build/runTest.js:475:34)
          at Object.worker (/Users/pabloelisseo/repos/one-beyond/csm/react-form-builder/node_modules/jest-runner/build/testWorker.js:133:12)

      at VirtualConsole.<anonymous> (node_modules/jsdom/lib/jsdom/virtual-console.js:29:45)
      at reportException (node_modules/jsdom/lib/jsdom/living/helpers/runtime-script-errors.js:70:28)
      at innerInvokeEventListeners (node_modules/jsdom/lib/jsdom/living/events/EventTarget-impl.js:341:9)
      at invokeEventListeners (node_modules/jsdom/lib/jsdom/living/events/EventTarget-impl.js:274:3)
      at HTMLUnknownElementImpl._dispatch (node_modules/jsdom/lib/jsdom/living/events/EventTarget-impl.js:221:9)
      at HTMLUnknownElementImpl.dispatchEvent (node_modules/jsdom/lib/jsdom/living/events/EventTarget-impl.js:94:17)
      at HTMLUnknownElement.dispatchEvent (node_modules/jsdom/lib/jsdom/living/generated/EventTarget.js:231:34)

    console.error
      Error: Uncaught [TypeError: Cannot read properties of undefined (reading 'array')]
          at reportException (/Users/pabloelisseo/repos/one-beyond/csm/react-form-builder/node_modules/jsdom/lib/jsdom/living/helpers/runtime-script-errors.js:66:24)
          at innerInvokeEventListeners (/Users/pabloelisseo/repos/one-beyond/csm/react-form-builder/node_modules/jsdom/lib/jsdom/living/events/EventTarget-impl.js:341:9)
          at invokeEventListeners (/Users/pabloelisseo/repos/one-beyond/csm/react-form-builder/node_modules/jsdom/lib/jsdom/living/events/EventTarget-impl.js:274:3)
          at HTMLUnknownElementImpl._dispatch (/Users/pabloelisseo/repos/one-beyond/csm/react-form-builder/node_modules/jsdom/lib/jsdom/living/events/EventTarget-impl.js:221:9)
          at HTMLUnknownElementImpl.dispatchEvent (/Users/pabloelisseo/repos/one-beyond/csm/react-form-builder/node_modules/jsdom/lib/jsdom/living/events/EventTarget-impl.js:94:17)
          at HTMLUnknownElement.dispatchEvent (/Users/pabloelisseo/repos/one-beyond/csm/react-form-builder/node_modules/jsdom/lib/jsdom/living/generated/EventTarget.js:231:34)
          at Object.invokeGuardedCallbackDev (/Users/pabloelisseo/repos/one-beyond/csm/react-form-builder/node_modules/react-dom/cjs/react-dom.development.js:4213:16)
          at invokeGuardedCallback (/Users/pabloelisseo/repos/one-beyond/csm/react-form-builder/node_modules/react-dom/cjs/react-dom.development.js:4277:31)
          at beginWork$1 (/Users/pabloelisseo/repos/one-beyond/csm/react-form-builder/node_modules/react-dom/cjs/react-dom.development.js:27451:7)
          at performUnitOfWork (/Users/pabloelisseo/repos/one-beyond/csm/react-form-builder/node_modules/react-dom/cjs/react-dom.development.js:26560:12) TypeError: Cannot read properties of undefined (reading 'array')
          at control (/Users/pabloelisseo/repos/one-beyond/csm/react-form-builder/node_modules/react-hook-form/src/useController.ts:63:35)
          at Object.<anonymous>.exports.Controller (/Users/pabloelisseo/repos/one-beyond/csm/react-form-builder/node_modules/react-hook-form/src/form.tsx:38:5)
          at renderWithHooks (/Users/pabloelisseo/repos/one-beyond/csm/react-form-builder/node_modules/react-dom/cjs/react-dom.development.js:16305:18)
          at mountIndeterminateComponent (/Users/pabloelisseo/repos/one-beyond/csm/react-form-builder/node_modules/react-dom/cjs/react-dom.development.js:20074:13)
          at beginWork (/Users/pabloelisseo/repos/one-beyond/csm/react-form-builder/node_modules/react-dom/cjs/react-dom.development.js:21587:16)
          at HTMLUnknownElement.callCallback (/Users/pabloelisseo/repos/one-beyond/csm/react-form-builder/node_modules/react-dom/cjs/react-dom.development.js:4164:14)
          at HTMLUnknownElement.callTheUserObjectsOperation (/Users/pabloelisseo/repos/one-beyond/csm/react-form-builder/node_modules/jsdom/lib/jsdom/living/generated/EventListener.js:26:30)
          at innerInvokeEventListeners (/Users/pabloelisseo/repos/one-beyond/csm/react-form-builder/node_modules/jsdom/lib/jsdom/living/events/EventTarget-impl.js:338:25)
          at invokeEventListeners (/Users/pabloelisseo/repos/one-beyond/csm/react-form-builder/node_modules/jsdom/lib/jsdom/living/events/EventTarget-impl.js:274:3)
          at HTMLUnknownElementImpl._dispatch (/Users/pabloelisseo/repos/one-beyond/csm/react-form-builder/node_modules/jsdom/lib/jsdom/living/events/EventTarget-impl.js:221:9)
          at HTMLUnknownElementImpl.dispatchEvent (/Users/pabloelisseo/repos/one-beyond/csm/react-form-builder/node_modules/jsdom/lib/jsdom/living/events/EventTarget-impl.js:94:17)
          at HTMLUnknownElement.dispatchEvent (/Users/pabloelisseo/repos/one-beyond/csm/react-form-builder/node_modules/jsdom/lib/jsdom/living/generated/EventTarget.js:231:34)
          at Object.invokeGuardedCallbackDev (/Users/pabloelisseo/repos/one-beyond/csm/react-form-builder/node_modules/react-dom/cjs/react-dom.development.js:4213:16)
          at invokeGuardedCallback (/Users/pabloelisseo/repos/one-beyond/csm/react-form-builder/node_modules/react-dom/cjs/react-dom.development.js:4277:31)
          at beginWork$1 (/Users/pabloelisseo/repos/one-beyond/csm/react-form-builder/node_modules/react-dom/cjs/react-dom.development.js:27451:7)
          at performUnitOfWork (/Users/pabloelisseo/repos/one-beyond/csm/react-form-builder/node_modules/react-dom/cjs/react-dom.development.js:26560:12)
          at workLoopSync (/Users/pabloelisseo/repos/one-beyond/csm/react-form-builder/node_modules/react-dom/cjs/react-dom.development.js:26466:5)
          at renderRootSync (/Users/pabloelisseo/repos/one-beyond/csm/react-form-builder/node_modules/react-dom/cjs/react-dom.development.js:26434:7)
          at recoverFromConcurrentError (/Users/pabloelisseo/repos/one-beyond/csm/react-form-builder/node_modules/react-dom/cjs/react-dom.development.js:25850:20)
          at performConcurrentWorkOnRoot (/Users/pabloelisseo/repos/one-beyond/csm/react-form-builder/node_modules/react-dom/cjs/react-dom.development.js:25750:22)
          at flushActQueue (/Users/pabloelisseo/repos/one-beyond/csm/react-form-builder/node_modules/react/cjs/react.development.js:2667:24)
          at act (/Users/pabloelisseo/repos/one-beyond/csm/react-form-builder/node_modules/react/cjs/react.development.js:2582:11)
          at /Users/pabloelisseo/repos/one-beyond/csm/react-form-builder/node_modules/@testing-library/react/dist/act-compat.js:46:25
          at renderRoot (/Users/pabloelisseo/repos/one-beyond/csm/react-form-builder/node_modules/@testing-library/react/dist/pure.js:161:26)
          at render (/Users/pabloelisseo/repos/one-beyond/csm/react-form-builder/node_modules/@testing-library/react/dist/pure.js:247:10)
          at setup (/Users/pabloelisseo/repos/one-beyond/csm/react-form-builder/src/Questions/County/_tests_/county.test.js:48:33)
          at Object.<anonymous> (/Users/pabloelisseo/repos/one-beyond/csm/react-form-builder/src/Questions/County/_tests_/county.test.js:77:31)
          at Promise.then.completed (/Users/pabloelisseo/repos/one-beyond/csm/react-form-builder/node_modules/jest-circus/build/utils.js:391:28)
          at new Promise (<anonymous>)
          at callAsyncCircusFn (/Users/pabloelisseo/repos/one-beyond/csm/react-form-builder/node_modules/jest-circus/build/utils.js:316:10)
          at _callCircusTest (/Users/pabloelisseo/repos/one-beyond/csm/react-form-builder/node_modules/jest-circus/build/run.js:218:40)
          at processTicksAndRejections (node:internal/process/task_queues:95:5)
          at _runTest (/Users/pabloelisseo/repos/one-beyond/csm/react-form-builder/node_modules/jest-circus/build/run.js:155:3)
          at _runTestsForDescribeBlock (/Users/pabloelisseo/repos/one-beyond/csm/react-form-builder/node_modules/jest-circus/build/run.js:66:9)
          at run (/Users/pabloelisseo/repos/one-beyond/csm/react-form-builder/node_modules/jest-circus/build/run.js:25:3)
          at runAndTransformResultsToJestFormat (/Users/pabloelisseo/repos/one-beyond/csm/react-form-builder/node_modules/jest-circus/build/legacy-code-todo-rewrite/jestAdapterInit.js:170:21)
          at jestAdapter (/Users/pabloelisseo/repos/one-beyond/csm/react-form-builder/node_modules/jest-circus/build/legacy-code-todo-rewrite/jestAdapter.js:82:19)
          at runTestInternal (/Users/pabloelisseo/repos/one-beyond/csm/react-form-builder/node_modules/jest-runner/build/runTest.js:389:16)
          at runTest (/Users/pabloelisseo/repos/one-beyond/csm/react-form-builder/node_modules/jest-runner/build/runTest.js:475:34)
          at Object.worker (/Users/pabloelisseo/repos/one-beyond/csm/react-form-builder/node_modules/jest-runner/build/testWorker.js:133:12)

      at VirtualConsole.<anonymous> (node_modules/jsdom/lib/jsdom/virtual-console.js:29:45)
      at reportException (node_modules/jsdom/lib/jsdom/living/helpers/runtime-script-errors.js:70:28)
      at innerInvokeEventListeners (node_modules/jsdom/lib/jsdom/living/events/EventTarget-impl.js:341:9)
      at invokeEventListeners (node_modules/jsdom/lib/jsdom/living/events/EventTarget-impl.js:274:3)
      at HTMLUnknownElementImpl._dispatch (node_modules/jsdom/lib/jsdom/living/events/EventTarget-impl.js:221:9)
      at HTMLUnknownElementImpl.dispatchEvent (node_modules/jsdom/lib/jsdom/living/events/EventTarget-impl.js:94:17)
      at HTMLUnknownElement.dispatchEvent (node_modules/jsdom/lib/jsdom/living/generated/EventTarget.js:231:34)

    console.error
      The above error occurred in one of your React components:
      
          at Object.<anonymous>.exports.Controller (/Users/pabloelisseo/repos/one-beyond/csm/react-form-builder/node_modules/react-hook-form/src/form.tsx:37:9)
          at Select (/Users/pabloelisseo/repos/one-beyond/csm/react-form-builder/src/Fields/Select/index.js:10:3)
          at div
          at /Users/pabloelisseo/repos/one-beyond/csm/react-form-builder/node_modules/@emotion/react/dist/emotion-element-48d2c2e4.cjs.dev.js:62:23
          at QuestionCountry (/Users/pabloelisseo/repos/one-beyond/csm/react-form-builder/src/Questions/Country/index.js:38:3)
      
      Consider adding an error boundary to your tree to customize error handling behavior.
      Visit https://reactjs.org/link/error-boundaries to learn more about error boundaries.

      at logCapturedError (node_modules/react-dom/cjs/react-dom.development.js:18687:23)
      at update.callback (node_modules/react-dom/cjs/react-dom.development.js:18720:5)
      at callCallback (node_modules/react-dom/cjs/react-dom.development.js:13923:12)
      at commitUpdateQueue (node_modules/react-dom/cjs/react-dom.development.js:13944:9)
      at commitLayoutEffectOnFiber (node_modules/react-dom/cjs/react-dom.development.js:23391:13)
      at commitLayoutMountEffects_complete (node_modules/react-dom/cjs/react-dom.development.js:24688:9)
      at commitLayoutEffects_begin (node_modules/react-dom/cjs/react-dom.development.js:24674:7)
      at commitLayoutEffects (node_modules/react-dom/cjs/react-dom.development.js:24612:3)

    console.error
      The above error occurred in one of your React components:
      
          at Object.<anonymous>.exports.Controller (/Users/pabloelisseo/repos/one-beyond/csm/react-form-builder/node_modules/react-hook-form/src/form.tsx:37:9)
          at Select (/Users/pabloelisseo/repos/one-beyond/csm/react-form-builder/src/Fields/Select/index.js:10:3)
          at div
          at /Users/pabloelisseo/repos/one-beyond/csm/react-form-builder/node_modules/@emotion/react/dist/emotion-element-48d2c2e4.cjs.dev.js:62:23
          at QuestionCounty (/Users/pabloelisseo/repos/one-beyond/csm/react-form-builder/src/Questions/County/index.js:9:27)
      
      Consider adding an error boundary to your tree to customize error handling behavior.
      Visit https://reactjs.org/link/error-boundaries to learn more about error boundaries.

      at logCapturedError (node_modules/react-dom/cjs/react-dom.development.js:18687:23)
      at update.callback (node_modules/react-dom/cjs/react-dom.development.js:18720:5)
      at callCallback (node_modules/react-dom/cjs/react-dom.development.js:13923:12)
      at commitUpdateQueue (node_modules/react-dom/cjs/react-dom.development.js:13944:9)
      at commitLayoutEffectOnFiber (node_modules/react-dom/cjs/react-dom.development.js:23391:13)
      at commitLayoutMountEffects_complete (node_modules/react-dom/cjs/react-dom.development.js:24688:9)
      at commitLayoutEffects_begin (node_modules/react-dom/cjs/react-dom.development.js:24674:7)
      at commitLayoutEffects (node_modules/react-dom/cjs/react-dom.development.js:24612:3)

    console.error
      Error: Uncaught [TypeError: Cannot read properties of undefined (reading 'array')]
          at reportException (/Users/pabloelisseo/repos/one-beyond/csm/react-form-builder/node_modules/jsdom/lib/jsdom/living/helpers/runtime-script-errors.js:66:24)
          at innerInvokeEventListeners (/Users/pabloelisseo/repos/one-beyond/csm/react-form-builder/node_modules/jsdom/lib/jsdom/living/events/EventTarget-impl.js:341:9)
          at invokeEventListeners (/Users/pabloelisseo/repos/one-beyond/csm/react-form-builder/node_modules/jsdom/lib/jsdom/living/events/EventTarget-impl.js:274:3)
          at HTMLUnknownElementImpl._dispatch (/Users/pabloelisseo/repos/one-beyond/csm/react-form-builder/node_modules/jsdom/lib/jsdom/living/events/EventTarget-impl.js:221:9)
          at HTMLUnknownElementImpl.dispatchEvent (/Users/pabloelisseo/repos/one-beyond/csm/react-form-builder/node_modules/jsdom/lib/jsdom/living/events/EventTarget-impl.js:94:17)
          at HTMLUnknownElement.dispatchEvent (/Users/pabloelisseo/repos/one-beyond/csm/react-form-builder/node_modules/jsdom/lib/jsdom/living/generated/EventTarget.js:231:34)
          at Object.invokeGuardedCallbackDev (/Users/pabloelisseo/repos/one-beyond/csm/react-form-builder/node_modules/react-dom/cjs/react-dom.development.js:4213:16)
          at invokeGuardedCallback (/Users/pabloelisseo/repos/one-beyond/csm/react-form-builder/node_modules/react-dom/cjs/react-dom.development.js:4277:31)
          at beginWork$1 (/Users/pabloelisseo/repos/one-beyond/csm/react-form-builder/node_modules/react-dom/cjs/react-dom.development.js:27451:7)
          at performUnitOfWork (/Users/pabloelisseo/repos/one-beyond/csm/react-form-builder/node_modules/react-dom/cjs/react-dom.development.js:26560:12) TypeError: Cannot read properties of undefined (reading 'array')
          at control (/Users/pabloelisseo/repos/one-beyond/csm/react-form-builder/node_modules/react-hook-form/src/useController.ts:63:35)
          at Object.<anonymous>.exports.Controller (/Users/pabloelisseo/repos/one-beyond/csm/react-form-builder/node_modules/react-hook-form/src/form.tsx:38:5)
          at renderWithHooks (/Users/pabloelisseo/repos/one-beyond/csm/react-form-builder/node_modules/react-dom/cjs/react-dom.development.js:16305:18)
          at mountIndeterminateComponent (/Users/pabloelisseo/repos/one-beyond/csm/react-form-builder/node_modules/react-dom/cjs/react-dom.development.js:20074:13)
          at beginWork (/Users/pabloelisseo/repos/one-beyond/csm/react-form-builder/node_modules/react-dom/cjs/react-dom.development.js:21587:16)
          at HTMLUnknownElement.callCallback (/Users/pabloelisseo/repos/one-beyond/csm/react-form-builder/node_modules/react-dom/cjs/react-dom.development.js:4164:14)
          at HTMLUnknownElement.callTheUserObjectsOperation (/Users/pabloelisseo/repos/one-beyond/csm/react-form-builder/node_modules/jsdom/lib/jsdom/living/generated/EventListener.js:26:30)
          at innerInvokeEventListeners (/Users/pabloelisseo/repos/one-beyond/csm/react-form-builder/node_modules/jsdom/lib/jsdom/living/events/EventTarget-impl.js:338:25)
          at invokeEventListeners (/Users/pabloelisseo/repos/one-beyond/csm/react-form-builder/node_modules/jsdom/lib/jsdom/living/events/EventTarget-impl.js:274:3)
          at HTMLUnknownElementImpl._dispatch (/Users/pabloelisseo/repos/one-beyond/csm/react-form-builder/node_modules/jsdom/lib/jsdom/living/events/EventTarget-impl.js:221:9)
          at HTMLUnknownElementImpl.dispatchEvent (/Users/pabloelisseo/repos/one-beyond/csm/react-form-builder/node_modules/jsdom/lib/jsdom/living/events/EventTarget-impl.js:94:17)
          at HTMLUnknownElement.dispatchEvent (/Users/pabloelisseo/repos/one-beyond/csm/react-form-builder/node_modules/jsdom/lib/jsdom/living/generated/EventTarget.js:231:34)
          at Object.invokeGuardedCallbackDev (/Users/pabloelisseo/repos/one-beyond/csm/react-form-builder/node_modules/react-dom/cjs/react-dom.development.js:4213:16)
          at invokeGuardedCallback (/Users/pabloelisseo/repos/one-beyond/csm/react-form-builder/node_modules/react-dom/cjs/react-dom.development.js:4277:31)
          at beginWork$1 (/Users/pabloelisseo/repos/one-beyond/csm/react-form-builder/node_modules/react-dom/cjs/react-dom.development.js:27451:7)
          at performUnitOfWork (/Users/pabloelisseo/repos/one-beyond/csm/react-form-builder/node_modules/react-dom/cjs/react-dom.development.js:26560:12)
          at workLoopSync (/Users/pabloelisseo/repos/one-beyond/csm/react-form-builder/node_modules/react-dom/cjs/react-dom.development.js:26466:5)
          at renderRootSync (/Users/pabloelisseo/repos/one-beyond/csm/react-form-builder/node_modules/react-dom/cjs/react-dom.development.js:26434:7)
          at performConcurrentWorkOnRoot (/Users/pabloelisseo/repos/one-beyond/csm/react-form-builder/node_modules/react-dom/cjs/react-dom.development.js:25738:74)
          at flushActQueue (/Users/pabloelisseo/repos/one-beyond/csm/react-form-builder/node_modules/react/cjs/react.development.js:2667:24)
          at act (/Users/pabloelisseo/repos/one-beyond/csm/react-form-builder/node_modules/react/cjs/react.development.js:2582:11)
          at /Users/pabloelisseo/repos/one-beyond/csm/react-form-builder/node_modules/@testing-library/react/dist/act-compat.js:46:25
          at renderRoot (/Users/pabloelisseo/repos/one-beyond/csm/react-form-builder/node_modules/@testing-library/react/dist/pure.js:161:26)
          at render (/Users/pabloelisseo/repos/one-beyond/csm/react-form-builder/node_modules/@testing-library/react/dist/pure.js:247:10)
          at Object.<anonymous> (/Users/pabloelisseo/repos/one-beyond/csm/react-form-builder/src/Questions/County/_tests_/county.test.js:84:9)
          at Promise.then.completed (/Users/pabloelisseo/repos/one-beyond/csm/react-form-builder/node_modules/jest-circus/build/utils.js:391:28)
          at new Promise (<anonymous>)
          at callAsyncCircusFn (/Users/pabloelisseo/repos/one-beyond/csm/react-form-builder/node_modules/jest-circus/build/utils.js:316:10)
          at _callCircusTest (/Users/pabloelisseo/repos/one-beyond/csm/react-form-builder/node_modules/jest-circus/build/run.js:218:40)
          at processTicksAndRejections (node:internal/process/task_queues:95:5)
          at _runTest (/Users/pabloelisseo/repos/one-beyond/csm/react-form-builder/node_modules/jest-circus/build/run.js:155:3)
          at _runTestsForDescribeBlock (/Users/pabloelisseo/repos/one-beyond/csm/react-form-builder/node_modules/jest-circus/build/run.js:66:9)
          at run (/Users/pabloelisseo/repos/one-beyond/csm/react-form-builder/node_modules/jest-circus/build/run.js:25:3)
          at runAndTransformResultsToJestFormat (/Users/pabloelisseo/repos/one-beyond/csm/react-form-builder/node_modules/jest-circus/build/legacy-code-todo-rewrite/jestAdapterInit.js:170:21)
          at jestAdapter (/Users/pabloelisseo/repos/one-beyond/csm/react-form-builder/node_modules/jest-circus/build/legacy-code-todo-rewrite/jestAdapter.js:82:19)
          at runTestInternal (/Users/pabloelisseo/repos/one-beyond/csm/react-form-builder/node_modules/jest-runner/build/runTest.js:389:16)
          at runTest (/Users/pabloelisseo/repos/one-beyond/csm/react-form-builder/node_modules/jest-runner/build/runTest.js:475:34)
          at Object.worker (/Users/pabloelisseo/repos/one-beyond/csm/react-form-builder/node_modules/jest-runner/build/testWorker.js:133:12)

      at VirtualConsole.<anonymous> (node_modules/jsdom/lib/jsdom/virtual-console.js:29:45)
      at reportException (node_modules/jsdom/lib/jsdom/living/helpers/runtime-script-errors.js:70:28)
      at innerInvokeEventListeners (node_modules/jsdom/lib/jsdom/living/events/EventTarget-impl.js:341:9)
      at invokeEventListeners (node_modules/jsdom/lib/jsdom/living/events/EventTarget-impl.js:274:3)
      at HTMLUnknownElementImpl._dispatch (node_modules/jsdom/lib/jsdom/living/events/EventTarget-impl.js:221:9)
      at HTMLUnknownElementImpl.dispatchEvent (node_modules/jsdom/lib/jsdom/living/events/EventTarget-impl.js:94:17)
      at HTMLUnknownElement.dispatchEvent (node_modules/jsdom/lib/jsdom/living/generated/EventTarget.js:231:34)

    console.error
      Error: Uncaught [TypeError: Cannot read properties of undefined (reading 'array')]
          at reportException (/Users/pabloelisseo/repos/one-beyond/csm/react-form-builder/node_modules/jsdom/lib/jsdom/living/helpers/runtime-script-errors.js:66:24)
          at innerInvokeEventListeners (/Users/pabloelisseo/repos/one-beyond/csm/react-form-builder/node_modules/jsdom/lib/jsdom/living/events/EventTarget-impl.js:341:9)
          at invokeEventListeners (/Users/pabloelisseo/repos/one-beyond/csm/react-form-builder/node_modules/jsdom/lib/jsdom/living/events/EventTarget-impl.js:274:3)
          at HTMLUnknownElementImpl._dispatch (/Users/pabloelisseo/repos/one-beyond/csm/react-form-builder/node_modules/jsdom/lib/jsdom/living/events/EventTarget-impl.js:221:9)
          at HTMLUnknownElementImpl.dispatchEvent (/Users/pabloelisseo/repos/one-beyond/csm/react-form-builder/node_modules/jsdom/lib/jsdom/living/events/EventTarget-impl.js:94:17)
          at HTMLUnknownElement.dispatchEvent (/Users/pabloelisseo/repos/one-beyond/csm/react-form-builder/node_modules/jsdom/lib/jsdom/living/generated/EventTarget.js:231:34)
          at Object.invokeGuardedCallbackDev (/Users/pabloelisseo/repos/one-beyond/csm/react-form-builder/node_modules/react-dom/cjs/react-dom.development.js:4213:16)
          at invokeGuardedCallback (/Users/pabloelisseo/repos/one-beyond/csm/react-form-builder/node_modules/react-dom/cjs/react-dom.development.js:4277:31)
          at beginWork$1 (/Users/pabloelisseo/repos/one-beyond/csm/react-form-builder/node_modules/react-dom/cjs/react-dom.development.js:27451:7)
          at performUnitOfWork (/Users/pabloelisseo/repos/one-beyond/csm/react-form-builder/node_modules/react-dom/cjs/react-dom.development.js:26560:12) TypeError: Cannot read properties of undefined (reading 'array')
          at control (/Users/pabloelisseo/repos/one-beyond/csm/react-form-builder/node_modules/react-hook-form/src/useController.ts:63:35)
          at Object.<anonymous>.exports.Controller (/Users/pabloelisseo/repos/one-beyond/csm/react-form-builder/node_modules/react-hook-form/src/form.tsx:38:5)
          at renderWithHooks (/Users/pabloelisseo/repos/one-beyond/csm/react-form-builder/node_modules/react-dom/cjs/react-dom.development.js:16305:18)
          at mountIndeterminateComponent (/Users/pabloelisseo/repos/one-beyond/csm/react-form-builder/node_modules/react-dom/cjs/react-dom.development.js:20074:13)
          at beginWork (/Users/pabloelisseo/repos/one-beyond/csm/react-form-builder/node_modules/react-dom/cjs/react-dom.development.js:21587:16)
          at HTMLUnknownElement.callCallback (/Users/pabloelisseo/repos/one-beyond/csm/react-form-builder/node_modules/react-dom/cjs/react-dom.development.js:4164:14)
          at HTMLUnknownElement.callTheUserObjectsOperation (/Users/pabloelisseo/repos/one-beyond/csm/react-form-builder/node_modules/jsdom/lib/jsdom/living/generated/EventListener.js:26:30)
          at innerInvokeEventListeners (/Users/pabloelisseo/repos/one-beyond/csm/react-form-builder/node_modules/jsdom/lib/jsdom/living/events/EventTarget-impl.js:338:25)
          at invokeEventListeners (/Users/pabloelisseo/repos/one-beyond/csm/react-form-builder/node_modules/jsdom/lib/jsdom/living/events/EventTarget-impl.js:274:3)
          at HTMLUnknownElementImpl._dispatch (/Users/pabloelisseo/repos/one-beyond/csm/react-form-builder/node_modules/jsdom/lib/jsdom/living/events/EventTarget-impl.js:221:9)
          at HTMLUnknownElementImpl.dispatchEvent (/Users/pabloelisseo/repos/one-beyond/csm/react-form-builder/node_modules/jsdom/lib/jsdom/living/events/EventTarget-impl.js:94:17)
          at HTMLUnknownElement.dispatchEvent (/Users/pabloelisseo/repos/one-beyond/csm/react-form-builder/node_modules/jsdom/lib/jsdom/living/generated/EventTarget.js:231:34)
          at Object.invokeGuardedCallbackDev (/Users/pabloelisseo/repos/one-beyond/csm/react-form-builder/node_modules/react-dom/cjs/react-dom.development.js:4213:16)
          at invokeGuardedCallback (/Users/pabloelisseo/repos/one-beyond/csm/react-form-builder/node_modules/react-dom/cjs/react-dom.development.js:4277:31)
          at beginWork$1 (/Users/pabloelisseo/repos/one-beyond/csm/react-form-builder/node_modules/react-dom/cjs/react-dom.development.js:27451:7)
          at performUnitOfWork (/Users/pabloelisseo/repos/one-beyond/csm/react-form-builder/node_modules/react-dom/cjs/react-dom.development.js:26560:12)
          at workLoopSync (/Users/pabloelisseo/repos/one-beyond/csm/react-form-builder/node_modules/react-dom/cjs/react-dom.development.js:26466:5)
          at renderRootSync (/Users/pabloelisseo/repos/one-beyond/csm/react-form-builder/node_modules/react-dom/cjs/react-dom.development.js:26434:7)
          at recoverFromConcurrentError (/Users/pabloelisseo/repos/one-beyond/csm/react-form-builder/node_modules/react-dom/cjs/react-dom.development.js:25850:20)
          at performConcurrentWorkOnRoot (/Users/pabloelisseo/repos/one-beyond/csm/react-form-builder/node_modules/react-dom/cjs/react-dom.development.js:25750:22)
          at flushActQueue (/Users/pabloelisseo/repos/one-beyond/csm/react-form-builder/node_modules/react/cjs/react.development.js:2667:24)
          at act (/Users/pabloelisseo/repos/one-beyond/csm/react-form-builder/node_modules/react/cjs/react.development.js:2582:11)
          at /Users/pabloelisseo/repos/one-beyond/csm/react-form-builder/node_modules/@testing-library/react/dist/act-compat.js:46:25
          at renderRoot (/Users/pabloelisseo/repos/one-beyond/csm/react-form-builder/node_modules/@testing-library/react/dist/pure.js:161:26)
          at render (/Users/pabloelisseo/repos/one-beyond/csm/react-form-builder/node_modules/@testing-library/react/dist/pure.js:247:10)
          at Object.<anonymous> (/Users/pabloelisseo/repos/one-beyond/csm/react-form-builder/src/Questions/County/_tests_/county.test.js:84:9)
          at Promise.then.completed (/Users/pabloelisseo/repos/one-beyond/csm/react-form-builder/node_modules/jest-circus/build/utils.js:391:28)
          at new Promise (<anonymous>)
          at callAsyncCircusFn (/Users/pabloelisseo/repos/one-beyond/csm/react-form-builder/node_modules/jest-circus/build/utils.js:316:10)
          at _callCircusTest (/Users/pabloelisseo/repos/one-beyond/csm/react-form-builder/node_modules/jest-circus/build/run.js:218:40)
          at processTicksAndRejections (node:internal/process/task_queues:95:5)
          at _runTest (/Users/pabloelisseo/repos/one-beyond/csm/react-form-builder/node_modules/jest-circus/build/run.js:155:3)
          at _runTestsForDescribeBlock (/Users/pabloelisseo/repos/one-beyond/csm/react-form-builder/node_modules/jest-circus/build/run.js:66:9)
          at run (/Users/pabloelisseo/repos/one-beyond/csm/react-form-builder/node_modules/jest-circus/build/run.js:25:3)
          at runAndTransformResultsToJestFormat (/Users/pabloelisseo/repos/one-beyond/csm/react-form-builder/node_modules/jest-circus/build/legacy-code-todo-rewrite/jestAdapterInit.js:170:21)
          at jestAdapter (/Users/pabloelisseo/repos/one-beyond/csm/react-form-builder/node_modules/jest-circus/build/legacy-code-todo-rewrite/jestAdapter.js:82:19)
          at runTestInternal (/Users/pabloelisseo/repos/one-beyond/csm/react-form-builder/node_modules/jest-runner/build/runTest.js:389:16)
          at runTest (/Users/pabloelisseo/repos/one-beyond/csm/react-form-builder/node_modules/jest-runner/build/runTest.js:475:34)
          at Object.worker (/Users/pabloelisseo/repos/one-beyond/csm/react-form-builder/node_modules/jest-runner/build/testWorker.js:133:12)

      at VirtualConsole.<anonymous> (node_modules/jsdom/lib/jsdom/virtual-console.js:29:45)
      at reportException (node_modules/jsdom/lib/jsdom/living/helpers/runtime-script-errors.js:70:28)
      at innerInvokeEventListeners (node_modules/jsdom/lib/jsdom/living/events/EventTarget-impl.js:341:9)
      at invokeEventListeners (node_modules/jsdom/lib/jsdom/living/events/EventTarget-impl.js:274:3)
      at HTMLUnknownElementImpl._dispatch (node_modules/jsdom/lib/jsdom/living/events/EventTarget-impl.js:221:9)
      at HTMLUnknownElementImpl.dispatchEvent (node_modules/jsdom/lib/jsdom/living/events/EventTarget-impl.js:94:17)
      at HTMLUnknownElement.dispatchEvent (node_modules/jsdom/lib/jsdom/living/generated/EventTarget.js:231:34)

    console.error
      The above error occurred in one of your React components:
      
          at Object.<anonymous>.exports.Controller (/Users/pabloelisseo/repos/one-beyond/csm/react-form-builder/node_modules/react-hook-form/src/form.tsx:37:9)
          at Select (/Users/pabloelisseo/repos/one-beyond/csm/react-form-builder/src/Fields/Select/index.js:10:3)
          at div
          at /Users/pabloelisseo/repos/one-beyond/csm/react-form-builder/node_modules/@emotion/react/dist/emotion-element-48d2c2e4.cjs.dev.js:62:23
          at QuestionCounty (/Users/pabloelisseo/repos/one-beyond/csm/react-form-builder/src/Questions/County/index.js:9:27)
      
      Consider adding an error boundary to your tree to customize error handling behavior.
      Visit https://reactjs.org/link/error-boundaries to learn more about error boundaries.

      at logCapturedError (node_modules/react-dom/cjs/react-dom.development.js:18687:23)
      at update.callback (node_modules/react-dom/cjs/react-dom.development.js:18720:5)
      at callCallback (node_modules/react-dom/cjs/react-dom.development.js:13923:12)
      at commitUpdateQueue (node_modules/react-dom/cjs/react-dom.development.js:13944:9)
      at commitLayoutEffectOnFiber (node_modules/react-dom/cjs/react-dom.development.js:23391:13)
      at commitLayoutMountEffects_complete (node_modules/react-dom/cjs/react-dom.development.js:24688:9)
      at commitLayoutEffects_begin (node_modules/react-dom/cjs/react-dom.development.js:24674:7)
      at commitLayoutEffects (node_modules/react-dom/cjs/react-dom.development.js:24612:3)

    console.error
      Error: Uncaught [TypeError: Cannot read properties of undefined (reading 'array')]
          at reportException (/Users/pabloelisseo/repos/one-beyond/csm/react-form-builder/node_modules/jsdom/lib/jsdom/living/helpers/runtime-script-errors.js:66:24)
          at innerInvokeEventListeners (/Users/pabloelisseo/repos/one-beyond/csm/react-form-builder/node_modules/jsdom/lib/jsdom/living/events/EventTarget-impl.js:341:9)
          at invokeEventListeners (/Users/pabloelisseo/repos/one-beyond/csm/react-form-builder/node_modules/jsdom/lib/jsdom/living/events/EventTarget-impl.js:274:3)
          at HTMLUnknownElementImpl._dispatch (/Users/pabloelisseo/repos/one-beyond/csm/react-form-builder/node_modules/jsdom/lib/jsdom/living/events/EventTarget-impl.js:221:9)
          at HTMLUnknownElementImpl.dispatchEvent (/Users/pabloelisseo/repos/one-beyond/csm/react-form-builder/node_modules/jsdom/lib/jsdom/living/events/EventTarget-impl.js:94:17)
          at HTMLUnknownElement.dispatchEvent (/Users/pabloelisseo/repos/one-beyond/csm/react-form-builder/node_modules/jsdom/lib/jsdom/living/generated/EventTarget.js:231:34)
          at Object.invokeGuardedCallbackDev (/Users/pabloelisseo/repos/one-beyond/csm/react-form-builder/node_modules/react-dom/cjs/react-dom.development.js:4213:16)
          at invokeGuardedCallback (/Users/pabloelisseo/repos/one-beyond/csm/react-form-builder/node_modules/react-dom/cjs/react-dom.development.js:4277:31)
          at beginWork$1 (/Users/pabloelisseo/repos/one-beyond/csm/react-form-builder/node_modules/react-dom/cjs/react-dom.development.js:27451:7)
          at performUnitOfWork (/Users/pabloelisseo/repos/one-beyond/csm/react-form-builder/node_modules/react-dom/cjs/react-dom.development.js:26560:12) TypeError: Cannot read properties of undefined (reading 'array')
          at control (/Users/pabloelisseo/repos/one-beyond/csm/react-form-builder/node_modules/react-hook-form/src/useController.ts:63:35)
          at Object.<anonymous>.exports.Controller (/Users/pabloelisseo/repos/one-beyond/csm/react-form-builder/node_modules/react-hook-form/src/form.tsx:38:5)
          at renderWithHooks (/Users/pabloelisseo/repos/one-beyond/csm/react-form-builder/node_modules/react-dom/cjs/react-dom.development.js:16305:18)
          at mountIndeterminateComponent (/Users/pabloelisseo/repos/one-beyond/csm/react-form-builder/node_modules/react-dom/cjs/react-dom.development.js:20074:13)
          at beginWork (/Users/pabloelisseo/repos/one-beyond/csm/react-form-builder/node_modules/react-dom/cjs/react-dom.development.js:21587:16)
          at HTMLUnknownElement.callCallback (/Users/pabloelisseo/repos/one-beyond/csm/react-form-builder/node_modules/react-dom/cjs/react-dom.development.js:4164:14)
          at HTMLUnknownElement.callTheUserObjectsOperation (/Users/pabloelisseo/repos/one-beyond/csm/react-form-builder/node_modules/jsdom/lib/jsdom/living/generated/EventListener.js:26:30)
          at innerInvokeEventListeners (/Users/pabloelisseo/repos/one-beyond/csm/react-form-builder/node_modules/jsdom/lib/jsdom/living/events/EventTarget-impl.js:338:25)
          at invokeEventListeners (/Users/pabloelisseo/repos/one-beyond/csm/react-form-builder/node_modules/jsdom/lib/jsdom/living/events/EventTarget-impl.js:274:3)
          at HTMLUnknownElementImpl._dispatch (/Users/pabloelisseo/repos/one-beyond/csm/react-form-builder/node_modules/jsdom/lib/jsdom/living/events/EventTarget-impl.js:221:9)
          at HTMLUnknownElementImpl.dispatchEvent (/Users/pabloelisseo/repos/one-beyond/csm/react-form-builder/node_modules/jsdom/lib/jsdom/living/events/EventTarget-impl.js:94:17)
          at HTMLUnknownElement.dispatchEvent (/Users/pabloelisseo/repos/one-beyond/csm/react-form-builder/node_modules/jsdom/lib/jsdom/living/generated/EventTarget.js:231:34)
          at Object.invokeGuardedCallbackDev (/Users/pabloelisseo/repos/one-beyond/csm/react-form-builder/node_modules/react-dom/cjs/react-dom.development.js:4213:16)
          at invokeGuardedCallback (/Users/pabloelisseo/repos/one-beyond/csm/react-form-builder/node_modules/react-dom/cjs/react-dom.development.js:4277:31)
          at beginWork$1 (/Users/pabloelisseo/repos/one-beyond/csm/react-form-builder/node_modules/react-dom/cjs/react-dom.development.js:27451:7)
          at performUnitOfWork (/Users/pabloelisseo/repos/one-beyond/csm/react-form-builder/node_modules/react-dom/cjs/react-dom.development.js:26560:12)
          at workLoopSync (/Users/pabloelisseo/repos/one-beyond/csm/react-form-builder/node_modules/react-dom/cjs/react-dom.development.js:26466:5)
          at renderRootSync (/Users/pabloelisseo/repos/one-beyond/csm/react-form-builder/node_modules/react-dom/cjs/react-dom.development.js:26434:7)
          at performConcurrentWorkOnRoot (/Users/pabloelisseo/repos/one-beyond/csm/react-form-builder/node_modules/react-dom/cjs/react-dom.development.js:25738:74)
          at flushActQueue (/Users/pabloelisseo/repos/one-beyond/csm/react-form-builder/node_modules/react/cjs/react.development.js:2667:24)
          at act (/Users/pabloelisseo/repos/one-beyond/csm/react-form-builder/node_modules/react/cjs/react.development.js:2582:11)
          at /Users/pabloelisseo/repos/one-beyond/csm/react-form-builder/node_modules/@testing-library/react/dist/act-compat.js:46:25
          at renderRoot (/Users/pabloelisseo/repos/one-beyond/csm/react-form-builder/node_modules/@testing-library/react/dist/pure.js:161:26)
          at render (/Users/pabloelisseo/repos/one-beyond/csm/react-form-builder/node_modules/@testing-library/react/dist/pure.js:247:10)
          at setup (/Users/pabloelisseo/repos/one-beyond/csm/react-form-builder/src/Questions/County/_tests_/county.test.js:48:33)
          at Object.<anonymous> (/Users/pabloelisseo/repos/one-beyond/csm/react-form-builder/src/Questions/County/_tests_/county.test.js:90:34)
          at Promise.then.completed (/Users/pabloelisseo/repos/one-beyond/csm/react-form-builder/node_modules/jest-circus/build/utils.js:391:28)
          at new Promise (<anonymous>)
          at callAsyncCircusFn (/Users/pabloelisseo/repos/one-beyond/csm/react-form-builder/node_modules/jest-circus/build/utils.js:316:10)
          at _callCircusTest (/Users/pabloelisseo/repos/one-beyond/csm/react-form-builder/node_modules/jest-circus/build/run.js:218:40)
          at processTicksAndRejections (node:internal/process/task_queues:95:5)
          at _runTest (/Users/pabloelisseo/repos/one-beyond/csm/react-form-builder/node_modules/jest-circus/build/run.js:155:3)
          at _runTestsForDescribeBlock (/Users/pabloelisseo/repos/one-beyond/csm/react-form-builder/node_modules/jest-circus/build/run.js:66:9)
          at run (/Users/pabloelisseo/repos/one-beyond/csm/react-form-builder/node_modules/jest-circus/build/run.js:25:3)
          at runAndTransformResultsToJestFormat (/Users/pabloelisseo/repos/one-beyond/csm/react-form-builder/node_modules/jest-circus/build/legacy-code-todo-rewrite/jestAdapterInit.js:170:21)
          at jestAdapter (/Users/pabloelisseo/repos/one-beyond/csm/react-form-builder/node_modules/jest-circus/build/legacy-code-todo-rewrite/jestAdapter.js:82:19)
          at runTestInternal (/Users/pabloelisseo/repos/one-beyond/csm/react-form-builder/node_modules/jest-runner/build/runTest.js:389:16)
          at runTest (/Users/pabloelisseo/repos/one-beyond/csm/react-form-builder/node_modules/jest-runner/build/runTest.js:475:34)
          at Object.worker (/Users/pabloelisseo/repos/one-beyond/csm/react-form-builder/node_modules/jest-runner/build/testWorker.js:133:12)

      at VirtualConsole.<anonymous> (node_modules/jsdom/lib/jsdom/virtual-console.js:29:45)
      at reportException (node_modules/jsdom/lib/jsdom/living/helpers/runtime-script-errors.js:70:28)
      at innerInvokeEventListeners (node_modules/jsdom/lib/jsdom/living/events/EventTarget-impl.js:341:9)
      at invokeEventListeners (node_modules/jsdom/lib/jsdom/living/events/EventTarget-impl.js:274:3)
      at HTMLUnknownElementImpl._dispatch (node_modules/jsdom/lib/jsdom/living/events/EventTarget-impl.js:221:9)
      at HTMLUnknownElementImpl.dispatchEvent (node_modules/jsdom/lib/jsdom/living/events/EventTarget-impl.js:94:17)
      at HTMLUnknownElement.dispatchEvent (node_modules/jsdom/lib/jsdom/living/generated/EventTarget.js:231:34)

    console.error
      Error: Uncaught [TypeError: Cannot read properties of undefined (reading 'array')]
          at reportException (/Users/pabloelisseo/repos/one-beyond/csm/react-form-builder/node_modules/jsdom/lib/jsdom/living/helpers/runtime-script-errors.js:66:24)
          at innerInvokeEventListeners (/Users/pabloelisseo/repos/one-beyond/csm/react-form-builder/node_modules/jsdom/lib/jsdom/living/events/EventTarget-impl.js:341:9)
          at invokeEventListeners (/Users/pabloelisseo/repos/one-beyond/csm/react-form-builder/node_modules/jsdom/lib/jsdom/living/events/EventTarget-impl.js:274:3)
          at HTMLUnknownElementImpl._dispatch (/Users/pabloelisseo/repos/one-beyond/csm/react-form-builder/node_modules/jsdom/lib/jsdom/living/events/EventTarget-impl.js:221:9)
          at HTMLUnknownElementImpl.dispatchEvent (/Users/pabloelisseo/repos/one-beyond/csm/react-form-builder/node_modules/jsdom/lib/jsdom/living/events/EventTarget-impl.js:94:17)
          at HTMLUnknownElement.dispatchEvent (/Users/pabloelisseo/repos/one-beyond/csm/react-form-builder/node_modules/jsdom/lib/jsdom/living/generated/EventTarget.js:231:34)
          at Object.invokeGuardedCallbackDev (/Users/pabloelisseo/repos/one-beyond/csm/react-form-builder/node_modules/react-dom/cjs/react-dom.development.js:4213:16)
          at invokeGuardedCallback (/Users/pabloelisseo/repos/one-beyond/csm/react-form-builder/node_modules/react-dom/cjs/react-dom.development.js:4277:31)
          at beginWork$1 (/Users/pabloelisseo/repos/one-beyond/csm/react-form-builder/node_modules/react-dom/cjs/react-dom.development.js:27451:7)
          at performUnitOfWork (/Users/pabloelisseo/repos/one-beyond/csm/react-form-builder/node_modules/react-dom/cjs/react-dom.development.js:26560:12) TypeError: Cannot read properties of undefined (reading 'array')
          at control (/Users/pabloelisseo/repos/one-beyond/csm/react-form-builder/node_modules/react-hook-form/src/useController.ts:63:35)
          at Object.<anonymous>.exports.Controller (/Users/pabloelisseo/repos/one-beyond/csm/react-form-builder/node_modules/react-hook-form/src/form.tsx:38:5)
          at renderWithHooks (/Users/pabloelisseo/repos/one-beyond/csm/react-form-builder/node_modules/react-dom/cjs/react-dom.development.js:16305:18)
          at mountIndeterminateComponent (/Users/pabloelisseo/repos/one-beyond/csm/react-form-builder/node_modules/react-dom/cjs/react-dom.development.js:20074:13)
          at beginWork (/Users/pabloelisseo/repos/one-beyond/csm/react-form-builder/node_modules/react-dom/cjs/react-dom.development.js:21587:16)
          at HTMLUnknownElement.callCallback (/Users/pabloelisseo/repos/one-beyond/csm/react-form-builder/node_modules/react-dom/cjs/react-dom.development.js:4164:14)
          at HTMLUnknownElement.callTheUserObjectsOperation (/Users/pabloelisseo/repos/one-beyond/csm/react-form-builder/node_modules/jsdom/lib/jsdom/living/generated/EventListener.js:26:30)
          at innerInvokeEventListeners (/Users/pabloelisseo/repos/one-beyond/csm/react-form-builder/node_modules/jsdom/lib/jsdom/living/events/EventTarget-impl.js:338:25)
          at invokeEventListeners (/Users/pabloelisseo/repos/one-beyond/csm/react-form-builder/node_modules/jsdom/lib/jsdom/living/events/EventTarget-impl.js:274:3)
          at HTMLUnknownElementImpl._dispatch (/Users/pabloelisseo/repos/one-beyond/csm/react-form-builder/node_modules/jsdom/lib/jsdom/living/events/EventTarget-impl.js:221:9)
          at HTMLUnknownElementImpl.dispatchEvent (/Users/pabloelisseo/repos/one-beyond/csm/react-form-builder/node_modules/jsdom/lib/jsdom/living/events/EventTarget-impl.js:94:17)
          at HTMLUnknownElement.dispatchEvent (/Users/pabloelisseo/repos/one-beyond/csm/react-form-builder/node_modules/jsdom/lib/jsdom/living/generated/EventTarget.js:231:34)
          at Object.invokeGuardedCallbackDev (/Users/pabloelisseo/repos/one-beyond/csm/react-form-builder/node_modules/react-dom/cjs/react-dom.development.js:4213:16)
          at invokeGuardedCallback (/Users/pabloelisseo/repos/one-beyond/csm/react-form-builder/node_modules/react-dom/cjs/react-dom.development.js:4277:31)
          at beginWork$1 (/Users/pabloelisseo/repos/one-beyond/csm/react-form-builder/node_modules/react-dom/cjs/react-dom.development.js:27451:7)
          at performUnitOfWork (/Users/pabloelisseo/repos/one-beyond/csm/react-form-builder/node_modules/react-dom/cjs/react-dom.development.js:26560:12)
          at workLoopSync (/Users/pabloelisseo/repos/one-beyond/csm/react-form-builder/node_modules/react-dom/cjs/react-dom.development.js:26466:5)
          at renderRootSync (/Users/pabloelisseo/repos/one-beyond/csm/react-form-builder/node_modules/react-dom/cjs/react-dom.development.js:26434:7)
          at performConcurrentWorkOnRoot (/Users/pabloelisseo/repos/one-beyond/csm/react-form-builder/node_modules/react-dom/cjs/react-dom.development.js:25738:74)
          at flushActQueue (/Users/pabloelisseo/repos/one-beyond/csm/react-form-builder/node_modules/react/cjs/react.development.js:2667:24)
          at act (/Users/pabloelisseo/repos/one-beyond/csm/react-form-builder/node_modules/react/cjs/react.development.js:2582:11)
          at /Users/pabloelisseo/repos/one-beyond/csm/react-form-builder/node_modules/@testing-library/react/dist/act-compat.js:46:25
          at renderRoot (/Users/pabloelisseo/repos/one-beyond/csm/react-form-builder/node_modules/@testing-library/react/dist/pure.js:161:26)
          at render (/Users/pabloelisseo/repos/one-beyond/csm/react-form-builder/node_modules/@testing-library/react/dist/pure.js:247:10)
          at setup (/Users/pabloelisseo/repos/one-beyond/csm/react-form-builder/src/Questions/County/_tests_/county.test.js:48:33)
          at Object.<anonymous> (/Users/pabloelisseo/repos/one-beyond/csm/react-form-builder/src/Questions/County/_tests_/county.test.js:90:34)
          at Promise.then.completed (/Users/pabloelisseo/repos/one-beyond/csm/react-form-builder/node_modules/jest-circus/build/utils.js:391:28)
          at new Promise (<anonymous>)
          at callAsyncCircusFn (/Users/pabloelisseo/repos/one-beyond/csm/react-form-builder/node_modules/jest-circus/build/utils.js:316:10)
          at _callCircusTest (/Users/pabloelisseo/repos/one-beyond/csm/react-form-builder/node_modules/jest-circus/build/run.js:218:40)
          at processTicksAndRejections (node:internal/process/task_queues:95:5)
          at _runTest (/Users/pabloelisseo/repos/one-beyond/csm/react-form-builder/node_modules/jest-circus/build/run.js:155:3)
          at _runTestsForDescribeBlock (/Users/pabloelisseo/repos/one-beyond/csm/react-form-builder/node_modules/jest-circus/build/run.js:66:9)
          at run (/Users/pabloelisseo/repos/one-beyond/csm/react-form-builder/node_modules/jest-circus/build/run.js:25:3)
          at runAndTransformResultsToJestFormat (/Users/pabloelisseo/repos/one-beyond/csm/react-form-builder/node_modules/jest-circus/build/legacy-code-todo-rewrite/jestAdapterInit.js:170:21)
          at jestAdapter (/Users/pabloelisseo/repos/one-beyond/csm/react-form-builder/node_modules/jest-circus/build/legacy-code-todo-rewrite/jestAdapter.js:82:19)
          at runTestInternal (/Users/pabloelisseo/repos/one-beyond/csm/react-form-builder/node_modules/jest-runner/build/runTest.js:389:16)
          at runTest (/Users/pabloelisseo/repos/one-beyond/csm/react-form-builder/node_modules/jest-runner/build/runTest.js:475:34)
          at Object.worker (/Users/pabloelisseo/repos/one-beyond/csm/react-form-builder/node_modules/jest-runner/build/testWorker.js:133:12)

      at VirtualConsole.<anonymous> (node_modules/jsdom/lib/jsdom/virtual-console.js:29:45)
      at reportException (node_modules/jsdom/lib/jsdom/living/helpers/runtime-script-errors.js:70:28)
      at innerInvokeEventListeners (node_modules/jsdom/lib/jsdom/living/events/EventTarget-impl.js:341:9)
      at invokeEventListeners (node_modules/jsdom/lib/jsdom/living/events/EventTarget-impl.js:274:3)
      at HTMLUnknownElementImpl._dispatch (node_modules/jsdom/lib/jsdom/living/events/EventTarget-impl.js:221:9)
      at HTMLUnknownElementImpl.dispatchEvent (node_modules/jsdom/lib/jsdom/living/events/EventTarget-impl.js:94:17)
      at HTMLUnknownElement.dispatchEvent (node_modules/jsdom/lib/jsdom/living/generated/EventTarget.js:231:34)

    console.error
      Error: Uncaught [TypeError: Cannot read properties of undefined (reading 'array')]
          at reportException (/Users/pabloelisseo/repos/one-beyond/csm/react-form-builder/node_modules/jsdom/lib/jsdom/living/helpers/runtime-script-errors.js:66:24)
          at innerInvokeEventListeners (/Users/pabloelisseo/repos/one-beyond/csm/react-form-builder/node_modules/jsdom/lib/jsdom/living/events/EventTarget-impl.js:341:9)
          at invokeEventListeners (/Users/pabloelisseo/repos/one-beyond/csm/react-form-builder/node_modules/jsdom/lib/jsdom/living/events/EventTarget-impl.js:274:3)
          at HTMLUnknownElementImpl._dispatch (/Users/pabloelisseo/repos/one-beyond/csm/react-form-builder/node_modules/jsdom/lib/jsdom/living/events/EventTarget-impl.js:221:9)
          at HTMLUnknownElementImpl.dispatchEvent (/Users/pabloelisseo/repos/one-beyond/csm/react-form-builder/node_modules/jsdom/lib/jsdom/living/events/EventTarget-impl.js:94:17)
          at HTMLUnknownElement.dispatchEvent (/Users/pabloelisseo/repos/one-beyond/csm/react-form-builder/node_modules/jsdom/lib/jsdom/living/generated/EventTarget.js:231:34)
          at Object.invokeGuardedCallbackDev (/Users/pabloelisseo/repos/one-beyond/csm/react-form-builder/node_modules/react-dom/cjs/react-dom.development.js:4213:16)
          at invokeGuardedCallback (/Users/pabloelisseo/repos/one-beyond/csm/react-form-builder/node_modules/react-dom/cjs/react-dom.development.js:4277:31)
          at beginWork$1 (/Users/pabloelisseo/repos/one-beyond/csm/react-form-builder/node_modules/react-dom/cjs/react-dom.development.js:27451:7)
          at performUnitOfWork (/Users/pabloelisseo/repos/one-beyond/csm/react-form-builder/node_modules/react-dom/cjs/react-dom.development.js:26560:12) TypeError: Cannot read properties of undefined (reading 'array')
          at control (/Users/pabloelisseo/repos/one-beyond/csm/react-form-builder/node_modules/react-hook-form/src/useController.ts:63:35)
          at Object.<anonymous>.exports.Controller (/Users/pabloelisseo/repos/one-beyond/csm/react-form-builder/node_modules/react-hook-form/src/form.tsx:38:5)
          at renderWithHooks (/Users/pabloelisseo/repos/one-beyond/csm/react-form-builder/node_modules/react-dom/cjs/react-dom.development.js:16305:18)
          at mountIndeterminateComponent (/Users/pabloelisseo/repos/one-beyond/csm/react-form-builder/node_modules/react-dom/cjs/react-dom.development.js:20074:13)
          at beginWork (/Users/pabloelisseo/repos/one-beyond/csm/react-form-builder/node_modules/react-dom/cjs/react-dom.development.js:21587:16)
          at HTMLUnknownElement.callCallback (/Users/pabloelisseo/repos/one-beyond/csm/react-form-builder/node_modules/react-dom/cjs/react-dom.development.js:4164:14)
          at HTMLUnknownElement.callTheUserObjectsOperation (/Users/pabloelisseo/repos/one-beyond/csm/react-form-builder/node_modules/jsdom/lib/jsdom/living/generated/EventListener.js:26:30)
          at innerInvokeEventListeners (/Users/pabloelisseo/repos/one-beyond/csm/react-form-builder/node_modules/jsdom/lib/jsdom/living/events/EventTarget-impl.js:338:25)
          at invokeEventListeners (/Users/pabloelisseo/repos/one-beyond/csm/react-form-builder/node_modules/jsdom/lib/jsdom/living/events/EventTarget-impl.js:274:3)
          at HTMLUnknownElementImpl._dispatch (/Users/pabloelisseo/repos/one-beyond/csm/react-form-builder/node_modules/jsdom/lib/jsdom/living/events/EventTarget-impl.js:221:9)
          at HTMLUnknownElementImpl.dispatchEvent (/Users/pabloelisseo/repos/one-beyond/csm/react-form-builder/node_modules/jsdom/lib/jsdom/living/events/EventTarget-impl.js:94:17)
          at HTMLUnknownElement.dispatchEvent (/Users/pabloelisseo/repos/one-beyond/csm/react-form-builder/node_modules/jsdom/lib/jsdom/living/generated/EventTarget.js:231:34)
          at Object.invokeGuardedCallbackDev (/Users/pabloelisseo/repos/one-beyond/csm/react-form-builder/node_modules/react-dom/cjs/react-dom.development.js:4213:16)
          at invokeGuardedCallback (/Users/pabloelisseo/repos/one-beyond/csm/react-form-builder/node_modules/react-dom/cjs/react-dom.development.js:4277:31)
          at beginWork$1 (/Users/pabloelisseo/repos/one-beyond/csm/react-form-builder/node_modules/react-dom/cjs/react-dom.development.js:27451:7)
          at performUnitOfWork (/Users/pabloelisseo/repos/one-beyond/csm/react-form-builder/node_modules/react-dom/cjs/react-dom.development.js:26560:12)
          at workLoopSync (/Users/pabloelisseo/repos/one-beyond/csm/react-form-builder/node_modules/react-dom/cjs/react-dom.development.js:26466:5)
          at renderRootSync (/Users/pabloelisseo/repos/one-beyond/csm/react-form-builder/node_modules/react-dom/cjs/react-dom.development.js:26434:7)
          at recoverFromConcurrentError (/Users/pabloelisseo/repos/one-beyond/csm/react-form-builder/node_modules/react-dom/cjs/react-dom.development.js:25850:20)
          at performConcurrentWorkOnRoot (/Users/pabloelisseo/repos/one-beyond/csm/react-form-builder/node_modules/react-dom/cjs/react-dom.development.js:25750:22)
          at flushActQueue (/Users/pabloelisseo/repos/one-beyond/csm/react-form-builder/node_modules/react/cjs/react.development.js:2667:24)
          at act (/Users/pabloelisseo/repos/one-beyond/csm/react-form-builder/node_modules/react/cjs/react.development.js:2582:11)
          at /Users/pabloelisseo/repos/one-beyond/csm/react-form-builder/node_modules/@testing-library/react/dist/act-compat.js:46:25
          at renderRoot (/Users/pabloelisseo/repos/one-beyond/csm/react-form-builder/node_modules/@testing-library/react/dist/pure.js:161:26)
          at render (/Users/pabloelisseo/repos/one-beyond/csm/react-form-builder/node_modules/@testing-library/react/dist/pure.js:247:10)
          at setup (/Users/pabloelisseo/repos/one-beyond/csm/react-form-builder/src/Questions/County/_tests_/county.test.js:48:33)
          at Object.<anonymous> (/Users/pabloelisseo/repos/one-beyond/csm/react-form-builder/src/Questions/County/_tests_/county.test.js:90:34)
          at Promise.then.completed (/Users/pabloelisseo/repos/one-beyond/csm/react-form-builder/node_modules/jest-circus/build/utils.js:391:28)
          at new Promise (<anonymous>)
          at callAsyncCircusFn (/Users/pabloelisseo/repos/one-beyond/csm/react-form-builder/node_modules/jest-circus/build/utils.js:316:10)
          at _callCircusTest (/Users/pabloelisseo/repos/one-beyond/csm/react-form-builder/node_modules/jest-circus/build/run.js:218:40)
          at processTicksAndRejections (node:internal/process/task_queues:95:5)
          at _runTest (/Users/pabloelisseo/repos/one-beyond/csm/react-form-builder/node_modules/jest-circus/build/run.js:155:3)
          at _runTestsForDescribeBlock (/Users/pabloelisseo/repos/one-beyond/csm/react-form-builder/node_modules/jest-circus/build/run.js:66:9)
          at run (/Users/pabloelisseo/repos/one-beyond/csm/react-form-builder/node_modules/jest-circus/build/run.js:25:3)
          at runAndTransformResultsToJestFormat (/Users/pabloelisseo/repos/one-beyond/csm/react-form-builder/node_modules/jest-circus/build/legacy-code-todo-rewrite/jestAdapterInit.js:170:21)
          at jestAdapter (/Users/pabloelisseo/repos/one-beyond/csm/react-form-builder/node_modules/jest-circus/build/legacy-code-todo-rewrite/jestAdapter.js:82:19)
          at runTestInternal (/Users/pabloelisseo/repos/one-beyond/csm/react-form-builder/node_modules/jest-runner/build/runTest.js:389:16)
          at runTest (/Users/pabloelisseo/repos/one-beyond/csm/react-form-builder/node_modules/jest-runner/build/runTest.js:475:34)
          at Object.worker (/Users/pabloelisseo/repos/one-beyond/csm/react-form-builder/node_modules/jest-runner/build/testWorker.js:133:12)

      at VirtualConsole.<anonymous> (node_modules/jsdom/lib/jsdom/virtual-console.js:29:45)
      at reportException (node_modules/jsdom/lib/jsdom/living/helpers/runtime-script-errors.js:70:28)
      at innerInvokeEventListeners (node_modules/jsdom/lib/jsdom/living/events/EventTarget-impl.js:341:9)
      at invokeEventListeners (node_modules/jsdom/lib/jsdom/living/events/EventTarget-impl.js:274:3)
      at HTMLUnknownElementImpl._dispatch (node_modules/jsdom/lib/jsdom/living/events/EventTarget-impl.js:221:9)
      at HTMLUnknownElementImpl.dispatchEvent (node_modules/jsdom/lib/jsdom/living/events/EventTarget-impl.js:94:17)
      at HTMLUnknownElement.dispatchEvent (node_modules/jsdom/lib/jsdom/living/generated/EventTarget.js:231:34)

    console.error
      Error: Uncaught [TypeError: Cannot read properties of undefined (reading 'array')]
          at reportException (/Users/pabloelisseo/repos/one-beyond/csm/react-form-builder/node_modules/jsdom/lib/jsdom/living/helpers/runtime-script-errors.js:66:24)
          at innerInvokeEventListeners (/Users/pabloelisseo/repos/one-beyond/csm/react-form-builder/node_modules/jsdom/lib/jsdom/living/events/EventTarget-impl.js:341:9)
          at invokeEventListeners (/Users/pabloelisseo/repos/one-beyond/csm/react-form-builder/node_modules/jsdom/lib/jsdom/living/events/EventTarget-impl.js:274:3)
          at HTMLUnknownElementImpl._dispatch (/Users/pabloelisseo/repos/one-beyond/csm/react-form-builder/node_modules/jsdom/lib/jsdom/living/events/EventTarget-impl.js:221:9)
          at HTMLUnknownElementImpl.dispatchEvent (/Users/pabloelisseo/repos/one-beyond/csm/react-form-builder/node_modules/jsdom/lib/jsdom/living/events/EventTarget-impl.js:94:17)
          at HTMLUnknownElement.dispatchEvent (/Users/pabloelisseo/repos/one-beyond/csm/react-form-builder/node_modules/jsdom/lib/jsdom/living/generated/EventTarget.js:231:34)
          at Object.invokeGuardedCallbackDev (/Users/pabloelisseo/repos/one-beyond/csm/react-form-builder/node_modules/react-dom/cjs/react-dom.development.js:4213:16)
          at invokeGuardedCallback (/Users/pabloelisseo/repos/one-beyond/csm/react-form-builder/node_modules/react-dom/cjs/react-dom.development.js:4277:31)
          at beginWork$1 (/Users/pabloelisseo/repos/one-beyond/csm/react-form-builder/node_modules/react-dom/cjs/react-dom.development.js:27451:7)
          at performUnitOfWork (/Users/pabloelisseo/repos/one-beyond/csm/react-form-builder/node_modules/react-dom/cjs/react-dom.development.js:26560:12) TypeError: Cannot read properties of undefined (reading 'array')
          at control (/Users/pabloelisseo/repos/one-beyond/csm/react-form-builder/node_modules/react-hook-form/src/useController.ts:63:35)
          at Object.<anonymous>.exports.Controller (/Users/pabloelisseo/repos/one-beyond/csm/react-form-builder/node_modules/react-hook-form/src/form.tsx:38:5)
          at renderWithHooks (/Users/pabloelisseo/repos/one-beyond/csm/react-form-builder/node_modules/react-dom/cjs/react-dom.development.js:16305:18)
          at mountIndeterminateComponent (/Users/pabloelisseo/repos/one-beyond/csm/react-form-builder/node_modules/react-dom/cjs/react-dom.development.js:20074:13)
          at beginWork (/Users/pabloelisseo/repos/one-beyond/csm/react-form-builder/node_modules/react-dom/cjs/react-dom.development.js:21587:16)
          at HTMLUnknownElement.callCallback (/Users/pabloelisseo/repos/one-beyond/csm/react-form-builder/node_modules/react-dom/cjs/react-dom.development.js:4164:14)
          at HTMLUnknownElement.callTheUserObjectsOperation (/Users/pabloelisseo/repos/one-beyond/csm/react-form-builder/node_modules/jsdom/lib/jsdom/living/generated/EventListener.js:26:30)
          at innerInvokeEventListeners (/Users/pabloelisseo/repos/one-beyond/csm/react-form-builder/node_modules/jsdom/lib/jsdom/living/events/EventTarget-impl.js:338:25)
          at invokeEventListeners (/Users/pabloelisseo/repos/one-beyond/csm/react-form-builder/node_modules/jsdom/lib/jsdom/living/events/EventTarget-impl.js:274:3)
          at HTMLUnknownElementImpl._dispatch (/Users/pabloelisseo/repos/one-beyond/csm/react-form-builder/node_modules/jsdom/lib/jsdom/living/events/EventTarget-impl.js:221:9)
          at HTMLUnknownElementImpl.dispatchEvent (/Users/pabloelisseo/repos/one-beyond/csm/react-form-builder/node_modules/jsdom/lib/jsdom/living/events/EventTarget-impl.js:94:17)
          at HTMLUnknownElement.dispatchEvent (/Users/pabloelisseo/repos/one-beyond/csm/react-form-builder/node_modules/jsdom/lib/jsdom/living/generated/EventTarget.js:231:34)
          at Object.invokeGuardedCallbackDev (/Users/pabloelisseo/repos/one-beyond/csm/react-form-builder/node_modules/react-dom/cjs/react-dom.development.js:4213:16)
          at invokeGuardedCallback (/Users/pabloelisseo/repos/one-beyond/csm/react-form-builder/node_modules/react-dom/cjs/react-dom.development.js:4277:31)
          at beginWork$1 (/Users/pabloelisseo/repos/one-beyond/csm/react-form-builder/node_modules/react-dom/cjs/react-dom.development.js:27451:7)
          at performUnitOfWork (/Users/pabloelisseo/repos/one-beyond/csm/react-form-builder/node_modules/react-dom/cjs/react-dom.development.js:26560:12)
          at workLoopSync (/Users/pabloelisseo/repos/one-beyond/csm/react-form-builder/node_modules/react-dom/cjs/react-dom.development.js:26466:5)
          at renderRootSync (/Users/pabloelisseo/repos/one-beyond/csm/react-form-builder/node_modules/react-dom/cjs/react-dom.development.js:26434:7)
          at recoverFromConcurrentError (/Users/pabloelisseo/repos/one-beyond/csm/react-form-builder/node_modules/react-dom/cjs/react-dom.development.js:25850:20)
          at performConcurrentWorkOnRoot (/Users/pabloelisseo/repos/one-beyond/csm/react-form-builder/node_modules/react-dom/cjs/react-dom.development.js:25750:22)
          at flushActQueue (/Users/pabloelisseo/repos/one-beyond/csm/react-form-builder/node_modules/react/cjs/react.development.js:2667:24)
          at act (/Users/pabloelisseo/repos/one-beyond/csm/react-form-builder/node_modules/react/cjs/react.development.js:2582:11)
          at /Users/pabloelisseo/repos/one-beyond/csm/react-form-builder/node_modules/@testing-library/react/dist/act-compat.js:46:25
          at renderRoot (/Users/pabloelisseo/repos/one-beyond/csm/react-form-builder/node_modules/@testing-library/react/dist/pure.js:161:26)
          at render (/Users/pabloelisseo/repos/one-beyond/csm/react-form-builder/node_modules/@testing-library/react/dist/pure.js:247:10)
          at setup (/Users/pabloelisseo/repos/one-beyond/csm/react-form-builder/src/Questions/County/_tests_/county.test.js:48:33)
          at Object.<anonymous> (/Users/pabloelisseo/repos/one-beyond/csm/react-form-builder/src/Questions/County/_tests_/county.test.js:90:34)
          at Promise.then.completed (/Users/pabloelisseo/repos/one-beyond/csm/react-form-builder/node_modules/jest-circus/build/utils.js:391:28)
          at new Promise (<anonymous>)
          at callAsyncCircusFn (/Users/pabloelisseo/repos/one-beyond/csm/react-form-builder/node_modules/jest-circus/build/utils.js:316:10)
          at _callCircusTest (/Users/pabloelisseo/repos/one-beyond/csm/react-form-builder/node_modules/jest-circus/build/run.js:218:40)
          at processTicksAndRejections (node:internal/process/task_queues:95:5)
          at _runTest (/Users/pabloelisseo/repos/one-beyond/csm/react-form-builder/node_modules/jest-circus/build/run.js:155:3)
          at _runTestsForDescribeBlock (/Users/pabloelisseo/repos/one-beyond/csm/react-form-builder/node_modules/jest-circus/build/run.js:66:9)
          at run (/Users/pabloelisseo/repos/one-beyond/csm/react-form-builder/node_modules/jest-circus/build/run.js:25:3)
          at runAndTransformResultsToJestFormat (/Users/pabloelisseo/repos/one-beyond/csm/react-form-builder/node_modules/jest-circus/build/legacy-code-todo-rewrite/jestAdapterInit.js:170:21)
          at jestAdapter (/Users/pabloelisseo/repos/one-beyond/csm/react-form-builder/node_modules/jest-circus/build/legacy-code-todo-rewrite/jestAdapter.js:82:19)
          at runTestInternal (/Users/pabloelisseo/repos/one-beyond/csm/react-form-builder/node_modules/jest-runner/build/runTest.js:389:16)
          at runTest (/Users/pabloelisseo/repos/one-beyond/csm/react-form-builder/node_modules/jest-runner/build/runTest.js:475:34)
          at Object.worker (/Users/pabloelisseo/repos/one-beyond/csm/react-form-builder/node_modules/jest-runner/build/testWorker.js:133:12)

      at VirtualConsole.<anonymous> (node_modules/jsdom/lib/jsdom/virtual-console.js:29:45)
      at reportException (node_modules/jsdom/lib/jsdom/living/helpers/runtime-script-errors.js:70:28)
      at innerInvokeEventListeners (node_modules/jsdom/lib/jsdom/living/events/EventTarget-impl.js:341:9)
      at invokeEventListeners (node_modules/jsdom/lib/jsdom/living/events/EventTarget-impl.js:274:3)
      at HTMLUnknownElementImpl._dispatch (node_modules/jsdom/lib/jsdom/living/events/EventTarget-impl.js:221:9)
      at HTMLUnknownElementImpl.dispatchEvent (node_modules/jsdom/lib/jsdom/living/events/EventTarget-impl.js:94:17)
      at HTMLUnknownElement.dispatchEvent (node_modules/jsdom/lib/jsdom/living/generated/EventTarget.js:231:34)

    console.error
      The above error occurred in one of your React components:
      
          at Object.<anonymous>.exports.Controller (/Users/pabloelisseo/repos/one-beyond/csm/react-form-builder/node_modules/react-hook-form/src/form.tsx:37:9)
          at Select (/Users/pabloelisseo/repos/one-beyond/csm/react-form-builder/src/Fields/Select/index.js:10:3)
          at div
          at /Users/pabloelisseo/repos/one-beyond/csm/react-form-builder/node_modules/@emotion/react/dist/emotion-element-48d2c2e4.cjs.dev.js:62:23
          at QuestionCountry (/Users/pabloelisseo/repos/one-beyond/csm/react-form-builder/src/Questions/Country/index.js:38:3)
      
      Consider adding an error boundary to your tree to customize error handling behavior.
      Visit https://reactjs.org/link/error-boundaries to learn more about error boundaries.

      at logCapturedError (node_modules/react-dom/cjs/react-dom.development.js:18687:23)
      at update.callback (node_modules/react-dom/cjs/react-dom.development.js:18720:5)
      at callCallback (node_modules/react-dom/cjs/react-dom.development.js:13923:12)
      at commitUpdateQueue (node_modules/react-dom/cjs/react-dom.development.js:13944:9)
      at commitLayoutEffectOnFiber (node_modules/react-dom/cjs/react-dom.development.js:23391:13)
      at commitLayoutMountEffects_complete (node_modules/react-dom/cjs/react-dom.development.js:24688:9)
      at commitLayoutEffects_begin (node_modules/react-dom/cjs/react-dom.development.js:24674:7)
      at commitLayoutEffects (node_modules/react-dom/cjs/react-dom.development.js:24612:3)

    console.error
      The above error occurred in one of your React components:
      
          at Object.<anonymous>.exports.Controller (/Users/pabloelisseo/repos/one-beyond/csm/react-form-builder/node_modules/react-hook-form/src/form.tsx:37:9)
          at Select (/Users/pabloelisseo/repos/one-beyond/csm/react-form-builder/src/Fields/Select/index.js:10:3)
          at div
          at /Users/pabloelisseo/repos/one-beyond/csm/react-form-builder/node_modules/@emotion/react/dist/emotion-element-48d2c2e4.cjs.dev.js:62:23
          at QuestionCounty (/Users/pabloelisseo/repos/one-beyond/csm/react-form-builder/src/Questions/County/index.js:9:27)
      
      Consider adding an error boundary to your tree to customize error handling behavior.
      Visit https://reactjs.org/link/error-boundaries to learn more about error boundaries.

      at logCapturedError (node_modules/react-dom/cjs/react-dom.development.js:18687:23)
      at update.callback (node_modules/react-dom/cjs/react-dom.development.js:18720:5)
      at callCallback (node_modules/react-dom/cjs/react-dom.development.js:13923:12)
      at commitUpdateQueue (node_modules/react-dom/cjs/react-dom.development.js:13944:9)
      at commitLayoutEffectOnFiber (node_modules/react-dom/cjs/react-dom.development.js:23391:13)
      at commitLayoutMountEffects_complete (node_modules/react-dom/cjs/react-dom.development.js:24688:9)
      at commitLayoutEffects_begin (node_modules/react-dom/cjs/react-dom.development.js:24674:7)
      at commitLayoutEffects (node_modules/react-dom/cjs/react-dom.development.js:24612:3)

    console.error
      Error: Uncaught [TypeError: Cannot read properties of undefined (reading 'array')]
          at reportException (/Users/pabloelisseo/repos/one-beyond/csm/react-form-builder/node_modules/jsdom/lib/jsdom/living/helpers/runtime-script-errors.js:66:24)
          at innerInvokeEventListeners (/Users/pabloelisseo/repos/one-beyond/csm/react-form-builder/node_modules/jsdom/lib/jsdom/living/events/EventTarget-impl.js:341:9)
          at invokeEventListeners (/Users/pabloelisseo/repos/one-beyond/csm/react-form-builder/node_modules/jsdom/lib/jsdom/living/events/EventTarget-impl.js:274:3)
          at HTMLUnknownElementImpl._dispatch (/Users/pabloelisseo/repos/one-beyond/csm/react-form-builder/node_modules/jsdom/lib/jsdom/living/events/EventTarget-impl.js:221:9)
          at HTMLUnknownElementImpl.dispatchEvent (/Users/pabloelisseo/repos/one-beyond/csm/react-form-builder/node_modules/jsdom/lib/jsdom/living/events/EventTarget-impl.js:94:17)
          at HTMLUnknownElement.dispatchEvent (/Users/pabloelisseo/repos/one-beyond/csm/react-form-builder/node_modules/jsdom/lib/jsdom/living/generated/EventTarget.js:231:34)
          at Object.invokeGuardedCallbackDev (/Users/pabloelisseo/repos/one-beyond/csm/react-form-builder/node_modules/react-dom/cjs/react-dom.development.js:4213:16)
          at invokeGuardedCallback (/Users/pabloelisseo/repos/one-beyond/csm/react-form-builder/node_modules/react-dom/cjs/react-dom.development.js:4277:31)
          at beginWork$1 (/Users/pabloelisseo/repos/one-beyond/csm/react-form-builder/node_modules/react-dom/cjs/react-dom.development.js:27451:7)
          at performUnitOfWork (/Users/pabloelisseo/repos/one-beyond/csm/react-form-builder/node_modules/react-dom/cjs/react-dom.development.js:26560:12) TypeError: Cannot read properties of undefined (reading 'array')
          at control (/Users/pabloelisseo/repos/one-beyond/csm/react-form-builder/node_modules/react-hook-form/src/useController.ts:63:35)
          at Object.<anonymous>.exports.Controller (/Users/pabloelisseo/repos/one-beyond/csm/react-form-builder/node_modules/react-hook-form/src/form.tsx:38:5)
          at renderWithHooks (/Users/pabloelisseo/repos/one-beyond/csm/react-form-builder/node_modules/react-dom/cjs/react-dom.development.js:16305:18)
          at mountIndeterminateComponent (/Users/pabloelisseo/repos/one-beyond/csm/react-form-builder/node_modules/react-dom/cjs/react-dom.development.js:20074:13)
          at beginWork (/Users/pabloelisseo/repos/one-beyond/csm/react-form-builder/node_modules/react-dom/cjs/react-dom.development.js:21587:16)
          at HTMLUnknownElement.callCallback (/Users/pabloelisseo/repos/one-beyond/csm/react-form-builder/node_modules/react-dom/cjs/react-dom.development.js:4164:14)
          at HTMLUnknownElement.callTheUserObjectsOperation (/Users/pabloelisseo/repos/one-beyond/csm/react-form-builder/node_modules/jsdom/lib/jsdom/living/generated/EventListener.js:26:30)
          at innerInvokeEventListeners (/Users/pabloelisseo/repos/one-beyond/csm/react-form-builder/node_modules/jsdom/lib/jsdom/living/events/EventTarget-impl.js:338:25)
          at invokeEventListeners (/Users/pabloelisseo/repos/one-beyond/csm/react-form-builder/node_modules/jsdom/lib/jsdom/living/events/EventTarget-impl.js:274:3)
          at HTMLUnknownElementImpl._dispatch (/Users/pabloelisseo/repos/one-beyond/csm/react-form-builder/node_modules/jsdom/lib/jsdom/living/events/EventTarget-impl.js:221:9)
          at HTMLUnknownElementImpl.dispatchEvent (/Users/pabloelisseo/repos/one-beyond/csm/react-form-builder/node_modules/jsdom/lib/jsdom/living/events/EventTarget-impl.js:94:17)
          at HTMLUnknownElement.dispatchEvent (/Users/pabloelisseo/repos/one-beyond/csm/react-form-builder/node_modules/jsdom/lib/jsdom/living/generated/EventTarget.js:231:34)
          at Object.invokeGuardedCallbackDev (/Users/pabloelisseo/repos/one-beyond/csm/react-form-builder/node_modules/react-dom/cjs/react-dom.development.js:4213:16)
          at invokeGuardedCallback (/Users/pabloelisseo/repos/one-beyond/csm/react-form-builder/node_modules/react-dom/cjs/react-dom.development.js:4277:31)
          at beginWork$1 (/Users/pabloelisseo/repos/one-beyond/csm/react-form-builder/node_modules/react-dom/cjs/react-dom.development.js:27451:7)
          at performUnitOfWork (/Users/pabloelisseo/repos/one-beyond/csm/react-form-builder/node_modules/react-dom/cjs/react-dom.development.js:26560:12)
          at workLoopSync (/Users/pabloelisseo/repos/one-beyond/csm/react-form-builder/node_modules/react-dom/cjs/react-dom.development.js:26466:5)
          at renderRootSync (/Users/pabloelisseo/repos/one-beyond/csm/react-form-builder/node_modules/react-dom/cjs/react-dom.development.js:26434:7)
          at performConcurrentWorkOnRoot (/Users/pabloelisseo/repos/one-beyond/csm/react-form-builder/node_modules/react-dom/cjs/react-dom.development.js:25738:74)
          at flushActQueue (/Users/pabloelisseo/repos/one-beyond/csm/react-form-builder/node_modules/react/cjs/react.development.js:2667:24)
          at act (/Users/pabloelisseo/repos/one-beyond/csm/react-form-builder/node_modules/react/cjs/react.development.js:2582:11)
          at /Users/pabloelisseo/repos/one-beyond/csm/react-form-builder/node_modules/@testing-library/react/dist/act-compat.js:46:25
          at renderRoot (/Users/pabloelisseo/repos/one-beyond/csm/react-form-builder/node_modules/@testing-library/react/dist/pure.js:161:26)
          at render (/Users/pabloelisseo/repos/one-beyond/csm/react-form-builder/node_modules/@testing-library/react/dist/pure.js:247:10)
          at setup (/Users/pabloelisseo/repos/one-beyond/csm/react-form-builder/src/Questions/County/_tests_/county.test.js:48:33)
          at Object.<anonymous> (/Users/pabloelisseo/repos/one-beyond/csm/react-form-builder/src/Questions/County/_tests_/county.test.js:99:53)
          at Promise.then.completed (/Users/pabloelisseo/repos/one-beyond/csm/react-form-builder/node_modules/jest-circus/build/utils.js:391:28)
          at new Promise (<anonymous>)
          at callAsyncCircusFn (/Users/pabloelisseo/repos/one-beyond/csm/react-form-builder/node_modules/jest-circus/build/utils.js:316:10)
          at _callCircusTest (/Users/pabloelisseo/repos/one-beyond/csm/react-form-builder/node_modules/jest-circus/build/run.js:218:40)
          at processTicksAndRejections (node:internal/process/task_queues:95:5)
          at _runTest (/Users/pabloelisseo/repos/one-beyond/csm/react-form-builder/node_modules/jest-circus/build/run.js:155:3)
          at _runTestsForDescribeBlock (/Users/pabloelisseo/repos/one-beyond/csm/react-form-builder/node_modules/jest-circus/build/run.js:66:9)
          at run (/Users/pabloelisseo/repos/one-beyond/csm/react-form-builder/node_modules/jest-circus/build/run.js:25:3)
          at runAndTransformResultsToJestFormat (/Users/pabloelisseo/repos/one-beyond/csm/react-form-builder/node_modules/jest-circus/build/legacy-code-todo-rewrite/jestAdapterInit.js:170:21)
          at jestAdapter (/Users/pabloelisseo/repos/one-beyond/csm/react-form-builder/node_modules/jest-circus/build/legacy-code-todo-rewrite/jestAdapter.js:82:19)
          at runTestInternal (/Users/pabloelisseo/repos/one-beyond/csm/react-form-builder/node_modules/jest-runner/build/runTest.js:389:16)
          at runTest (/Users/pabloelisseo/repos/one-beyond/csm/react-form-builder/node_modules/jest-runner/build/runTest.js:475:34)
          at Object.worker (/Users/pabloelisseo/repos/one-beyond/csm/react-form-builder/node_modules/jest-runner/build/testWorker.js:133:12)

      at VirtualConsole.<anonymous> (node_modules/jsdom/lib/jsdom/virtual-console.js:29:45)
      at reportException (node_modules/jsdom/lib/jsdom/living/helpers/runtime-script-errors.js:70:28)
      at innerInvokeEventListeners (node_modules/jsdom/lib/jsdom/living/events/EventTarget-impl.js:341:9)
      at invokeEventListeners (node_modules/jsdom/lib/jsdom/living/events/EventTarget-impl.js:274:3)
      at HTMLUnknownElementImpl._dispatch (node_modules/jsdom/lib/jsdom/living/events/EventTarget-impl.js:221:9)
      at HTMLUnknownElementImpl.dispatchEvent (node_modules/jsdom/lib/jsdom/living/events/EventTarget-impl.js:94:17)
      at HTMLUnknownElement.dispatchEvent (node_modules/jsdom/lib/jsdom/living/generated/EventTarget.js:231:34)

    console.error
      Error: Uncaught [TypeError: Cannot read properties of undefined (reading 'array')]
          at reportException (/Users/pabloelisseo/repos/one-beyond/csm/react-form-builder/node_modules/jsdom/lib/jsdom/living/helpers/runtime-script-errors.js:66:24)
          at innerInvokeEventListeners (/Users/pabloelisseo/repos/one-beyond/csm/react-form-builder/node_modules/jsdom/lib/jsdom/living/events/EventTarget-impl.js:341:9)
          at invokeEventListeners (/Users/pabloelisseo/repos/one-beyond/csm/react-form-builder/node_modules/jsdom/lib/jsdom/living/events/EventTarget-impl.js:274:3)
          at HTMLUnknownElementImpl._dispatch (/Users/pabloelisseo/repos/one-beyond/csm/react-form-builder/node_modules/jsdom/lib/jsdom/living/events/EventTarget-impl.js:221:9)
          at HTMLUnknownElementImpl.dispatchEvent (/Users/pabloelisseo/repos/one-beyond/csm/react-form-builder/node_modules/jsdom/lib/jsdom/living/events/EventTarget-impl.js:94:17)
          at HTMLUnknownElement.dispatchEvent (/Users/pabloelisseo/repos/one-beyond/csm/react-form-builder/node_modules/jsdom/lib/jsdom/living/generated/EventTarget.js:231:34)
          at Object.invokeGuardedCallbackDev (/Users/pabloelisseo/repos/one-beyond/csm/react-form-builder/node_modules/react-dom/cjs/react-dom.development.js:4213:16)
          at invokeGuardedCallback (/Users/pabloelisseo/repos/one-beyond/csm/react-form-builder/node_modules/react-dom/cjs/react-dom.development.js:4277:31)
          at beginWork$1 (/Users/pabloelisseo/repos/one-beyond/csm/react-form-builder/node_modules/react-dom/cjs/react-dom.development.js:27451:7)
          at performUnitOfWork (/Users/pabloelisseo/repos/one-beyond/csm/react-form-builder/node_modules/react-dom/cjs/react-dom.development.js:26560:12) TypeError: Cannot read properties of undefined (reading 'array')
          at control (/Users/pabloelisseo/repos/one-beyond/csm/react-form-builder/node_modules/react-hook-form/src/useController.ts:63:35)
          at Object.<anonymous>.exports.Controller (/Users/pabloelisseo/repos/one-beyond/csm/react-form-builder/node_modules/react-hook-form/src/form.tsx:38:5)
          at renderWithHooks (/Users/pabloelisseo/repos/one-beyond/csm/react-form-builder/node_modules/react-dom/cjs/react-dom.development.js:16305:18)
          at mountIndeterminateComponent (/Users/pabloelisseo/repos/one-beyond/csm/react-form-builder/node_modules/react-dom/cjs/react-dom.development.js:20074:13)
          at beginWork (/Users/pabloelisseo/repos/one-beyond/csm/react-form-builder/node_modules/react-dom/cjs/react-dom.development.js:21587:16)
          at HTMLUnknownElement.callCallback (/Users/pabloelisseo/repos/one-beyond/csm/react-form-builder/node_modules/react-dom/cjs/react-dom.development.js:4164:14)
          at HTMLUnknownElement.callTheUserObjectsOperation (/Users/pabloelisseo/repos/one-beyond/csm/react-form-builder/node_modules/jsdom/lib/jsdom/living/generated/EventListener.js:26:30)
          at innerInvokeEventListeners (/Users/pabloelisseo/repos/one-beyond/csm/react-form-builder/node_modules/jsdom/lib/jsdom/living/events/EventTarget-impl.js:338:25)
          at invokeEventListeners (/Users/pabloelisseo/repos/one-beyond/csm/react-form-builder/node_modules/jsdom/lib/jsdom/living/events/EventTarget-impl.js:274:3)
          at HTMLUnknownElementImpl._dispatch (/Users/pabloelisseo/repos/one-beyond/csm/react-form-builder/node_modules/jsdom/lib/jsdom/living/events/EventTarget-impl.js:221:9)
          at HTMLUnknownElementImpl.dispatchEvent (/Users/pabloelisseo/repos/one-beyond/csm/react-form-builder/node_modules/jsdom/lib/jsdom/living/events/EventTarget-impl.js:94:17)
          at HTMLUnknownElement.dispatchEvent (/Users/pabloelisseo/repos/one-beyond/csm/react-form-builder/node_modules/jsdom/lib/jsdom/living/generated/EventTarget.js:231:34)
          at Object.invokeGuardedCallbackDev (/Users/pabloelisseo/repos/one-beyond/csm/react-form-builder/node_modules/react-dom/cjs/react-dom.development.js:4213:16)
          at invokeGuardedCallback (/Users/pabloelisseo/repos/one-beyond/csm/react-form-builder/node_modules/react-dom/cjs/react-dom.development.js:4277:31)
          at beginWork$1 (/Users/pabloelisseo/repos/one-beyond/csm/react-form-builder/node_modules/react-dom/cjs/react-dom.development.js:27451:7)
          at performUnitOfWork (/Users/pabloelisseo/repos/one-beyond/csm/react-form-builder/node_modules/react-dom/cjs/react-dom.development.js:26560:12)
          at workLoopSync (/Users/pabloelisseo/repos/one-beyond/csm/react-form-builder/node_modules/react-dom/cjs/react-dom.development.js:26466:5)
          at renderRootSync (/Users/pabloelisseo/repos/one-beyond/csm/react-form-builder/node_modules/react-dom/cjs/react-dom.development.js:26434:7)
          at performConcurrentWorkOnRoot (/Users/pabloelisseo/repos/one-beyond/csm/react-form-builder/node_modules/react-dom/cjs/react-dom.development.js:25738:74)
          at flushActQueue (/Users/pabloelisseo/repos/one-beyond/csm/react-form-builder/node_modules/react/cjs/react.development.js:2667:24)
          at act (/Users/pabloelisseo/repos/one-beyond/csm/react-form-builder/node_modules/react/cjs/react.development.js:2582:11)
          at /Users/pabloelisseo/repos/one-beyond/csm/react-form-builder/node_modules/@testing-library/react/dist/act-compat.js:46:25
          at renderRoot (/Users/pabloelisseo/repos/one-beyond/csm/react-form-builder/node_modules/@testing-library/react/dist/pure.js:161:26)
          at render (/Users/pabloelisseo/repos/one-beyond/csm/react-form-builder/node_modules/@testing-library/react/dist/pure.js:247:10)
          at setup (/Users/pabloelisseo/repos/one-beyond/csm/react-form-builder/src/Questions/County/_tests_/county.test.js:48:33)
          at Object.<anonymous> (/Users/pabloelisseo/repos/one-beyond/csm/react-form-builder/src/Questions/County/_tests_/county.test.js:99:53)
          at Promise.then.completed (/Users/pabloelisseo/repos/one-beyond/csm/react-form-builder/node_modules/jest-circus/build/utils.js:391:28)
          at new Promise (<anonymous>)
          at callAsyncCircusFn (/Users/pabloelisseo/repos/one-beyond/csm/react-form-builder/node_modules/jest-circus/build/utils.js:316:10)
          at _callCircusTest (/Users/pabloelisseo/repos/one-beyond/csm/react-form-builder/node_modules/jest-circus/build/run.js:218:40)
          at processTicksAndRejections (node:internal/process/task_queues:95:5)
          at _runTest (/Users/pabloelisseo/repos/one-beyond/csm/react-form-builder/node_modules/jest-circus/build/run.js:155:3)
          at _runTestsForDescribeBlock (/Users/pabloelisseo/repos/one-beyond/csm/react-form-builder/node_modules/jest-circus/build/run.js:66:9)
          at run (/Users/pabloelisseo/repos/one-beyond/csm/react-form-builder/node_modules/jest-circus/build/run.js:25:3)
          at runAndTransformResultsToJestFormat (/Users/pabloelisseo/repos/one-beyond/csm/react-form-builder/node_modules/jest-circus/build/legacy-code-todo-rewrite/jestAdapterInit.js:170:21)
          at jestAdapter (/Users/pabloelisseo/repos/one-beyond/csm/react-form-builder/node_modules/jest-circus/build/legacy-code-todo-rewrite/jestAdapter.js:82:19)
          at runTestInternal (/Users/pabloelisseo/repos/one-beyond/csm/react-form-builder/node_modules/jest-runner/build/runTest.js:389:16)
          at runTest (/Users/pabloelisseo/repos/one-beyond/csm/react-form-builder/node_modules/jest-runner/build/runTest.js:475:34)
          at Object.worker (/Users/pabloelisseo/repos/one-beyond/csm/react-form-builder/node_modules/jest-runner/build/testWorker.js:133:12)

      at VirtualConsole.<anonymous> (node_modules/jsdom/lib/jsdom/virtual-console.js:29:45)
      at reportException (node_modules/jsdom/lib/jsdom/living/helpers/runtime-script-errors.js:70:28)
      at innerInvokeEventListeners (node_modules/jsdom/lib/jsdom/living/events/EventTarget-impl.js:341:9)
      at invokeEventListeners (node_modules/jsdom/lib/jsdom/living/events/EventTarget-impl.js:274:3)
      at HTMLUnknownElementImpl._dispatch (node_modules/jsdom/lib/jsdom/living/events/EventTarget-impl.js:221:9)
      at HTMLUnknownElementImpl.dispatchEvent (node_modules/jsdom/lib/jsdom/living/events/EventTarget-impl.js:94:17)
      at HTMLUnknownElement.dispatchEvent (node_modules/jsdom/lib/jsdom/living/generated/EventTarget.js:231:34)

    console.error
      Error: Uncaught [TypeError: Cannot read properties of undefined (reading 'array')]
          at reportException (/Users/pabloelisseo/repos/one-beyond/csm/react-form-builder/node_modules/jsdom/lib/jsdom/living/helpers/runtime-script-errors.js:66:24)
          at innerInvokeEventListeners (/Users/pabloelisseo/repos/one-beyond/csm/react-form-builder/node_modules/jsdom/lib/jsdom/living/events/EventTarget-impl.js:341:9)
          at invokeEventListeners (/Users/pabloelisseo/repos/one-beyond/csm/react-form-builder/node_modules/jsdom/lib/jsdom/living/events/EventTarget-impl.js:274:3)
          at HTMLUnknownElementImpl._dispatch (/Users/pabloelisseo/repos/one-beyond/csm/react-form-builder/node_modules/jsdom/lib/jsdom/living/events/EventTarget-impl.js:221:9)
          at HTMLUnknownElementImpl.dispatchEvent (/Users/pabloelisseo/repos/one-beyond/csm/react-form-builder/node_modules/jsdom/lib/jsdom/living/events/EventTarget-impl.js:94:17)
          at HTMLUnknownElement.dispatchEvent (/Users/pabloelisseo/repos/one-beyond/csm/react-form-builder/node_modules/jsdom/lib/jsdom/living/generated/EventTarget.js:231:34)
          at Object.invokeGuardedCallbackDev (/Users/pabloelisseo/repos/one-beyond/csm/react-form-builder/node_modules/react-dom/cjs/react-dom.development.js:4213:16)
          at invokeGuardedCallback (/Users/pabloelisseo/repos/one-beyond/csm/react-form-builder/node_modules/react-dom/cjs/react-dom.development.js:4277:31)
          at beginWork$1 (/Users/pabloelisseo/repos/one-beyond/csm/react-form-builder/node_modules/react-dom/cjs/react-dom.development.js:27451:7)
          at performUnitOfWork (/Users/pabloelisseo/repos/one-beyond/csm/react-form-builder/node_modules/react-dom/cjs/react-dom.development.js:26560:12) TypeError: Cannot read properties of undefined (reading 'array')
          at control (/Users/pabloelisseo/repos/one-beyond/csm/react-form-builder/node_modules/react-hook-form/src/useController.ts:63:35)
          at Object.<anonymous>.exports.Controller (/Users/pabloelisseo/repos/one-beyond/csm/react-form-builder/node_modules/react-hook-form/src/form.tsx:38:5)
          at renderWithHooks (/Users/pabloelisseo/repos/one-beyond/csm/react-form-builder/node_modules/react-dom/cjs/react-dom.development.js:16305:18)
          at mountIndeterminateComponent (/Users/pabloelisseo/repos/one-beyond/csm/react-form-builder/node_modules/react-dom/cjs/react-dom.development.js:20074:13)
          at beginWork (/Users/pabloelisseo/repos/one-beyond/csm/react-form-builder/node_modules/react-dom/cjs/react-dom.development.js:21587:16)
          at HTMLUnknownElement.callCallback (/Users/pabloelisseo/repos/one-beyond/csm/react-form-builder/node_modules/react-dom/cjs/react-dom.development.js:4164:14)
          at HTMLUnknownElement.callTheUserObjectsOperation (/Users/pabloelisseo/repos/one-beyond/csm/react-form-builder/node_modules/jsdom/lib/jsdom/living/generated/EventListener.js:26:30)
          at innerInvokeEventListeners (/Users/pabloelisseo/repos/one-beyond/csm/react-form-builder/node_modules/jsdom/lib/jsdom/living/events/EventTarget-impl.js:338:25)
          at invokeEventListeners (/Users/pabloelisseo/repos/one-beyond/csm/react-form-builder/node_modules/jsdom/lib/jsdom/living/events/EventTarget-impl.js:274:3)
          at HTMLUnknownElementImpl._dispatch (/Users/pabloelisseo/repos/one-beyond/csm/react-form-builder/node_modules/jsdom/lib/jsdom/living/events/EventTarget-impl.js:221:9)
          at HTMLUnknownElementImpl.dispatchEvent (/Users/pabloelisseo/repos/one-beyond/csm/react-form-builder/node_modules/jsdom/lib/jsdom/living/events/EventTarget-impl.js:94:17)
          at HTMLUnknownElement.dispatchEvent (/Users/pabloelisseo/repos/one-beyond/csm/react-form-builder/node_modules/jsdom/lib/jsdom/living/generated/EventTarget.js:231:34)
          at Object.invokeGuardedCallbackDev (/Users/pabloelisseo/repos/one-beyond/csm/react-form-builder/node_modules/react-dom/cjs/react-dom.development.js:4213:16)
          at invokeGuardedCallback (/Users/pabloelisseo/repos/one-beyond/csm/react-form-builder/node_modules/react-dom/cjs/react-dom.development.js:4277:31)
          at beginWork$1 (/Users/pabloelisseo/repos/one-beyond/csm/react-form-builder/node_modules/react-dom/cjs/react-dom.development.js:27451:7)
          at performUnitOfWork (/Users/pabloelisseo/repos/one-beyond/csm/react-form-builder/node_modules/react-dom/cjs/react-dom.development.js:26560:12)
          at workLoopSync (/Users/pabloelisseo/repos/one-beyond/csm/react-form-builder/node_modules/react-dom/cjs/react-dom.development.js:26466:5)
          at renderRootSync (/Users/pabloelisseo/repos/one-beyond/csm/react-form-builder/node_modules/react-dom/cjs/react-dom.development.js:26434:7)
          at recoverFromConcurrentError (/Users/pabloelisseo/repos/one-beyond/csm/react-form-builder/node_modules/react-dom/cjs/react-dom.development.js:25850:20)
          at performConcurrentWorkOnRoot (/Users/pabloelisseo/repos/one-beyond/csm/react-form-builder/node_modules/react-dom/cjs/react-dom.development.js:25750:22)
          at flushActQueue (/Users/pabloelisseo/repos/one-beyond/csm/react-form-builder/node_modules/react/cjs/react.development.js:2667:24)
          at act (/Users/pabloelisseo/repos/one-beyond/csm/react-form-builder/node_modules/react/cjs/react.development.js:2582:11)
          at /Users/pabloelisseo/repos/one-beyond/csm/react-form-builder/node_modules/@testing-library/react/dist/act-compat.js:46:25
          at renderRoot (/Users/pabloelisseo/repos/one-beyond/csm/react-form-builder/node_modules/@testing-library/react/dist/pure.js:161:26)
          at render (/Users/pabloelisseo/repos/one-beyond/csm/react-form-builder/node_modules/@testing-library/react/dist/pure.js:247:10)
          at setup (/Users/pabloelisseo/repos/one-beyond/csm/react-form-builder/src/Questions/County/_tests_/county.test.js:48:33)
          at Object.<anonymous> (/Users/pabloelisseo/repos/one-beyond/csm/react-form-builder/src/Questions/County/_tests_/county.test.js:99:53)
          at Promise.then.completed (/Users/pabloelisseo/repos/one-beyond/csm/react-form-builder/node_modules/jest-circus/build/utils.js:391:28)
          at new Promise (<anonymous>)
          at callAsyncCircusFn (/Users/pabloelisseo/repos/one-beyond/csm/react-form-builder/node_modules/jest-circus/build/utils.js:316:10)
          at _callCircusTest (/Users/pabloelisseo/repos/one-beyond/csm/react-form-builder/node_modules/jest-circus/build/run.js:218:40)
          at processTicksAndRejections (node:internal/process/task_queues:95:5)
          at _runTest (/Users/pabloelisseo/repos/one-beyond/csm/react-form-builder/node_modules/jest-circus/build/run.js:155:3)
          at _runTestsForDescribeBlock (/Users/pabloelisseo/repos/one-beyond/csm/react-form-builder/node_modules/jest-circus/build/run.js:66:9)
          at run (/Users/pabloelisseo/repos/one-beyond/csm/react-form-builder/node_modules/jest-circus/build/run.js:25:3)
          at runAndTransformResultsToJestFormat (/Users/pabloelisseo/repos/one-beyond/csm/react-form-builder/node_modules/jest-circus/build/legacy-code-todo-rewrite/jestAdapterInit.js:170:21)
          at jestAdapter (/Users/pabloelisseo/repos/one-beyond/csm/react-form-builder/node_modules/jest-circus/build/legacy-code-todo-rewrite/jestAdapter.js:82:19)
          at runTestInternal (/Users/pabloelisseo/repos/one-beyond/csm/react-form-builder/node_modules/jest-runner/build/runTest.js:389:16)
          at runTest (/Users/pabloelisseo/repos/one-beyond/csm/react-form-builder/node_modules/jest-runner/build/runTest.js:475:34)
          at Object.worker (/Users/pabloelisseo/repos/one-beyond/csm/react-form-builder/node_modules/jest-runner/build/testWorker.js:133:12)

      at VirtualConsole.<anonymous> (node_modules/jsdom/lib/jsdom/virtual-console.js:29:45)
      at reportException (node_modules/jsdom/lib/jsdom/living/helpers/runtime-script-errors.js:70:28)
      at innerInvokeEventListeners (node_modules/jsdom/lib/jsdom/living/events/EventTarget-impl.js:341:9)
      at invokeEventListeners (node_modules/jsdom/lib/jsdom/living/events/EventTarget-impl.js:274:3)
      at HTMLUnknownElementImpl._dispatch (node_modules/jsdom/lib/jsdom/living/events/EventTarget-impl.js:221:9)
      at HTMLUnknownElementImpl.dispatchEvent (node_modules/jsdom/lib/jsdom/living/events/EventTarget-impl.js:94:17)
      at HTMLUnknownElement.dispatchEvent (node_modules/jsdom/lib/jsdom/living/generated/EventTarget.js:231:34)

    console.error
      Error: Uncaught [TypeError: Cannot read properties of undefined (reading 'array')]
          at reportException (/Users/pabloelisseo/repos/one-beyond/csm/react-form-builder/node_modules/jsdom/lib/jsdom/living/helpers/runtime-script-errors.js:66:24)
          at innerInvokeEventListeners (/Users/pabloelisseo/repos/one-beyond/csm/react-form-builder/node_modules/jsdom/lib/jsdom/living/events/EventTarget-impl.js:341:9)
          at invokeEventListeners (/Users/pabloelisseo/repos/one-beyond/csm/react-form-builder/node_modules/jsdom/lib/jsdom/living/events/EventTarget-impl.js:274:3)
          at HTMLUnknownElementImpl._dispatch (/Users/pabloelisseo/repos/one-beyond/csm/react-form-builder/node_modules/jsdom/lib/jsdom/living/events/EventTarget-impl.js:221:9)
          at HTMLUnknownElementImpl.dispatchEvent (/Users/pabloelisseo/repos/one-beyond/csm/react-form-builder/node_modules/jsdom/lib/jsdom/living/events/EventTarget-impl.js:94:17)
          at HTMLUnknownElement.dispatchEvent (/Users/pabloelisseo/repos/one-beyond/csm/react-form-builder/node_modules/jsdom/lib/jsdom/living/generated/EventTarget.js:231:34)
          at Object.invokeGuardedCallbackDev (/Users/pabloelisseo/repos/one-beyond/csm/react-form-builder/node_modules/react-dom/cjs/react-dom.development.js:4213:16)
          at invokeGuardedCallback (/Users/pabloelisseo/repos/one-beyond/csm/react-form-builder/node_modules/react-dom/cjs/react-dom.development.js:4277:31)
          at beginWork$1 (/Users/pabloelisseo/repos/one-beyond/csm/react-form-builder/node_modules/react-dom/cjs/react-dom.development.js:27451:7)
          at performUnitOfWork (/Users/pabloelisseo/repos/one-beyond/csm/react-form-builder/node_modules/react-dom/cjs/react-dom.development.js:26560:12) TypeError: Cannot read properties of undefined (reading 'array')
          at control (/Users/pabloelisseo/repos/one-beyond/csm/react-form-builder/node_modules/react-hook-form/src/useController.ts:63:35)
          at Object.<anonymous>.exports.Controller (/Users/pabloelisseo/repos/one-beyond/csm/react-form-builder/node_modules/react-hook-form/src/form.tsx:38:5)
          at renderWithHooks (/Users/pabloelisseo/repos/one-beyond/csm/react-form-builder/node_modules/react-dom/cjs/react-dom.development.js:16305:18)
          at mountIndeterminateComponent (/Users/pabloelisseo/repos/one-beyond/csm/react-form-builder/node_modules/react-dom/cjs/react-dom.development.js:20074:13)
          at beginWork (/Users/pabloelisseo/repos/one-beyond/csm/react-form-builder/node_modules/react-dom/cjs/react-dom.development.js:21587:16)
          at HTMLUnknownElement.callCallback (/Users/pabloelisseo/repos/one-beyond/csm/react-form-builder/node_modules/react-dom/cjs/react-dom.development.js:4164:14)
          at HTMLUnknownElement.callTheUserObjectsOperation (/Users/pabloelisseo/repos/one-beyond/csm/react-form-builder/node_modules/jsdom/lib/jsdom/living/generated/EventListener.js:26:30)
          at innerInvokeEventListeners (/Users/pabloelisseo/repos/one-beyond/csm/react-form-builder/node_modules/jsdom/lib/jsdom/living/events/EventTarget-impl.js:338:25)
          at invokeEventListeners (/Users/pabloelisseo/repos/one-beyond/csm/react-form-builder/node_modules/jsdom/lib/jsdom/living/events/EventTarget-impl.js:274:3)
          at HTMLUnknownElementImpl._dispatch (/Users/pabloelisseo/repos/one-beyond/csm/react-form-builder/node_modules/jsdom/lib/jsdom/living/events/EventTarget-impl.js:221:9)
          at HTMLUnknownElementImpl.dispatchEvent (/Users/pabloelisseo/repos/one-beyond/csm/react-form-builder/node_modules/jsdom/lib/jsdom/living/events/EventTarget-impl.js:94:17)
          at HTMLUnknownElement.dispatchEvent (/Users/pabloelisseo/repos/one-beyond/csm/react-form-builder/node_modules/jsdom/lib/jsdom/living/generated/EventTarget.js:231:34)
          at Object.invokeGuardedCallbackDev (/Users/pabloelisseo/repos/one-beyond/csm/react-form-builder/node_modules/react-dom/cjs/react-dom.development.js:4213:16)
          at invokeGuardedCallback (/Users/pabloelisseo/repos/one-beyond/csm/react-form-builder/node_modules/react-dom/cjs/react-dom.development.js:4277:31)
          at beginWork$1 (/Users/pabloelisseo/repos/one-beyond/csm/react-form-builder/node_modules/react-dom/cjs/react-dom.development.js:27451:7)
          at performUnitOfWork (/Users/pabloelisseo/repos/one-beyond/csm/react-form-builder/node_modules/react-dom/cjs/react-dom.development.js:26560:12)
          at workLoopSync (/Users/pabloelisseo/repos/one-beyond/csm/react-form-builder/node_modules/react-dom/cjs/react-dom.development.js:26466:5)
          at renderRootSync (/Users/pabloelisseo/repos/one-beyond/csm/react-form-builder/node_modules/react-dom/cjs/react-dom.development.js:26434:7)
          at recoverFromConcurrentError (/Users/pabloelisseo/repos/one-beyond/csm/react-form-builder/node_modules/react-dom/cjs/react-dom.development.js:25850:20)
          at performConcurrentWorkOnRoot (/Users/pabloelisseo/repos/one-beyond/csm/react-form-builder/node_modules/react-dom/cjs/react-dom.development.js:25750:22)
          at flushActQueue (/Users/pabloelisseo/repos/one-beyond/csm/react-form-builder/node_modules/react/cjs/react.development.js:2667:24)
          at act (/Users/pabloelisseo/repos/one-beyond/csm/react-form-builder/node_modules/react/cjs/react.development.js:2582:11)
          at /Users/pabloelisseo/repos/one-beyond/csm/react-form-builder/node_modules/@testing-library/react/dist/act-compat.js:46:25
          at renderRoot (/Users/pabloelisseo/repos/one-beyond/csm/react-form-builder/node_modules/@testing-library/react/dist/pure.js:161:26)
          at render (/Users/pabloelisseo/repos/one-beyond/csm/react-form-builder/node_modules/@testing-library/react/dist/pure.js:247:10)
          at setup (/Users/pabloelisseo/repos/one-beyond/csm/react-form-builder/src/Questions/County/_tests_/county.test.js:48:33)
          at Object.<anonymous> (/Users/pabloelisseo/repos/one-beyond/csm/react-form-builder/src/Questions/County/_tests_/county.test.js:99:53)
          at Promise.then.completed (/Users/pabloelisseo/repos/one-beyond/csm/react-form-builder/node_modules/jest-circus/build/utils.js:391:28)
          at new Promise (<anonymous>)
          at callAsyncCircusFn (/Users/pabloelisseo/repos/one-beyond/csm/react-form-builder/node_modules/jest-circus/build/utils.js:316:10)
          at _callCircusTest (/Users/pabloelisseo/repos/one-beyond/csm/react-form-builder/node_modules/jest-circus/build/run.js:218:40)
          at processTicksAndRejections (node:internal/process/task_queues:95:5)
          at _runTest (/Users/pabloelisseo/repos/one-beyond/csm/react-form-builder/node_modules/jest-circus/build/run.js:155:3)
          at _runTestsForDescribeBlock (/Users/pabloelisseo/repos/one-beyond/csm/react-form-builder/node_modules/jest-circus/build/run.js:66:9)
          at run (/Users/pabloelisseo/repos/one-beyond/csm/react-form-builder/node_modules/jest-circus/build/run.js:25:3)
          at runAndTransformResultsToJestFormat (/Users/pabloelisseo/repos/one-beyond/csm/react-form-builder/node_modules/jest-circus/build/legacy-code-todo-rewrite/jestAdapterInit.js:170:21)
          at jestAdapter (/Users/pabloelisseo/repos/one-beyond/csm/react-form-builder/node_modules/jest-circus/build/legacy-code-todo-rewrite/jestAdapter.js:82:19)
          at runTestInternal (/Users/pabloelisseo/repos/one-beyond/csm/react-form-builder/node_modules/jest-runner/build/runTest.js:389:16)
          at runTest (/Users/pabloelisseo/repos/one-beyond/csm/react-form-builder/node_modules/jest-runner/build/runTest.js:475:34)
          at Object.worker (/Users/pabloelisseo/repos/one-beyond/csm/react-form-builder/node_modules/jest-runner/build/testWorker.js:133:12)

      at VirtualConsole.<anonymous> (node_modules/jsdom/lib/jsdom/virtual-console.js:29:45)
      at reportException (node_modules/jsdom/lib/jsdom/living/helpers/runtime-script-errors.js:70:28)
      at innerInvokeEventListeners (node_modules/jsdom/lib/jsdom/living/events/EventTarget-impl.js:341:9)
      at invokeEventListeners (node_modules/jsdom/lib/jsdom/living/events/EventTarget-impl.js:274:3)
      at HTMLUnknownElementImpl._dispatch (node_modules/jsdom/lib/jsdom/living/events/EventTarget-impl.js:221:9)
      at HTMLUnknownElementImpl.dispatchEvent (node_modules/jsdom/lib/jsdom/living/events/EventTarget-impl.js:94:17)
      at HTMLUnknownElement.dispatchEvent (node_modules/jsdom/lib/jsdom/living/generated/EventTarget.js:231:34)

    console.error
      The above error occurred in one of your React components:
      
          at Object.<anonymous>.exports.Controller (/Users/pabloelisseo/repos/one-beyond/csm/react-form-builder/node_modules/react-hook-form/src/form.tsx:37:9)
          at Select (/Users/pabloelisseo/repos/one-beyond/csm/react-form-builder/src/Fields/Select/index.js:10:3)
          at div
          at /Users/pabloelisseo/repos/one-beyond/csm/react-form-builder/node_modules/@emotion/react/dist/emotion-element-48d2c2e4.cjs.dev.js:62:23
          at QuestionCountry (/Users/pabloelisseo/repos/one-beyond/csm/react-form-builder/src/Questions/Country/index.js:38:3)
      
      Consider adding an error boundary to your tree to customize error handling behavior.
      Visit https://reactjs.org/link/error-boundaries to learn more about error boundaries.

      at logCapturedError (node_modules/react-dom/cjs/react-dom.development.js:18687:23)
      at update.callback (node_modules/react-dom/cjs/react-dom.development.js:18720:5)
      at callCallback (node_modules/react-dom/cjs/react-dom.development.js:13923:12)
      at commitUpdateQueue (node_modules/react-dom/cjs/react-dom.development.js:13944:9)
      at commitLayoutEffectOnFiber (node_modules/react-dom/cjs/react-dom.development.js:23391:13)
      at commitLayoutMountEffects_complete (node_modules/react-dom/cjs/react-dom.development.js:24688:9)
      at commitLayoutEffects_begin (node_modules/react-dom/cjs/react-dom.development.js:24674:7)
      at commitLayoutEffects (node_modules/react-dom/cjs/react-dom.development.js:24612:3)

    console.error
      The above error occurred in one of your React components:
      
          at Object.<anonymous>.exports.Controller (/Users/pabloelisseo/repos/one-beyond/csm/react-form-builder/node_modules/react-hook-form/src/form.tsx:37:9)
          at Select (/Users/pabloelisseo/repos/one-beyond/csm/react-form-builder/src/Fields/Select/index.js:10:3)
          at div
          at /Users/pabloelisseo/repos/one-beyond/csm/react-form-builder/node_modules/@emotion/react/dist/emotion-element-48d2c2e4.cjs.dev.js:62:23
          at QuestionCounty (/Users/pabloelisseo/repos/one-beyond/csm/react-form-builder/src/Questions/County/index.js:9:27)
      
      Consider adding an error boundary to your tree to customize error handling behavior.
      Visit https://reactjs.org/link/error-boundaries to learn more about error boundaries.

      at logCapturedError (node_modules/react-dom/cjs/react-dom.development.js:18687:23)
      at update.callback (node_modules/react-dom/cjs/react-dom.development.js:18720:5)
      at callCallback (node_modules/react-dom/cjs/react-dom.development.js:13923:12)
      at commitUpdateQueue (node_modules/react-dom/cjs/react-dom.development.js:13944:9)
      at commitLayoutEffectOnFiber (node_modules/react-dom/cjs/react-dom.development.js:23391:13)
      at commitLayoutMountEffects_complete (node_modules/react-dom/cjs/react-dom.development.js:24688:9)
      at commitLayoutEffects_begin (node_modules/react-dom/cjs/react-dom.development.js:24674:7)
      at commitLayoutEffects (node_modules/react-dom/cjs/react-dom.development.js:24612:3)

    console.error
      Error: Uncaught [TypeError: Cannot read properties of undefined (reading 'array')]
          at reportException (/Users/pabloelisseo/repos/one-beyond/csm/react-form-builder/node_modules/jsdom/lib/jsdom/living/helpers/runtime-script-errors.js:66:24)
          at innerInvokeEventListeners (/Users/pabloelisseo/repos/one-beyond/csm/react-form-builder/node_modules/jsdom/lib/jsdom/living/events/EventTarget-impl.js:341:9)
          at invokeEventListeners (/Users/pabloelisseo/repos/one-beyond/csm/react-form-builder/node_modules/jsdom/lib/jsdom/living/events/EventTarget-impl.js:274:3)
          at HTMLUnknownElementImpl._dispatch (/Users/pabloelisseo/repos/one-beyond/csm/react-form-builder/node_modules/jsdom/lib/jsdom/living/events/EventTarget-impl.js:221:9)
          at HTMLUnknownElementImpl.dispatchEvent (/Users/pabloelisseo/repos/one-beyond/csm/react-form-builder/node_modules/jsdom/lib/jsdom/living/events/EventTarget-impl.js:94:17)
          at HTMLUnknownElement.dispatchEvent (/Users/pabloelisseo/repos/one-beyond/csm/react-form-builder/node_modules/jsdom/lib/jsdom/living/generated/EventTarget.js:231:34)
          at Object.invokeGuardedCallbackDev (/Users/pabloelisseo/repos/one-beyond/csm/react-form-builder/node_modules/react-dom/cjs/react-dom.development.js:4213:16)
          at invokeGuardedCallback (/Users/pabloelisseo/repos/one-beyond/csm/react-form-builder/node_modules/react-dom/cjs/react-dom.development.js:4277:31)
          at beginWork$1 (/Users/pabloelisseo/repos/one-beyond/csm/react-form-builder/node_modules/react-dom/cjs/react-dom.development.js:27451:7)
          at performUnitOfWork (/Users/pabloelisseo/repos/one-beyond/csm/react-form-builder/node_modules/react-dom/cjs/react-dom.development.js:26560:12) TypeError: Cannot read properties of undefined (reading 'array')
          at control (/Users/pabloelisseo/repos/one-beyond/csm/react-form-builder/node_modules/react-hook-form/src/useController.ts:63:35)
          at Object.<anonymous>.exports.Controller (/Users/pabloelisseo/repos/one-beyond/csm/react-form-builder/node_modules/react-hook-form/src/form.tsx:38:5)
          at renderWithHooks (/Users/pabloelisseo/repos/one-beyond/csm/react-form-builder/node_modules/react-dom/cjs/react-dom.development.js:16305:18)
          at mountIndeterminateComponent (/Users/pabloelisseo/repos/one-beyond/csm/react-form-builder/node_modules/react-dom/cjs/react-dom.development.js:20074:13)
          at beginWork (/Users/pabloelisseo/repos/one-beyond/csm/react-form-builder/node_modules/react-dom/cjs/react-dom.development.js:21587:16)
          at HTMLUnknownElement.callCallback (/Users/pabloelisseo/repos/one-beyond/csm/react-form-builder/node_modules/react-dom/cjs/react-dom.development.js:4164:14)
          at HTMLUnknownElement.callTheUserObjectsOperation (/Users/pabloelisseo/repos/one-beyond/csm/react-form-builder/node_modules/jsdom/lib/jsdom/living/generated/EventListener.js:26:30)
          at innerInvokeEventListeners (/Users/pabloelisseo/repos/one-beyond/csm/react-form-builder/node_modules/jsdom/lib/jsdom/living/events/EventTarget-impl.js:338:25)
          at invokeEventListeners (/Users/pabloelisseo/repos/one-beyond/csm/react-form-builder/node_modules/jsdom/lib/jsdom/living/events/EventTarget-impl.js:274:3)
          at HTMLUnknownElementImpl._dispatch (/Users/pabloelisseo/repos/one-beyond/csm/react-form-builder/node_modules/jsdom/lib/jsdom/living/events/EventTarget-impl.js:221:9)
          at HTMLUnknownElementImpl.dispatchEvent (/Users/pabloelisseo/repos/one-beyond/csm/react-form-builder/node_modules/jsdom/lib/jsdom/living/events/EventTarget-impl.js:94:17)
          at HTMLUnknownElement.dispatchEvent (/Users/pabloelisseo/repos/one-beyond/csm/react-form-builder/node_modules/jsdom/lib/jsdom/living/generated/EventTarget.js:231:34)
          at Object.invokeGuardedCallbackDev (/Users/pabloelisseo/repos/one-beyond/csm/react-form-builder/node_modules/react-dom/cjs/react-dom.development.js:4213:16)
          at invokeGuardedCallback (/Users/pabloelisseo/repos/one-beyond/csm/react-form-builder/node_modules/react-dom/cjs/react-dom.development.js:4277:31)
          at beginWork$1 (/Users/pabloelisseo/repos/one-beyond/csm/react-form-builder/node_modules/react-dom/cjs/react-dom.development.js:27451:7)
          at performUnitOfWork (/Users/pabloelisseo/repos/one-beyond/csm/react-form-builder/node_modules/react-dom/cjs/react-dom.development.js:26560:12)
          at workLoopSync (/Users/pabloelisseo/repos/one-beyond/csm/react-form-builder/node_modules/react-dom/cjs/react-dom.development.js:26466:5)
          at renderRootSync (/Users/pabloelisseo/repos/one-beyond/csm/react-form-builder/node_modules/react-dom/cjs/react-dom.development.js:26434:7)
          at performConcurrentWorkOnRoot (/Users/pabloelisseo/repos/one-beyond/csm/react-form-builder/node_modules/react-dom/cjs/react-dom.development.js:25738:74)
          at flushActQueue (/Users/pabloelisseo/repos/one-beyond/csm/react-form-builder/node_modules/react/cjs/react.development.js:2667:24)
          at act (/Users/pabloelisseo/repos/one-beyond/csm/react-form-builder/node_modules/react/cjs/react.development.js:2582:11)
          at /Users/pabloelisseo/repos/one-beyond/csm/react-form-builder/node_modules/@testing-library/react/dist/act-compat.js:46:25
          at renderRoot (/Users/pabloelisseo/repos/one-beyond/csm/react-form-builder/node_modules/@testing-library/react/dist/pure.js:161:26)
          at render (/Users/pabloelisseo/repos/one-beyond/csm/react-form-builder/node_modules/@testing-library/react/dist/pure.js:247:10)
          at Object.<anonymous> (/Users/pabloelisseo/repos/one-beyond/csm/react-form-builder/src/Questions/County/_tests_/county.test.js:123:31)
          at Promise.then.completed (/Users/pabloelisseo/repos/one-beyond/csm/react-form-builder/node_modules/jest-circus/build/utils.js:391:28)
          at new Promise (<anonymous>)
          at callAsyncCircusFn (/Users/pabloelisseo/repos/one-beyond/csm/react-form-builder/node_modules/jest-circus/build/utils.js:316:10)
          at _callCircusTest (/Users/pabloelisseo/repos/one-beyond/csm/react-form-builder/node_modules/jest-circus/build/run.js:218:40)
          at processTicksAndRejections (node:internal/process/task_queues:95:5)
          at _runTest (/Users/pabloelisseo/repos/one-beyond/csm/react-form-builder/node_modules/jest-circus/build/run.js:155:3)
          at _runTestsForDescribeBlock (/Users/pabloelisseo/repos/one-beyond/csm/react-form-builder/node_modules/jest-circus/build/run.js:66:9)
          at run (/Users/pabloelisseo/repos/one-beyond/csm/react-form-builder/node_modules/jest-circus/build/run.js:25:3)
          at runAndTransformResultsToJestFormat (/Users/pabloelisseo/repos/one-beyond/csm/react-form-builder/node_modules/jest-circus/build/legacy-code-todo-rewrite/jestAdapterInit.js:170:21)
          at jestAdapter (/Users/pabloelisseo/repos/one-beyond/csm/react-form-builder/node_modules/jest-circus/build/legacy-code-todo-rewrite/jestAdapter.js:82:19)
          at runTestInternal (/Users/pabloelisseo/repos/one-beyond/csm/react-form-builder/node_modules/jest-runner/build/runTest.js:389:16)
          at runTest (/Users/pabloelisseo/repos/one-beyond/csm/react-form-builder/node_modules/jest-runner/build/runTest.js:475:34)
          at Object.worker (/Users/pabloelisseo/repos/one-beyond/csm/react-form-builder/node_modules/jest-runner/build/testWorker.js:133:12)

      at VirtualConsole.<anonymous> (node_modules/jsdom/lib/jsdom/virtual-console.js:29:45)
      at reportException (node_modules/jsdom/lib/jsdom/living/helpers/runtime-script-errors.js:70:28)
      at innerInvokeEventListeners (node_modules/jsdom/lib/jsdom/living/events/EventTarget-impl.js:341:9)
      at invokeEventListeners (node_modules/jsdom/lib/jsdom/living/events/EventTarget-impl.js:274:3)
      at HTMLUnknownElementImpl._dispatch (node_modules/jsdom/lib/jsdom/living/events/EventTarget-impl.js:221:9)
      at HTMLUnknownElementImpl.dispatchEvent (node_modules/jsdom/lib/jsdom/living/events/EventTarget-impl.js:94:17)
      at HTMLUnknownElement.dispatchEvent (node_modules/jsdom/lib/jsdom/living/generated/EventTarget.js:231:34)

    console.error
      Error: Uncaught [TypeError: Cannot read properties of undefined (reading 'array')]
          at reportException (/Users/pabloelisseo/repos/one-beyond/csm/react-form-builder/node_modules/jsdom/lib/jsdom/living/helpers/runtime-script-errors.js:66:24)
          at innerInvokeEventListeners (/Users/pabloelisseo/repos/one-beyond/csm/react-form-builder/node_modules/jsdom/lib/jsdom/living/events/EventTarget-impl.js:341:9)
          at invokeEventListeners (/Users/pabloelisseo/repos/one-beyond/csm/react-form-builder/node_modules/jsdom/lib/jsdom/living/events/EventTarget-impl.js:274:3)
          at HTMLUnknownElementImpl._dispatch (/Users/pabloelisseo/repos/one-beyond/csm/react-form-builder/node_modules/jsdom/lib/jsdom/living/events/EventTarget-impl.js:221:9)
          at HTMLUnknownElementImpl.dispatchEvent (/Users/pabloelisseo/repos/one-beyond/csm/react-form-builder/node_modules/jsdom/lib/jsdom/living/events/EventTarget-impl.js:94:17)
          at HTMLUnknownElement.dispatchEvent (/Users/pabloelisseo/repos/one-beyond/csm/react-form-builder/node_modules/jsdom/lib/jsdom/living/generated/EventTarget.js:231:34)
          at Object.invokeGuardedCallbackDev (/Users/pabloelisseo/repos/one-beyond/csm/react-form-builder/node_modules/react-dom/cjs/react-dom.development.js:4213:16)
          at invokeGuardedCallback (/Users/pabloelisseo/repos/one-beyond/csm/react-form-builder/node_modules/react-dom/cjs/react-dom.development.js:4277:31)
          at beginWork$1 (/Users/pabloelisseo/repos/one-beyond/csm/react-form-builder/node_modules/react-dom/cjs/react-dom.development.js:27451:7)
          at performUnitOfWork (/Users/pabloelisseo/repos/one-beyond/csm/react-form-builder/node_modules/react-dom/cjs/react-dom.development.js:26560:12) TypeError: Cannot read properties of undefined (reading 'array')
          at control (/Users/pabloelisseo/repos/one-beyond/csm/react-form-builder/node_modules/react-hook-form/src/useController.ts:63:35)
          at Object.<anonymous>.exports.Controller (/Users/pabloelisseo/repos/one-beyond/csm/react-form-builder/node_modules/react-hook-form/src/form.tsx:38:5)
          at renderWithHooks (/Users/pabloelisseo/repos/one-beyond/csm/react-form-builder/node_modules/react-dom/cjs/react-dom.development.js:16305:18)
          at mountIndeterminateComponent (/Users/pabloelisseo/repos/one-beyond/csm/react-form-builder/node_modules/react-dom/cjs/react-dom.development.js:20074:13)
          at beginWork (/Users/pabloelisseo/repos/one-beyond/csm/react-form-builder/node_modules/react-dom/cjs/react-dom.development.js:21587:16)
          at HTMLUnknownElement.callCallback (/Users/pabloelisseo/repos/one-beyond/csm/react-form-builder/node_modules/react-dom/cjs/react-dom.development.js:4164:14)
          at HTMLUnknownElement.callTheUserObjectsOperation (/Users/pabloelisseo/repos/one-beyond/csm/react-form-builder/node_modules/jsdom/lib/jsdom/living/generated/EventListener.js:26:30)
          at innerInvokeEventListeners (/Users/pabloelisseo/repos/one-beyond/csm/react-form-builder/node_modules/jsdom/lib/jsdom/living/events/EventTarget-impl.js:338:25)
          at invokeEventListeners (/Users/pabloelisseo/repos/one-beyond/csm/react-form-builder/node_modules/jsdom/lib/jsdom/living/events/EventTarget-impl.js:274:3)
          at HTMLUnknownElementImpl._dispatch (/Users/pabloelisseo/repos/one-beyond/csm/react-form-builder/node_modules/jsdom/lib/jsdom/living/events/EventTarget-impl.js:221:9)
          at HTMLUnknownElementImpl.dispatchEvent (/Users/pabloelisseo/repos/one-beyond/csm/react-form-builder/node_modules/jsdom/lib/jsdom/living/events/EventTarget-impl.js:94:17)
          at HTMLUnknownElement.dispatchEvent (/Users/pabloelisseo/repos/one-beyond/csm/react-form-builder/node_modules/jsdom/lib/jsdom/living/generated/EventTarget.js:231:34)
          at Object.invokeGuardedCallbackDev (/Users/pabloelisseo/repos/one-beyond/csm/react-form-builder/node_modules/react-dom/cjs/react-dom.development.js:4213:16)
          at invokeGuardedCallback (/Users/pabloelisseo/repos/one-beyond/csm/react-form-builder/node_modules/react-dom/cjs/react-dom.development.js:4277:31)
          at beginWork$1 (/Users/pabloelisseo/repos/one-beyond/csm/react-form-builder/node_modules/react-dom/cjs/react-dom.development.js:27451:7)
          at performUnitOfWork (/Users/pabloelisseo/repos/one-beyond/csm/react-form-builder/node_modules/react-dom/cjs/react-dom.development.js:26560:12)
          at workLoopSync (/Users/pabloelisseo/repos/one-beyond/csm/react-form-builder/node_modules/react-dom/cjs/react-dom.development.js:26466:5)
          at renderRootSync (/Users/pabloelisseo/repos/one-beyond/csm/react-form-builder/node_modules/react-dom/cjs/react-dom.development.js:26434:7)
          at recoverFromConcurrentError (/Users/pabloelisseo/repos/one-beyond/csm/react-form-builder/node_modules/react-dom/cjs/react-dom.development.js:25850:20)
          at performConcurrentWorkOnRoot (/Users/pabloelisseo/repos/one-beyond/csm/react-form-builder/node_modules/react-dom/cjs/react-dom.development.js:25750:22)
          at flushActQueue (/Users/pabloelisseo/repos/one-beyond/csm/react-form-builder/node_modules/react/cjs/react.development.js:2667:24)
          at act (/Users/pabloelisseo/repos/one-beyond/csm/react-form-builder/node_modules/react/cjs/react.development.js:2582:11)
          at /Users/pabloelisseo/repos/one-beyond/csm/react-form-builder/node_modules/@testing-library/react/dist/act-compat.js:46:25
          at renderRoot (/Users/pabloelisseo/repos/one-beyond/csm/react-form-builder/node_modules/@testing-library/react/dist/pure.js:161:26)
          at render (/Users/pabloelisseo/repos/one-beyond/csm/react-form-builder/node_modules/@testing-library/react/dist/pure.js:247:10)
          at Object.<anonymous> (/Users/pabloelisseo/repos/one-beyond/csm/react-form-builder/src/Questions/County/_tests_/county.test.js:123:31)
          at Promise.then.completed (/Users/pabloelisseo/repos/one-beyond/csm/react-form-builder/node_modules/jest-circus/build/utils.js:391:28)
          at new Promise (<anonymous>)
          at callAsyncCircusFn (/Users/pabloelisseo/repos/one-beyond/csm/react-form-builder/node_modules/jest-circus/build/utils.js:316:10)
          at _callCircusTest (/Users/pabloelisseo/repos/one-beyond/csm/react-form-builder/node_modules/jest-circus/build/run.js:218:40)
          at processTicksAndRejections (node:internal/process/task_queues:95:5)
          at _runTest (/Users/pabloelisseo/repos/one-beyond/csm/react-form-builder/node_modules/jest-circus/build/run.js:155:3)
          at _runTestsForDescribeBlock (/Users/pabloelisseo/repos/one-beyond/csm/react-form-builder/node_modules/jest-circus/build/run.js:66:9)
          at run (/Users/pabloelisseo/repos/one-beyond/csm/react-form-builder/node_modules/jest-circus/build/run.js:25:3)
          at runAndTransformResultsToJestFormat (/Users/pabloelisseo/repos/one-beyond/csm/react-form-builder/node_modules/jest-circus/build/legacy-code-todo-rewrite/jestAdapterInit.js:170:21)
          at jestAdapter (/Users/pabloelisseo/repos/one-beyond/csm/react-form-builder/node_modules/jest-circus/build/legacy-code-todo-rewrite/jestAdapter.js:82:19)
          at runTestInternal (/Users/pabloelisseo/repos/one-beyond/csm/react-form-builder/node_modules/jest-runner/build/runTest.js:389:16)
          at runTest (/Users/pabloelisseo/repos/one-beyond/csm/react-form-builder/node_modules/jest-runner/build/runTest.js:475:34)
          at Object.worker (/Users/pabloelisseo/repos/one-beyond/csm/react-form-builder/node_modules/jest-runner/build/testWorker.js:133:12)

      at VirtualConsole.<anonymous> (node_modules/jsdom/lib/jsdom/virtual-console.js:29:45)
      at reportException (node_modules/jsdom/lib/jsdom/living/helpers/runtime-script-errors.js:70:28)
      at innerInvokeEventListeners (node_modules/jsdom/lib/jsdom/living/events/EventTarget-impl.js:341:9)
      at invokeEventListeners (node_modules/jsdom/lib/jsdom/living/events/EventTarget-impl.js:274:3)
      at HTMLUnknownElementImpl._dispatch (node_modules/jsdom/lib/jsdom/living/events/EventTarget-impl.js:221:9)
      at HTMLUnknownElementImpl.dispatchEvent (node_modules/jsdom/lib/jsdom/living/events/EventTarget-impl.js:94:17)
      at HTMLUnknownElement.dispatchEvent (node_modules/jsdom/lib/jsdom/living/generated/EventTarget.js:231:34)

    console.error
      The above error occurred in one of your React components:
      
          at Object.<anonymous>.exports.Controller (/Users/pabloelisseo/repos/one-beyond/csm/react-form-builder/node_modules/react-hook-form/src/form.tsx:37:9)
          at Select (/Users/pabloelisseo/repos/one-beyond/csm/react-form-builder/src/Fields/Select/index.js:10:3)
          at div
          at /Users/pabloelisseo/repos/one-beyond/csm/react-form-builder/node_modules/@emotion/react/dist/emotion-element-48d2c2e4.cjs.dev.js:62:23
          at QuestionCounty (/Users/pabloelisseo/repos/one-beyond/csm/react-form-builder/src/Questions/County/index.js:9:27)
      
      Consider adding an error boundary to your tree to customize error handling behavior.
      Visit https://reactjs.org/link/error-boundaries to learn more about error boundaries.

      at logCapturedError (node_modules/react-dom/cjs/react-dom.development.js:18687:23)
      at update.callback (node_modules/react-dom/cjs/react-dom.development.js:18720:5)
      at callCallback (node_modules/react-dom/cjs/react-dom.development.js:13923:12)
      at commitUpdateQueue (node_modules/react-dom/cjs/react-dom.development.js:13944:9)
      at commitLayoutEffectOnFiber (node_modules/react-dom/cjs/react-dom.development.js:23391:13)
      at commitLayoutMountEffects_complete (node_modules/react-dom/cjs/react-dom.development.js:24688:9)
      at commitLayoutEffects_begin (node_modules/react-dom/cjs/react-dom.development.js:24674:7)
      at commitLayoutEffects (node_modules/react-dom/cjs/react-dom.development.js:24612:3)

    console.error
      Error: Uncaught [TypeError: Cannot read properties of undefined (reading 'array')]
          at reportException (/Users/pabloelisseo/repos/one-beyond/csm/react-form-builder/node_modules/jsdom/lib/jsdom/living/helpers/runtime-script-errors.js:66:24)
          at innerInvokeEventListeners (/Users/pabloelisseo/repos/one-beyond/csm/react-form-builder/node_modules/jsdom/lib/jsdom/living/events/EventTarget-impl.js:341:9)
          at invokeEventListeners (/Users/pabloelisseo/repos/one-beyond/csm/react-form-builder/node_modules/jsdom/lib/jsdom/living/events/EventTarget-impl.js:274:3)
          at HTMLUnknownElementImpl._dispatch (/Users/pabloelisseo/repos/one-beyond/csm/react-form-builder/node_modules/jsdom/lib/jsdom/living/events/EventTarget-impl.js:221:9)
          at HTMLUnknownElementImpl.dispatchEvent (/Users/pabloelisseo/repos/one-beyond/csm/react-form-builder/node_modules/jsdom/lib/jsdom/living/events/EventTarget-impl.js:94:17)
          at HTMLUnknownElement.dispatchEvent (/Users/pabloelisseo/repos/one-beyond/csm/react-form-builder/node_modules/jsdom/lib/jsdom/living/generated/EventTarget.js:231:34)
          at Object.invokeGuardedCallbackDev (/Users/pabloelisseo/repos/one-beyond/csm/react-form-builder/node_modules/react-dom/cjs/react-dom.development.js:4213:16)
          at invokeGuardedCallback (/Users/pabloelisseo/repos/one-beyond/csm/react-form-builder/node_modules/react-dom/cjs/react-dom.development.js:4277:31)
          at beginWork$1 (/Users/pabloelisseo/repos/one-beyond/csm/react-form-builder/node_modules/react-dom/cjs/react-dom.development.js:27451:7)
          at performUnitOfWork (/Users/pabloelisseo/repos/one-beyond/csm/react-form-builder/node_modules/react-dom/cjs/react-dom.development.js:26560:12) TypeError: Cannot read properties of undefined (reading 'array')
          at control (/Users/pabloelisseo/repos/one-beyond/csm/react-form-builder/node_modules/react-hook-form/src/useController.ts:63:35)
          at Object.<anonymous>.exports.Controller (/Users/pabloelisseo/repos/one-beyond/csm/react-form-builder/node_modules/react-hook-form/src/form.tsx:38:5)
          at renderWithHooks (/Users/pabloelisseo/repos/one-beyond/csm/react-form-builder/node_modules/react-dom/cjs/react-dom.development.js:16305:18)
          at mountIndeterminateComponent (/Users/pabloelisseo/repos/one-beyond/csm/react-form-builder/node_modules/react-dom/cjs/react-dom.development.js:20074:13)
          at beginWork (/Users/pabloelisseo/repos/one-beyond/csm/react-form-builder/node_modules/react-dom/cjs/react-dom.development.js:21587:16)
          at HTMLUnknownElement.callCallback (/Users/pabloelisseo/repos/one-beyond/csm/react-form-builder/node_modules/react-dom/cjs/react-dom.development.js:4164:14)
          at HTMLUnknownElement.callTheUserObjectsOperation (/Users/pabloelisseo/repos/one-beyond/csm/react-form-builder/node_modules/jsdom/lib/jsdom/living/generated/EventListener.js:26:30)
          at innerInvokeEventListeners (/Users/pabloelisseo/repos/one-beyond/csm/react-form-builder/node_modules/jsdom/lib/jsdom/living/events/EventTarget-impl.js:338:25)
          at invokeEventListeners (/Users/pabloelisseo/repos/one-beyond/csm/react-form-builder/node_modules/jsdom/lib/jsdom/living/events/EventTarget-impl.js:274:3)
          at HTMLUnknownElementImpl._dispatch (/Users/pabloelisseo/repos/one-beyond/csm/react-form-builder/node_modules/jsdom/lib/jsdom/living/events/EventTarget-impl.js:221:9)
          at HTMLUnknownElementImpl.dispatchEvent (/Users/pabloelisseo/repos/one-beyond/csm/react-form-builder/node_modules/jsdom/lib/jsdom/living/events/EventTarget-impl.js:94:17)
          at HTMLUnknownElement.dispatchEvent (/Users/pabloelisseo/repos/one-beyond/csm/react-form-builder/node_modules/jsdom/lib/jsdom/living/generated/EventTarget.js:231:34)
          at Object.invokeGuardedCallbackDev (/Users/pabloelisseo/repos/one-beyond/csm/react-form-builder/node_modules/react-dom/cjs/react-dom.development.js:4213:16)
          at invokeGuardedCallback (/Users/pabloelisseo/repos/one-beyond/csm/react-form-builder/node_modules/react-dom/cjs/react-dom.development.js:4277:31)
          at beginWork$1 (/Users/pabloelisseo/repos/one-beyond/csm/react-form-builder/node_modules/react-dom/cjs/react-dom.development.js:27451:7)
          at performUnitOfWork (/Users/pabloelisseo/repos/one-beyond/csm/react-form-builder/node_modules/react-dom/cjs/react-dom.development.js:26560:12)
          at workLoopSync (/Users/pabloelisseo/repos/one-beyond/csm/react-form-builder/node_modules/react-dom/cjs/react-dom.development.js:26466:5)
          at renderRootSync (/Users/pabloelisseo/repos/one-beyond/csm/react-form-builder/node_modules/react-dom/cjs/react-dom.development.js:26434:7)
          at performConcurrentWorkOnRoot (/Users/pabloelisseo/repos/one-beyond/csm/react-form-builder/node_modules/react-dom/cjs/react-dom.development.js:25738:74)
          at flushActQueue (/Users/pabloelisseo/repos/one-beyond/csm/react-form-builder/node_modules/react/cjs/react.development.js:2667:24)
          at act (/Users/pabloelisseo/repos/one-beyond/csm/react-form-builder/node_modules/react/cjs/react.development.js:2582:11)
          at /Users/pabloelisseo/repos/one-beyond/csm/react-form-builder/node_modules/@testing-library/react/dist/act-compat.js:46:25
          at renderRoot (/Users/pabloelisseo/repos/one-beyond/csm/react-form-builder/node_modules/@testing-library/react/dist/pure.js:161:26)
          at render (/Users/pabloelisseo/repos/one-beyond/csm/react-form-builder/node_modules/@testing-library/react/dist/pure.js:247:10)
          at Object.<anonymous> (/Users/pabloelisseo/repos/one-beyond/csm/react-form-builder/src/Questions/County/_tests_/county.test.js:146:31)
          at Promise.then.completed (/Users/pabloelisseo/repos/one-beyond/csm/react-form-builder/node_modules/jest-circus/build/utils.js:391:28)
          at new Promise (<anonymous>)
          at callAsyncCircusFn (/Users/pabloelisseo/repos/one-beyond/csm/react-form-builder/node_modules/jest-circus/build/utils.js:316:10)
          at _callCircusTest (/Users/pabloelisseo/repos/one-beyond/csm/react-form-builder/node_modules/jest-circus/build/run.js:218:40)
          at processTicksAndRejections (node:internal/process/task_queues:95:5)
          at _runTest (/Users/pabloelisseo/repos/one-beyond/csm/react-form-builder/node_modules/jest-circus/build/run.js:155:3)
          at _runTestsForDescribeBlock (/Users/pabloelisseo/repos/one-beyond/csm/react-form-builder/node_modules/jest-circus/build/run.js:66:9)
          at run (/Users/pabloelisseo/repos/one-beyond/csm/react-form-builder/node_modules/jest-circus/build/run.js:25:3)
          at runAndTransformResultsToJestFormat (/Users/pabloelisseo/repos/one-beyond/csm/react-form-builder/node_modules/jest-circus/build/legacy-code-todo-rewrite/jestAdapterInit.js:170:21)
          at jestAdapter (/Users/pabloelisseo/repos/one-beyond/csm/react-form-builder/node_modules/jest-circus/build/legacy-code-todo-rewrite/jestAdapter.js:82:19)
          at runTestInternal (/Users/pabloelisseo/repos/one-beyond/csm/react-form-builder/node_modules/jest-runner/build/runTest.js:389:16)
          at runTest (/Users/pabloelisseo/repos/one-beyond/csm/react-form-builder/node_modules/jest-runner/build/runTest.js:475:34)
          at Object.worker (/Users/pabloelisseo/repos/one-beyond/csm/react-form-builder/node_modules/jest-runner/build/testWorker.js:133:12)

      at VirtualConsole.<anonymous> (node_modules/jsdom/lib/jsdom/virtual-console.js:29:45)
      at reportException (node_modules/jsdom/lib/jsdom/living/helpers/runtime-script-errors.js:70:28)
      at innerInvokeEventListeners (node_modules/jsdom/lib/jsdom/living/events/EventTarget-impl.js:341:9)
      at invokeEventListeners (node_modules/jsdom/lib/jsdom/living/events/EventTarget-impl.js:274:3)
      at HTMLUnknownElementImpl._dispatch (node_modules/jsdom/lib/jsdom/living/events/EventTarget-impl.js:221:9)
      at HTMLUnknownElementImpl.dispatchEvent (node_modules/jsdom/lib/jsdom/living/events/EventTarget-impl.js:94:17)
      at HTMLUnknownElement.dispatchEvent (node_modules/jsdom/lib/jsdom/living/generated/EventTarget.js:231:34)

    console.error
      Error: Uncaught [TypeError: Cannot read properties of undefined (reading 'array')]
          at reportException (/Users/pabloelisseo/repos/one-beyond/csm/react-form-builder/node_modules/jsdom/lib/jsdom/living/helpers/runtime-script-errors.js:66:24)
          at innerInvokeEventListeners (/Users/pabloelisseo/repos/one-beyond/csm/react-form-builder/node_modules/jsdom/lib/jsdom/living/events/EventTarget-impl.js:341:9)
          at invokeEventListeners (/Users/pabloelisseo/repos/one-beyond/csm/react-form-builder/node_modules/jsdom/lib/jsdom/living/events/EventTarget-impl.js:274:3)
          at HTMLUnknownElementImpl._dispatch (/Users/pabloelisseo/repos/one-beyond/csm/react-form-builder/node_modules/jsdom/lib/jsdom/living/events/EventTarget-impl.js:221:9)
          at HTMLUnknownElementImpl.dispatchEvent (/Users/pabloelisseo/repos/one-beyond/csm/react-form-builder/node_modules/jsdom/lib/jsdom/living/events/EventTarget-impl.js:94:17)
          at HTMLUnknownElement.dispatchEvent (/Users/pabloelisseo/repos/one-beyond/csm/react-form-builder/node_modules/jsdom/lib/jsdom/living/generated/EventTarget.js:231:34)
          at Object.invokeGuardedCallbackDev (/Users/pabloelisseo/repos/one-beyond/csm/react-form-builder/node_modules/react-dom/cjs/react-dom.development.js:4213:16)
          at invokeGuardedCallback (/Users/pabloelisseo/repos/one-beyond/csm/react-form-builder/node_modules/react-dom/cjs/react-dom.development.js:4277:31)
          at beginWork$1 (/Users/pabloelisseo/repos/one-beyond/csm/react-form-builder/node_modules/react-dom/cjs/react-dom.development.js:27451:7)
          at performUnitOfWork (/Users/pabloelisseo/repos/one-beyond/csm/react-form-builder/node_modules/react-dom/cjs/react-dom.development.js:26560:12) TypeError: Cannot read properties of undefined (reading 'array')
          at control (/Users/pabloelisseo/repos/one-beyond/csm/react-form-builder/node_modules/react-hook-form/src/useController.ts:63:35)
          at Object.<anonymous>.exports.Controller (/Users/pabloelisseo/repos/one-beyond/csm/react-form-builder/node_modules/react-hook-form/src/form.tsx:38:5)
          at renderWithHooks (/Users/pabloelisseo/repos/one-beyond/csm/react-form-builder/node_modules/react-dom/cjs/react-dom.development.js:16305:18)
          at mountIndeterminateComponent (/Users/pabloelisseo/repos/one-beyond/csm/react-form-builder/node_modules/react-dom/cjs/react-dom.development.js:20074:13)
          at beginWork (/Users/pabloelisseo/repos/one-beyond/csm/react-form-builder/node_modules/react-dom/cjs/react-dom.development.js:21587:16)
          at HTMLUnknownElement.callCallback (/Users/pabloelisseo/repos/one-beyond/csm/react-form-builder/node_modules/react-dom/cjs/react-dom.development.js:4164:14)
          at HTMLUnknownElement.callTheUserObjectsOperation (/Users/pabloelisseo/repos/one-beyond/csm/react-form-builder/node_modules/jsdom/lib/jsdom/living/generated/EventListener.js:26:30)
          at innerInvokeEventListeners (/Users/pabloelisseo/repos/one-beyond/csm/react-form-builder/node_modules/jsdom/lib/jsdom/living/events/EventTarget-impl.js:338:25)
          at invokeEventListeners (/Users/pabloelisseo/repos/one-beyond/csm/react-form-builder/node_modules/jsdom/lib/jsdom/living/events/EventTarget-impl.js:274:3)
          at HTMLUnknownElementImpl._dispatch (/Users/pabloelisseo/repos/one-beyond/csm/react-form-builder/node_modules/jsdom/lib/jsdom/living/events/EventTarget-impl.js:221:9)
          at HTMLUnknownElementImpl.dispatchEvent (/Users/pabloelisseo/repos/one-beyond/csm/react-form-builder/node_modules/jsdom/lib/jsdom/living/events/EventTarget-impl.js:94:17)
          at HTMLUnknownElement.dispatchEvent (/Users/pabloelisseo/repos/one-beyond/csm/react-form-builder/node_modules/jsdom/lib/jsdom/living/generated/EventTarget.js:231:34)
          at Object.invokeGuardedCallbackDev (/Users/pabloelisseo/repos/one-beyond/csm/react-form-builder/node_modules/react-dom/cjs/react-dom.development.js:4213:16)
          at invokeGuardedCallback (/Users/pabloelisseo/repos/one-beyond/csm/react-form-builder/node_modules/react-dom/cjs/react-dom.development.js:4277:31)
          at beginWork$1 (/Users/pabloelisseo/repos/one-beyond/csm/react-form-builder/node_modules/react-dom/cjs/react-dom.development.js:27451:7)
          at performUnitOfWork (/Users/pabloelisseo/repos/one-beyond/csm/react-form-builder/node_modules/react-dom/cjs/react-dom.development.js:26560:12)
          at workLoopSync (/Users/pabloelisseo/repos/one-beyond/csm/react-form-builder/node_modules/react-dom/cjs/react-dom.development.js:26466:5)
          at renderRootSync (/Users/pabloelisseo/repos/one-beyond/csm/react-form-builder/node_modules/react-dom/cjs/react-dom.development.js:26434:7)
          at recoverFromConcurrentError (/Users/pabloelisseo/repos/one-beyond/csm/react-form-builder/node_modules/react-dom/cjs/react-dom.development.js:25850:20)
          at performConcurrentWorkOnRoot (/Users/pabloelisseo/repos/one-beyond/csm/react-form-builder/node_modules/react-dom/cjs/react-dom.development.js:25750:22)
          at flushActQueue (/Users/pabloelisseo/repos/one-beyond/csm/react-form-builder/node_modules/react/cjs/react.development.js:2667:24)
          at act (/Users/pabloelisseo/repos/one-beyond/csm/react-form-builder/node_modules/react/cjs/react.development.js:2582:11)
          at /Users/pabloelisseo/repos/one-beyond/csm/react-form-builder/node_modules/@testing-library/react/dist/act-compat.js:46:25
          at renderRoot (/Users/pabloelisseo/repos/one-beyond/csm/react-form-builder/node_modules/@testing-library/react/dist/pure.js:161:26)
          at render (/Users/pabloelisseo/repos/one-beyond/csm/react-form-builder/node_modules/@testing-library/react/dist/pure.js:247:10)
          at Object.<anonymous> (/Users/pabloelisseo/repos/one-beyond/csm/react-form-builder/src/Questions/County/_tests_/county.test.js:146:31)
          at Promise.then.completed (/Users/pabloelisseo/repos/one-beyond/csm/react-form-builder/node_modules/jest-circus/build/utils.js:391:28)
          at new Promise (<anonymous>)
          at callAsyncCircusFn (/Users/pabloelisseo/repos/one-beyond/csm/react-form-builder/node_modules/jest-circus/build/utils.js:316:10)
          at _callCircusTest (/Users/pabloelisseo/repos/one-beyond/csm/react-form-builder/node_modules/jest-circus/build/run.js:218:40)
          at processTicksAndRejections (node:internal/process/task_queues:95:5)
          at _runTest (/Users/pabloelisseo/repos/one-beyond/csm/react-form-builder/node_modules/jest-circus/build/run.js:155:3)
          at _runTestsForDescribeBlock (/Users/pabloelisseo/repos/one-beyond/csm/react-form-builder/node_modules/jest-circus/build/run.js:66:9)
          at run (/Users/pabloelisseo/repos/one-beyond/csm/react-form-builder/node_modules/jest-circus/build/run.js:25:3)
          at runAndTransformResultsToJestFormat (/Users/pabloelisseo/repos/one-beyond/csm/react-form-builder/node_modules/jest-circus/build/legacy-code-todo-rewrite/jestAdapterInit.js:170:21)
          at jestAdapter (/Users/pabloelisseo/repos/one-beyond/csm/react-form-builder/node_modules/jest-circus/build/legacy-code-todo-rewrite/jestAdapter.js:82:19)
          at runTestInternal (/Users/pabloelisseo/repos/one-beyond/csm/react-form-builder/node_modules/jest-runner/build/runTest.js:389:16)
          at runTest (/Users/pabloelisseo/repos/one-beyond/csm/react-form-builder/node_modules/jest-runner/build/runTest.js:475:34)
          at Object.worker (/Users/pabloelisseo/repos/one-beyond/csm/react-form-builder/node_modules/jest-runner/build/testWorker.js:133:12)

      at VirtualConsole.<anonymous> (node_modules/jsdom/lib/jsdom/virtual-console.js:29:45)
      at reportException (node_modules/jsdom/lib/jsdom/living/helpers/runtime-script-errors.js:70:28)
      at innerInvokeEventListeners (node_modules/jsdom/lib/jsdom/living/events/EventTarget-impl.js:341:9)
      at invokeEventListeners (node_modules/jsdom/lib/jsdom/living/events/EventTarget-impl.js:274:3)
      at HTMLUnknownElementImpl._dispatch (node_modules/jsdom/lib/jsdom/living/events/EventTarget-impl.js:221:9)
      at HTMLUnknownElementImpl.dispatchEvent (node_modules/jsdom/lib/jsdom/living/events/EventTarget-impl.js:94:17)
      at HTMLUnknownElement.dispatchEvent (node_modules/jsdom/lib/jsdom/living/generated/EventTarget.js:231:34)

    console.error
      The above error occurred in one of your React components:
      
          at Object.<anonymous>.exports.Controller (/Users/pabloelisseo/repos/one-beyond/csm/react-form-builder/node_modules/react-hook-form/src/form.tsx:37:9)
          at Select (/Users/pabloelisseo/repos/one-beyond/csm/react-form-builder/src/Fields/Select/index.js:10:3)
          at div
          at /Users/pabloelisseo/repos/one-beyond/csm/react-form-builder/node_modules/@emotion/react/dist/emotion-element-48d2c2e4.cjs.dev.js:62:23
          at QuestionCounty (/Users/pabloelisseo/repos/one-beyond/csm/react-form-builder/src/Questions/County/index.js:9:27)
      
      Consider adding an error boundary to your tree to customize error handling behavior.
      Visit https://reactjs.org/link/error-boundaries to learn more about error boundaries.

      at logCapturedError (node_modules/react-dom/cjs/react-dom.development.js:18687:23)
      at update.callback (node_modules/react-dom/cjs/react-dom.development.js:18720:5)
      at callCallback (node_modules/react-dom/cjs/react-dom.development.js:13923:12)
      at commitUpdateQueue (node_modules/react-dom/cjs/react-dom.development.js:13944:9)
      at commitLayoutEffectOnFiber (node_modules/react-dom/cjs/react-dom.development.js:23391:13)
      at commitLayoutMountEffects_complete (node_modules/react-dom/cjs/react-dom.development.js:24688:9)
      at commitLayoutEffects_begin (node_modules/react-dom/cjs/react-dom.development.js:24674:7)
      at commitLayoutEffects (node_modules/react-dom/cjs/react-dom.development.js:24612:3)

  ● check the placeholder text

    TypeError: Cannot read properties of undefined (reading 'array')

      46 |
      47 | const setup = () => {
    > 48 |   const renderComponent = render(
         |                                 ^
      49 |     <>
      50 |       <QuestionCountry question={countryQuestion} useForm={useForm} />
      51 |       {countryQuestion.dependentQuestions &&

      at control (node_modules/react-hook-form/src/useController.ts:63:35)
      at Object.<anonymous>.exports.Controller (node_modules/react-hook-form/src/form.tsx:38:5)
      at renderWithHooks (node_modules/react-dom/cjs/react-dom.development.js:16305:18)
      at mountIndeterminateComponent (node_modules/react-dom/cjs/react-dom.development.js:20074:13)
      at beginWork (node_modules/react-dom/cjs/react-dom.development.js:21587:16)
      at beginWork$1 (node_modules/react-dom/cjs/react-dom.development.js:27426:14)
      at performUnitOfWork (node_modules/react-dom/cjs/react-dom.development.js:26560:12)
      at workLoopSync (node_modules/react-dom/cjs/react-dom.development.js:26466:5)
      at renderRootSync (node_modules/react-dom/cjs/react-dom.development.js:26434:7)
      at recoverFromConcurrentError (node_modules/react-dom/cjs/react-dom.development.js:25850:20)
      at performConcurrentWorkOnRoot (node_modules/react-dom/cjs/react-dom.development.js:25750:22)
      at flushActQueue (node_modules/react/cjs/react.development.js:2667:24)
      at act (node_modules/react/cjs/react.development.js:2582:11)
      at node_modules/@testing-library/react/dist/act-compat.js:46:25
      at renderRoot (node_modules/@testing-library/react/dist/pure.js:161:26)
      at render (node_modules/@testing-library/react/dist/pure.js:247:10)
      at setup (src/Questions/County/_tests_/county.test.js:48:33)
      at Object.<anonymous> (src/Questions/County/_tests_/county.test.js:72:31)

  ● County label

    TypeError: Cannot read properties of undefined (reading 'array')

      46 |
      47 | const setup = () => {
    > 48 |   const renderComponent = render(
         |                                 ^
      49 |     <>
      50 |       <QuestionCountry question={countryQuestion} useForm={useForm} />
      51 |       {countryQuestion.dependentQuestions &&

      at control (node_modules/react-hook-form/src/useController.ts:63:35)
      at Object.<anonymous>.exports.Controller (node_modules/react-hook-form/src/form.tsx:38:5)
      at renderWithHooks (node_modules/react-dom/cjs/react-dom.development.js:16305:18)
      at mountIndeterminateComponent (node_modules/react-dom/cjs/react-dom.development.js:20074:13)
      at beginWork (node_modules/react-dom/cjs/react-dom.development.js:21587:16)
      at beginWork$1 (node_modules/react-dom/cjs/react-dom.development.js:27426:14)
      at performUnitOfWork (node_modules/react-dom/cjs/react-dom.development.js:26560:12)
      at workLoopSync (node_modules/react-dom/cjs/react-dom.development.js:26466:5)
      at renderRootSync (node_modules/react-dom/cjs/react-dom.development.js:26434:7)
      at recoverFromConcurrentError (node_modules/react-dom/cjs/react-dom.development.js:25850:20)
      at performConcurrentWorkOnRoot (node_modules/react-dom/cjs/react-dom.development.js:25750:22)
      at flushActQueue (node_modules/react/cjs/react.development.js:2667:24)
      at act (node_modules/react/cjs/react.development.js:2582:11)
      at node_modules/@testing-library/react/dist/act-compat.js:46:25
      at renderRoot (node_modules/@testing-library/react/dist/pure.js:161:26)
      at render (node_modules/@testing-library/react/dist/pure.js:247:10)
      at setup (src/Questions/County/_tests_/county.test.js:48:33)
      at Object.<anonymous> (src/Questions/County/_tests_/county.test.js:77:31)

  ● label tag is not displayed when label value is null

    TypeError: Cannot read properties of undefined (reading 'array')

      82 |   const questionNoLabel = { ...question }
      83 |   delete questionNoLabel.label
    > 84 |   render(<QuestionCounty question={questionNoLabel} useForm={useForm} />)
         |         ^
      85 |
      86 |   expect(!screen.queryByTestId('county-label'))
      87 | })

      at control (node_modules/react-hook-form/src/useController.ts:63:35)
      at Object.<anonymous>.exports.Controller (node_modules/react-hook-form/src/form.tsx:38:5)
      at renderWithHooks (node_modules/react-dom/cjs/react-dom.development.js:16305:18)
      at mountIndeterminateComponent (node_modules/react-dom/cjs/react-dom.development.js:20074:13)
      at beginWork (node_modules/react-dom/cjs/react-dom.development.js:21587:16)
      at beginWork$1 (node_modules/react-dom/cjs/react-dom.development.js:27426:14)
      at performUnitOfWork (node_modules/react-dom/cjs/react-dom.development.js:26560:12)
      at workLoopSync (node_modules/react-dom/cjs/react-dom.development.js:26466:5)
      at renderRootSync (node_modules/react-dom/cjs/react-dom.development.js:26434:7)
      at recoverFromConcurrentError (node_modules/react-dom/cjs/react-dom.development.js:25850:20)
      at performConcurrentWorkOnRoot (node_modules/react-dom/cjs/react-dom.development.js:25750:22)
      at flushActQueue (node_modules/react/cjs/react.development.js:2667:24)
      at act (node_modules/react/cjs/react.development.js:2582:11)
      at node_modules/@testing-library/react/dist/act-compat.js:46:25
      at renderRoot (node_modules/@testing-library/react/dist/pure.js:161:26)
      at render (node_modules/@testing-library/react/dist/pure.js:247:10)
      at Object.<anonymous> (src/Questions/County/_tests_/county.test.js:84:9)

  ● County select appears when country question is clicked and GE value

    TypeError: Cannot read properties of undefined (reading 'array')

      46 |
      47 | const setup = () => {
    > 48 |   const renderComponent = render(
         |                                 ^
      49 |     <>
      50 |       <QuestionCountry question={countryQuestion} useForm={useForm} />
      51 |       {countryQuestion.dependentQuestions &&

      at control (node_modules/react-hook-form/src/useController.ts:63:35)
      at Object.<anonymous>.exports.Controller (node_modules/react-hook-form/src/form.tsx:38:5)
      at renderWithHooks (node_modules/react-dom/cjs/react-dom.development.js:16305:18)
      at mountIndeterminateComponent (node_modules/react-dom/cjs/react-dom.development.js:20074:13)
      at beginWork (node_modules/react-dom/cjs/react-dom.development.js:21587:16)
      at beginWork$1 (node_modules/react-dom/cjs/react-dom.development.js:27426:14)
      at performUnitOfWork (node_modules/react-dom/cjs/react-dom.development.js:26560:12)
      at workLoopSync (node_modules/react-dom/cjs/react-dom.development.js:26466:5)
      at renderRootSync (node_modules/react-dom/cjs/react-dom.development.js:26434:7)
      at recoverFromConcurrentError (node_modules/react-dom/cjs/react-dom.development.js:25850:20)
      at performConcurrentWorkOnRoot (node_modules/react-dom/cjs/react-dom.development.js:25750:22)
      at flushActQueue (node_modules/react/cjs/react.development.js:2667:24)
      at act (node_modules/react/cjs/react.development.js:2582:11)
      at node_modules/@testing-library/react/dist/act-compat.js:46:25
      at renderRoot (node_modules/@testing-library/react/dist/pure.js:161:26)
      at render (node_modules/@testing-library/react/dist/pure.js:247:10)
      at setup (src/Questions/County/_tests_/county.test.js:48:33)
      at Object.<anonymous> (src/Questions/County/_tests_/county.test.js:90:34)

  ● County select is opened on the right country region

    TypeError: Cannot read properties of undefined (reading 'array')

      46 |
      47 | const setup = () => {
    > 48 |   const renderComponent = render(
         |                                 ^
      49 |     <>
      50 |       <QuestionCountry question={countryQuestion} useForm={useForm} />
      51 |       {countryQuestion.dependentQuestions &&

      at control (node_modules/react-hook-form/src/useController.ts:63:35)
      at Object.<anonymous>.exports.Controller (node_modules/react-hook-form/src/form.tsx:38:5)
      at renderWithHooks (node_modules/react-dom/cjs/react-dom.development.js:16305:18)
      at mountIndeterminateComponent (node_modules/react-dom/cjs/react-dom.development.js:20074:13)
      at beginWork (node_modules/react-dom/cjs/react-dom.development.js:21587:16)
      at beginWork$1 (node_modules/react-dom/cjs/react-dom.development.js:27426:14)
      at performUnitOfWork (node_modules/react-dom/cjs/react-dom.development.js:26560:12)
      at workLoopSync (node_modules/react-dom/cjs/react-dom.development.js:26466:5)
      at renderRootSync (node_modules/react-dom/cjs/react-dom.development.js:26434:7)
      at recoverFromConcurrentError (node_modules/react-dom/cjs/react-dom.development.js:25850:20)
      at performConcurrentWorkOnRoot (node_modules/react-dom/cjs/react-dom.development.js:25750:22)
      at flushActQueue (node_modules/react/cjs/react.development.js:2667:24)
      at act (node_modules/react/cjs/react.development.js:2582:11)
      at node_modules/@testing-library/react/dist/act-compat.js:46:25
      at renderRoot (node_modules/@testing-library/react/dist/pure.js:161:26)
      at render (node_modules/@testing-library/react/dist/pure.js:247:10)
      at setup (src/Questions/County/_tests_/county.test.js:48:33)
      at Object.<anonymous> (src/Questions/County/_tests_/county.test.js:99:53)

  ● renders a fallback country list when country condition is not supported

    TypeError: Cannot read properties of undefined (reading 'array')

      121 |   }
      122 |
    > 123 |   const { getByText } = render(
          |                               ^
      124 |     <QuestionCounty question={question} useForm={useForm} />
      125 |   )
      126 |

      at control (node_modules/react-hook-form/src/useController.ts:63:35)
      at Object.<anonymous>.exports.Controller (node_modules/react-hook-form/src/form.tsx:38:5)
      at renderWithHooks (node_modules/react-dom/cjs/react-dom.development.js:16305:18)
      at mountIndeterminateComponent (node_modules/react-dom/cjs/react-dom.development.js:20074:13)
      at beginWork (node_modules/react-dom/cjs/react-dom.development.js:21587:16)
      at beginWork$1 (node_modules/react-dom/cjs/react-dom.development.js:27426:14)
      at performUnitOfWork (node_modules/react-dom/cjs/react-dom.development.js:26560:12)
      at workLoopSync (node_modules/react-dom/cjs/react-dom.development.js:26466:5)
      at renderRootSync (node_modules/react-dom/cjs/react-dom.development.js:26434:7)
      at recoverFromConcurrentError (node_modules/react-dom/cjs/react-dom.development.js:25850:20)
      at performConcurrentWorkOnRoot (node_modules/react-dom/cjs/react-dom.development.js:25750:22)
      at flushActQueue (node_modules/react/cjs/react.development.js:2667:24)
      at act (node_modules/react/cjs/react.development.js:2582:11)
      at node_modules/@testing-library/react/dist/act-compat.js:46:25
      at renderRoot (node_modules/@testing-library/react/dist/pure.js:161:26)
      at render (node_modules/@testing-library/react/dist/pure.js:247:10)
      at Object.<anonymous> (src/Questions/County/_tests_/county.test.js:123:31)

  ● show an error message

    TypeError: Cannot read properties of undefined (reading 'array')

      144 |   }
      145 |
    > 146 |   const { getByText } = render(
          |                               ^
      147 |     <QuestionCounty
      148 |       question={question}
      149 |       useForm={{

      at control (node_modules/react-hook-form/src/useController.ts:63:35)
      at Object.<anonymous>.exports.Controller (node_modules/react-hook-form/src/form.tsx:38:5)
      at renderWithHooks (node_modules/react-dom/cjs/react-dom.development.js:16305:18)
      at mountIndeterminateComponent (node_modules/react-dom/cjs/react-dom.development.js:20074:13)
      at beginWork (node_modules/react-dom/cjs/react-dom.development.js:21587:16)
      at beginWork$1 (node_modules/react-dom/cjs/react-dom.development.js:27426:14)
      at performUnitOfWork (node_modules/react-dom/cjs/react-dom.development.js:26560:12)
      at workLoopSync (node_modules/react-dom/cjs/react-dom.development.js:26466:5)
      at renderRootSync (node_modules/react-dom/cjs/react-dom.development.js:26434:7)
      at recoverFromConcurrentError (node_modules/react-dom/cjs/react-dom.development.js:25850:20)
      at performConcurrentWorkOnRoot (node_modules/react-dom/cjs/react-dom.development.js:25750:22)
      at flushActQueue (node_modules/react/cjs/react.development.js:2667:24)
      at act (node_modules/react/cjs/react.development.js:2582:11)
      at node_modules/@testing-library/react/dist/act-compat.js:46:25
      at renderRoot (node_modules/@testing-library/react/dist/pure.js:161:26)
      at render (node_modules/@testing-library/react/dist/pure.js:247:10)
      at Object.<anonymous> (src/Questions/County/_tests_/county.test.js:146:31)

FAIL src/Questions/Phone/__tests__/phone.test.js
  ● Console

    console.error
      Error: Uncaught [TypeError: Cannot read properties of undefined (reading 'array')]
          at reportException (/Users/pabloelisseo/repos/one-beyond/csm/react-form-builder/node_modules/jsdom/lib/jsdom/living/helpers/runtime-script-errors.js:66:24)
          at innerInvokeEventListeners (/Users/pabloelisseo/repos/one-beyond/csm/react-form-builder/node_modules/jsdom/lib/jsdom/living/events/EventTarget-impl.js:341:9)
          at invokeEventListeners (/Users/pabloelisseo/repos/one-beyond/csm/react-form-builder/node_modules/jsdom/lib/jsdom/living/events/EventTarget-impl.js:274:3)
          at HTMLUnknownElementImpl._dispatch (/Users/pabloelisseo/repos/one-beyond/csm/react-form-builder/node_modules/jsdom/lib/jsdom/living/events/EventTarget-impl.js:221:9)
          at HTMLUnknownElementImpl.dispatchEvent (/Users/pabloelisseo/repos/one-beyond/csm/react-form-builder/node_modules/jsdom/lib/jsdom/living/events/EventTarget-impl.js:94:17)
          at HTMLUnknownElement.dispatchEvent (/Users/pabloelisseo/repos/one-beyond/csm/react-form-builder/node_modules/jsdom/lib/jsdom/living/generated/EventTarget.js:231:34)
          at Object.invokeGuardedCallbackDev (/Users/pabloelisseo/repos/one-beyond/csm/react-form-builder/node_modules/react-dom/cjs/react-dom.development.js:4213:16)
          at invokeGuardedCallback (/Users/pabloelisseo/repos/one-beyond/csm/react-form-builder/node_modules/react-dom/cjs/react-dom.development.js:4277:31)
          at beginWork$1 (/Users/pabloelisseo/repos/one-beyond/csm/react-form-builder/node_modules/react-dom/cjs/react-dom.development.js:27451:7)
          at performUnitOfWork (/Users/pabloelisseo/repos/one-beyond/csm/react-form-builder/node_modules/react-dom/cjs/react-dom.development.js:26560:12) TypeError: Cannot read properties of undefined (reading 'array')
          at control (/Users/pabloelisseo/repos/one-beyond/csm/react-form-builder/node_modules/react-hook-form/src/useController.ts:63:35)
          at Object.<anonymous>.exports.Controller (/Users/pabloelisseo/repos/one-beyond/csm/react-form-builder/node_modules/react-hook-form/src/form.tsx:38:5)
          at renderWithHooks (/Users/pabloelisseo/repos/one-beyond/csm/react-form-builder/node_modules/react-dom/cjs/react-dom.development.js:16305:18)
          at mountIndeterminateComponent (/Users/pabloelisseo/repos/one-beyond/csm/react-form-builder/node_modules/react-dom/cjs/react-dom.development.js:20074:13)
          at beginWork (/Users/pabloelisseo/repos/one-beyond/csm/react-form-builder/node_modules/react-dom/cjs/react-dom.development.js:21587:16)
          at HTMLUnknownElement.callCallback (/Users/pabloelisseo/repos/one-beyond/csm/react-form-builder/node_modules/react-dom/cjs/react-dom.development.js:4164:14)
          at HTMLUnknownElement.callTheUserObjectsOperation (/Users/pabloelisseo/repos/one-beyond/csm/react-form-builder/node_modules/jsdom/lib/jsdom/living/generated/EventListener.js:26:30)
          at innerInvokeEventListeners (/Users/pabloelisseo/repos/one-beyond/csm/react-form-builder/node_modules/jsdom/lib/jsdom/living/events/EventTarget-impl.js:338:25)
          at invokeEventListeners (/Users/pabloelisseo/repos/one-beyond/csm/react-form-builder/node_modules/jsdom/lib/jsdom/living/events/EventTarget-impl.js:274:3)
          at HTMLUnknownElementImpl._dispatch (/Users/pabloelisseo/repos/one-beyond/csm/react-form-builder/node_modules/jsdom/lib/jsdom/living/events/EventTarget-impl.js:221:9)
          at HTMLUnknownElementImpl.dispatchEvent (/Users/pabloelisseo/repos/one-beyond/csm/react-form-builder/node_modules/jsdom/lib/jsdom/living/events/EventTarget-impl.js:94:17)
          at HTMLUnknownElement.dispatchEvent (/Users/pabloelisseo/repos/one-beyond/csm/react-form-builder/node_modules/jsdom/lib/jsdom/living/generated/EventTarget.js:231:34)
          at Object.invokeGuardedCallbackDev (/Users/pabloelisseo/repos/one-beyond/csm/react-form-builder/node_modules/react-dom/cjs/react-dom.development.js:4213:16)
          at invokeGuardedCallback (/Users/pabloelisseo/repos/one-beyond/csm/react-form-builder/node_modules/react-dom/cjs/react-dom.development.js:4277:31)
          at beginWork$1 (/Users/pabloelisseo/repos/one-beyond/csm/react-form-builder/node_modules/react-dom/cjs/react-dom.development.js:27451:7)
          at performUnitOfWork (/Users/pabloelisseo/repos/one-beyond/csm/react-form-builder/node_modules/react-dom/cjs/react-dom.development.js:26560:12)
          at workLoopSync (/Users/pabloelisseo/repos/one-beyond/csm/react-form-builder/node_modules/react-dom/cjs/react-dom.development.js:26466:5)
          at renderRootSync (/Users/pabloelisseo/repos/one-beyond/csm/react-form-builder/node_modules/react-dom/cjs/react-dom.development.js:26434:7)
          at performConcurrentWorkOnRoot (/Users/pabloelisseo/repos/one-beyond/csm/react-form-builder/node_modules/react-dom/cjs/react-dom.development.js:25738:74)
          at flushActQueue (/Users/pabloelisseo/repos/one-beyond/csm/react-form-builder/node_modules/react/cjs/react.development.js:2667:24)
          at act (/Users/pabloelisseo/repos/one-beyond/csm/react-form-builder/node_modules/react/cjs/react.development.js:2582:11)
          at /Users/pabloelisseo/repos/one-beyond/csm/react-form-builder/node_modules/@testing-library/react/dist/act-compat.js:46:25
          at renderRoot (/Users/pabloelisseo/repos/one-beyond/csm/react-form-builder/node_modules/@testing-library/react/dist/pure.js:161:26)
          at render (/Users/pabloelisseo/repos/one-beyond/csm/react-form-builder/node_modules/@testing-library/react/dist/pure.js:247:10)
          at Object.<anonymous> (/Users/pabloelisseo/repos/one-beyond/csm/react-form-builder/src/Questions/Phone/__tests__/phone.test.js:21:31)
          at Promise.then.completed (/Users/pabloelisseo/repos/one-beyond/csm/react-form-builder/node_modules/jest-circus/build/utils.js:391:28)
          at new Promise (<anonymous>)
          at callAsyncCircusFn (/Users/pabloelisseo/repos/one-beyond/csm/react-form-builder/node_modules/jest-circus/build/utils.js:316:10)
          at _callCircusTest (/Users/pabloelisseo/repos/one-beyond/csm/react-form-builder/node_modules/jest-circus/build/run.js:218:40)
          at processTicksAndRejections (node:internal/process/task_queues:95:5)
          at _runTest (/Users/pabloelisseo/repos/one-beyond/csm/react-form-builder/node_modules/jest-circus/build/run.js:155:3)
          at _runTestsForDescribeBlock (/Users/pabloelisseo/repos/one-beyond/csm/react-form-builder/node_modules/jest-circus/build/run.js:66:9)
          at run (/Users/pabloelisseo/repos/one-beyond/csm/react-form-builder/node_modules/jest-circus/build/run.js:25:3)
          at runAndTransformResultsToJestFormat (/Users/pabloelisseo/repos/one-beyond/csm/react-form-builder/node_modules/jest-circus/build/legacy-code-todo-rewrite/jestAdapterInit.js:170:21)
          at jestAdapter (/Users/pabloelisseo/repos/one-beyond/csm/react-form-builder/node_modules/jest-circus/build/legacy-code-todo-rewrite/jestAdapter.js:82:19)
          at runTestInternal (/Users/pabloelisseo/repos/one-beyond/csm/react-form-builder/node_modules/jest-runner/build/runTest.js:389:16)
          at runTest (/Users/pabloelisseo/repos/one-beyond/csm/react-form-builder/node_modules/jest-runner/build/runTest.js:475:34)
          at Object.worker (/Users/pabloelisseo/repos/one-beyond/csm/react-form-builder/node_modules/jest-runner/build/testWorker.js:133:12)

      at VirtualConsole.<anonymous> (node_modules/jsdom/lib/jsdom/virtual-console.js:29:45)
      at reportException (node_modules/jsdom/lib/jsdom/living/helpers/runtime-script-errors.js:70:28)
      at innerInvokeEventListeners (node_modules/jsdom/lib/jsdom/living/events/EventTarget-impl.js:341:9)
      at invokeEventListeners (node_modules/jsdom/lib/jsdom/living/events/EventTarget-impl.js:274:3)
      at HTMLUnknownElementImpl._dispatch (node_modules/jsdom/lib/jsdom/living/events/EventTarget-impl.js:221:9)
      at HTMLUnknownElementImpl.dispatchEvent (node_modules/jsdom/lib/jsdom/living/events/EventTarget-impl.js:94:17)
      at HTMLUnknownElement.dispatchEvent (node_modules/jsdom/lib/jsdom/living/generated/EventTarget.js:231:34)

    console.error
      Error: Uncaught [TypeError: Cannot read properties of undefined (reading 'array')]
          at reportException (/Users/pabloelisseo/repos/one-beyond/csm/react-form-builder/node_modules/jsdom/lib/jsdom/living/helpers/runtime-script-errors.js:66:24)
          at innerInvokeEventListeners (/Users/pabloelisseo/repos/one-beyond/csm/react-form-builder/node_modules/jsdom/lib/jsdom/living/events/EventTarget-impl.js:341:9)
          at invokeEventListeners (/Users/pabloelisseo/repos/one-beyond/csm/react-form-builder/node_modules/jsdom/lib/jsdom/living/events/EventTarget-impl.js:274:3)
          at HTMLUnknownElementImpl._dispatch (/Users/pabloelisseo/repos/one-beyond/csm/react-form-builder/node_modules/jsdom/lib/jsdom/living/events/EventTarget-impl.js:221:9)
          at HTMLUnknownElementImpl.dispatchEvent (/Users/pabloelisseo/repos/one-beyond/csm/react-form-builder/node_modules/jsdom/lib/jsdom/living/events/EventTarget-impl.js:94:17)
          at HTMLUnknownElement.dispatchEvent (/Users/pabloelisseo/repos/one-beyond/csm/react-form-builder/node_modules/jsdom/lib/jsdom/living/generated/EventTarget.js:231:34)
          at Object.invokeGuardedCallbackDev (/Users/pabloelisseo/repos/one-beyond/csm/react-form-builder/node_modules/react-dom/cjs/react-dom.development.js:4213:16)
          at invokeGuardedCallback (/Users/pabloelisseo/repos/one-beyond/csm/react-form-builder/node_modules/react-dom/cjs/react-dom.development.js:4277:31)
          at beginWork$1 (/Users/pabloelisseo/repos/one-beyond/csm/react-form-builder/node_modules/react-dom/cjs/react-dom.development.js:27451:7)
          at performUnitOfWork (/Users/pabloelisseo/repos/one-beyond/csm/react-form-builder/node_modules/react-dom/cjs/react-dom.development.js:26560:12) TypeError: Cannot read properties of undefined (reading 'array')
          at control (/Users/pabloelisseo/repos/one-beyond/csm/react-form-builder/node_modules/react-hook-form/src/useController.ts:63:35)
          at Object.<anonymous>.exports.Controller (/Users/pabloelisseo/repos/one-beyond/csm/react-form-builder/node_modules/react-hook-form/src/form.tsx:38:5)
          at renderWithHooks (/Users/pabloelisseo/repos/one-beyond/csm/react-form-builder/node_modules/react-dom/cjs/react-dom.development.js:16305:18)
          at mountIndeterminateComponent (/Users/pabloelisseo/repos/one-beyond/csm/react-form-builder/node_modules/react-dom/cjs/react-dom.development.js:20074:13)
          at beginWork (/Users/pabloelisseo/repos/one-beyond/csm/react-form-builder/node_modules/react-dom/cjs/react-dom.development.js:21587:16)
          at HTMLUnknownElement.callCallback (/Users/pabloelisseo/repos/one-beyond/csm/react-form-builder/node_modules/react-dom/cjs/react-dom.development.js:4164:14)
          at HTMLUnknownElement.callTheUserObjectsOperation (/Users/pabloelisseo/repos/one-beyond/csm/react-form-builder/node_modules/jsdom/lib/jsdom/living/generated/EventListener.js:26:30)
          at innerInvokeEventListeners (/Users/pabloelisseo/repos/one-beyond/csm/react-form-builder/node_modules/jsdom/lib/jsdom/living/events/EventTarget-impl.js:338:25)
          at invokeEventListeners (/Users/pabloelisseo/repos/one-beyond/csm/react-form-builder/node_modules/jsdom/lib/jsdom/living/events/EventTarget-impl.js:274:3)
          at HTMLUnknownElementImpl._dispatch (/Users/pabloelisseo/repos/one-beyond/csm/react-form-builder/node_modules/jsdom/lib/jsdom/living/events/EventTarget-impl.js:221:9)
          at HTMLUnknownElementImpl.dispatchEvent (/Users/pabloelisseo/repos/one-beyond/csm/react-form-builder/node_modules/jsdom/lib/jsdom/living/events/EventTarget-impl.js:94:17)
          at HTMLUnknownElement.dispatchEvent (/Users/pabloelisseo/repos/one-beyond/csm/react-form-builder/node_modules/jsdom/lib/jsdom/living/generated/EventTarget.js:231:34)
          at Object.invokeGuardedCallbackDev (/Users/pabloelisseo/repos/one-beyond/csm/react-form-builder/node_modules/react-dom/cjs/react-dom.development.js:4213:16)
          at invokeGuardedCallback (/Users/pabloelisseo/repos/one-beyond/csm/react-form-builder/node_modules/react-dom/cjs/react-dom.development.js:4277:31)
          at beginWork$1 (/Users/pabloelisseo/repos/one-beyond/csm/react-form-builder/node_modules/react-dom/cjs/react-dom.development.js:27451:7)
          at performUnitOfWork (/Users/pabloelisseo/repos/one-beyond/csm/react-form-builder/node_modules/react-dom/cjs/react-dom.development.js:26560:12)
          at workLoopSync (/Users/pabloelisseo/repos/one-beyond/csm/react-form-builder/node_modules/react-dom/cjs/react-dom.development.js:26466:5)
          at renderRootSync (/Users/pabloelisseo/repos/one-beyond/csm/react-form-builder/node_modules/react-dom/cjs/react-dom.development.js:26434:7)
          at recoverFromConcurrentError (/Users/pabloelisseo/repos/one-beyond/csm/react-form-builder/node_modules/react-dom/cjs/react-dom.development.js:25850:20)
          at performConcurrentWorkOnRoot (/Users/pabloelisseo/repos/one-beyond/csm/react-form-builder/node_modules/react-dom/cjs/react-dom.development.js:25750:22)
          at flushActQueue (/Users/pabloelisseo/repos/one-beyond/csm/react-form-builder/node_modules/react/cjs/react.development.js:2667:24)
          at act (/Users/pabloelisseo/repos/one-beyond/csm/react-form-builder/node_modules/react/cjs/react.development.js:2582:11)
          at /Users/pabloelisseo/repos/one-beyond/csm/react-form-builder/node_modules/@testing-library/react/dist/act-compat.js:46:25
          at renderRoot (/Users/pabloelisseo/repos/one-beyond/csm/react-form-builder/node_modules/@testing-library/react/dist/pure.js:161:26)
          at render (/Users/pabloelisseo/repos/one-beyond/csm/react-form-builder/node_modules/@testing-library/react/dist/pure.js:247:10)
          at Object.<anonymous> (/Users/pabloelisseo/repos/one-beyond/csm/react-form-builder/src/Questions/Phone/__tests__/phone.test.js:21:31)
          at Promise.then.completed (/Users/pabloelisseo/repos/one-beyond/csm/react-form-builder/node_modules/jest-circus/build/utils.js:391:28)
          at new Promise (<anonymous>)
          at callAsyncCircusFn (/Users/pabloelisseo/repos/one-beyond/csm/react-form-builder/node_modules/jest-circus/build/utils.js:316:10)
          at _callCircusTest (/Users/pabloelisseo/repos/one-beyond/csm/react-form-builder/node_modules/jest-circus/build/run.js:218:40)
          at processTicksAndRejections (node:internal/process/task_queues:95:5)
          at _runTest (/Users/pabloelisseo/repos/one-beyond/csm/react-form-builder/node_modules/jest-circus/build/run.js:155:3)
          at _runTestsForDescribeBlock (/Users/pabloelisseo/repos/one-beyond/csm/react-form-builder/node_modules/jest-circus/build/run.js:66:9)
          at run (/Users/pabloelisseo/repos/one-beyond/csm/react-form-builder/node_modules/jest-circus/build/run.js:25:3)
          at runAndTransformResultsToJestFormat (/Users/pabloelisseo/repos/one-beyond/csm/react-form-builder/node_modules/jest-circus/build/legacy-code-todo-rewrite/jestAdapterInit.js:170:21)
          at jestAdapter (/Users/pabloelisseo/repos/one-beyond/csm/react-form-builder/node_modules/jest-circus/build/legacy-code-todo-rewrite/jestAdapter.js:82:19)
          at runTestInternal (/Users/pabloelisseo/repos/one-beyond/csm/react-form-builder/node_modules/jest-runner/build/runTest.js:389:16)
          at runTest (/Users/pabloelisseo/repos/one-beyond/csm/react-form-builder/node_modules/jest-runner/build/runTest.js:475:34)
          at Object.worker (/Users/pabloelisseo/repos/one-beyond/csm/react-form-builder/node_modules/jest-runner/build/testWorker.js:133:12)

      at VirtualConsole.<anonymous> (node_modules/jsdom/lib/jsdom/virtual-console.js:29:45)
      at reportException (node_modules/jsdom/lib/jsdom/living/helpers/runtime-script-errors.js:70:28)
      at innerInvokeEventListeners (node_modules/jsdom/lib/jsdom/living/events/EventTarget-impl.js:341:9)
      at invokeEventListeners (node_modules/jsdom/lib/jsdom/living/events/EventTarget-impl.js:274:3)
      at HTMLUnknownElementImpl._dispatch (node_modules/jsdom/lib/jsdom/living/events/EventTarget-impl.js:221:9)
      at HTMLUnknownElementImpl.dispatchEvent (node_modules/jsdom/lib/jsdom/living/events/EventTarget-impl.js:94:17)
      at HTMLUnknownElement.dispatchEvent (node_modules/jsdom/lib/jsdom/living/generated/EventTarget.js:231:34)

    console.error
      The above error occurred in one of your React components:
      
          at Object.<anonymous>.exports.Controller (/Users/pabloelisseo/repos/one-beyond/csm/react-form-builder/node_modules/react-hook-form/src/form.tsx:37:9)
          at Phone (/Users/pabloelisseo/repos/one-beyond/csm/react-form-builder/src/Fields/Phone/index.js:10:3)
          at div
          at /Users/pabloelisseo/repos/one-beyond/csm/react-form-builder/node_modules/@emotion/react/dist/emotion-element-48d2c2e4.cjs.dev.js:62:23
          at QuestionPhone (/Users/pabloelisseo/repos/one-beyond/csm/react-form-builder/src/Questions/Phone/index.js:9:26)
      
      Consider adding an error boundary to your tree to customize error handling behavior.
      Visit https://reactjs.org/link/error-boundaries to learn more about error boundaries.

      at logCapturedError (node_modules/react-dom/cjs/react-dom.development.js:18687:23)
      at update.callback (node_modules/react-dom/cjs/react-dom.development.js:18720:5)
      at callCallback (node_modules/react-dom/cjs/react-dom.development.js:13923:12)
      at commitUpdateQueue (node_modules/react-dom/cjs/react-dom.development.js:13944:9)
      at commitLayoutEffectOnFiber (node_modules/react-dom/cjs/react-dom.development.js:23391:13)
      at commitLayoutMountEffects_complete (node_modules/react-dom/cjs/react-dom.development.js:24688:9)
      at commitLayoutEffects_begin (node_modules/react-dom/cjs/react-dom.development.js:24674:7)
      at commitLayoutEffects (node_modules/react-dom/cjs/react-dom.development.js:24612:3)

    console.error
      Error: Uncaught [TypeError: Cannot read properties of undefined (reading 'array')]
          at reportException (/Users/pabloelisseo/repos/one-beyond/csm/react-form-builder/node_modules/jsdom/lib/jsdom/living/helpers/runtime-script-errors.js:66:24)
          at innerInvokeEventListeners (/Users/pabloelisseo/repos/one-beyond/csm/react-form-builder/node_modules/jsdom/lib/jsdom/living/events/EventTarget-impl.js:341:9)
          at invokeEventListeners (/Users/pabloelisseo/repos/one-beyond/csm/react-form-builder/node_modules/jsdom/lib/jsdom/living/events/EventTarget-impl.js:274:3)
          at HTMLUnknownElementImpl._dispatch (/Users/pabloelisseo/repos/one-beyond/csm/react-form-builder/node_modules/jsdom/lib/jsdom/living/events/EventTarget-impl.js:221:9)
          at HTMLUnknownElementImpl.dispatchEvent (/Users/pabloelisseo/repos/one-beyond/csm/react-form-builder/node_modules/jsdom/lib/jsdom/living/events/EventTarget-impl.js:94:17)
          at HTMLUnknownElement.dispatchEvent (/Users/pabloelisseo/repos/one-beyond/csm/react-form-builder/node_modules/jsdom/lib/jsdom/living/generated/EventTarget.js:231:34)
          at Object.invokeGuardedCallbackDev (/Users/pabloelisseo/repos/one-beyond/csm/react-form-builder/node_modules/react-dom/cjs/react-dom.development.js:4213:16)
          at invokeGuardedCallback (/Users/pabloelisseo/repos/one-beyond/csm/react-form-builder/node_modules/react-dom/cjs/react-dom.development.js:4277:31)
          at beginWork$1 (/Users/pabloelisseo/repos/one-beyond/csm/react-form-builder/node_modules/react-dom/cjs/react-dom.development.js:27451:7)
          at performUnitOfWork (/Users/pabloelisseo/repos/one-beyond/csm/react-form-builder/node_modules/react-dom/cjs/react-dom.development.js:26560:12) TypeError: Cannot read properties of undefined (reading 'array')
          at control (/Users/pabloelisseo/repos/one-beyond/csm/react-form-builder/node_modules/react-hook-form/src/useController.ts:63:35)
          at Object.<anonymous>.exports.Controller (/Users/pabloelisseo/repos/one-beyond/csm/react-form-builder/node_modules/react-hook-form/src/form.tsx:38:5)
          at renderWithHooks (/Users/pabloelisseo/repos/one-beyond/csm/react-form-builder/node_modules/react-dom/cjs/react-dom.development.js:16305:18)
          at mountIndeterminateComponent (/Users/pabloelisseo/repos/one-beyond/csm/react-form-builder/node_modules/react-dom/cjs/react-dom.development.js:20074:13)
          at beginWork (/Users/pabloelisseo/repos/one-beyond/csm/react-form-builder/node_modules/react-dom/cjs/react-dom.development.js:21587:16)
          at HTMLUnknownElement.callCallback (/Users/pabloelisseo/repos/one-beyond/csm/react-form-builder/node_modules/react-dom/cjs/react-dom.development.js:4164:14)
          at HTMLUnknownElement.callTheUserObjectsOperation (/Users/pabloelisseo/repos/one-beyond/csm/react-form-builder/node_modules/jsdom/lib/jsdom/living/generated/EventListener.js:26:30)
          at innerInvokeEventListeners (/Users/pabloelisseo/repos/one-beyond/csm/react-form-builder/node_modules/jsdom/lib/jsdom/living/events/EventTarget-impl.js:338:25)
          at invokeEventListeners (/Users/pabloelisseo/repos/one-beyond/csm/react-form-builder/node_modules/jsdom/lib/jsdom/living/events/EventTarget-impl.js:274:3)
          at HTMLUnknownElementImpl._dispatch (/Users/pabloelisseo/repos/one-beyond/csm/react-form-builder/node_modules/jsdom/lib/jsdom/living/events/EventTarget-impl.js:221:9)
          at HTMLUnknownElementImpl.dispatchEvent (/Users/pabloelisseo/repos/one-beyond/csm/react-form-builder/node_modules/jsdom/lib/jsdom/living/events/EventTarget-impl.js:94:17)
          at HTMLUnknownElement.dispatchEvent (/Users/pabloelisseo/repos/one-beyond/csm/react-form-builder/node_modules/jsdom/lib/jsdom/living/generated/EventTarget.js:231:34)
          at Object.invokeGuardedCallbackDev (/Users/pabloelisseo/repos/one-beyond/csm/react-form-builder/node_modules/react-dom/cjs/react-dom.development.js:4213:16)
          at invokeGuardedCallback (/Users/pabloelisseo/repos/one-beyond/csm/react-form-builder/node_modules/react-dom/cjs/react-dom.development.js:4277:31)
          at beginWork$1 (/Users/pabloelisseo/repos/one-beyond/csm/react-form-builder/node_modules/react-dom/cjs/react-dom.development.js:27451:7)
          at performUnitOfWork (/Users/pabloelisseo/repos/one-beyond/csm/react-form-builder/node_modules/react-dom/cjs/react-dom.development.js:26560:12)
          at workLoopSync (/Users/pabloelisseo/repos/one-beyond/csm/react-form-builder/node_modules/react-dom/cjs/react-dom.development.js:26466:5)
          at renderRootSync (/Users/pabloelisseo/repos/one-beyond/csm/react-form-builder/node_modules/react-dom/cjs/react-dom.development.js:26434:7)
          at performConcurrentWorkOnRoot (/Users/pabloelisseo/repos/one-beyond/csm/react-form-builder/node_modules/react-dom/cjs/react-dom.development.js:25738:74)
          at flushActQueue (/Users/pabloelisseo/repos/one-beyond/csm/react-form-builder/node_modules/react/cjs/react.development.js:2667:24)
          at act (/Users/pabloelisseo/repos/one-beyond/csm/react-form-builder/node_modules/react/cjs/react.development.js:2582:11)
          at /Users/pabloelisseo/repos/one-beyond/csm/react-form-builder/node_modules/@testing-library/react/dist/act-compat.js:46:25
          at renderRoot (/Users/pabloelisseo/repos/one-beyond/csm/react-form-builder/node_modules/@testing-library/react/dist/pure.js:161:26)
          at render (/Users/pabloelisseo/repos/one-beyond/csm/react-form-builder/node_modules/@testing-library/react/dist/pure.js:247:10)
          at Object.<anonymous> (/Users/pabloelisseo/repos/one-beyond/csm/react-form-builder/src/Questions/Phone/__tests__/phone.test.js:37:42)
          at Promise.then.completed (/Users/pabloelisseo/repos/one-beyond/csm/react-form-builder/node_modules/jest-circus/build/utils.js:391:28)
          at new Promise (<anonymous>)
          at callAsyncCircusFn (/Users/pabloelisseo/repos/one-beyond/csm/react-form-builder/node_modules/jest-circus/build/utils.js:316:10)
          at _callCircusTest (/Users/pabloelisseo/repos/one-beyond/csm/react-form-builder/node_modules/jest-circus/build/run.js:218:40)
          at processTicksAndRejections (node:internal/process/task_queues:95:5)
          at _runTest (/Users/pabloelisseo/repos/one-beyond/csm/react-form-builder/node_modules/jest-circus/build/run.js:155:3)
          at _runTestsForDescribeBlock (/Users/pabloelisseo/repos/one-beyond/csm/react-form-builder/node_modules/jest-circus/build/run.js:66:9)
          at run (/Users/pabloelisseo/repos/one-beyond/csm/react-form-builder/node_modules/jest-circus/build/run.js:25:3)
          at runAndTransformResultsToJestFormat (/Users/pabloelisseo/repos/one-beyond/csm/react-form-builder/node_modules/jest-circus/build/legacy-code-todo-rewrite/jestAdapterInit.js:170:21)
          at jestAdapter (/Users/pabloelisseo/repos/one-beyond/csm/react-form-builder/node_modules/jest-circus/build/legacy-code-todo-rewrite/jestAdapter.js:82:19)
          at runTestInternal (/Users/pabloelisseo/repos/one-beyond/csm/react-form-builder/node_modules/jest-runner/build/runTest.js:389:16)
          at runTest (/Users/pabloelisseo/repos/one-beyond/csm/react-form-builder/node_modules/jest-runner/build/runTest.js:475:34)
          at Object.worker (/Users/pabloelisseo/repos/one-beyond/csm/react-form-builder/node_modules/jest-runner/build/testWorker.js:133:12)

      at VirtualConsole.<anonymous> (node_modules/jsdom/lib/jsdom/virtual-console.js:29:45)
      at reportException (node_modules/jsdom/lib/jsdom/living/helpers/runtime-script-errors.js:70:28)
      at innerInvokeEventListeners (node_modules/jsdom/lib/jsdom/living/events/EventTarget-impl.js:341:9)
      at invokeEventListeners (node_modules/jsdom/lib/jsdom/living/events/EventTarget-impl.js:274:3)
      at HTMLUnknownElementImpl._dispatch (node_modules/jsdom/lib/jsdom/living/events/EventTarget-impl.js:221:9)
      at HTMLUnknownElementImpl.dispatchEvent (node_modules/jsdom/lib/jsdom/living/events/EventTarget-impl.js:94:17)
      at HTMLUnknownElement.dispatchEvent (node_modules/jsdom/lib/jsdom/living/generated/EventTarget.js:231:34)

    console.error
      Error: Uncaught [TypeError: Cannot read properties of undefined (reading 'array')]
          at reportException (/Users/pabloelisseo/repos/one-beyond/csm/react-form-builder/node_modules/jsdom/lib/jsdom/living/helpers/runtime-script-errors.js:66:24)
          at innerInvokeEventListeners (/Users/pabloelisseo/repos/one-beyond/csm/react-form-builder/node_modules/jsdom/lib/jsdom/living/events/EventTarget-impl.js:341:9)
          at invokeEventListeners (/Users/pabloelisseo/repos/one-beyond/csm/react-form-builder/node_modules/jsdom/lib/jsdom/living/events/EventTarget-impl.js:274:3)
          at HTMLUnknownElementImpl._dispatch (/Users/pabloelisseo/repos/one-beyond/csm/react-form-builder/node_modules/jsdom/lib/jsdom/living/events/EventTarget-impl.js:221:9)
          at HTMLUnknownElementImpl.dispatchEvent (/Users/pabloelisseo/repos/one-beyond/csm/react-form-builder/node_modules/jsdom/lib/jsdom/living/events/EventTarget-impl.js:94:17)
          at HTMLUnknownElement.dispatchEvent (/Users/pabloelisseo/repos/one-beyond/csm/react-form-builder/node_modules/jsdom/lib/jsdom/living/generated/EventTarget.js:231:34)
          at Object.invokeGuardedCallbackDev (/Users/pabloelisseo/repos/one-beyond/csm/react-form-builder/node_modules/react-dom/cjs/react-dom.development.js:4213:16)
          at invokeGuardedCallback (/Users/pabloelisseo/repos/one-beyond/csm/react-form-builder/node_modules/react-dom/cjs/react-dom.development.js:4277:31)
          at beginWork$1 (/Users/pabloelisseo/repos/one-beyond/csm/react-form-builder/node_modules/react-dom/cjs/react-dom.development.js:27451:7)
          at performUnitOfWork (/Users/pabloelisseo/repos/one-beyond/csm/react-form-builder/node_modules/react-dom/cjs/react-dom.development.js:26560:12) TypeError: Cannot read properties of undefined (reading 'array')
          at control (/Users/pabloelisseo/repos/one-beyond/csm/react-form-builder/node_modules/react-hook-form/src/useController.ts:63:35)
          at Object.<anonymous>.exports.Controller (/Users/pabloelisseo/repos/one-beyond/csm/react-form-builder/node_modules/react-hook-form/src/form.tsx:38:5)
          at renderWithHooks (/Users/pabloelisseo/repos/one-beyond/csm/react-form-builder/node_modules/react-dom/cjs/react-dom.development.js:16305:18)
          at mountIndeterminateComponent (/Users/pabloelisseo/repos/one-beyond/csm/react-form-builder/node_modules/react-dom/cjs/react-dom.development.js:20074:13)
          at beginWork (/Users/pabloelisseo/repos/one-beyond/csm/react-form-builder/node_modules/react-dom/cjs/react-dom.development.js:21587:16)
          at HTMLUnknownElement.callCallback (/Users/pabloelisseo/repos/one-beyond/csm/react-form-builder/node_modules/react-dom/cjs/react-dom.development.js:4164:14)
          at HTMLUnknownElement.callTheUserObjectsOperation (/Users/pabloelisseo/repos/one-beyond/csm/react-form-builder/node_modules/jsdom/lib/jsdom/living/generated/EventListener.js:26:30)
          at innerInvokeEventListeners (/Users/pabloelisseo/repos/one-beyond/csm/react-form-builder/node_modules/jsdom/lib/jsdom/living/events/EventTarget-impl.js:338:25)
          at invokeEventListeners (/Users/pabloelisseo/repos/one-beyond/csm/react-form-builder/node_modules/jsdom/lib/jsdom/living/events/EventTarget-impl.js:274:3)
          at HTMLUnknownElementImpl._dispatch (/Users/pabloelisseo/repos/one-beyond/csm/react-form-builder/node_modules/jsdom/lib/jsdom/living/events/EventTarget-impl.js:221:9)
          at HTMLUnknownElementImpl.dispatchEvent (/Users/pabloelisseo/repos/one-beyond/csm/react-form-builder/node_modules/jsdom/lib/jsdom/living/events/EventTarget-impl.js:94:17)
          at HTMLUnknownElement.dispatchEvent (/Users/pabloelisseo/repos/one-beyond/csm/react-form-builder/node_modules/jsdom/lib/jsdom/living/generated/EventTarget.js:231:34)
          at Object.invokeGuardedCallbackDev (/Users/pabloelisseo/repos/one-beyond/csm/react-form-builder/node_modules/react-dom/cjs/react-dom.development.js:4213:16)
          at invokeGuardedCallback (/Users/pabloelisseo/repos/one-beyond/csm/react-form-builder/node_modules/react-dom/cjs/react-dom.development.js:4277:31)
          at beginWork$1 (/Users/pabloelisseo/repos/one-beyond/csm/react-form-builder/node_modules/react-dom/cjs/react-dom.development.js:27451:7)
          at performUnitOfWork (/Users/pabloelisseo/repos/one-beyond/csm/react-form-builder/node_modules/react-dom/cjs/react-dom.development.js:26560:12)
          at workLoopSync (/Users/pabloelisseo/repos/one-beyond/csm/react-form-builder/node_modules/react-dom/cjs/react-dom.development.js:26466:5)
          at renderRootSync (/Users/pabloelisseo/repos/one-beyond/csm/react-form-builder/node_modules/react-dom/cjs/react-dom.development.js:26434:7)
          at recoverFromConcurrentError (/Users/pabloelisseo/repos/one-beyond/csm/react-form-builder/node_modules/react-dom/cjs/react-dom.development.js:25850:20)
          at performConcurrentWorkOnRoot (/Users/pabloelisseo/repos/one-beyond/csm/react-form-builder/node_modules/react-dom/cjs/react-dom.development.js:25750:22)
          at flushActQueue (/Users/pabloelisseo/repos/one-beyond/csm/react-form-builder/node_modules/react/cjs/react.development.js:2667:24)
          at act (/Users/pabloelisseo/repos/one-beyond/csm/react-form-builder/node_modules/react/cjs/react.development.js:2582:11)
          at /Users/pabloelisseo/repos/one-beyond/csm/react-form-builder/node_modules/@testing-library/react/dist/act-compat.js:46:25
          at renderRoot (/Users/pabloelisseo/repos/one-beyond/csm/react-form-builder/node_modules/@testing-library/react/dist/pure.js:161:26)
          at render (/Users/pabloelisseo/repos/one-beyond/csm/react-form-builder/node_modules/@testing-library/react/dist/pure.js:247:10)
          at Object.<anonymous> (/Users/pabloelisseo/repos/one-beyond/csm/react-form-builder/src/Questions/Phone/__tests__/phone.test.js:37:42)
          at Promise.then.completed (/Users/pabloelisseo/repos/one-beyond/csm/react-form-builder/node_modules/jest-circus/build/utils.js:391:28)
          at new Promise (<anonymous>)
          at callAsyncCircusFn (/Users/pabloelisseo/repos/one-beyond/csm/react-form-builder/node_modules/jest-circus/build/utils.js:316:10)
          at _callCircusTest (/Users/pabloelisseo/repos/one-beyond/csm/react-form-builder/node_modules/jest-circus/build/run.js:218:40)
          at processTicksAndRejections (node:internal/process/task_queues:95:5)
          at _runTest (/Users/pabloelisseo/repos/one-beyond/csm/react-form-builder/node_modules/jest-circus/build/run.js:155:3)
          at _runTestsForDescribeBlock (/Users/pabloelisseo/repos/one-beyond/csm/react-form-builder/node_modules/jest-circus/build/run.js:66:9)
          at run (/Users/pabloelisseo/repos/one-beyond/csm/react-form-builder/node_modules/jest-circus/build/run.js:25:3)
          at runAndTransformResultsToJestFormat (/Users/pabloelisseo/repos/one-beyond/csm/react-form-builder/node_modules/jest-circus/build/legacy-code-todo-rewrite/jestAdapterInit.js:170:21)
          at jestAdapter (/Users/pabloelisseo/repos/one-beyond/csm/react-form-builder/node_modules/jest-circus/build/legacy-code-todo-rewrite/jestAdapter.js:82:19)
          at runTestInternal (/Users/pabloelisseo/repos/one-beyond/csm/react-form-builder/node_modules/jest-runner/build/runTest.js:389:16)
          at runTest (/Users/pabloelisseo/repos/one-beyond/csm/react-form-builder/node_modules/jest-runner/build/runTest.js:475:34)
          at Object.worker (/Users/pabloelisseo/repos/one-beyond/csm/react-form-builder/node_modules/jest-runner/build/testWorker.js:133:12)

      at VirtualConsole.<anonymous> (node_modules/jsdom/lib/jsdom/virtual-console.js:29:45)
      at reportException (node_modules/jsdom/lib/jsdom/living/helpers/runtime-script-errors.js:70:28)
      at innerInvokeEventListeners (node_modules/jsdom/lib/jsdom/living/events/EventTarget-impl.js:341:9)
      at invokeEventListeners (node_modules/jsdom/lib/jsdom/living/events/EventTarget-impl.js:274:3)
      at HTMLUnknownElementImpl._dispatch (node_modules/jsdom/lib/jsdom/living/events/EventTarget-impl.js:221:9)
      at HTMLUnknownElementImpl.dispatchEvent (node_modules/jsdom/lib/jsdom/living/events/EventTarget-impl.js:94:17)
      at HTMLUnknownElement.dispatchEvent (node_modules/jsdom/lib/jsdom/living/generated/EventTarget.js:231:34)

    console.error
      The above error occurred in one of your React components:
      
          at Object.<anonymous>.exports.Controller (/Users/pabloelisseo/repos/one-beyond/csm/react-form-builder/node_modules/react-hook-form/src/form.tsx:37:9)
          at Phone (/Users/pabloelisseo/repos/one-beyond/csm/react-form-builder/src/Fields/Phone/index.js:10:3)
          at div
          at /Users/pabloelisseo/repos/one-beyond/csm/react-form-builder/node_modules/@emotion/react/dist/emotion-element-48d2c2e4.cjs.dev.js:62:23
          at QuestionPhone (/Users/pabloelisseo/repos/one-beyond/csm/react-form-builder/src/Questions/Phone/index.js:9:26)
      
      Consider adding an error boundary to your tree to customize error handling behavior.
      Visit https://reactjs.org/link/error-boundaries to learn more about error boundaries.

      at logCapturedError (node_modules/react-dom/cjs/react-dom.development.js:18687:23)
      at update.callback (node_modules/react-dom/cjs/react-dom.development.js:18720:5)
      at callCallback (node_modules/react-dom/cjs/react-dom.development.js:13923:12)
      at commitUpdateQueue (node_modules/react-dom/cjs/react-dom.development.js:13944:9)
      at commitLayoutEffectOnFiber (node_modules/react-dom/cjs/react-dom.development.js:23391:13)
      at commitLayoutMountEffects_complete (node_modules/react-dom/cjs/react-dom.development.js:24688:9)
      at commitLayoutEffects_begin (node_modules/react-dom/cjs/react-dom.development.js:24674:7)
      at commitLayoutEffects (node_modules/react-dom/cjs/react-dom.development.js:24612:3)

    console.error
      Error: Uncaught [TypeError: Cannot read properties of undefined (reading 'array')]
          at reportException (/Users/pabloelisseo/repos/one-beyond/csm/react-form-builder/node_modules/jsdom/lib/jsdom/living/helpers/runtime-script-errors.js:66:24)
          at innerInvokeEventListeners (/Users/pabloelisseo/repos/one-beyond/csm/react-form-builder/node_modules/jsdom/lib/jsdom/living/events/EventTarget-impl.js:341:9)
          at invokeEventListeners (/Users/pabloelisseo/repos/one-beyond/csm/react-form-builder/node_modules/jsdom/lib/jsdom/living/events/EventTarget-impl.js:274:3)
          at HTMLUnknownElementImpl._dispatch (/Users/pabloelisseo/repos/one-beyond/csm/react-form-builder/node_modules/jsdom/lib/jsdom/living/events/EventTarget-impl.js:221:9)
          at HTMLUnknownElementImpl.dispatchEvent (/Users/pabloelisseo/repos/one-beyond/csm/react-form-builder/node_modules/jsdom/lib/jsdom/living/events/EventTarget-impl.js:94:17)
          at HTMLUnknownElement.dispatchEvent (/Users/pabloelisseo/repos/one-beyond/csm/react-form-builder/node_modules/jsdom/lib/jsdom/living/generated/EventTarget.js:231:34)
          at Object.invokeGuardedCallbackDev (/Users/pabloelisseo/repos/one-beyond/csm/react-form-builder/node_modules/react-dom/cjs/react-dom.development.js:4213:16)
          at invokeGuardedCallback (/Users/pabloelisseo/repos/one-beyond/csm/react-form-builder/node_modules/react-dom/cjs/react-dom.development.js:4277:31)
          at beginWork$1 (/Users/pabloelisseo/repos/one-beyond/csm/react-form-builder/node_modules/react-dom/cjs/react-dom.development.js:27451:7)
          at performUnitOfWork (/Users/pabloelisseo/repos/one-beyond/csm/react-form-builder/node_modules/react-dom/cjs/react-dom.development.js:26560:12) TypeError: Cannot read properties of undefined (reading 'array')
          at control (/Users/pabloelisseo/repos/one-beyond/csm/react-form-builder/node_modules/react-hook-form/src/useController.ts:63:35)
          at Object.<anonymous>.exports.Controller (/Users/pabloelisseo/repos/one-beyond/csm/react-form-builder/node_modules/react-hook-form/src/form.tsx:38:5)
          at renderWithHooks (/Users/pabloelisseo/repos/one-beyond/csm/react-form-builder/node_modules/react-dom/cjs/react-dom.development.js:16305:18)
          at mountIndeterminateComponent (/Users/pabloelisseo/repos/one-beyond/csm/react-form-builder/node_modules/react-dom/cjs/react-dom.development.js:20074:13)
          at beginWork (/Users/pabloelisseo/repos/one-beyond/csm/react-form-builder/node_modules/react-dom/cjs/react-dom.development.js:21587:16)
          at HTMLUnknownElement.callCallback (/Users/pabloelisseo/repos/one-beyond/csm/react-form-builder/node_modules/react-dom/cjs/react-dom.development.js:4164:14)
          at HTMLUnknownElement.callTheUserObjectsOperation (/Users/pabloelisseo/repos/one-beyond/csm/react-form-builder/node_modules/jsdom/lib/jsdom/living/generated/EventListener.js:26:30)
          at innerInvokeEventListeners (/Users/pabloelisseo/repos/one-beyond/csm/react-form-builder/node_modules/jsdom/lib/jsdom/living/events/EventTarget-impl.js:338:25)
          at invokeEventListeners (/Users/pabloelisseo/repos/one-beyond/csm/react-form-builder/node_modules/jsdom/lib/jsdom/living/events/EventTarget-impl.js:274:3)
          at HTMLUnknownElementImpl._dispatch (/Users/pabloelisseo/repos/one-beyond/csm/react-form-builder/node_modules/jsdom/lib/jsdom/living/events/EventTarget-impl.js:221:9)
          at HTMLUnknownElementImpl.dispatchEvent (/Users/pabloelisseo/repos/one-beyond/csm/react-form-builder/node_modules/jsdom/lib/jsdom/living/events/EventTarget-impl.js:94:17)
          at HTMLUnknownElement.dispatchEvent (/Users/pabloelisseo/repos/one-beyond/csm/react-form-builder/node_modules/jsdom/lib/jsdom/living/generated/EventTarget.js:231:34)
          at Object.invokeGuardedCallbackDev (/Users/pabloelisseo/repos/one-beyond/csm/react-form-builder/node_modules/react-dom/cjs/react-dom.development.js:4213:16)
          at invokeGuardedCallback (/Users/pabloelisseo/repos/one-beyond/csm/react-form-builder/node_modules/react-dom/cjs/react-dom.development.js:4277:31)
          at beginWork$1 (/Users/pabloelisseo/repos/one-beyond/csm/react-form-builder/node_modules/react-dom/cjs/react-dom.development.js:27451:7)
          at performUnitOfWork (/Users/pabloelisseo/repos/one-beyond/csm/react-form-builder/node_modules/react-dom/cjs/react-dom.development.js:26560:12)
          at workLoopSync (/Users/pabloelisseo/repos/one-beyond/csm/react-form-builder/node_modules/react-dom/cjs/react-dom.development.js:26466:5)
          at renderRootSync (/Users/pabloelisseo/repos/one-beyond/csm/react-form-builder/node_modules/react-dom/cjs/react-dom.development.js:26434:7)
          at performConcurrentWorkOnRoot (/Users/pabloelisseo/repos/one-beyond/csm/react-form-builder/node_modules/react-dom/cjs/react-dom.development.js:25738:74)
          at flushActQueue (/Users/pabloelisseo/repos/one-beyond/csm/react-form-builder/node_modules/react/cjs/react.development.js:2667:24)
          at act (/Users/pabloelisseo/repos/one-beyond/csm/react-form-builder/node_modules/react/cjs/react.development.js:2582:11)
          at /Users/pabloelisseo/repos/one-beyond/csm/react-form-builder/node_modules/@testing-library/react/dist/act-compat.js:46:25
          at renderRoot (/Users/pabloelisseo/repos/one-beyond/csm/react-form-builder/node_modules/@testing-library/react/dist/pure.js:161:26)
          at render (/Users/pabloelisseo/repos/one-beyond/csm/react-form-builder/node_modules/@testing-library/react/dist/pure.js:247:10)
          at Object.<anonymous> (/Users/pabloelisseo/repos/one-beyond/csm/react-form-builder/src/Questions/Phone/__tests__/phone.test.js:53:9)
          at Promise.then.completed (/Users/pabloelisseo/repos/one-beyond/csm/react-form-builder/node_modules/jest-circus/build/utils.js:391:28)
          at new Promise (<anonymous>)
          at callAsyncCircusFn (/Users/pabloelisseo/repos/one-beyond/csm/react-form-builder/node_modules/jest-circus/build/utils.js:316:10)
          at _callCircusTest (/Users/pabloelisseo/repos/one-beyond/csm/react-form-builder/node_modules/jest-circus/build/run.js:218:40)
          at processTicksAndRejections (node:internal/process/task_queues:95:5)
          at _runTest (/Users/pabloelisseo/repos/one-beyond/csm/react-form-builder/node_modules/jest-circus/build/run.js:155:3)
          at _runTestsForDescribeBlock (/Users/pabloelisseo/repos/one-beyond/csm/react-form-builder/node_modules/jest-circus/build/run.js:66:9)
          at run (/Users/pabloelisseo/repos/one-beyond/csm/react-form-builder/node_modules/jest-circus/build/run.js:25:3)
          at runAndTransformResultsToJestFormat (/Users/pabloelisseo/repos/one-beyond/csm/react-form-builder/node_modules/jest-circus/build/legacy-code-todo-rewrite/jestAdapterInit.js:170:21)
          at jestAdapter (/Users/pabloelisseo/repos/one-beyond/csm/react-form-builder/node_modules/jest-circus/build/legacy-code-todo-rewrite/jestAdapter.js:82:19)
          at runTestInternal (/Users/pabloelisseo/repos/one-beyond/csm/react-form-builder/node_modules/jest-runner/build/runTest.js:389:16)
          at runTest (/Users/pabloelisseo/repos/one-beyond/csm/react-form-builder/node_modules/jest-runner/build/runTest.js:475:34)
          at Object.worker (/Users/pabloelisseo/repos/one-beyond/csm/react-form-builder/node_modules/jest-runner/build/testWorker.js:133:12)

      at VirtualConsole.<anonymous> (node_modules/jsdom/lib/jsdom/virtual-console.js:29:45)
      at reportException (node_modules/jsdom/lib/jsdom/living/helpers/runtime-script-errors.js:70:28)
      at innerInvokeEventListeners (node_modules/jsdom/lib/jsdom/living/events/EventTarget-impl.js:341:9)
      at invokeEventListeners (node_modules/jsdom/lib/jsdom/living/events/EventTarget-impl.js:274:3)
      at HTMLUnknownElementImpl._dispatch (node_modules/jsdom/lib/jsdom/living/events/EventTarget-impl.js:221:9)
      at HTMLUnknownElementImpl.dispatchEvent (node_modules/jsdom/lib/jsdom/living/events/EventTarget-impl.js:94:17)
      at HTMLUnknownElement.dispatchEvent (node_modules/jsdom/lib/jsdom/living/generated/EventTarget.js:231:34)

    console.error
      Error: Uncaught [TypeError: Cannot read properties of undefined (reading 'array')]
          at reportException (/Users/pabloelisseo/repos/one-beyond/csm/react-form-builder/node_modules/jsdom/lib/jsdom/living/helpers/runtime-script-errors.js:66:24)
          at innerInvokeEventListeners (/Users/pabloelisseo/repos/one-beyond/csm/react-form-builder/node_modules/jsdom/lib/jsdom/living/events/EventTarget-impl.js:341:9)
          at invokeEventListeners (/Users/pabloelisseo/repos/one-beyond/csm/react-form-builder/node_modules/jsdom/lib/jsdom/living/events/EventTarget-impl.js:274:3)
          at HTMLUnknownElementImpl._dispatch (/Users/pabloelisseo/repos/one-beyond/csm/react-form-builder/node_modules/jsdom/lib/jsdom/living/events/EventTarget-impl.js:221:9)
          at HTMLUnknownElementImpl.dispatchEvent (/Users/pabloelisseo/repos/one-beyond/csm/react-form-builder/node_modules/jsdom/lib/jsdom/living/events/EventTarget-impl.js:94:17)
          at HTMLUnknownElement.dispatchEvent (/Users/pabloelisseo/repos/one-beyond/csm/react-form-builder/node_modules/jsdom/lib/jsdom/living/generated/EventTarget.js:231:34)
          at Object.invokeGuardedCallbackDev (/Users/pabloelisseo/repos/one-beyond/csm/react-form-builder/node_modules/react-dom/cjs/react-dom.development.js:4213:16)
          at invokeGuardedCallback (/Users/pabloelisseo/repos/one-beyond/csm/react-form-builder/node_modules/react-dom/cjs/react-dom.development.js:4277:31)
          at beginWork$1 (/Users/pabloelisseo/repos/one-beyond/csm/react-form-builder/node_modules/react-dom/cjs/react-dom.development.js:27451:7)
          at performUnitOfWork (/Users/pabloelisseo/repos/one-beyond/csm/react-form-builder/node_modules/react-dom/cjs/react-dom.development.js:26560:12) TypeError: Cannot read properties of undefined (reading 'array')
          at control (/Users/pabloelisseo/repos/one-beyond/csm/react-form-builder/node_modules/react-hook-form/src/useController.ts:63:35)
          at Object.<anonymous>.exports.Controller (/Users/pabloelisseo/repos/one-beyond/csm/react-form-builder/node_modules/react-hook-form/src/form.tsx:38:5)
          at renderWithHooks (/Users/pabloelisseo/repos/one-beyond/csm/react-form-builder/node_modules/react-dom/cjs/react-dom.development.js:16305:18)
          at mountIndeterminateComponent (/Users/pabloelisseo/repos/one-beyond/csm/react-form-builder/node_modules/react-dom/cjs/react-dom.development.js:20074:13)
          at beginWork (/Users/pabloelisseo/repos/one-beyond/csm/react-form-builder/node_modules/react-dom/cjs/react-dom.development.js:21587:16)
          at HTMLUnknownElement.callCallback (/Users/pabloelisseo/repos/one-beyond/csm/react-form-builder/node_modules/react-dom/cjs/react-dom.development.js:4164:14)
          at HTMLUnknownElement.callTheUserObjectsOperation (/Users/pabloelisseo/repos/one-beyond/csm/react-form-builder/node_modules/jsdom/lib/jsdom/living/generated/EventListener.js:26:30)
          at innerInvokeEventListeners (/Users/pabloelisseo/repos/one-beyond/csm/react-form-builder/node_modules/jsdom/lib/jsdom/living/events/EventTarget-impl.js:338:25)
          at invokeEventListeners (/Users/pabloelisseo/repos/one-beyond/csm/react-form-builder/node_modules/jsdom/lib/jsdom/living/events/EventTarget-impl.js:274:3)
          at HTMLUnknownElementImpl._dispatch (/Users/pabloelisseo/repos/one-beyond/csm/react-form-builder/node_modules/jsdom/lib/jsdom/living/events/EventTarget-impl.js:221:9)
          at HTMLUnknownElementImpl.dispatchEvent (/Users/pabloelisseo/repos/one-beyond/csm/react-form-builder/node_modules/jsdom/lib/jsdom/living/events/EventTarget-impl.js:94:17)
          at HTMLUnknownElement.dispatchEvent (/Users/pabloelisseo/repos/one-beyond/csm/react-form-builder/node_modules/jsdom/lib/jsdom/living/generated/EventTarget.js:231:34)
          at Object.invokeGuardedCallbackDev (/Users/pabloelisseo/repos/one-beyond/csm/react-form-builder/node_modules/react-dom/cjs/react-dom.development.js:4213:16)
          at invokeGuardedCallback (/Users/pabloelisseo/repos/one-beyond/csm/react-form-builder/node_modules/react-dom/cjs/react-dom.development.js:4277:31)
          at beginWork$1 (/Users/pabloelisseo/repos/one-beyond/csm/react-form-builder/node_modules/react-dom/cjs/react-dom.development.js:27451:7)
          at performUnitOfWork (/Users/pabloelisseo/repos/one-beyond/csm/react-form-builder/node_modules/react-dom/cjs/react-dom.development.js:26560:12)
          at workLoopSync (/Users/pabloelisseo/repos/one-beyond/csm/react-form-builder/node_modules/react-dom/cjs/react-dom.development.js:26466:5)
          at renderRootSync (/Users/pabloelisseo/repos/one-beyond/csm/react-form-builder/node_modules/react-dom/cjs/react-dom.development.js:26434:7)
          at recoverFromConcurrentError (/Users/pabloelisseo/repos/one-beyond/csm/react-form-builder/node_modules/react-dom/cjs/react-dom.development.js:25850:20)
          at performConcurrentWorkOnRoot (/Users/pabloelisseo/repos/one-beyond/csm/react-form-builder/node_modules/react-dom/cjs/react-dom.development.js:25750:22)
          at flushActQueue (/Users/pabloelisseo/repos/one-beyond/csm/react-form-builder/node_modules/react/cjs/react.development.js:2667:24)
          at act (/Users/pabloelisseo/repos/one-beyond/csm/react-form-builder/node_modules/react/cjs/react.development.js:2582:11)
          at /Users/pabloelisseo/repos/one-beyond/csm/react-form-builder/node_modules/@testing-library/react/dist/act-compat.js:46:25
          at renderRoot (/Users/pabloelisseo/repos/one-beyond/csm/react-form-builder/node_modules/@testing-library/react/dist/pure.js:161:26)
          at render (/Users/pabloelisseo/repos/one-beyond/csm/react-form-builder/node_modules/@testing-library/react/dist/pure.js:247:10)
          at Object.<anonymous> (/Users/pabloelisseo/repos/one-beyond/csm/react-form-builder/src/Questions/Phone/__tests__/phone.test.js:53:9)
          at Promise.then.completed (/Users/pabloelisseo/repos/one-beyond/csm/react-form-builder/node_modules/jest-circus/build/utils.js:391:28)
          at new Promise (<anonymous>)
          at callAsyncCircusFn (/Users/pabloelisseo/repos/one-beyond/csm/react-form-builder/node_modules/jest-circus/build/utils.js:316:10)
          at _callCircusTest (/Users/pabloelisseo/repos/one-beyond/csm/react-form-builder/node_modules/jest-circus/build/run.js:218:40)
          at processTicksAndRejections (node:internal/process/task_queues:95:5)
          at _runTest (/Users/pabloelisseo/repos/one-beyond/csm/react-form-builder/node_modules/jest-circus/build/run.js:155:3)
          at _runTestsForDescribeBlock (/Users/pabloelisseo/repos/one-beyond/csm/react-form-builder/node_modules/jest-circus/build/run.js:66:9)
          at run (/Users/pabloelisseo/repos/one-beyond/csm/react-form-builder/node_modules/jest-circus/build/run.js:25:3)
          at runAndTransformResultsToJestFormat (/Users/pabloelisseo/repos/one-beyond/csm/react-form-builder/node_modules/jest-circus/build/legacy-code-todo-rewrite/jestAdapterInit.js:170:21)
          at jestAdapter (/Users/pabloelisseo/repos/one-beyond/csm/react-form-builder/node_modules/jest-circus/build/legacy-code-todo-rewrite/jestAdapter.js:82:19)
          at runTestInternal (/Users/pabloelisseo/repos/one-beyond/csm/react-form-builder/node_modules/jest-runner/build/runTest.js:389:16)
          at runTest (/Users/pabloelisseo/repos/one-beyond/csm/react-form-builder/node_modules/jest-runner/build/runTest.js:475:34)
          at Object.worker (/Users/pabloelisseo/repos/one-beyond/csm/react-form-builder/node_modules/jest-runner/build/testWorker.js:133:12)

      at VirtualConsole.<anonymous> (node_modules/jsdom/lib/jsdom/virtual-console.js:29:45)
      at reportException (node_modules/jsdom/lib/jsdom/living/helpers/runtime-script-errors.js:70:28)
      at innerInvokeEventListeners (node_modules/jsdom/lib/jsdom/living/events/EventTarget-impl.js:341:9)
      at invokeEventListeners (node_modules/jsdom/lib/jsdom/living/events/EventTarget-impl.js:274:3)
      at HTMLUnknownElementImpl._dispatch (node_modules/jsdom/lib/jsdom/living/events/EventTarget-impl.js:221:9)
      at HTMLUnknownElementImpl.dispatchEvent (node_modules/jsdom/lib/jsdom/living/events/EventTarget-impl.js:94:17)
      at HTMLUnknownElement.dispatchEvent (node_modules/jsdom/lib/jsdom/living/generated/EventTarget.js:231:34)

    console.error
      The above error occurred in one of your React components:
      
          at Object.<anonymous>.exports.Controller (/Users/pabloelisseo/repos/one-beyond/csm/react-form-builder/node_modules/react-hook-form/src/form.tsx:37:9)
          at Phone (/Users/pabloelisseo/repos/one-beyond/csm/react-form-builder/src/Fields/Phone/index.js:10:3)
          at div
          at /Users/pabloelisseo/repos/one-beyond/csm/react-form-builder/node_modules/@emotion/react/dist/emotion-element-48d2c2e4.cjs.dev.js:62:23
          at QuestionPhone (/Users/pabloelisseo/repos/one-beyond/csm/react-form-builder/src/Questions/Phone/index.js:9:26)
      
      Consider adding an error boundary to your tree to customize error handling behavior.
      Visit https://reactjs.org/link/error-boundaries to learn more about error boundaries.

      at logCapturedError (node_modules/react-dom/cjs/react-dom.development.js:18687:23)
      at update.callback (node_modules/react-dom/cjs/react-dom.development.js:18720:5)
      at callCallback (node_modules/react-dom/cjs/react-dom.development.js:13923:12)
      at commitUpdateQueue (node_modules/react-dom/cjs/react-dom.development.js:13944:9)
      at commitLayoutEffectOnFiber (node_modules/react-dom/cjs/react-dom.development.js:23391:13)
      at commitLayoutMountEffects_complete (node_modules/react-dom/cjs/react-dom.development.js:24688:9)
      at commitLayoutEffects_begin (node_modules/react-dom/cjs/react-dom.development.js:24674:7)
      at commitLayoutEffects (node_modules/react-dom/cjs/react-dom.development.js:24612:3)

    console.error
      Error: Uncaught [TypeError: Cannot read properties of undefined (reading 'array')]
          at reportException (/Users/pabloelisseo/repos/one-beyond/csm/react-form-builder/node_modules/jsdom/lib/jsdom/living/helpers/runtime-script-errors.js:66:24)
          at innerInvokeEventListeners (/Users/pabloelisseo/repos/one-beyond/csm/react-form-builder/node_modules/jsdom/lib/jsdom/living/events/EventTarget-impl.js:341:9)
          at invokeEventListeners (/Users/pabloelisseo/repos/one-beyond/csm/react-form-builder/node_modules/jsdom/lib/jsdom/living/events/EventTarget-impl.js:274:3)
          at HTMLUnknownElementImpl._dispatch (/Users/pabloelisseo/repos/one-beyond/csm/react-form-builder/node_modules/jsdom/lib/jsdom/living/events/EventTarget-impl.js:221:9)
          at HTMLUnknownElementImpl.dispatchEvent (/Users/pabloelisseo/repos/one-beyond/csm/react-form-builder/node_modules/jsdom/lib/jsdom/living/events/EventTarget-impl.js:94:17)
          at HTMLUnknownElement.dispatchEvent (/Users/pabloelisseo/repos/one-beyond/csm/react-form-builder/node_modules/jsdom/lib/jsdom/living/generated/EventTarget.js:231:34)
          at Object.invokeGuardedCallbackDev (/Users/pabloelisseo/repos/one-beyond/csm/react-form-builder/node_modules/react-dom/cjs/react-dom.development.js:4213:16)
          at invokeGuardedCallback (/Users/pabloelisseo/repos/one-beyond/csm/react-form-builder/node_modules/react-dom/cjs/react-dom.development.js:4277:31)
          at beginWork$1 (/Users/pabloelisseo/repos/one-beyond/csm/react-form-builder/node_modules/react-dom/cjs/react-dom.development.js:27451:7)
          at performUnitOfWork (/Users/pabloelisseo/repos/one-beyond/csm/react-form-builder/node_modules/react-dom/cjs/react-dom.development.js:26560:12) TypeError: Cannot read properties of undefined (reading 'array')
          at control (/Users/pabloelisseo/repos/one-beyond/csm/react-form-builder/node_modules/react-hook-form/src/useController.ts:63:35)
          at Object.<anonymous>.exports.Controller (/Users/pabloelisseo/repos/one-beyond/csm/react-form-builder/node_modules/react-hook-form/src/form.tsx:38:5)
          at renderWithHooks (/Users/pabloelisseo/repos/one-beyond/csm/react-form-builder/node_modules/react-dom/cjs/react-dom.development.js:16305:18)
          at mountIndeterminateComponent (/Users/pabloelisseo/repos/one-beyond/csm/react-form-builder/node_modules/react-dom/cjs/react-dom.development.js:20074:13)
          at beginWork (/Users/pabloelisseo/repos/one-beyond/csm/react-form-builder/node_modules/react-dom/cjs/react-dom.development.js:21587:16)
          at HTMLUnknownElement.callCallback (/Users/pabloelisseo/repos/one-beyond/csm/react-form-builder/node_modules/react-dom/cjs/react-dom.development.js:4164:14)
          at HTMLUnknownElement.callTheUserObjectsOperation (/Users/pabloelisseo/repos/one-beyond/csm/react-form-builder/node_modules/jsdom/lib/jsdom/living/generated/EventListener.js:26:30)
          at innerInvokeEventListeners (/Users/pabloelisseo/repos/one-beyond/csm/react-form-builder/node_modules/jsdom/lib/jsdom/living/events/EventTarget-impl.js:338:25)
          at invokeEventListeners (/Users/pabloelisseo/repos/one-beyond/csm/react-form-builder/node_modules/jsdom/lib/jsdom/living/events/EventTarget-impl.js:274:3)
          at HTMLUnknownElementImpl._dispatch (/Users/pabloelisseo/repos/one-beyond/csm/react-form-builder/node_modules/jsdom/lib/jsdom/living/events/EventTarget-impl.js:221:9)
          at HTMLUnknownElementImpl.dispatchEvent (/Users/pabloelisseo/repos/one-beyond/csm/react-form-builder/node_modules/jsdom/lib/jsdom/living/events/EventTarget-impl.js:94:17)
          at HTMLUnknownElement.dispatchEvent (/Users/pabloelisseo/repos/one-beyond/csm/react-form-builder/node_modules/jsdom/lib/jsdom/living/generated/EventTarget.js:231:34)
          at Object.invokeGuardedCallbackDev (/Users/pabloelisseo/repos/one-beyond/csm/react-form-builder/node_modules/react-dom/cjs/react-dom.development.js:4213:16)
          at invokeGuardedCallback (/Users/pabloelisseo/repos/one-beyond/csm/react-form-builder/node_modules/react-dom/cjs/react-dom.development.js:4277:31)
          at beginWork$1 (/Users/pabloelisseo/repos/one-beyond/csm/react-form-builder/node_modules/react-dom/cjs/react-dom.development.js:27451:7)
          at performUnitOfWork (/Users/pabloelisseo/repos/one-beyond/csm/react-form-builder/node_modules/react-dom/cjs/react-dom.development.js:26560:12)
          at workLoopSync (/Users/pabloelisseo/repos/one-beyond/csm/react-form-builder/node_modules/react-dom/cjs/react-dom.development.js:26466:5)
          at renderRootSync (/Users/pabloelisseo/repos/one-beyond/csm/react-form-builder/node_modules/react-dom/cjs/react-dom.development.js:26434:7)
          at performConcurrentWorkOnRoot (/Users/pabloelisseo/repos/one-beyond/csm/react-form-builder/node_modules/react-dom/cjs/react-dom.development.js:25738:74)
          at flushActQueue (/Users/pabloelisseo/repos/one-beyond/csm/react-form-builder/node_modules/react/cjs/react.development.js:2667:24)
          at act (/Users/pabloelisseo/repos/one-beyond/csm/react-form-builder/node_modules/react/cjs/react.development.js:2582:11)
          at /Users/pabloelisseo/repos/one-beyond/csm/react-form-builder/node_modules/@testing-library/react/dist/act-compat.js:46:25
          at renderRoot (/Users/pabloelisseo/repos/one-beyond/csm/react-form-builder/node_modules/@testing-library/react/dist/pure.js:161:26)
          at render (/Users/pabloelisseo/repos/one-beyond/csm/react-form-builder/node_modules/@testing-library/react/dist/pure.js:247:10)
          at Object.<anonymous> (/Users/pabloelisseo/repos/one-beyond/csm/react-form-builder/src/Questions/Phone/__tests__/phone.test.js:75:33)
          at Promise.then.completed (/Users/pabloelisseo/repos/one-beyond/csm/react-form-builder/node_modules/jest-circus/build/utils.js:391:28)
          at new Promise (<anonymous>)
          at callAsyncCircusFn (/Users/pabloelisseo/repos/one-beyond/csm/react-form-builder/node_modules/jest-circus/build/utils.js:316:10)
          at _callCircusTest (/Users/pabloelisseo/repos/one-beyond/csm/react-form-builder/node_modules/jest-circus/build/run.js:218:40)
          at processTicksAndRejections (node:internal/process/task_queues:95:5)
          at _runTest (/Users/pabloelisseo/repos/one-beyond/csm/react-form-builder/node_modules/jest-circus/build/run.js:155:3)
          at _runTestsForDescribeBlock (/Users/pabloelisseo/repos/one-beyond/csm/react-form-builder/node_modules/jest-circus/build/run.js:66:9)
          at run (/Users/pabloelisseo/repos/one-beyond/csm/react-form-builder/node_modules/jest-circus/build/run.js:25:3)
          at runAndTransformResultsToJestFormat (/Users/pabloelisseo/repos/one-beyond/csm/react-form-builder/node_modules/jest-circus/build/legacy-code-todo-rewrite/jestAdapterInit.js:170:21)
          at jestAdapter (/Users/pabloelisseo/repos/one-beyond/csm/react-form-builder/node_modules/jest-circus/build/legacy-code-todo-rewrite/jestAdapter.js:82:19)
          at runTestInternal (/Users/pabloelisseo/repos/one-beyond/csm/react-form-builder/node_modules/jest-runner/build/runTest.js:389:16)
          at runTest (/Users/pabloelisseo/repos/one-beyond/csm/react-form-builder/node_modules/jest-runner/build/runTest.js:475:34)
          at Object.worker (/Users/pabloelisseo/repos/one-beyond/csm/react-form-builder/node_modules/jest-runner/build/testWorker.js:133:12)

      at VirtualConsole.<anonymous> (node_modules/jsdom/lib/jsdom/virtual-console.js:29:45)
      at reportException (node_modules/jsdom/lib/jsdom/living/helpers/runtime-script-errors.js:70:28)
      at innerInvokeEventListeners (node_modules/jsdom/lib/jsdom/living/events/EventTarget-impl.js:341:9)
      at invokeEventListeners (node_modules/jsdom/lib/jsdom/living/events/EventTarget-impl.js:274:3)
      at HTMLUnknownElementImpl._dispatch (node_modules/jsdom/lib/jsdom/living/events/EventTarget-impl.js:221:9)
      at HTMLUnknownElementImpl.dispatchEvent (node_modules/jsdom/lib/jsdom/living/events/EventTarget-impl.js:94:17)
      at HTMLUnknownElement.dispatchEvent (node_modules/jsdom/lib/jsdom/living/generated/EventTarget.js:231:34)

    console.error
      Error: Uncaught [TypeError: Cannot read properties of undefined (reading 'array')]
          at reportException (/Users/pabloelisseo/repos/one-beyond/csm/react-form-builder/node_modules/jsdom/lib/jsdom/living/helpers/runtime-script-errors.js:66:24)
          at innerInvokeEventListeners (/Users/pabloelisseo/repos/one-beyond/csm/react-form-builder/node_modules/jsdom/lib/jsdom/living/events/EventTarget-impl.js:341:9)
          at invokeEventListeners (/Users/pabloelisseo/repos/one-beyond/csm/react-form-builder/node_modules/jsdom/lib/jsdom/living/events/EventTarget-impl.js:274:3)
          at HTMLUnknownElementImpl._dispatch (/Users/pabloelisseo/repos/one-beyond/csm/react-form-builder/node_modules/jsdom/lib/jsdom/living/events/EventTarget-impl.js:221:9)
          at HTMLUnknownElementImpl.dispatchEvent (/Users/pabloelisseo/repos/one-beyond/csm/react-form-builder/node_modules/jsdom/lib/jsdom/living/events/EventTarget-impl.js:94:17)
          at HTMLUnknownElement.dispatchEvent (/Users/pabloelisseo/repos/one-beyond/csm/react-form-builder/node_modules/jsdom/lib/jsdom/living/generated/EventTarget.js:231:34)
          at Object.invokeGuardedCallbackDev (/Users/pabloelisseo/repos/one-beyond/csm/react-form-builder/node_modules/react-dom/cjs/react-dom.development.js:4213:16)
          at invokeGuardedCallback (/Users/pabloelisseo/repos/one-beyond/csm/react-form-builder/node_modules/react-dom/cjs/react-dom.development.js:4277:31)
          at beginWork$1 (/Users/pabloelisseo/repos/one-beyond/csm/react-form-builder/node_modules/react-dom/cjs/react-dom.development.js:27451:7)
          at performUnitOfWork (/Users/pabloelisseo/repos/one-beyond/csm/react-form-builder/node_modules/react-dom/cjs/react-dom.development.js:26560:12) TypeError: Cannot read properties of undefined (reading 'array')
          at control (/Users/pabloelisseo/repos/one-beyond/csm/react-form-builder/node_modules/react-hook-form/src/useController.ts:63:35)
          at Object.<anonymous>.exports.Controller (/Users/pabloelisseo/repos/one-beyond/csm/react-form-builder/node_modules/react-hook-form/src/form.tsx:38:5)
          at renderWithHooks (/Users/pabloelisseo/repos/one-beyond/csm/react-form-builder/node_modules/react-dom/cjs/react-dom.development.js:16305:18)
          at mountIndeterminateComponent (/Users/pabloelisseo/repos/one-beyond/csm/react-form-builder/node_modules/react-dom/cjs/react-dom.development.js:20074:13)
          at beginWork (/Users/pabloelisseo/repos/one-beyond/csm/react-form-builder/node_modules/react-dom/cjs/react-dom.development.js:21587:16)
          at HTMLUnknownElement.callCallback (/Users/pabloelisseo/repos/one-beyond/csm/react-form-builder/node_modules/react-dom/cjs/react-dom.development.js:4164:14)
          at HTMLUnknownElement.callTheUserObjectsOperation (/Users/pabloelisseo/repos/one-beyond/csm/react-form-builder/node_modules/jsdom/lib/jsdom/living/generated/EventListener.js:26:30)
          at innerInvokeEventListeners (/Users/pabloelisseo/repos/one-beyond/csm/react-form-builder/node_modules/jsdom/lib/jsdom/living/events/EventTarget-impl.js:338:25)
          at invokeEventListeners (/Users/pabloelisseo/repos/one-beyond/csm/react-form-builder/node_modules/jsdom/lib/jsdom/living/events/EventTarget-impl.js:274:3)
          at HTMLUnknownElementImpl._dispatch (/Users/pabloelisseo/repos/one-beyond/csm/react-form-builder/node_modules/jsdom/lib/jsdom/living/events/EventTarget-impl.js:221:9)
          at HTMLUnknownElementImpl.dispatchEvent (/Users/pabloelisseo/repos/one-beyond/csm/react-form-builder/node_modules/jsdom/lib/jsdom/living/events/EventTarget-impl.js:94:17)
          at HTMLUnknownElement.dispatchEvent (/Users/pabloelisseo/repos/one-beyond/csm/react-form-builder/node_modules/jsdom/lib/jsdom/living/generated/EventTarget.js:231:34)
          at Object.invokeGuardedCallbackDev (/Users/pabloelisseo/repos/one-beyond/csm/react-form-builder/node_modules/react-dom/cjs/react-dom.development.js:4213:16)
          at invokeGuardedCallback (/Users/pabloelisseo/repos/one-beyond/csm/react-form-builder/node_modules/react-dom/cjs/react-dom.development.js:4277:31)
          at beginWork$1 (/Users/pabloelisseo/repos/one-beyond/csm/react-form-builder/node_modules/react-dom/cjs/react-dom.development.js:27451:7)
          at performUnitOfWork (/Users/pabloelisseo/repos/one-beyond/csm/react-form-builder/node_modules/react-dom/cjs/react-dom.development.js:26560:12)
          at workLoopSync (/Users/pabloelisseo/repos/one-beyond/csm/react-form-builder/node_modules/react-dom/cjs/react-dom.development.js:26466:5)
          at renderRootSync (/Users/pabloelisseo/repos/one-beyond/csm/react-form-builder/node_modules/react-dom/cjs/react-dom.development.js:26434:7)
          at recoverFromConcurrentError (/Users/pabloelisseo/repos/one-beyond/csm/react-form-builder/node_modules/react-dom/cjs/react-dom.development.js:25850:20)
          at performConcurrentWorkOnRoot (/Users/pabloelisseo/repos/one-beyond/csm/react-form-builder/node_modules/react-dom/cjs/react-dom.development.js:25750:22)
          at flushActQueue (/Users/pabloelisseo/repos/one-beyond/csm/react-form-builder/node_modules/react/cjs/react.development.js:2667:24)
          at act (/Users/pabloelisseo/repos/one-beyond/csm/react-form-builder/node_modules/react/cjs/react.development.js:2582:11)
          at /Users/pabloelisseo/repos/one-beyond/csm/react-form-builder/node_modules/@testing-library/react/dist/act-compat.js:46:25
          at renderRoot (/Users/pabloelisseo/repos/one-beyond/csm/react-form-builder/node_modules/@testing-library/react/dist/pure.js:161:26)
          at render (/Users/pabloelisseo/repos/one-beyond/csm/react-form-builder/node_modules/@testing-library/react/dist/pure.js:247:10)
          at Object.<anonymous> (/Users/pabloelisseo/repos/one-beyond/csm/react-form-builder/src/Questions/Phone/__tests__/phone.test.js:75:33)
          at Promise.then.completed (/Users/pabloelisseo/repos/one-beyond/csm/react-form-builder/node_modules/jest-circus/build/utils.js:391:28)
          at new Promise (<anonymous>)
          at callAsyncCircusFn (/Users/pabloelisseo/repos/one-beyond/csm/react-form-builder/node_modules/jest-circus/build/utils.js:316:10)
          at _callCircusTest (/Users/pabloelisseo/repos/one-beyond/csm/react-form-builder/node_modules/jest-circus/build/run.js:218:40)
          at processTicksAndRejections (node:internal/process/task_queues:95:5)
          at _runTest (/Users/pabloelisseo/repos/one-beyond/csm/react-form-builder/node_modules/jest-circus/build/run.js:155:3)
          at _runTestsForDescribeBlock (/Users/pabloelisseo/repos/one-beyond/csm/react-form-builder/node_modules/jest-circus/build/run.js:66:9)
          at run (/Users/pabloelisseo/repos/one-beyond/csm/react-form-builder/node_modules/jest-circus/build/run.js:25:3)
          at runAndTransformResultsToJestFormat (/Users/pabloelisseo/repos/one-beyond/csm/react-form-builder/node_modules/jest-circus/build/legacy-code-todo-rewrite/jestAdapterInit.js:170:21)
          at jestAdapter (/Users/pabloelisseo/repos/one-beyond/csm/react-form-builder/node_modules/jest-circus/build/legacy-code-todo-rewrite/jestAdapter.js:82:19)
          at runTestInternal (/Users/pabloelisseo/repos/one-beyond/csm/react-form-builder/node_modules/jest-runner/build/runTest.js:389:16)
          at runTest (/Users/pabloelisseo/repos/one-beyond/csm/react-form-builder/node_modules/jest-runner/build/runTest.js:475:34)
          at Object.worker (/Users/pabloelisseo/repos/one-beyond/csm/react-form-builder/node_modules/jest-runner/build/testWorker.js:133:12)

      at VirtualConsole.<anonymous> (node_modules/jsdom/lib/jsdom/virtual-console.js:29:45)
      at reportException (node_modules/jsdom/lib/jsdom/living/helpers/runtime-script-errors.js:70:28)
      at innerInvokeEventListeners (node_modules/jsdom/lib/jsdom/living/events/EventTarget-impl.js:341:9)
      at invokeEventListeners (node_modules/jsdom/lib/jsdom/living/events/EventTarget-impl.js:274:3)
      at HTMLUnknownElementImpl._dispatch (node_modules/jsdom/lib/jsdom/living/events/EventTarget-impl.js:221:9)
      at HTMLUnknownElementImpl.dispatchEvent (node_modules/jsdom/lib/jsdom/living/events/EventTarget-impl.js:94:17)
      at HTMLUnknownElement.dispatchEvent (node_modules/jsdom/lib/jsdom/living/generated/EventTarget.js:231:34)

    console.error
      The above error occurred in one of your React components:
      
          at Object.<anonymous>.exports.Controller (/Users/pabloelisseo/repos/one-beyond/csm/react-form-builder/node_modules/react-hook-form/src/form.tsx:37:9)
          at Phone (/Users/pabloelisseo/repos/one-beyond/csm/react-form-builder/src/Fields/Phone/index.js:10:3)
          at div
          at /Users/pabloelisseo/repos/one-beyond/csm/react-form-builder/node_modules/@emotion/react/dist/emotion-element-48d2c2e4.cjs.dev.js:62:23
          at QuestionPhone (/Users/pabloelisseo/repos/one-beyond/csm/react-form-builder/src/Questions/Phone/index.js:9:26)
      
      Consider adding an error boundary to your tree to customize error handling behavior.
      Visit https://reactjs.org/link/error-boundaries to learn more about error boundaries.

      at logCapturedError (node_modules/react-dom/cjs/react-dom.development.js:18687:23)
      at update.callback (node_modules/react-dom/cjs/react-dom.development.js:18720:5)
      at callCallback (node_modules/react-dom/cjs/react-dom.development.js:13923:12)
      at commitUpdateQueue (node_modules/react-dom/cjs/react-dom.development.js:13944:9)
      at commitLayoutEffectOnFiber (node_modules/react-dom/cjs/react-dom.development.js:23391:13)
      at commitLayoutMountEffects_complete (node_modules/react-dom/cjs/react-dom.development.js:24688:9)
      at commitLayoutEffects_begin (node_modules/react-dom/cjs/react-dom.development.js:24674:7)
      at commitLayoutEffects (node_modules/react-dom/cjs/react-dom.development.js:24612:3)

    console.error
      Error: Uncaught [TypeError: Cannot read properties of undefined (reading 'array')]
          at reportException (/Users/pabloelisseo/repos/one-beyond/csm/react-form-builder/node_modules/jsdom/lib/jsdom/living/helpers/runtime-script-errors.js:66:24)
          at innerInvokeEventListeners (/Users/pabloelisseo/repos/one-beyond/csm/react-form-builder/node_modules/jsdom/lib/jsdom/living/events/EventTarget-impl.js:341:9)
          at invokeEventListeners (/Users/pabloelisseo/repos/one-beyond/csm/react-form-builder/node_modules/jsdom/lib/jsdom/living/events/EventTarget-impl.js:274:3)
          at HTMLUnknownElementImpl._dispatch (/Users/pabloelisseo/repos/one-beyond/csm/react-form-builder/node_modules/jsdom/lib/jsdom/living/events/EventTarget-impl.js:221:9)
          at HTMLUnknownElementImpl.dispatchEvent (/Users/pabloelisseo/repos/one-beyond/csm/react-form-builder/node_modules/jsdom/lib/jsdom/living/events/EventTarget-impl.js:94:17)
          at HTMLUnknownElement.dispatchEvent (/Users/pabloelisseo/repos/one-beyond/csm/react-form-builder/node_modules/jsdom/lib/jsdom/living/generated/EventTarget.js:231:34)
          at Object.invokeGuardedCallbackDev (/Users/pabloelisseo/repos/one-beyond/csm/react-form-builder/node_modules/react-dom/cjs/react-dom.development.js:4213:16)
          at invokeGuardedCallback (/Users/pabloelisseo/repos/one-beyond/csm/react-form-builder/node_modules/react-dom/cjs/react-dom.development.js:4277:31)
          at beginWork$1 (/Users/pabloelisseo/repos/one-beyond/csm/react-form-builder/node_modules/react-dom/cjs/react-dom.development.js:27451:7)
          at performUnitOfWork (/Users/pabloelisseo/repos/one-beyond/csm/react-form-builder/node_modules/react-dom/cjs/react-dom.development.js:26560:12) TypeError: Cannot read properties of undefined (reading 'array')
          at control (/Users/pabloelisseo/repos/one-beyond/csm/react-form-builder/node_modules/react-hook-form/src/useController.ts:63:35)
          at Object.<anonymous>.exports.Controller (/Users/pabloelisseo/repos/one-beyond/csm/react-form-builder/node_modules/react-hook-form/src/form.tsx:38:5)
          at renderWithHooks (/Users/pabloelisseo/repos/one-beyond/csm/react-form-builder/node_modules/react-dom/cjs/react-dom.development.js:16305:18)
          at mountIndeterminateComponent (/Users/pabloelisseo/repos/one-beyond/csm/react-form-builder/node_modules/react-dom/cjs/react-dom.development.js:20074:13)
          at beginWork (/Users/pabloelisseo/repos/one-beyond/csm/react-form-builder/node_modules/react-dom/cjs/react-dom.development.js:21587:16)
          at HTMLUnknownElement.callCallback (/Users/pabloelisseo/repos/one-beyond/csm/react-form-builder/node_modules/react-dom/cjs/react-dom.development.js:4164:14)
          at HTMLUnknownElement.callTheUserObjectsOperation (/Users/pabloelisseo/repos/one-beyond/csm/react-form-builder/node_modules/jsdom/lib/jsdom/living/generated/EventListener.js:26:30)
          at innerInvokeEventListeners (/Users/pabloelisseo/repos/one-beyond/csm/react-form-builder/node_modules/jsdom/lib/jsdom/living/events/EventTarget-impl.js:338:25)
          at invokeEventListeners (/Users/pabloelisseo/repos/one-beyond/csm/react-form-builder/node_modules/jsdom/lib/jsdom/living/events/EventTarget-impl.js:274:3)
          at HTMLUnknownElementImpl._dispatch (/Users/pabloelisseo/repos/one-beyond/csm/react-form-builder/node_modules/jsdom/lib/jsdom/living/events/EventTarget-impl.js:221:9)
          at HTMLUnknownElementImpl.dispatchEvent (/Users/pabloelisseo/repos/one-beyond/csm/react-form-builder/node_modules/jsdom/lib/jsdom/living/events/EventTarget-impl.js:94:17)
          at HTMLUnknownElement.dispatchEvent (/Users/pabloelisseo/repos/one-beyond/csm/react-form-builder/node_modules/jsdom/lib/jsdom/living/generated/EventTarget.js:231:34)
          at Object.invokeGuardedCallbackDev (/Users/pabloelisseo/repos/one-beyond/csm/react-form-builder/node_modules/react-dom/cjs/react-dom.development.js:4213:16)
          at invokeGuardedCallback (/Users/pabloelisseo/repos/one-beyond/csm/react-form-builder/node_modules/react-dom/cjs/react-dom.development.js:4277:31)
          at beginWork$1 (/Users/pabloelisseo/repos/one-beyond/csm/react-form-builder/node_modules/react-dom/cjs/react-dom.development.js:27451:7)
          at performUnitOfWork (/Users/pabloelisseo/repos/one-beyond/csm/react-form-builder/node_modules/react-dom/cjs/react-dom.development.js:26560:12)
          at workLoopSync (/Users/pabloelisseo/repos/one-beyond/csm/react-form-builder/node_modules/react-dom/cjs/react-dom.development.js:26466:5)
          at renderRootSync (/Users/pabloelisseo/repos/one-beyond/csm/react-form-builder/node_modules/react-dom/cjs/react-dom.development.js:26434:7)
          at performConcurrentWorkOnRoot (/Users/pabloelisseo/repos/one-beyond/csm/react-form-builder/node_modules/react-dom/cjs/react-dom.development.js:25738:74)
          at flushActQueue (/Users/pabloelisseo/repos/one-beyond/csm/react-form-builder/node_modules/react/cjs/react.development.js:2667:24)
          at act (/Users/pabloelisseo/repos/one-beyond/csm/react-form-builder/node_modules/react/cjs/react.development.js:2582:11)
          at /Users/pabloelisseo/repos/one-beyond/csm/react-form-builder/node_modules/@testing-library/react/dist/act-compat.js:46:25
          at renderRoot (/Users/pabloelisseo/repos/one-beyond/csm/react-form-builder/node_modules/@testing-library/react/dist/pure.js:161:26)
          at render (/Users/pabloelisseo/repos/one-beyond/csm/react-form-builder/node_modules/@testing-library/react/dist/pure.js:247:10)
          at Object.<anonymous> (/Users/pabloelisseo/repos/one-beyond/csm/react-form-builder/src/Questions/Phone/__tests__/phone.test.js:93:36)
          at Promise.then.completed (/Users/pabloelisseo/repos/one-beyond/csm/react-form-builder/node_modules/jest-circus/build/utils.js:391:28)
          at new Promise (<anonymous>)
          at callAsyncCircusFn (/Users/pabloelisseo/repos/one-beyond/csm/react-form-builder/node_modules/jest-circus/build/utils.js:316:10)
          at _callCircusTest (/Users/pabloelisseo/repos/one-beyond/csm/react-form-builder/node_modules/jest-circus/build/run.js:218:40)
          at processTicksAndRejections (node:internal/process/task_queues:95:5)
          at _runTest (/Users/pabloelisseo/repos/one-beyond/csm/react-form-builder/node_modules/jest-circus/build/run.js:155:3)
          at _runTestsForDescribeBlock (/Users/pabloelisseo/repos/one-beyond/csm/react-form-builder/node_modules/jest-circus/build/run.js:66:9)
          at run (/Users/pabloelisseo/repos/one-beyond/csm/react-form-builder/node_modules/jest-circus/build/run.js:25:3)
          at runAndTransformResultsToJestFormat (/Users/pabloelisseo/repos/one-beyond/csm/react-form-builder/node_modules/jest-circus/build/legacy-code-todo-rewrite/jestAdapterInit.js:170:21)
          at jestAdapter (/Users/pabloelisseo/repos/one-beyond/csm/react-form-builder/node_modules/jest-circus/build/legacy-code-todo-rewrite/jestAdapter.js:82:19)
          at runTestInternal (/Users/pabloelisseo/repos/one-beyond/csm/react-form-builder/node_modules/jest-runner/build/runTest.js:389:16)
          at runTest (/Users/pabloelisseo/repos/one-beyond/csm/react-form-builder/node_modules/jest-runner/build/runTest.js:475:34)
          at Object.worker (/Users/pabloelisseo/repos/one-beyond/csm/react-form-builder/node_modules/jest-runner/build/testWorker.js:133:12)

      at VirtualConsole.<anonymous> (node_modules/jsdom/lib/jsdom/virtual-console.js:29:45)
      at reportException (node_modules/jsdom/lib/jsdom/living/helpers/runtime-script-errors.js:70:28)
      at innerInvokeEventListeners (node_modules/jsdom/lib/jsdom/living/events/EventTarget-impl.js:341:9)
      at invokeEventListeners (node_modules/jsdom/lib/jsdom/living/events/EventTarget-impl.js:274:3)
      at HTMLUnknownElementImpl._dispatch (node_modules/jsdom/lib/jsdom/living/events/EventTarget-impl.js:221:9)
      at HTMLUnknownElementImpl.dispatchEvent (node_modules/jsdom/lib/jsdom/living/events/EventTarget-impl.js:94:17)
      at HTMLUnknownElement.dispatchEvent (node_modules/jsdom/lib/jsdom/living/generated/EventTarget.js:231:34)

    console.error
      Error: Uncaught [TypeError: Cannot read properties of undefined (reading 'array')]
          at reportException (/Users/pabloelisseo/repos/one-beyond/csm/react-form-builder/node_modules/jsdom/lib/jsdom/living/helpers/runtime-script-errors.js:66:24)
          at innerInvokeEventListeners (/Users/pabloelisseo/repos/one-beyond/csm/react-form-builder/node_modules/jsdom/lib/jsdom/living/events/EventTarget-impl.js:341:9)
          at invokeEventListeners (/Users/pabloelisseo/repos/one-beyond/csm/react-form-builder/node_modules/jsdom/lib/jsdom/living/events/EventTarget-impl.js:274:3)
          at HTMLUnknownElementImpl._dispatch (/Users/pabloelisseo/repos/one-beyond/csm/react-form-builder/node_modules/jsdom/lib/jsdom/living/events/EventTarget-impl.js:221:9)
          at HTMLUnknownElementImpl.dispatchEvent (/Users/pabloelisseo/repos/one-beyond/csm/react-form-builder/node_modules/jsdom/lib/jsdom/living/events/EventTarget-impl.js:94:17)
          at HTMLUnknownElement.dispatchEvent (/Users/pabloelisseo/repos/one-beyond/csm/react-form-builder/node_modules/jsdom/lib/jsdom/living/generated/EventTarget.js:231:34)
          at Object.invokeGuardedCallbackDev (/Users/pabloelisseo/repos/one-beyond/csm/react-form-builder/node_modules/react-dom/cjs/react-dom.development.js:4213:16)
          at invokeGuardedCallback (/Users/pabloelisseo/repos/one-beyond/csm/react-form-builder/node_modules/react-dom/cjs/react-dom.development.js:4277:31)
          at beginWork$1 (/Users/pabloelisseo/repos/one-beyond/csm/react-form-builder/node_modules/react-dom/cjs/react-dom.development.js:27451:7)
          at performUnitOfWork (/Users/pabloelisseo/repos/one-beyond/csm/react-form-builder/node_modules/react-dom/cjs/react-dom.development.js:26560:12) TypeError: Cannot read properties of undefined (reading 'array')
          at control (/Users/pabloelisseo/repos/one-beyond/csm/react-form-builder/node_modules/react-hook-form/src/useController.ts:63:35)
          at Object.<anonymous>.exports.Controller (/Users/pabloelisseo/repos/one-beyond/csm/react-form-builder/node_modules/react-hook-form/src/form.tsx:38:5)
          at renderWithHooks (/Users/pabloelisseo/repos/one-beyond/csm/react-form-builder/node_modules/react-dom/cjs/react-dom.development.js:16305:18)
          at mountIndeterminateComponent (/Users/pabloelisseo/repos/one-beyond/csm/react-form-builder/node_modules/react-dom/cjs/react-dom.development.js:20074:13)
          at beginWork (/Users/pabloelisseo/repos/one-beyond/csm/react-form-builder/node_modules/react-dom/cjs/react-dom.development.js:21587:16)
          at HTMLUnknownElement.callCallback (/Users/pabloelisseo/repos/one-beyond/csm/react-form-builder/node_modules/react-dom/cjs/react-dom.development.js:4164:14)
          at HTMLUnknownElement.callTheUserObjectsOperation (/Users/pabloelisseo/repos/one-beyond/csm/react-form-builder/node_modules/jsdom/lib/jsdom/living/generated/EventListener.js:26:30)
          at innerInvokeEventListeners (/Users/pabloelisseo/repos/one-beyond/csm/react-form-builder/node_modules/jsdom/lib/jsdom/living/events/EventTarget-impl.js:338:25)
          at invokeEventListeners (/Users/pabloelisseo/repos/one-beyond/csm/react-form-builder/node_modules/jsdom/lib/jsdom/living/events/EventTarget-impl.js:274:3)
          at HTMLUnknownElementImpl._dispatch (/Users/pabloelisseo/repos/one-beyond/csm/react-form-builder/node_modules/jsdom/lib/jsdom/living/events/EventTarget-impl.js:221:9)
          at HTMLUnknownElementImpl.dispatchEvent (/Users/pabloelisseo/repos/one-beyond/csm/react-form-builder/node_modules/jsdom/lib/jsdom/living/events/EventTarget-impl.js:94:17)
          at HTMLUnknownElement.dispatchEvent (/Users/pabloelisseo/repos/one-beyond/csm/react-form-builder/node_modules/jsdom/lib/jsdom/living/generated/EventTarget.js:231:34)
          at Object.invokeGuardedCallbackDev (/Users/pabloelisseo/repos/one-beyond/csm/react-form-builder/node_modules/react-dom/cjs/react-dom.development.js:4213:16)
          at invokeGuardedCallback (/Users/pabloelisseo/repos/one-beyond/csm/react-form-builder/node_modules/react-dom/cjs/react-dom.development.js:4277:31)
          at beginWork$1 (/Users/pabloelisseo/repos/one-beyond/csm/react-form-builder/node_modules/react-dom/cjs/react-dom.development.js:27451:7)
          at performUnitOfWork (/Users/pabloelisseo/repos/one-beyond/csm/react-form-builder/node_modules/react-dom/cjs/react-dom.development.js:26560:12)
          at workLoopSync (/Users/pabloelisseo/repos/one-beyond/csm/react-form-builder/node_modules/react-dom/cjs/react-dom.development.js:26466:5)
          at renderRootSync (/Users/pabloelisseo/repos/one-beyond/csm/react-form-builder/node_modules/react-dom/cjs/react-dom.development.js:26434:7)
          at recoverFromConcurrentError (/Users/pabloelisseo/repos/one-beyond/csm/react-form-builder/node_modules/react-dom/cjs/react-dom.development.js:25850:20)
          at performConcurrentWorkOnRoot (/Users/pabloelisseo/repos/one-beyond/csm/react-form-builder/node_modules/react-dom/cjs/react-dom.development.js:25750:22)
          at flushActQueue (/Users/pabloelisseo/repos/one-beyond/csm/react-form-builder/node_modules/react/cjs/react.development.js:2667:24)
          at act (/Users/pabloelisseo/repos/one-beyond/csm/react-form-builder/node_modules/react/cjs/react.development.js:2582:11)
          at /Users/pabloelisseo/repos/one-beyond/csm/react-form-builder/node_modules/@testing-library/react/dist/act-compat.js:46:25
          at renderRoot (/Users/pabloelisseo/repos/one-beyond/csm/react-form-builder/node_modules/@testing-library/react/dist/pure.js:161:26)
          at render (/Users/pabloelisseo/repos/one-beyond/csm/react-form-builder/node_modules/@testing-library/react/dist/pure.js:247:10)
          at Object.<anonymous> (/Users/pabloelisseo/repos/one-beyond/csm/react-form-builder/src/Questions/Phone/__tests__/phone.test.js:93:36)
          at Promise.then.completed (/Users/pabloelisseo/repos/one-beyond/csm/react-form-builder/node_modules/jest-circus/build/utils.js:391:28)
          at new Promise (<anonymous>)
          at callAsyncCircusFn (/Users/pabloelisseo/repos/one-beyond/csm/react-form-builder/node_modules/jest-circus/build/utils.js:316:10)
          at _callCircusTest (/Users/pabloelisseo/repos/one-beyond/csm/react-form-builder/node_modules/jest-circus/build/run.js:218:40)
          at processTicksAndRejections (node:internal/process/task_queues:95:5)
          at _runTest (/Users/pabloelisseo/repos/one-beyond/csm/react-form-builder/node_modules/jest-circus/build/run.js:155:3)
          at _runTestsForDescribeBlock (/Users/pabloelisseo/repos/one-beyond/csm/react-form-builder/node_modules/jest-circus/build/run.js:66:9)
          at run (/Users/pabloelisseo/repos/one-beyond/csm/react-form-builder/node_modules/jest-circus/build/run.js:25:3)
          at runAndTransformResultsToJestFormat (/Users/pabloelisseo/repos/one-beyond/csm/react-form-builder/node_modules/jest-circus/build/legacy-code-todo-rewrite/jestAdapterInit.js:170:21)
          at jestAdapter (/Users/pabloelisseo/repos/one-beyond/csm/react-form-builder/node_modules/jest-circus/build/legacy-code-todo-rewrite/jestAdapter.js:82:19)
          at runTestInternal (/Users/pabloelisseo/repos/one-beyond/csm/react-form-builder/node_modules/jest-runner/build/runTest.js:389:16)
          at runTest (/Users/pabloelisseo/repos/one-beyond/csm/react-form-builder/node_modules/jest-runner/build/runTest.js:475:34)
          at Object.worker (/Users/pabloelisseo/repos/one-beyond/csm/react-form-builder/node_modules/jest-runner/build/testWorker.js:133:12)

      at VirtualConsole.<anonymous> (node_modules/jsdom/lib/jsdom/virtual-console.js:29:45)
      at reportException (node_modules/jsdom/lib/jsdom/living/helpers/runtime-script-errors.js:70:28)
      at innerInvokeEventListeners (node_modules/jsdom/lib/jsdom/living/events/EventTarget-impl.js:341:9)
      at invokeEventListeners (node_modules/jsdom/lib/jsdom/living/events/EventTarget-impl.js:274:3)
      at HTMLUnknownElementImpl._dispatch (node_modules/jsdom/lib/jsdom/living/events/EventTarget-impl.js:221:9)
      at HTMLUnknownElementImpl.dispatchEvent (node_modules/jsdom/lib/jsdom/living/events/EventTarget-impl.js:94:17)
      at HTMLUnknownElement.dispatchEvent (node_modules/jsdom/lib/jsdom/living/generated/EventTarget.js:231:34)

    console.error
      The above error occurred in one of your React components:
      
          at Object.<anonymous>.exports.Controller (/Users/pabloelisseo/repos/one-beyond/csm/react-form-builder/node_modules/react-hook-form/src/form.tsx:37:9)
          at Phone (/Users/pabloelisseo/repos/one-beyond/csm/react-form-builder/src/Fields/Phone/index.js:10:3)
          at div
          at /Users/pabloelisseo/repos/one-beyond/csm/react-form-builder/node_modules/@emotion/react/dist/emotion-element-48d2c2e4.cjs.dev.js:62:23
          at QuestionPhone (/Users/pabloelisseo/repos/one-beyond/csm/react-form-builder/src/Questions/Phone/index.js:9:26)
      
      Consider adding an error boundary to your tree to customize error handling behavior.
      Visit https://reactjs.org/link/error-boundaries to learn more about error boundaries.

      at logCapturedError (node_modules/react-dom/cjs/react-dom.development.js:18687:23)
      at update.callback (node_modules/react-dom/cjs/react-dom.development.js:18720:5)
      at callCallback (node_modules/react-dom/cjs/react-dom.development.js:13923:12)
      at commitUpdateQueue (node_modules/react-dom/cjs/react-dom.development.js:13944:9)
      at commitLayoutEffectOnFiber (node_modules/react-dom/cjs/react-dom.development.js:23391:13)
      at commitLayoutMountEffects_complete (node_modules/react-dom/cjs/react-dom.development.js:24688:9)
      at commitLayoutEffects_begin (node_modules/react-dom/cjs/react-dom.development.js:24674:7)
      at commitLayoutEffects (node_modules/react-dom/cjs/react-dom.development.js:24612:3)

    console.error
      Error: Uncaught [TypeError: Cannot read properties of undefined (reading 'array')]
          at reportException (/Users/pabloelisseo/repos/one-beyond/csm/react-form-builder/node_modules/jsdom/lib/jsdom/living/helpers/runtime-script-errors.js:66:24)
          at innerInvokeEventListeners (/Users/pabloelisseo/repos/one-beyond/csm/react-form-builder/node_modules/jsdom/lib/jsdom/living/events/EventTarget-impl.js:341:9)
          at invokeEventListeners (/Users/pabloelisseo/repos/one-beyond/csm/react-form-builder/node_modules/jsdom/lib/jsdom/living/events/EventTarget-impl.js:274:3)
          at HTMLUnknownElementImpl._dispatch (/Users/pabloelisseo/repos/one-beyond/csm/react-form-builder/node_modules/jsdom/lib/jsdom/living/events/EventTarget-impl.js:221:9)
          at HTMLUnknownElementImpl.dispatchEvent (/Users/pabloelisseo/repos/one-beyond/csm/react-form-builder/node_modules/jsdom/lib/jsdom/living/events/EventTarget-impl.js:94:17)
          at HTMLUnknownElement.dispatchEvent (/Users/pabloelisseo/repos/one-beyond/csm/react-form-builder/node_modules/jsdom/lib/jsdom/living/generated/EventTarget.js:231:34)
          at Object.invokeGuardedCallbackDev (/Users/pabloelisseo/repos/one-beyond/csm/react-form-builder/node_modules/react-dom/cjs/react-dom.development.js:4213:16)
          at invokeGuardedCallback (/Users/pabloelisseo/repos/one-beyond/csm/react-form-builder/node_modules/react-dom/cjs/react-dom.development.js:4277:31)
          at beginWork$1 (/Users/pabloelisseo/repos/one-beyond/csm/react-form-builder/node_modules/react-dom/cjs/react-dom.development.js:27451:7)
          at performUnitOfWork (/Users/pabloelisseo/repos/one-beyond/csm/react-form-builder/node_modules/react-dom/cjs/react-dom.development.js:26560:12) TypeError: Cannot read properties of undefined (reading 'array')
          at control (/Users/pabloelisseo/repos/one-beyond/csm/react-form-builder/node_modules/react-hook-form/src/useController.ts:63:35)
          at Object.<anonymous>.exports.Controller (/Users/pabloelisseo/repos/one-beyond/csm/react-form-builder/node_modules/react-hook-form/src/form.tsx:38:5)
          at renderWithHooks (/Users/pabloelisseo/repos/one-beyond/csm/react-form-builder/node_modules/react-dom/cjs/react-dom.development.js:16305:18)
          at mountIndeterminateComponent (/Users/pabloelisseo/repos/one-beyond/csm/react-form-builder/node_modules/react-dom/cjs/react-dom.development.js:20074:13)
          at beginWork (/Users/pabloelisseo/repos/one-beyond/csm/react-form-builder/node_modules/react-dom/cjs/react-dom.development.js:21587:16)
          at HTMLUnknownElement.callCallback (/Users/pabloelisseo/repos/one-beyond/csm/react-form-builder/node_modules/react-dom/cjs/react-dom.development.js:4164:14)
          at HTMLUnknownElement.callTheUserObjectsOperation (/Users/pabloelisseo/repos/one-beyond/csm/react-form-builder/node_modules/jsdom/lib/jsdom/living/generated/EventListener.js:26:30)
          at innerInvokeEventListeners (/Users/pabloelisseo/repos/one-beyond/csm/react-form-builder/node_modules/jsdom/lib/jsdom/living/events/EventTarget-impl.js:338:25)
          at invokeEventListeners (/Users/pabloelisseo/repos/one-beyond/csm/react-form-builder/node_modules/jsdom/lib/jsdom/living/events/EventTarget-impl.js:274:3)
          at HTMLUnknownElementImpl._dispatch (/Users/pabloelisseo/repos/one-beyond/csm/react-form-builder/node_modules/jsdom/lib/jsdom/living/events/EventTarget-impl.js:221:9)
          at HTMLUnknownElementImpl.dispatchEvent (/Users/pabloelisseo/repos/one-beyond/csm/react-form-builder/node_modules/jsdom/lib/jsdom/living/events/EventTarget-impl.js:94:17)
          at HTMLUnknownElement.dispatchEvent (/Users/pabloelisseo/repos/one-beyond/csm/react-form-builder/node_modules/jsdom/lib/jsdom/living/generated/EventTarget.js:231:34)
          at Object.invokeGuardedCallbackDev (/Users/pabloelisseo/repos/one-beyond/csm/react-form-builder/node_modules/react-dom/cjs/react-dom.development.js:4213:16)
          at invokeGuardedCallback (/Users/pabloelisseo/repos/one-beyond/csm/react-form-builder/node_modules/react-dom/cjs/react-dom.development.js:4277:31)
          at beginWork$1 (/Users/pabloelisseo/repos/one-beyond/csm/react-form-builder/node_modules/react-dom/cjs/react-dom.development.js:27451:7)
          at performUnitOfWork (/Users/pabloelisseo/repos/one-beyond/csm/react-form-builder/node_modules/react-dom/cjs/react-dom.development.js:26560:12)
          at workLoopSync (/Users/pabloelisseo/repos/one-beyond/csm/react-form-builder/node_modules/react-dom/cjs/react-dom.development.js:26466:5)
          at renderRootSync (/Users/pabloelisseo/repos/one-beyond/csm/react-form-builder/node_modules/react-dom/cjs/react-dom.development.js:26434:7)
          at performConcurrentWorkOnRoot (/Users/pabloelisseo/repos/one-beyond/csm/react-form-builder/node_modules/react-dom/cjs/react-dom.development.js:25738:74)
          at flushActQueue (/Users/pabloelisseo/repos/one-beyond/csm/react-form-builder/node_modules/react/cjs/react.development.js:2667:24)
          at act (/Users/pabloelisseo/repos/one-beyond/csm/react-form-builder/node_modules/react/cjs/react.development.js:2582:11)
          at /Users/pabloelisseo/repos/one-beyond/csm/react-form-builder/node_modules/@testing-library/react/dist/act-compat.js:46:25
          at renderRoot (/Users/pabloelisseo/repos/one-beyond/csm/react-form-builder/node_modules/@testing-library/react/dist/pure.js:161:26)
          at render (/Users/pabloelisseo/repos/one-beyond/csm/react-form-builder/node_modules/@testing-library/react/dist/pure.js:247:10)
          at Object.<anonymous> (/Users/pabloelisseo/repos/one-beyond/csm/react-form-builder/src/Questions/Phone/__tests__/phone.test.js:113:36)
          at Promise.then.completed (/Users/pabloelisseo/repos/one-beyond/csm/react-form-builder/node_modules/jest-circus/build/utils.js:391:28)
          at new Promise (<anonymous>)
          at callAsyncCircusFn (/Users/pabloelisseo/repos/one-beyond/csm/react-form-builder/node_modules/jest-circus/build/utils.js:316:10)
          at _callCircusTest (/Users/pabloelisseo/repos/one-beyond/csm/react-form-builder/node_modules/jest-circus/build/run.js:218:40)
          at processTicksAndRejections (node:internal/process/task_queues:95:5)
          at _runTest (/Users/pabloelisseo/repos/one-beyond/csm/react-form-builder/node_modules/jest-circus/build/run.js:155:3)
          at _runTestsForDescribeBlock (/Users/pabloelisseo/repos/one-beyond/csm/react-form-builder/node_modules/jest-circus/build/run.js:66:9)
          at run (/Users/pabloelisseo/repos/one-beyond/csm/react-form-builder/node_modules/jest-circus/build/run.js:25:3)
          at runAndTransformResultsToJestFormat (/Users/pabloelisseo/repos/one-beyond/csm/react-form-builder/node_modules/jest-circus/build/legacy-code-todo-rewrite/jestAdapterInit.js:170:21)
          at jestAdapter (/Users/pabloelisseo/repos/one-beyond/csm/react-form-builder/node_modules/jest-circus/build/legacy-code-todo-rewrite/jestAdapter.js:82:19)
          at runTestInternal (/Users/pabloelisseo/repos/one-beyond/csm/react-form-builder/node_modules/jest-runner/build/runTest.js:389:16)
          at runTest (/Users/pabloelisseo/repos/one-beyond/csm/react-form-builder/node_modules/jest-runner/build/runTest.js:475:34)
          at Object.worker (/Users/pabloelisseo/repos/one-beyond/csm/react-form-builder/node_modules/jest-runner/build/testWorker.js:133:12)

      at VirtualConsole.<anonymous> (node_modules/jsdom/lib/jsdom/virtual-console.js:29:45)
      at reportException (node_modules/jsdom/lib/jsdom/living/helpers/runtime-script-errors.js:70:28)
      at innerInvokeEventListeners (node_modules/jsdom/lib/jsdom/living/events/EventTarget-impl.js:341:9)
      at invokeEventListeners (node_modules/jsdom/lib/jsdom/living/events/EventTarget-impl.js:274:3)
      at HTMLUnknownElementImpl._dispatch (node_modules/jsdom/lib/jsdom/living/events/EventTarget-impl.js:221:9)
      at HTMLUnknownElementImpl.dispatchEvent (node_modules/jsdom/lib/jsdom/living/events/EventTarget-impl.js:94:17)
      at HTMLUnknownElement.dispatchEvent (node_modules/jsdom/lib/jsdom/living/generated/EventTarget.js:231:34)

    console.error
      Error: Uncaught [TypeError: Cannot read properties of undefined (reading 'array')]
          at reportException (/Users/pabloelisseo/repos/one-beyond/csm/react-form-builder/node_modules/jsdom/lib/jsdom/living/helpers/runtime-script-errors.js:66:24)
          at innerInvokeEventListeners (/Users/pabloelisseo/repos/one-beyond/csm/react-form-builder/node_modules/jsdom/lib/jsdom/living/events/EventTarget-impl.js:341:9)
          at invokeEventListeners (/Users/pabloelisseo/repos/one-beyond/csm/react-form-builder/node_modules/jsdom/lib/jsdom/living/events/EventTarget-impl.js:274:3)
          at HTMLUnknownElementImpl._dispatch (/Users/pabloelisseo/repos/one-beyond/csm/react-form-builder/node_modules/jsdom/lib/jsdom/living/events/EventTarget-impl.js:221:9)
          at HTMLUnknownElementImpl.dispatchEvent (/Users/pabloelisseo/repos/one-beyond/csm/react-form-builder/node_modules/jsdom/lib/jsdom/living/events/EventTarget-impl.js:94:17)
          at HTMLUnknownElement.dispatchEvent (/Users/pabloelisseo/repos/one-beyond/csm/react-form-builder/node_modules/jsdom/lib/jsdom/living/generated/EventTarget.js:231:34)
          at Object.invokeGuardedCallbackDev (/Users/pabloelisseo/repos/one-beyond/csm/react-form-builder/node_modules/react-dom/cjs/react-dom.development.js:4213:16)
          at invokeGuardedCallback (/Users/pabloelisseo/repos/one-beyond/csm/react-form-builder/node_modules/react-dom/cjs/react-dom.development.js:4277:31)
          at beginWork$1 (/Users/pabloelisseo/repos/one-beyond/csm/react-form-builder/node_modules/react-dom/cjs/react-dom.development.js:27451:7)
          at performUnitOfWork (/Users/pabloelisseo/repos/one-beyond/csm/react-form-builder/node_modules/react-dom/cjs/react-dom.development.js:26560:12) TypeError: Cannot read properties of undefined (reading 'array')
          at control (/Users/pabloelisseo/repos/one-beyond/csm/react-form-builder/node_modules/react-hook-form/src/useController.ts:63:35)
          at Object.<anonymous>.exports.Controller (/Users/pabloelisseo/repos/one-beyond/csm/react-form-builder/node_modules/react-hook-form/src/form.tsx:38:5)
          at renderWithHooks (/Users/pabloelisseo/repos/one-beyond/csm/react-form-builder/node_modules/react-dom/cjs/react-dom.development.js:16305:18)
          at mountIndeterminateComponent (/Users/pabloelisseo/repos/one-beyond/csm/react-form-builder/node_modules/react-dom/cjs/react-dom.development.js:20074:13)
          at beginWork (/Users/pabloelisseo/repos/one-beyond/csm/react-form-builder/node_modules/react-dom/cjs/react-dom.development.js:21587:16)
          at HTMLUnknownElement.callCallback (/Users/pabloelisseo/repos/one-beyond/csm/react-form-builder/node_modules/react-dom/cjs/react-dom.development.js:4164:14)
          at HTMLUnknownElement.callTheUserObjectsOperation (/Users/pabloelisseo/repos/one-beyond/csm/react-form-builder/node_modules/jsdom/lib/jsdom/living/generated/EventListener.js:26:30)
          at innerInvokeEventListeners (/Users/pabloelisseo/repos/one-beyond/csm/react-form-builder/node_modules/jsdom/lib/jsdom/living/events/EventTarget-impl.js:338:25)
          at invokeEventListeners (/Users/pabloelisseo/repos/one-beyond/csm/react-form-builder/node_modules/jsdom/lib/jsdom/living/events/EventTarget-impl.js:274:3)
          at HTMLUnknownElementImpl._dispatch (/Users/pabloelisseo/repos/one-beyond/csm/react-form-builder/node_modules/jsdom/lib/jsdom/living/events/EventTarget-impl.js:221:9)
          at HTMLUnknownElementImpl.dispatchEvent (/Users/pabloelisseo/repos/one-beyond/csm/react-form-builder/node_modules/jsdom/lib/jsdom/living/events/EventTarget-impl.js:94:17)
          at HTMLUnknownElement.dispatchEvent (/Users/pabloelisseo/repos/one-beyond/csm/react-form-builder/node_modules/jsdom/lib/jsdom/living/generated/EventTarget.js:231:34)
          at Object.invokeGuardedCallbackDev (/Users/pabloelisseo/repos/one-beyond/csm/react-form-builder/node_modules/react-dom/cjs/react-dom.development.js:4213:16)
          at invokeGuardedCallback (/Users/pabloelisseo/repos/one-beyond/csm/react-form-builder/node_modules/react-dom/cjs/react-dom.development.js:4277:31)
          at beginWork$1 (/Users/pabloelisseo/repos/one-beyond/csm/react-form-builder/node_modules/react-dom/cjs/react-dom.development.js:27451:7)
          at performUnitOfWork (/Users/pabloelisseo/repos/one-beyond/csm/react-form-builder/node_modules/react-dom/cjs/react-dom.development.js:26560:12)
          at workLoopSync (/Users/pabloelisseo/repos/one-beyond/csm/react-form-builder/node_modules/react-dom/cjs/react-dom.development.js:26466:5)
          at renderRootSync (/Users/pabloelisseo/repos/one-beyond/csm/react-form-builder/node_modules/react-dom/cjs/react-dom.development.js:26434:7)
          at recoverFromConcurrentError (/Users/pabloelisseo/repos/one-beyond/csm/react-form-builder/node_modules/react-dom/cjs/react-dom.development.js:25850:20)
          at performConcurrentWorkOnRoot (/Users/pabloelisseo/repos/one-beyond/csm/react-form-builder/node_modules/react-dom/cjs/react-dom.development.js:25750:22)
          at flushActQueue (/Users/pabloelisseo/repos/one-beyond/csm/react-form-builder/node_modules/react/cjs/react.development.js:2667:24)
          at act (/Users/pabloelisseo/repos/one-beyond/csm/react-form-builder/node_modules/react/cjs/react.development.js:2582:11)
          at /Users/pabloelisseo/repos/one-beyond/csm/react-form-builder/node_modules/@testing-library/react/dist/act-compat.js:46:25
          at renderRoot (/Users/pabloelisseo/repos/one-beyond/csm/react-form-builder/node_modules/@testing-library/react/dist/pure.js:161:26)
          at render (/Users/pabloelisseo/repos/one-beyond/csm/react-form-builder/node_modules/@testing-library/react/dist/pure.js:247:10)
          at Object.<anonymous> (/Users/pabloelisseo/repos/one-beyond/csm/react-form-builder/src/Questions/Phone/__tests__/phone.test.js:113:36)
          at Promise.then.completed (/Users/pabloelisseo/repos/one-beyond/csm/react-form-builder/node_modules/jest-circus/build/utils.js:391:28)
          at new Promise (<anonymous>)
          at callAsyncCircusFn (/Users/pabloelisseo/repos/one-beyond/csm/react-form-builder/node_modules/jest-circus/build/utils.js:316:10)
          at _callCircusTest (/Users/pabloelisseo/repos/one-beyond/csm/react-form-builder/node_modules/jest-circus/build/run.js:218:40)
          at processTicksAndRejections (node:internal/process/task_queues:95:5)
          at _runTest (/Users/pabloelisseo/repos/one-beyond/csm/react-form-builder/node_modules/jest-circus/build/run.js:155:3)
          at _runTestsForDescribeBlock (/Users/pabloelisseo/repos/one-beyond/csm/react-form-builder/node_modules/jest-circus/build/run.js:66:9)
          at run (/Users/pabloelisseo/repos/one-beyond/csm/react-form-builder/node_modules/jest-circus/build/run.js:25:3)
          at runAndTransformResultsToJestFormat (/Users/pabloelisseo/repos/one-beyond/csm/react-form-builder/node_modules/jest-circus/build/legacy-code-todo-rewrite/jestAdapterInit.js:170:21)
          at jestAdapter (/Users/pabloelisseo/repos/one-beyond/csm/react-form-builder/node_modules/jest-circus/build/legacy-code-todo-rewrite/jestAdapter.js:82:19)
          at runTestInternal (/Users/pabloelisseo/repos/one-beyond/csm/react-form-builder/node_modules/jest-runner/build/runTest.js:389:16)
          at runTest (/Users/pabloelisseo/repos/one-beyond/csm/react-form-builder/node_modules/jest-runner/build/runTest.js:475:34)
          at Object.worker (/Users/pabloelisseo/repos/one-beyond/csm/react-form-builder/node_modules/jest-runner/build/testWorker.js:133:12)

      at VirtualConsole.<anonymous> (node_modules/jsdom/lib/jsdom/virtual-console.js:29:45)
      at reportException (node_modules/jsdom/lib/jsdom/living/helpers/runtime-script-errors.js:70:28)
      at innerInvokeEventListeners (node_modules/jsdom/lib/jsdom/living/events/EventTarget-impl.js:341:9)
      at invokeEventListeners (node_modules/jsdom/lib/jsdom/living/events/EventTarget-impl.js:274:3)
      at HTMLUnknownElementImpl._dispatch (node_modules/jsdom/lib/jsdom/living/events/EventTarget-impl.js:221:9)
      at HTMLUnknownElementImpl.dispatchEvent (node_modules/jsdom/lib/jsdom/living/events/EventTarget-impl.js:94:17)
      at HTMLUnknownElement.dispatchEvent (node_modules/jsdom/lib/jsdom/living/generated/EventTarget.js:231:34)

    console.error
      The above error occurred in one of your React components:
      
          at Object.<anonymous>.exports.Controller (/Users/pabloelisseo/repos/one-beyond/csm/react-form-builder/node_modules/react-hook-form/src/form.tsx:37:9)
          at Phone (/Users/pabloelisseo/repos/one-beyond/csm/react-form-builder/src/Fields/Phone/index.js:10:3)
          at div
          at /Users/pabloelisseo/repos/one-beyond/csm/react-form-builder/node_modules/@emotion/react/dist/emotion-element-48d2c2e4.cjs.dev.js:62:23
          at QuestionPhone (/Users/pabloelisseo/repos/one-beyond/csm/react-form-builder/src/Questions/Phone/index.js:9:26)
      
      Consider adding an error boundary to your tree to customize error handling behavior.
      Visit https://reactjs.org/link/error-boundaries to learn more about error boundaries.

      at logCapturedError (node_modules/react-dom/cjs/react-dom.development.js:18687:23)
      at update.callback (node_modules/react-dom/cjs/react-dom.development.js:18720:5)
      at callCallback (node_modules/react-dom/cjs/react-dom.development.js:13923:12)
      at commitUpdateQueue (node_modules/react-dom/cjs/react-dom.development.js:13944:9)
      at commitLayoutEffectOnFiber (node_modules/react-dom/cjs/react-dom.development.js:23391:13)
      at commitLayoutMountEffects_complete (node_modules/react-dom/cjs/react-dom.development.js:24688:9)
      at commitLayoutEffects_begin (node_modules/react-dom/cjs/react-dom.development.js:24674:7)
      at commitLayoutEffects (node_modules/react-dom/cjs/react-dom.development.js:24612:3)

    console.error
      Error: Uncaught [TypeError: Cannot read properties of undefined (reading 'array')]
          at reportException (/Users/pabloelisseo/repos/one-beyond/csm/react-form-builder/node_modules/jsdom/lib/jsdom/living/helpers/runtime-script-errors.js:66:24)
          at innerInvokeEventListeners (/Users/pabloelisseo/repos/one-beyond/csm/react-form-builder/node_modules/jsdom/lib/jsdom/living/events/EventTarget-impl.js:341:9)
          at invokeEventListeners (/Users/pabloelisseo/repos/one-beyond/csm/react-form-builder/node_modules/jsdom/lib/jsdom/living/events/EventTarget-impl.js:274:3)
          at HTMLUnknownElementImpl._dispatch (/Users/pabloelisseo/repos/one-beyond/csm/react-form-builder/node_modules/jsdom/lib/jsdom/living/events/EventTarget-impl.js:221:9)
          at HTMLUnknownElementImpl.dispatchEvent (/Users/pabloelisseo/repos/one-beyond/csm/react-form-builder/node_modules/jsdom/lib/jsdom/living/events/EventTarget-impl.js:94:17)
          at HTMLUnknownElement.dispatchEvent (/Users/pabloelisseo/repos/one-beyond/csm/react-form-builder/node_modules/jsdom/lib/jsdom/living/generated/EventTarget.js:231:34)
          at Object.invokeGuardedCallbackDev (/Users/pabloelisseo/repos/one-beyond/csm/react-form-builder/node_modules/react-dom/cjs/react-dom.development.js:4213:16)
          at invokeGuardedCallback (/Users/pabloelisseo/repos/one-beyond/csm/react-form-builder/node_modules/react-dom/cjs/react-dom.development.js:4277:31)
          at beginWork$1 (/Users/pabloelisseo/repos/one-beyond/csm/react-form-builder/node_modules/react-dom/cjs/react-dom.development.js:27451:7)
          at performUnitOfWork (/Users/pabloelisseo/repos/one-beyond/csm/react-form-builder/node_modules/react-dom/cjs/react-dom.development.js:26560:12) TypeError: Cannot read properties of undefined (reading 'array')
          at control (/Users/pabloelisseo/repos/one-beyond/csm/react-form-builder/node_modules/react-hook-form/src/useController.ts:63:35)
          at Object.<anonymous>.exports.Controller (/Users/pabloelisseo/repos/one-beyond/csm/react-form-builder/node_modules/react-hook-form/src/form.tsx:38:5)
          at renderWithHooks (/Users/pabloelisseo/repos/one-beyond/csm/react-form-builder/node_modules/react-dom/cjs/react-dom.development.js:16305:18)
          at mountIndeterminateComponent (/Users/pabloelisseo/repos/one-beyond/csm/react-form-builder/node_modules/react-dom/cjs/react-dom.development.js:20074:13)
          at beginWork (/Users/pabloelisseo/repos/one-beyond/csm/react-form-builder/node_modules/react-dom/cjs/react-dom.development.js:21587:16)
          at HTMLUnknownElement.callCallback (/Users/pabloelisseo/repos/one-beyond/csm/react-form-builder/node_modules/react-dom/cjs/react-dom.development.js:4164:14)
          at HTMLUnknownElement.callTheUserObjectsOperation (/Users/pabloelisseo/repos/one-beyond/csm/react-form-builder/node_modules/jsdom/lib/jsdom/living/generated/EventListener.js:26:30)
          at innerInvokeEventListeners (/Users/pabloelisseo/repos/one-beyond/csm/react-form-builder/node_modules/jsdom/lib/jsdom/living/events/EventTarget-impl.js:338:25)
          at invokeEventListeners (/Users/pabloelisseo/repos/one-beyond/csm/react-form-builder/node_modules/jsdom/lib/jsdom/living/events/EventTarget-impl.js:274:3)
          at HTMLUnknownElementImpl._dispatch (/Users/pabloelisseo/repos/one-beyond/csm/react-form-builder/node_modules/jsdom/lib/jsdom/living/events/EventTarget-impl.js:221:9)
          at HTMLUnknownElementImpl.dispatchEvent (/Users/pabloelisseo/repos/one-beyond/csm/react-form-builder/node_modules/jsdom/lib/jsdom/living/events/EventTarget-impl.js:94:17)
          at HTMLUnknownElement.dispatchEvent (/Users/pabloelisseo/repos/one-beyond/csm/react-form-builder/node_modules/jsdom/lib/jsdom/living/generated/EventTarget.js:231:34)
          at Object.invokeGuardedCallbackDev (/Users/pabloelisseo/repos/one-beyond/csm/react-form-builder/node_modules/react-dom/cjs/react-dom.development.js:4213:16)
          at invokeGuardedCallback (/Users/pabloelisseo/repos/one-beyond/csm/react-form-builder/node_modules/react-dom/cjs/react-dom.development.js:4277:31)
          at beginWork$1 (/Users/pabloelisseo/repos/one-beyond/csm/react-form-builder/node_modules/react-dom/cjs/react-dom.development.js:27451:7)
          at performUnitOfWork (/Users/pabloelisseo/repos/one-beyond/csm/react-form-builder/node_modules/react-dom/cjs/react-dom.development.js:26560:12)
          at workLoopSync (/Users/pabloelisseo/repos/one-beyond/csm/react-form-builder/node_modules/react-dom/cjs/react-dom.development.js:26466:5)
          at renderRootSync (/Users/pabloelisseo/repos/one-beyond/csm/react-form-builder/node_modules/react-dom/cjs/react-dom.development.js:26434:7)
          at performConcurrentWorkOnRoot (/Users/pabloelisseo/repos/one-beyond/csm/react-form-builder/node_modules/react-dom/cjs/react-dom.development.js:25738:74)
          at flushActQueue (/Users/pabloelisseo/repos/one-beyond/csm/react-form-builder/node_modules/react/cjs/react.development.js:2667:24)
          at act (/Users/pabloelisseo/repos/one-beyond/csm/react-form-builder/node_modules/react/cjs/react.development.js:2582:11)
          at /Users/pabloelisseo/repos/one-beyond/csm/react-form-builder/node_modules/@testing-library/react/dist/act-compat.js:46:25
          at renderRoot (/Users/pabloelisseo/repos/one-beyond/csm/react-form-builder/node_modules/@testing-library/react/dist/pure.js:161:26)
          at render (/Users/pabloelisseo/repos/one-beyond/csm/react-form-builder/node_modules/@testing-library/react/dist/pure.js:247:10)
          at Object.<anonymous> (/Users/pabloelisseo/repos/one-beyond/csm/react-form-builder/src/Questions/Phone/__tests__/phone.test.js:131:9)
          at Promise.then.completed (/Users/pabloelisseo/repos/one-beyond/csm/react-form-builder/node_modules/jest-circus/build/utils.js:391:28)
          at new Promise (<anonymous>)
          at callAsyncCircusFn (/Users/pabloelisseo/repos/one-beyond/csm/react-form-builder/node_modules/jest-circus/build/utils.js:316:10)
          at _callCircusTest (/Users/pabloelisseo/repos/one-beyond/csm/react-form-builder/node_modules/jest-circus/build/run.js:218:40)
          at processTicksAndRejections (node:internal/process/task_queues:95:5)
          at _runTest (/Users/pabloelisseo/repos/one-beyond/csm/react-form-builder/node_modules/jest-circus/build/run.js:155:3)
          at _runTestsForDescribeBlock (/Users/pabloelisseo/repos/one-beyond/csm/react-form-builder/node_modules/jest-circus/build/run.js:66:9)
          at run (/Users/pabloelisseo/repos/one-beyond/csm/react-form-builder/node_modules/jest-circus/build/run.js:25:3)
          at runAndTransformResultsToJestFormat (/Users/pabloelisseo/repos/one-beyond/csm/react-form-builder/node_modules/jest-circus/build/legacy-code-todo-rewrite/jestAdapterInit.js:170:21)
          at jestAdapter (/Users/pabloelisseo/repos/one-beyond/csm/react-form-builder/node_modules/jest-circus/build/legacy-code-todo-rewrite/jestAdapter.js:82:19)
          at runTestInternal (/Users/pabloelisseo/repos/one-beyond/csm/react-form-builder/node_modules/jest-runner/build/runTest.js:389:16)
          at runTest (/Users/pabloelisseo/repos/one-beyond/csm/react-form-builder/node_modules/jest-runner/build/runTest.js:475:34)
          at Object.worker (/Users/pabloelisseo/repos/one-beyond/csm/react-form-builder/node_modules/jest-runner/build/testWorker.js:133:12)

      at VirtualConsole.<anonymous> (node_modules/jsdom/lib/jsdom/virtual-console.js:29:45)
      at reportException (node_modules/jsdom/lib/jsdom/living/helpers/runtime-script-errors.js:70:28)
      at innerInvokeEventListeners (node_modules/jsdom/lib/jsdom/living/events/EventTarget-impl.js:341:9)
      at invokeEventListeners (node_modules/jsdom/lib/jsdom/living/events/EventTarget-impl.js:274:3)
      at HTMLUnknownElementImpl._dispatch (node_modules/jsdom/lib/jsdom/living/events/EventTarget-impl.js:221:9)
      at HTMLUnknownElementImpl.dispatchEvent (node_modules/jsdom/lib/jsdom/living/events/EventTarget-impl.js:94:17)
      at HTMLUnknownElement.dispatchEvent (node_modules/jsdom/lib/jsdom/living/generated/EventTarget.js:231:34)

    console.error
      Error: Uncaught [TypeError: Cannot read properties of undefined (reading 'array')]
          at reportException (/Users/pabloelisseo/repos/one-beyond/csm/react-form-builder/node_modules/jsdom/lib/jsdom/living/helpers/runtime-script-errors.js:66:24)
          at innerInvokeEventListeners (/Users/pabloelisseo/repos/one-beyond/csm/react-form-builder/node_modules/jsdom/lib/jsdom/living/events/EventTarget-impl.js:341:9)
          at invokeEventListeners (/Users/pabloelisseo/repos/one-beyond/csm/react-form-builder/node_modules/jsdom/lib/jsdom/living/events/EventTarget-impl.js:274:3)
          at HTMLUnknownElementImpl._dispatch (/Users/pabloelisseo/repos/one-beyond/csm/react-form-builder/node_modules/jsdom/lib/jsdom/living/events/EventTarget-impl.js:221:9)
          at HTMLUnknownElementImpl.dispatchEvent (/Users/pabloelisseo/repos/one-beyond/csm/react-form-builder/node_modules/jsdom/lib/jsdom/living/events/EventTarget-impl.js:94:17)
          at HTMLUnknownElement.dispatchEvent (/Users/pabloelisseo/repos/one-beyond/csm/react-form-builder/node_modules/jsdom/lib/jsdom/living/generated/EventTarget.js:231:34)
          at Object.invokeGuardedCallbackDev (/Users/pabloelisseo/repos/one-beyond/csm/react-form-builder/node_modules/react-dom/cjs/react-dom.development.js:4213:16)
          at invokeGuardedCallback (/Users/pabloelisseo/repos/one-beyond/csm/react-form-builder/node_modules/react-dom/cjs/react-dom.development.js:4277:31)
          at beginWork$1 (/Users/pabloelisseo/repos/one-beyond/csm/react-form-builder/node_modules/react-dom/cjs/react-dom.development.js:27451:7)
          at performUnitOfWork (/Users/pabloelisseo/repos/one-beyond/csm/react-form-builder/node_modules/react-dom/cjs/react-dom.development.js:26560:12) TypeError: Cannot read properties of undefined (reading 'array')
          at control (/Users/pabloelisseo/repos/one-beyond/csm/react-form-builder/node_modules/react-hook-form/src/useController.ts:63:35)
          at Object.<anonymous>.exports.Controller (/Users/pabloelisseo/repos/one-beyond/csm/react-form-builder/node_modules/react-hook-form/src/form.tsx:38:5)
          at renderWithHooks (/Users/pabloelisseo/repos/one-beyond/csm/react-form-builder/node_modules/react-dom/cjs/react-dom.development.js:16305:18)
          at mountIndeterminateComponent (/Users/pabloelisseo/repos/one-beyond/csm/react-form-builder/node_modules/react-dom/cjs/react-dom.development.js:20074:13)
          at beginWork (/Users/pabloelisseo/repos/one-beyond/csm/react-form-builder/node_modules/react-dom/cjs/react-dom.development.js:21587:16)
          at HTMLUnknownElement.callCallback (/Users/pabloelisseo/repos/one-beyond/csm/react-form-builder/node_modules/react-dom/cjs/react-dom.development.js:4164:14)
          at HTMLUnknownElement.callTheUserObjectsOperation (/Users/pabloelisseo/repos/one-beyond/csm/react-form-builder/node_modules/jsdom/lib/jsdom/living/generated/EventListener.js:26:30)
          at innerInvokeEventListeners (/Users/pabloelisseo/repos/one-beyond/csm/react-form-builder/node_modules/jsdom/lib/jsdom/living/events/EventTarget-impl.js:338:25)
          at invokeEventListeners (/Users/pabloelisseo/repos/one-beyond/csm/react-form-builder/node_modules/jsdom/lib/jsdom/living/events/EventTarget-impl.js:274:3)
          at HTMLUnknownElementImpl._dispatch (/Users/pabloelisseo/repos/one-beyond/csm/react-form-builder/node_modules/jsdom/lib/jsdom/living/events/EventTarget-impl.js:221:9)
          at HTMLUnknownElementImpl.dispatchEvent (/Users/pabloelisseo/repos/one-beyond/csm/react-form-builder/node_modules/jsdom/lib/jsdom/living/events/EventTarget-impl.js:94:17)
          at HTMLUnknownElement.dispatchEvent (/Users/pabloelisseo/repos/one-beyond/csm/react-form-builder/node_modules/jsdom/lib/jsdom/living/generated/EventTarget.js:231:34)
          at Object.invokeGuardedCallbackDev (/Users/pabloelisseo/repos/one-beyond/csm/react-form-builder/node_modules/react-dom/cjs/react-dom.development.js:4213:16)
          at invokeGuardedCallback (/Users/pabloelisseo/repos/one-beyond/csm/react-form-builder/node_modules/react-dom/cjs/react-dom.development.js:4277:31)
          at beginWork$1 (/Users/pabloelisseo/repos/one-beyond/csm/react-form-builder/node_modules/react-dom/cjs/react-dom.development.js:27451:7)
          at performUnitOfWork (/Users/pabloelisseo/repos/one-beyond/csm/react-form-builder/node_modules/react-dom/cjs/react-dom.development.js:26560:12)
          at workLoopSync (/Users/pabloelisseo/repos/one-beyond/csm/react-form-builder/node_modules/react-dom/cjs/react-dom.development.js:26466:5)
          at renderRootSync (/Users/pabloelisseo/repos/one-beyond/csm/react-form-builder/node_modules/react-dom/cjs/react-dom.development.js:26434:7)
          at recoverFromConcurrentError (/Users/pabloelisseo/repos/one-beyond/csm/react-form-builder/node_modules/react-dom/cjs/react-dom.development.js:25850:20)
          at performConcurrentWorkOnRoot (/Users/pabloelisseo/repos/one-beyond/csm/react-form-builder/node_modules/react-dom/cjs/react-dom.development.js:25750:22)
          at flushActQueue (/Users/pabloelisseo/repos/one-beyond/csm/react-form-builder/node_modules/react/cjs/react.development.js:2667:24)
          at act (/Users/pabloelisseo/repos/one-beyond/csm/react-form-builder/node_modules/react/cjs/react.development.js:2582:11)
          at /Users/pabloelisseo/repos/one-beyond/csm/react-form-builder/node_modules/@testing-library/react/dist/act-compat.js:46:25
          at renderRoot (/Users/pabloelisseo/repos/one-beyond/csm/react-form-builder/node_modules/@testing-library/react/dist/pure.js:161:26)
          at render (/Users/pabloelisseo/repos/one-beyond/csm/react-form-builder/node_modules/@testing-library/react/dist/pure.js:247:10)
          at Object.<anonymous> (/Users/pabloelisseo/repos/one-beyond/csm/react-form-builder/src/Questions/Phone/__tests__/phone.test.js:131:9)
          at Promise.then.completed (/Users/pabloelisseo/repos/one-beyond/csm/react-form-builder/node_modules/jest-circus/build/utils.js:391:28)
          at new Promise (<anonymous>)
          at callAsyncCircusFn (/Users/pabloelisseo/repos/one-beyond/csm/react-form-builder/node_modules/jest-circus/build/utils.js:316:10)
          at _callCircusTest (/Users/pabloelisseo/repos/one-beyond/csm/react-form-builder/node_modules/jest-circus/build/run.js:218:40)
          at processTicksAndRejections (node:internal/process/task_queues:95:5)
          at _runTest (/Users/pabloelisseo/repos/one-beyond/csm/react-form-builder/node_modules/jest-circus/build/run.js:155:3)
          at _runTestsForDescribeBlock (/Users/pabloelisseo/repos/one-beyond/csm/react-form-builder/node_modules/jest-circus/build/run.js:66:9)
          at run (/Users/pabloelisseo/repos/one-beyond/csm/react-form-builder/node_modules/jest-circus/build/run.js:25:3)
          at runAndTransformResultsToJestFormat (/Users/pabloelisseo/repos/one-beyond/csm/react-form-builder/node_modules/jest-circus/build/legacy-code-todo-rewrite/jestAdapterInit.js:170:21)
          at jestAdapter (/Users/pabloelisseo/repos/one-beyond/csm/react-form-builder/node_modules/jest-circus/build/legacy-code-todo-rewrite/jestAdapter.js:82:19)
          at runTestInternal (/Users/pabloelisseo/repos/one-beyond/csm/react-form-builder/node_modules/jest-runner/build/runTest.js:389:16)
          at runTest (/Users/pabloelisseo/repos/one-beyond/csm/react-form-builder/node_modules/jest-runner/build/runTest.js:475:34)
          at Object.worker (/Users/pabloelisseo/repos/one-beyond/csm/react-form-builder/node_modules/jest-runner/build/testWorker.js:133:12)

      at VirtualConsole.<anonymous> (node_modules/jsdom/lib/jsdom/virtual-console.js:29:45)
      at reportException (node_modules/jsdom/lib/jsdom/living/helpers/runtime-script-errors.js:70:28)
      at innerInvokeEventListeners (node_modules/jsdom/lib/jsdom/living/events/EventTarget-impl.js:341:9)
      at invokeEventListeners (node_modules/jsdom/lib/jsdom/living/events/EventTarget-impl.js:274:3)
      at HTMLUnknownElementImpl._dispatch (node_modules/jsdom/lib/jsdom/living/events/EventTarget-impl.js:221:9)
      at HTMLUnknownElementImpl.dispatchEvent (node_modules/jsdom/lib/jsdom/living/events/EventTarget-impl.js:94:17)
      at HTMLUnknownElement.dispatchEvent (node_modules/jsdom/lib/jsdom/living/generated/EventTarget.js:231:34)

    console.error
      The above error occurred in one of your React components:
      
          at Object.<anonymous>.exports.Controller (/Users/pabloelisseo/repos/one-beyond/csm/react-form-builder/node_modules/react-hook-form/src/form.tsx:37:9)
          at Phone (/Users/pabloelisseo/repos/one-beyond/csm/react-form-builder/src/Fields/Phone/index.js:10:3)
          at div
          at /Users/pabloelisseo/repos/one-beyond/csm/react-form-builder/node_modules/@emotion/react/dist/emotion-element-48d2c2e4.cjs.dev.js:62:23
          at QuestionPhone (/Users/pabloelisseo/repos/one-beyond/csm/react-form-builder/src/Questions/Phone/index.js:9:26)
      
      Consider adding an error boundary to your tree to customize error handling behavior.
      Visit https://reactjs.org/link/error-boundaries to learn more about error boundaries.

      at logCapturedError (node_modules/react-dom/cjs/react-dom.development.js:18687:23)
      at update.callback (node_modules/react-dom/cjs/react-dom.development.js:18720:5)
      at callCallback (node_modules/react-dom/cjs/react-dom.development.js:13923:12)
      at commitUpdateQueue (node_modules/react-dom/cjs/react-dom.development.js:13944:9)
      at commitLayoutEffectOnFiber (node_modules/react-dom/cjs/react-dom.development.js:23391:13)
      at commitLayoutMountEffects_complete (node_modules/react-dom/cjs/react-dom.development.js:24688:9)
      at commitLayoutEffects_begin (node_modules/react-dom/cjs/react-dom.development.js:24674:7)
      at commitLayoutEffects (node_modules/react-dom/cjs/react-dom.development.js:24612:3)

  ● label is displayed

    TypeError: Cannot read properties of undefined (reading 'array')

      19 |
      20 | test('label is displayed', () => {
    > 21 |   const { getByText } = render(
         |                               ^
      22 |     <QuestionPhone
      23 |       question={question}
      24 |       useForm={{

      at control (node_modules/react-hook-form/src/useController.ts:63:35)
      at Object.<anonymous>.exports.Controller (node_modules/react-hook-form/src/form.tsx:38:5)
      at renderWithHooks (node_modules/react-dom/cjs/react-dom.development.js:16305:18)
      at mountIndeterminateComponent (node_modules/react-dom/cjs/react-dom.development.js:20074:13)
      at beginWork (node_modules/react-dom/cjs/react-dom.development.js:21587:16)
      at beginWork$1 (node_modules/react-dom/cjs/react-dom.development.js:27426:14)
      at performUnitOfWork (node_modules/react-dom/cjs/react-dom.development.js:26560:12)
      at workLoopSync (node_modules/react-dom/cjs/react-dom.development.js:26466:5)
      at renderRootSync (node_modules/react-dom/cjs/react-dom.development.js:26434:7)
      at recoverFromConcurrentError (node_modules/react-dom/cjs/react-dom.development.js:25850:20)
      at performConcurrentWorkOnRoot (node_modules/react-dom/cjs/react-dom.development.js:25750:22)
      at flushActQueue (node_modules/react/cjs/react.development.js:2667:24)
      at act (node_modules/react/cjs/react.development.js:2582:11)
      at node_modules/@testing-library/react/dist/act-compat.js:46:25
      at renderRoot (node_modules/@testing-library/react/dist/pure.js:161:26)
      at render (node_modules/@testing-library/react/dist/pure.js:247:10)
      at Object.<anonymous> (src/Questions/Phone/__tests__/phone.test.js:21:31)

  ● placeholder is displayed

    TypeError: Cannot read properties of undefined (reading 'array')

      35 |
      36 | test('placeholder is displayed', () => {
    > 37 |   const { getByPlaceholderText } = render(
         |                                          ^
      38 |     <QuestionPhone
      39 |       question={question}
      40 |       useForm={{

      at control (node_modules/react-hook-form/src/useController.ts:63:35)
      at Object.<anonymous>.exports.Controller (node_modules/react-hook-form/src/form.tsx:38:5)
      at renderWithHooks (node_modules/react-dom/cjs/react-dom.development.js:16305:18)
      at mountIndeterminateComponent (node_modules/react-dom/cjs/react-dom.development.js:20074:13)
      at beginWork (node_modules/react-dom/cjs/react-dom.development.js:21587:16)
      at beginWork$1 (node_modules/react-dom/cjs/react-dom.development.js:27426:14)
      at performUnitOfWork (node_modules/react-dom/cjs/react-dom.development.js:26560:12)
      at workLoopSync (node_modules/react-dom/cjs/react-dom.development.js:26466:5)
      at renderRootSync (node_modules/react-dom/cjs/react-dom.development.js:26434:7)
      at recoverFromConcurrentError (node_modules/react-dom/cjs/react-dom.development.js:25850:20)
      at performConcurrentWorkOnRoot (node_modules/react-dom/cjs/react-dom.development.js:25750:22)
      at flushActQueue (node_modules/react/cjs/react.development.js:2667:24)
      at act (node_modules/react/cjs/react.development.js:2582:11)
      at node_modules/@testing-library/react/dist/act-compat.js:46:25
      at renderRoot (node_modules/@testing-library/react/dist/pure.js:161:26)
      at render (node_modules/@testing-library/react/dist/pure.js:247:10)
      at Object.<anonymous> (src/Questions/Phone/__tests__/phone.test.js:37:42)

  ● error is displayed

    TypeError: Cannot read properties of undefined (reading 'array')

      51 |
      52 | test('error is displayed', () => {
    > 53 |   render(
         |         ^
      54 |     <QuestionPhone
      55 |       question={question}
      56 |       useForm={{

      at control (node_modules/react-hook-form/src/useController.ts:63:35)
      at Object.<anonymous>.exports.Controller (node_modules/react-hook-form/src/form.tsx:38:5)
      at renderWithHooks (node_modules/react-dom/cjs/react-dom.development.js:16305:18)
      at mountIndeterminateComponent (node_modules/react-dom/cjs/react-dom.development.js:20074:13)
      at beginWork (node_modules/react-dom/cjs/react-dom.development.js:21587:16)
      at beginWork$1 (node_modules/react-dom/cjs/react-dom.development.js:27426:14)
      at performUnitOfWork (node_modules/react-dom/cjs/react-dom.development.js:26560:12)
      at workLoopSync (node_modules/react-dom/cjs/react-dom.development.js:26466:5)
      at renderRootSync (node_modules/react-dom/cjs/react-dom.development.js:26434:7)
      at recoverFromConcurrentError (node_modules/react-dom/cjs/react-dom.development.js:25850:20)
      at performConcurrentWorkOnRoot (node_modules/react-dom/cjs/react-dom.development.js:25750:22)
      at flushActQueue (node_modules/react/cjs/react.development.js:2667:24)
      at act (node_modules/react/cjs/react.development.js:2582:11)
      at node_modules/@testing-library/react/dist/act-compat.js:46:25
      at renderRoot (node_modules/@testing-library/react/dist/pure.js:161:26)
      at render (node_modules/@testing-library/react/dist/pure.js:247:10)
      at Object.<anonymous> (src/Questions/Phone/__tests__/phone.test.js:53:9)

  ● phone can be filled

    TypeError: Cannot read properties of undefined (reading 'array')

      73 |
      74 | test('phone can be filled', () => {
    > 75 |   const { getByTestId } = render(
         |                                 ^
      76 |     <QuestionPhone
      77 |       question={question}
      78 |       useForm={{

      at control (node_modules/react-hook-form/src/useController.ts:63:35)
      at Object.<anonymous>.exports.Controller (node_modules/react-hook-form/src/form.tsx:38:5)
      at renderWithHooks (node_modules/react-dom/cjs/react-dom.development.js:16305:18)
      at mountIndeterminateComponent (node_modules/react-dom/cjs/react-dom.development.js:20074:13)
      at beginWork (node_modules/react-dom/cjs/react-dom.development.js:21587:16)
      at beginWork$1 (node_modules/react-dom/cjs/react-dom.development.js:27426:14)
      at performUnitOfWork (node_modules/react-dom/cjs/react-dom.development.js:26560:12)
      at workLoopSync (node_modules/react-dom/cjs/react-dom.development.js:26466:5)
      at renderRootSync (node_modules/react-dom/cjs/react-dom.development.js:26434:7)
      at recoverFromConcurrentError (node_modules/react-dom/cjs/react-dom.development.js:25850:20)
      at performConcurrentWorkOnRoot (node_modules/react-dom/cjs/react-dom.development.js:25750:22)
      at flushActQueue (node_modules/react/cjs/react.development.js:2667:24)
      at act (node_modules/react/cjs/react.development.js:2582:11)
      at node_modules/@testing-library/react/dist/act-compat.js:46:25
      at renderRoot (node_modules/@testing-library/react/dist/pure.js:161:26)
      at render (node_modules/@testing-library/react/dist/pure.js:247:10)
      at Object.<anonymous> (src/Questions/Phone/__tests__/phone.test.js:75:33)

  ● phone ES country is displayed

    TypeError: Cannot read properties of undefined (reading 'array')

      91 |
      92 | test('phone ES country is displayed', () => {
    > 93 |   const { getByLabelText } = render(
         |                                    ^
      94 |     <QuestionPhone
      95 |       question={question}
      96 |       isoCode='ES'

      at control (node_modules/react-hook-form/src/useController.ts:63:35)
      at Object.<anonymous>.exports.Controller (node_modules/react-hook-form/src/form.tsx:38:5)
      at renderWithHooks (node_modules/react-dom/cjs/react-dom.development.js:16305:18)
      at mountIndeterminateComponent (node_modules/react-dom/cjs/react-dom.development.js:20074:13)
      at beginWork (node_modules/react-dom/cjs/react-dom.development.js:21587:16)
      at beginWork$1 (node_modules/react-dom/cjs/react-dom.development.js:27426:14)
      at performUnitOfWork (node_modules/react-dom/cjs/react-dom.development.js:26560:12)
      at workLoopSync (node_modules/react-dom/cjs/react-dom.development.js:26466:5)
      at renderRootSync (node_modules/react-dom/cjs/react-dom.development.js:26434:7)
      at recoverFromConcurrentError (node_modules/react-dom/cjs/react-dom.development.js:25850:20)
      at performConcurrentWorkOnRoot (node_modules/react-dom/cjs/react-dom.development.js:25750:22)
      at flushActQueue (node_modules/react/cjs/react.development.js:2667:24)
      at act (node_modules/react/cjs/react.development.js:2582:11)
      at node_modules/@testing-library/react/dist/act-compat.js:46:25
      at renderRoot (node_modules/@testing-library/react/dist/pure.js:161:26)
      at render (node_modules/@testing-library/react/dist/pure.js:247:10)
      at Object.<anonymous> (src/Questions/Phone/__tests__/phone.test.js:93:36)

  ● default country code is displayed

    TypeError: Cannot read properties of undefined (reading 'array')

      111 | test('default country code is displayed', () => {
      112 |   const newQuestion = { ...question, defaultCountry: 'fr' }
    > 113 |   const { getByLabelText } = render(
          |                                    ^
      114 |     <QuestionPhone
      115 |       question={newQuestion}
      116 |       useForm={{

      at control (node_modules/react-hook-form/src/useController.ts:63:35)
      at Object.<anonymous>.exports.Controller (node_modules/react-hook-form/src/form.tsx:38:5)
      at renderWithHooks (node_modules/react-dom/cjs/react-dom.development.js:16305:18)
      at mountIndeterminateComponent (node_modules/react-dom/cjs/react-dom.development.js:20074:13)
      at beginWork (node_modules/react-dom/cjs/react-dom.development.js:21587:16)
      at beginWork$1 (node_modules/react-dom/cjs/react-dom.development.js:27426:14)
      at performUnitOfWork (node_modules/react-dom/cjs/react-dom.development.js:26560:12)
      at workLoopSync (node_modules/react-dom/cjs/react-dom.development.js:26466:5)
      at renderRootSync (node_modules/react-dom/cjs/react-dom.development.js:26434:7)
      at recoverFromConcurrentError (node_modules/react-dom/cjs/react-dom.development.js:25850:20)
      at performConcurrentWorkOnRoot (node_modules/react-dom/cjs/react-dom.development.js:25750:22)
      at flushActQueue (node_modules/react/cjs/react.development.js:2667:24)
      at act (node_modules/react/cjs/react.development.js:2582:11)
      at node_modules/@testing-library/react/dist/act-compat.js:46:25
      at renderRoot (node_modules/@testing-library/react/dist/pure.js:161:26)
      at render (node_modules/@testing-library/react/dist/pure.js:247:10)
      at Object.<anonymous> (src/Questions/Phone/__tests__/phone.test.js:113:36)

  ● pattern error is displayed

    TypeError: Cannot read properties of undefined (reading 'array')

      129 |
      130 | test('pattern error is displayed', () => {
    > 131 |   render(
          |         ^
      132 |     <QuestionPhone
      133 |       question={question}
      134 |       useForm={{

      at control (node_modules/react-hook-form/src/useController.ts:63:35)
      at Object.<anonymous>.exports.Controller (node_modules/react-hook-form/src/form.tsx:38:5)
      at renderWithHooks (node_modules/react-dom/cjs/react-dom.development.js:16305:18)
      at mountIndeterminateComponent (node_modules/react-dom/cjs/react-dom.development.js:20074:13)
      at beginWork (node_modules/react-dom/cjs/react-dom.development.js:21587:16)
      at beginWork$1 (node_modules/react-dom/cjs/react-dom.development.js:27426:14)
      at performUnitOfWork (node_modules/react-dom/cjs/react-dom.development.js:26560:12)
      at workLoopSync (node_modules/react-dom/cjs/react-dom.development.js:26466:5)
      at renderRootSync (node_modules/react-dom/cjs/react-dom.development.js:26434:7)
      at recoverFromConcurrentError (node_modules/react-dom/cjs/react-dom.development.js:25850:20)
      at performConcurrentWorkOnRoot (node_modules/react-dom/cjs/react-dom.development.js:25750:22)
      at flushActQueue (node_modules/react/cjs/react.development.js:2667:24)
      at act (node_modules/react/cjs/react.development.js:2582:11)
      at node_modules/@testing-library/react/dist/act-compat.js:46:25
      at renderRoot (node_modules/@testing-library/react/dist/pure.js:161:26)
      at render (node_modules/@testing-library/react/dist/pure.js:247:10)
      at Object.<anonymous> (src/Questions/Phone/__tests__/phone.test.js:131:9)

FAIL src/Questions/Age/_tests_/age.test.js
  ● Console

    console.error
      Error: Uncaught [TypeError: Cannot read properties of undefined (reading 'errors')]
          at reportException (/Users/pabloelisseo/repos/one-beyond/csm/react-form-builder/node_modules/jsdom/lib/jsdom/living/helpers/runtime-script-errors.js:66:24)
          at innerInvokeEventListeners (/Users/pabloelisseo/repos/one-beyond/csm/react-form-builder/node_modules/jsdom/lib/jsdom/living/events/EventTarget-impl.js:341:9)
          at invokeEventListeners (/Users/pabloelisseo/repos/one-beyond/csm/react-form-builder/node_modules/jsdom/lib/jsdom/living/events/EventTarget-impl.js:274:3)
          at HTMLUnknownElementImpl._dispatch (/Users/pabloelisseo/repos/one-beyond/csm/react-form-builder/node_modules/jsdom/lib/jsdom/living/events/EventTarget-impl.js:221:9)
          at HTMLUnknownElementImpl.dispatchEvent (/Users/pabloelisseo/repos/one-beyond/csm/react-form-builder/node_modules/jsdom/lib/jsdom/living/events/EventTarget-impl.js:94:17)
          at HTMLUnknownElement.dispatchEvent (/Users/pabloelisseo/repos/one-beyond/csm/react-form-builder/node_modules/jsdom/lib/jsdom/living/generated/EventTarget.js:231:34)
          at Object.invokeGuardedCallbackDev (/Users/pabloelisseo/repos/one-beyond/csm/react-form-builder/node_modules/react-dom/cjs/react-dom.development.js:4213:16)
          at invokeGuardedCallback (/Users/pabloelisseo/repos/one-beyond/csm/react-form-builder/node_modules/react-dom/cjs/react-dom.development.js:4277:31)
          at beginWork$1 (/Users/pabloelisseo/repos/one-beyond/csm/react-form-builder/node_modules/react-dom/cjs/react-dom.development.js:27451:7)
          at performUnitOfWork (/Users/pabloelisseo/repos/one-beyond/csm/react-form-builder/node_modules/react-dom/cjs/react-dom.development.js:26560:12)
          at workLoopSync (/Users/pabloelisseo/repos/one-beyond/csm/react-form-builder/node_modules/react-dom/cjs/react-dom.development.js:26466:5)
          at renderRootSync (/Users/pabloelisseo/repos/one-beyond/csm/react-form-builder/node_modules/react-dom/cjs/react-dom.development.js:26434:7)
          at performConcurrentWorkOnRoot (/Users/pabloelisseo/repos/one-beyond/csm/react-form-builder/node_modules/react-dom/cjs/react-dom.development.js:25738:74)
          at flushActQueue (/Users/pabloelisseo/repos/one-beyond/csm/react-form-builder/node_modules/react/cjs/react.development.js:2667:24)
          at act (/Users/pabloelisseo/repos/one-beyond/csm/react-form-builder/node_modules/react/cjs/react.development.js:2582:11)
          at /Users/pabloelisseo/repos/one-beyond/csm/react-form-builder/node_modules/@testing-library/react/dist/act-compat.js:46:25
          at renderRoot (/Users/pabloelisseo/repos/one-beyond/csm/react-form-builder/node_modules/@testing-library/react/dist/pure.js:161:26)
          at render (/Users/pabloelisseo/repos/one-beyond/csm/react-form-builder/node_modules/@testing-library/react/dist/pure.js:247:10)
          at setup (/Users/pabloelisseo/repos/one-beyond/csm/react-form-builder/src/Questions/Age/_tests_/age.test.js:43:33)
          at Object.<anonymous> (/Users/pabloelisseo/repos/one-beyond/csm/react-form-builder/src/Questions/Age/_tests_/age.test.js:53:28)
          at Promise.then.completed (/Users/pabloelisseo/repos/one-beyond/csm/react-form-builder/node_modules/jest-circus/build/utils.js:391:28)
          at new Promise (<anonymous>)
          at callAsyncCircusFn (/Users/pabloelisseo/repos/one-beyond/csm/react-form-builder/node_modules/jest-circus/build/utils.js:316:10)
          at _callCircusTest (/Users/pabloelisseo/repos/one-beyond/csm/react-form-builder/node_modules/jest-circus/build/run.js:218:40)
          at processTicksAndRejections (node:internal/process/task_queues:95:5)
          at _runTest (/Users/pabloelisseo/repos/one-beyond/csm/react-form-builder/node_modules/jest-circus/build/run.js:155:3)
          at _runTestsForDescribeBlock (/Users/pabloelisseo/repos/one-beyond/csm/react-form-builder/node_modules/jest-circus/build/run.js:66:9)
          at run (/Users/pabloelisseo/repos/one-beyond/csm/react-form-builder/node_modules/jest-circus/build/run.js:25:3)
          at runAndTransformResultsToJestFormat (/Users/pabloelisseo/repos/one-beyond/csm/react-form-builder/node_modules/jest-circus/build/legacy-code-todo-rewrite/jestAdapterInit.js:170:21)
          at jestAdapter (/Users/pabloelisseo/repos/one-beyond/csm/react-form-builder/node_modules/jest-circus/build/legacy-code-todo-rewrite/jestAdapter.js:82:19)
          at runTestInternal (/Users/pabloelisseo/repos/one-beyond/csm/react-form-builder/node_modules/jest-runner/build/runTest.js:389:16)
          at runTest (/Users/pabloelisseo/repos/one-beyond/csm/react-form-builder/node_modules/jest-runner/build/runTest.js:475:34)
          at Object.worker (/Users/pabloelisseo/repos/one-beyond/csm/react-form-builder/node_modules/jest-runner/build/testWorker.js:133:12) TypeError: Cannot read properties of undefined (reading 'errors')
          at QuestionAge (/Users/pabloelisseo/repos/one-beyond/csm/react-form-builder/src/Questions/Age/index.js:11:18)
          at renderWithHooks (/Users/pabloelisseo/repos/one-beyond/csm/react-form-builder/node_modules/react-dom/cjs/react-dom.development.js:16305:18)
          at mountIndeterminateComponent (/Users/pabloelisseo/repos/one-beyond/csm/react-form-builder/node_modules/react-dom/cjs/react-dom.development.js:20074:13)
          at beginWork (/Users/pabloelisseo/repos/one-beyond/csm/react-form-builder/node_modules/react-dom/cjs/react-dom.development.js:21587:16)
          at HTMLUnknownElement.callCallback (/Users/pabloelisseo/repos/one-beyond/csm/react-form-builder/node_modules/react-dom/cjs/react-dom.development.js:4164:14)
          at HTMLUnknownElement.callTheUserObjectsOperation (/Users/pabloelisseo/repos/one-beyond/csm/react-form-builder/node_modules/jsdom/lib/jsdom/living/generated/EventListener.js:26:30)
          at innerInvokeEventListeners (/Users/pabloelisseo/repos/one-beyond/csm/react-form-builder/node_modules/jsdom/lib/jsdom/living/events/EventTarget-impl.js:338:25)
          at invokeEventListeners (/Users/pabloelisseo/repos/one-beyond/csm/react-form-builder/node_modules/jsdom/lib/jsdom/living/events/EventTarget-impl.js:274:3)
          at HTMLUnknownElementImpl._dispatch (/Users/pabloelisseo/repos/one-beyond/csm/react-form-builder/node_modules/jsdom/lib/jsdom/living/events/EventTarget-impl.js:221:9)
          at HTMLUnknownElementImpl.dispatchEvent (/Users/pabloelisseo/repos/one-beyond/csm/react-form-builder/node_modules/jsdom/lib/jsdom/living/events/EventTarget-impl.js:94:17)
          at HTMLUnknownElement.dispatchEvent (/Users/pabloelisseo/repos/one-beyond/csm/react-form-builder/node_modules/jsdom/lib/jsdom/living/generated/EventTarget.js:231:34)
          at Object.invokeGuardedCallbackDev (/Users/pabloelisseo/repos/one-beyond/csm/react-form-builder/node_modules/react-dom/cjs/react-dom.development.js:4213:16)
          at invokeGuardedCallback (/Users/pabloelisseo/repos/one-beyond/csm/react-form-builder/node_modules/react-dom/cjs/react-dom.development.js:4277:31)
          at beginWork$1 (/Users/pabloelisseo/repos/one-beyond/csm/react-form-builder/node_modules/react-dom/cjs/react-dom.development.js:27451:7)
          at performUnitOfWork (/Users/pabloelisseo/repos/one-beyond/csm/react-form-builder/node_modules/react-dom/cjs/react-dom.development.js:26560:12)
          at workLoopSync (/Users/pabloelisseo/repos/one-beyond/csm/react-form-builder/node_modules/react-dom/cjs/react-dom.development.js:26466:5)
          at renderRootSync (/Users/pabloelisseo/repos/one-beyond/csm/react-form-builder/node_modules/react-dom/cjs/react-dom.development.js:26434:7)
          at performConcurrentWorkOnRoot (/Users/pabloelisseo/repos/one-beyond/csm/react-form-builder/node_modules/react-dom/cjs/react-dom.development.js:25738:74)
          at flushActQueue (/Users/pabloelisseo/repos/one-beyond/csm/react-form-builder/node_modules/react/cjs/react.development.js:2667:24)
          at act (/Users/pabloelisseo/repos/one-beyond/csm/react-form-builder/node_modules/react/cjs/react.development.js:2582:11)
          at /Users/pabloelisseo/repos/one-beyond/csm/react-form-builder/node_modules/@testing-library/react/dist/act-compat.js:46:25
          at renderRoot (/Users/pabloelisseo/repos/one-beyond/csm/react-form-builder/node_modules/@testing-library/react/dist/pure.js:161:26)
          at render (/Users/pabloelisseo/repos/one-beyond/csm/react-form-builder/node_modules/@testing-library/react/dist/pure.js:247:10)
          at setup (/Users/pabloelisseo/repos/one-beyond/csm/react-form-builder/src/Questions/Age/_tests_/age.test.js:43:33)
          at Object.<anonymous> (/Users/pabloelisseo/repos/one-beyond/csm/react-form-builder/src/Questions/Age/_tests_/age.test.js:53:28)
          at Promise.then.completed (/Users/pabloelisseo/repos/one-beyond/csm/react-form-builder/node_modules/jest-circus/build/utils.js:391:28)
          at new Promise (<anonymous>)
          at callAsyncCircusFn (/Users/pabloelisseo/repos/one-beyond/csm/react-form-builder/node_modules/jest-circus/build/utils.js:316:10)
          at _callCircusTest (/Users/pabloelisseo/repos/one-beyond/csm/react-form-builder/node_modules/jest-circus/build/run.js:218:40)
          at processTicksAndRejections (node:internal/process/task_queues:95:5)
          at _runTest (/Users/pabloelisseo/repos/one-beyond/csm/react-form-builder/node_modules/jest-circus/build/run.js:155:3)
          at _runTestsForDescribeBlock (/Users/pabloelisseo/repos/one-beyond/csm/react-form-builder/node_modules/jest-circus/build/run.js:66:9)
          at run (/Users/pabloelisseo/repos/one-beyond/csm/react-form-builder/node_modules/jest-circus/build/run.js:25:3)
          at runAndTransformResultsToJestFormat (/Users/pabloelisseo/repos/one-beyond/csm/react-form-builder/node_modules/jest-circus/build/legacy-code-todo-rewrite/jestAdapterInit.js:170:21)
          at jestAdapter (/Users/pabloelisseo/repos/one-beyond/csm/react-form-builder/node_modules/jest-circus/build/legacy-code-todo-rewrite/jestAdapter.js:82:19)
          at runTestInternal (/Users/pabloelisseo/repos/one-beyond/csm/react-form-builder/node_modules/jest-runner/build/runTest.js:389:16)
          at runTest (/Users/pabloelisseo/repos/one-beyond/csm/react-form-builder/node_modules/jest-runner/build/runTest.js:475:34)
          at Object.worker (/Users/pabloelisseo/repos/one-beyond/csm/react-form-builder/node_modules/jest-runner/build/testWorker.js:133:12)

      41 |
      42 | const setup = () => {
    > 43 |   const renderComponent = render(
         |                                 ^
      44 |     <QuestionAge question={question} useForm={useForm} />
      45 |   )
      46 |   const ageComponent = renderComponent.getByTestId('question-age')

      at VirtualConsole.<anonymous> (node_modules/jsdom/lib/jsdom/virtual-console.js:29:45)
      at reportException (node_modules/jsdom/lib/jsdom/living/helpers/runtime-script-errors.js:70:28)
      at innerInvokeEventListeners (node_modules/jsdom/lib/jsdom/living/events/EventTarget-impl.js:341:9)
      at invokeEventListeners (node_modules/jsdom/lib/jsdom/living/events/EventTarget-impl.js:274:3)
      at HTMLUnknownElementImpl._dispatch (node_modules/jsdom/lib/jsdom/living/events/EventTarget-impl.js:221:9)
      at HTMLUnknownElementImpl.dispatchEvent (node_modules/jsdom/lib/jsdom/living/events/EventTarget-impl.js:94:17)
      at HTMLUnknownElement.dispatchEvent (node_modules/jsdom/lib/jsdom/living/generated/EventTarget.js:231:34)
      at Object.invokeGuardedCallbackDev (node_modules/react-dom/cjs/react-dom.development.js:4213:16)
      at invokeGuardedCallback (node_modules/react-dom/cjs/react-dom.development.js:4277:31)
      at beginWork$1 (node_modules/react-dom/cjs/react-dom.development.js:27451:7)
      at performUnitOfWork (node_modules/react-dom/cjs/react-dom.development.js:26560:12)
      at workLoopSync (node_modules/react-dom/cjs/react-dom.development.js:26466:5)
      at renderRootSync (node_modules/react-dom/cjs/react-dom.development.js:26434:7)
      at performConcurrentWorkOnRoot (node_modules/react-dom/cjs/react-dom.development.js:25738:74)
      at flushActQueue (node_modules/react/cjs/react.development.js:2667:24)
      at act (node_modules/react/cjs/react.development.js:2582:11)
      at node_modules/@testing-library/react/dist/act-compat.js:46:25
      at renderRoot (node_modules/@testing-library/react/dist/pure.js:161:26)
      at render (node_modules/@testing-library/react/dist/pure.js:247:10)
      at setup (src/Questions/Age/_tests_/age.test.js:43:33)
      at Object.<anonymous> (src/Questions/Age/_tests_/age.test.js:53:28)

    console.error
      Error: Uncaught [TypeError: Cannot read properties of undefined (reading 'errors')]
          at reportException (/Users/pabloelisseo/repos/one-beyond/csm/react-form-builder/node_modules/jsdom/lib/jsdom/living/helpers/runtime-script-errors.js:66:24)
          at innerInvokeEventListeners (/Users/pabloelisseo/repos/one-beyond/csm/react-form-builder/node_modules/jsdom/lib/jsdom/living/events/EventTarget-impl.js:341:9)
          at invokeEventListeners (/Users/pabloelisseo/repos/one-beyond/csm/react-form-builder/node_modules/jsdom/lib/jsdom/living/events/EventTarget-impl.js:274:3)
          at HTMLUnknownElementImpl._dispatch (/Users/pabloelisseo/repos/one-beyond/csm/react-form-builder/node_modules/jsdom/lib/jsdom/living/events/EventTarget-impl.js:221:9)
          at HTMLUnknownElementImpl.dispatchEvent (/Users/pabloelisseo/repos/one-beyond/csm/react-form-builder/node_modules/jsdom/lib/jsdom/living/events/EventTarget-impl.js:94:17)
          at HTMLUnknownElement.dispatchEvent (/Users/pabloelisseo/repos/one-beyond/csm/react-form-builder/node_modules/jsdom/lib/jsdom/living/generated/EventTarget.js:231:34)
          at Object.invokeGuardedCallbackDev (/Users/pabloelisseo/repos/one-beyond/csm/react-form-builder/node_modules/react-dom/cjs/react-dom.development.js:4213:16)
          at invokeGuardedCallback (/Users/pabloelisseo/repos/one-beyond/csm/react-form-builder/node_modules/react-dom/cjs/react-dom.development.js:4277:31)
          at beginWork$1 (/Users/pabloelisseo/repos/one-beyond/csm/react-form-builder/node_modules/react-dom/cjs/react-dom.development.js:27451:7)
          at performUnitOfWork (/Users/pabloelisseo/repos/one-beyond/csm/react-form-builder/node_modules/react-dom/cjs/react-dom.development.js:26560:12)
          at workLoopSync (/Users/pabloelisseo/repos/one-beyond/csm/react-form-builder/node_modules/react-dom/cjs/react-dom.development.js:26466:5)
          at renderRootSync (/Users/pabloelisseo/repos/one-beyond/csm/react-form-builder/node_modules/react-dom/cjs/react-dom.development.js:26434:7)
          at recoverFromConcurrentError (/Users/pabloelisseo/repos/one-beyond/csm/react-form-builder/node_modules/react-dom/cjs/react-dom.development.js:25850:20)
          at performConcurrentWorkOnRoot (/Users/pabloelisseo/repos/one-beyond/csm/react-form-builder/node_modules/react-dom/cjs/react-dom.development.js:25750:22)
          at flushActQueue (/Users/pabloelisseo/repos/one-beyond/csm/react-form-builder/node_modules/react/cjs/react.development.js:2667:24)
          at act (/Users/pabloelisseo/repos/one-beyond/csm/react-form-builder/node_modules/react/cjs/react.development.js:2582:11)
          at /Users/pabloelisseo/repos/one-beyond/csm/react-form-builder/node_modules/@testing-library/react/dist/act-compat.js:46:25
          at renderRoot (/Users/pabloelisseo/repos/one-beyond/csm/react-form-builder/node_modules/@testing-library/react/dist/pure.js:161:26)
          at render (/Users/pabloelisseo/repos/one-beyond/csm/react-form-builder/node_modules/@testing-library/react/dist/pure.js:247:10)
          at setup (/Users/pabloelisseo/repos/one-beyond/csm/react-form-builder/src/Questions/Age/_tests_/age.test.js:43:33)
          at Object.<anonymous> (/Users/pabloelisseo/repos/one-beyond/csm/react-form-builder/src/Questions/Age/_tests_/age.test.js:53:28)
          at Promise.then.completed (/Users/pabloelisseo/repos/one-beyond/csm/react-form-builder/node_modules/jest-circus/build/utils.js:391:28)
          at new Promise (<anonymous>)
          at callAsyncCircusFn (/Users/pabloelisseo/repos/one-beyond/csm/react-form-builder/node_modules/jest-circus/build/utils.js:316:10)
          at _callCircusTest (/Users/pabloelisseo/repos/one-beyond/csm/react-form-builder/node_modules/jest-circus/build/run.js:218:40)
          at processTicksAndRejections (node:internal/process/task_queues:95:5)
          at _runTest (/Users/pabloelisseo/repos/one-beyond/csm/react-form-builder/node_modules/jest-circus/build/run.js:155:3)
          at _runTestsForDescribeBlock (/Users/pabloelisseo/repos/one-beyond/csm/react-form-builder/node_modules/jest-circus/build/run.js:66:9)
          at run (/Users/pabloelisseo/repos/one-beyond/csm/react-form-builder/node_modules/jest-circus/build/run.js:25:3)
          at runAndTransformResultsToJestFormat (/Users/pabloelisseo/repos/one-beyond/csm/react-form-builder/node_modules/jest-circus/build/legacy-code-todo-rewrite/jestAdapterInit.js:170:21)
          at jestAdapter (/Users/pabloelisseo/repos/one-beyond/csm/react-form-builder/node_modules/jest-circus/build/legacy-code-todo-rewrite/jestAdapter.js:82:19)
          at runTestInternal (/Users/pabloelisseo/repos/one-beyond/csm/react-form-builder/node_modules/jest-runner/build/runTest.js:389:16)
          at runTest (/Users/pabloelisseo/repos/one-beyond/csm/react-form-builder/node_modules/jest-runner/build/runTest.js:475:34)
          at Object.worker (/Users/pabloelisseo/repos/one-beyond/csm/react-form-builder/node_modules/jest-runner/build/testWorker.js:133:12) TypeError: Cannot read properties of undefined (reading 'errors')
          at QuestionAge (/Users/pabloelisseo/repos/one-beyond/csm/react-form-builder/src/Questions/Age/index.js:11:18)
          at renderWithHooks (/Users/pabloelisseo/repos/one-beyond/csm/react-form-builder/node_modules/react-dom/cjs/react-dom.development.js:16305:18)
          at mountIndeterminateComponent (/Users/pabloelisseo/repos/one-beyond/csm/react-form-builder/node_modules/react-dom/cjs/react-dom.development.js:20074:13)
          at beginWork (/Users/pabloelisseo/repos/one-beyond/csm/react-form-builder/node_modules/react-dom/cjs/react-dom.development.js:21587:16)
          at HTMLUnknownElement.callCallback (/Users/pabloelisseo/repos/one-beyond/csm/react-form-builder/node_modules/react-dom/cjs/react-dom.development.js:4164:14)
          at HTMLUnknownElement.callTheUserObjectsOperation (/Users/pabloelisseo/repos/one-beyond/csm/react-form-builder/node_modules/jsdom/lib/jsdom/living/generated/EventListener.js:26:30)
          at innerInvokeEventListeners (/Users/pabloelisseo/repos/one-beyond/csm/react-form-builder/node_modules/jsdom/lib/jsdom/living/events/EventTarget-impl.js:338:25)
          at invokeEventListeners (/Users/pabloelisseo/repos/one-beyond/csm/react-form-builder/node_modules/jsdom/lib/jsdom/living/events/EventTarget-impl.js:274:3)
          at HTMLUnknownElementImpl._dispatch (/Users/pabloelisseo/repos/one-beyond/csm/react-form-builder/node_modules/jsdom/lib/jsdom/living/events/EventTarget-impl.js:221:9)
          at HTMLUnknownElementImpl.dispatchEvent (/Users/pabloelisseo/repos/one-beyond/csm/react-form-builder/node_modules/jsdom/lib/jsdom/living/events/EventTarget-impl.js:94:17)
          at HTMLUnknownElement.dispatchEvent (/Users/pabloelisseo/repos/one-beyond/csm/react-form-builder/node_modules/jsdom/lib/jsdom/living/generated/EventTarget.js:231:34)
          at Object.invokeGuardedCallbackDev (/Users/pabloelisseo/repos/one-beyond/csm/react-form-builder/node_modules/react-dom/cjs/react-dom.development.js:4213:16)
          at invokeGuardedCallback (/Users/pabloelisseo/repos/one-beyond/csm/react-form-builder/node_modules/react-dom/cjs/react-dom.development.js:4277:31)
          at beginWork$1 (/Users/pabloelisseo/repos/one-beyond/csm/react-form-builder/node_modules/react-dom/cjs/react-dom.development.js:27451:7)
          at performUnitOfWork (/Users/pabloelisseo/repos/one-beyond/csm/react-form-builder/node_modules/react-dom/cjs/react-dom.development.js:26560:12)
          at workLoopSync (/Users/pabloelisseo/repos/one-beyond/csm/react-form-builder/node_modules/react-dom/cjs/react-dom.development.js:26466:5)
          at renderRootSync (/Users/pabloelisseo/repos/one-beyond/csm/react-form-builder/node_modules/react-dom/cjs/react-dom.development.js:26434:7)
          at recoverFromConcurrentError (/Users/pabloelisseo/repos/one-beyond/csm/react-form-builder/node_modules/react-dom/cjs/react-dom.development.js:25850:20)
          at performConcurrentWorkOnRoot (/Users/pabloelisseo/repos/one-beyond/csm/react-form-builder/node_modules/react-dom/cjs/react-dom.development.js:25750:22)
          at flushActQueue (/Users/pabloelisseo/repos/one-beyond/csm/react-form-builder/node_modules/react/cjs/react.development.js:2667:24)
          at act (/Users/pabloelisseo/repos/one-beyond/csm/react-form-builder/node_modules/react/cjs/react.development.js:2582:11)
          at /Users/pabloelisseo/repos/one-beyond/csm/react-form-builder/node_modules/@testing-library/react/dist/act-compat.js:46:25
          at renderRoot (/Users/pabloelisseo/repos/one-beyond/csm/react-form-builder/node_modules/@testing-library/react/dist/pure.js:161:26)
          at render (/Users/pabloelisseo/repos/one-beyond/csm/react-form-builder/node_modules/@testing-library/react/dist/pure.js:247:10)
          at setup (/Users/pabloelisseo/repos/one-beyond/csm/react-form-builder/src/Questions/Age/_tests_/age.test.js:43:33)
          at Object.<anonymous> (/Users/pabloelisseo/repos/one-beyond/csm/react-form-builder/src/Questions/Age/_tests_/age.test.js:53:28)
          at Promise.then.completed (/Users/pabloelisseo/repos/one-beyond/csm/react-form-builder/node_modules/jest-circus/build/utils.js:391:28)
          at new Promise (<anonymous>)
          at callAsyncCircusFn (/Users/pabloelisseo/repos/one-beyond/csm/react-form-builder/node_modules/jest-circus/build/utils.js:316:10)
          at _callCircusTest (/Users/pabloelisseo/repos/one-beyond/csm/react-form-builder/node_modules/jest-circus/build/run.js:218:40)
          at processTicksAndRejections (node:internal/process/task_queues:95:5)
          at _runTest (/Users/pabloelisseo/repos/one-beyond/csm/react-form-builder/node_modules/jest-circus/build/run.js:155:3)
          at _runTestsForDescribeBlock (/Users/pabloelisseo/repos/one-beyond/csm/react-form-builder/node_modules/jest-circus/build/run.js:66:9)
          at run (/Users/pabloelisseo/repos/one-beyond/csm/react-form-builder/node_modules/jest-circus/build/run.js:25:3)
          at runAndTransformResultsToJestFormat (/Users/pabloelisseo/repos/one-beyond/csm/react-form-builder/node_modules/jest-circus/build/legacy-code-todo-rewrite/jestAdapterInit.js:170:21)
          at jestAdapter (/Users/pabloelisseo/repos/one-beyond/csm/react-form-builder/node_modules/jest-circus/build/legacy-code-todo-rewrite/jestAdapter.js:82:19)
          at runTestInternal (/Users/pabloelisseo/repos/one-beyond/csm/react-form-builder/node_modules/jest-runner/build/runTest.js:389:16)
          at runTest (/Users/pabloelisseo/repos/one-beyond/csm/react-form-builder/node_modules/jest-runner/build/runTest.js:475:34)
          at Object.worker (/Users/pabloelisseo/repos/one-beyond/csm/react-form-builder/node_modules/jest-runner/build/testWorker.js:133:12)

      41 |
      42 | const setup = () => {
    > 43 |   const renderComponent = render(
         |                                 ^
      44 |     <QuestionAge question={question} useForm={useForm} />
      45 |   )
      46 |   const ageComponent = renderComponent.getByTestId('question-age')

      at VirtualConsole.<anonymous> (node_modules/jsdom/lib/jsdom/virtual-console.js:29:45)
      at reportException (node_modules/jsdom/lib/jsdom/living/helpers/runtime-script-errors.js:70:28)
      at innerInvokeEventListeners (node_modules/jsdom/lib/jsdom/living/events/EventTarget-impl.js:341:9)
      at invokeEventListeners (node_modules/jsdom/lib/jsdom/living/events/EventTarget-impl.js:274:3)
      at HTMLUnknownElementImpl._dispatch (node_modules/jsdom/lib/jsdom/living/events/EventTarget-impl.js:221:9)
      at HTMLUnknownElementImpl.dispatchEvent (node_modules/jsdom/lib/jsdom/living/events/EventTarget-impl.js:94:17)
      at HTMLUnknownElement.dispatchEvent (node_modules/jsdom/lib/jsdom/living/generated/EventTarget.js:231:34)
      at Object.invokeGuardedCallbackDev (node_modules/react-dom/cjs/react-dom.development.js:4213:16)
      at invokeGuardedCallback (node_modules/react-dom/cjs/react-dom.development.js:4277:31)
      at beginWork$1 (node_modules/react-dom/cjs/react-dom.development.js:27451:7)
      at performUnitOfWork (node_modules/react-dom/cjs/react-dom.development.js:26560:12)
      at workLoopSync (node_modules/react-dom/cjs/react-dom.development.js:26466:5)
      at renderRootSync (node_modules/react-dom/cjs/react-dom.development.js:26434:7)
      at recoverFromConcurrentError (node_modules/react-dom/cjs/react-dom.development.js:25850:20)
      at performConcurrentWorkOnRoot (node_modules/react-dom/cjs/react-dom.development.js:25750:22)
      at flushActQueue (node_modules/react/cjs/react.development.js:2667:24)
      at act (node_modules/react/cjs/react.development.js:2582:11)
      at node_modules/@testing-library/react/dist/act-compat.js:46:25
      at renderRoot (node_modules/@testing-library/react/dist/pure.js:161:26)
      at render (node_modules/@testing-library/react/dist/pure.js:247:10)
      at setup (src/Questions/Age/_tests_/age.test.js:43:33)
      at Object.<anonymous> (src/Questions/Age/_tests_/age.test.js:53:28)

    console.error
      The above error occurred in the <QuestionAge> component:
      
          at QuestionAge (/Users/pabloelisseo/repos/one-beyond/csm/react-form-builder/src/Questions/Age/index.js:9:24)
      
      Consider adding an error boundary to your tree to customize error handling behavior.
      Visit https://reactjs.org/link/error-boundaries to learn more about error boundaries.

      41 |
      42 | const setup = () => {
    > 43 |   const renderComponent = render(
         |                                 ^
      44 |     <QuestionAge question={question} useForm={useForm} />
      45 |   )
      46 |   const ageComponent = renderComponent.getByTestId('question-age')

      at logCapturedError (node_modules/react-dom/cjs/react-dom.development.js:18687:23)
      at update.callback (node_modules/react-dom/cjs/react-dom.development.js:18720:5)
      at callCallback (node_modules/react-dom/cjs/react-dom.development.js:13923:12)
      at commitUpdateQueue (node_modules/react-dom/cjs/react-dom.development.js:13944:9)
      at commitLayoutEffectOnFiber (node_modules/react-dom/cjs/react-dom.development.js:23391:13)
      at commitLayoutMountEffects_complete (node_modules/react-dom/cjs/react-dom.development.js:24688:9)
      at commitLayoutEffects_begin (node_modules/react-dom/cjs/react-dom.development.js:24674:7)
      at commitLayoutEffects (node_modules/react-dom/cjs/react-dom.development.js:24612:3)
      at commitRootImpl (node_modules/react-dom/cjs/react-dom.development.js:26823:5)
      at commitRoot (node_modules/react-dom/cjs/react-dom.development.js:26682:5)
      at finishConcurrentRender (node_modules/react-dom/cjs/react-dom.development.js:25892:9)
      at performConcurrentWorkOnRoot (node_modules/react-dom/cjs/react-dom.development.js:25809:7)
      at flushActQueue (node_modules/react/cjs/react.development.js:2667:24)
      at act (node_modules/react/cjs/react.development.js:2582:11)
      at node_modules/@testing-library/react/dist/act-compat.js:46:25
      at renderRoot (node_modules/@testing-library/react/dist/pure.js:161:26)
      at render (node_modules/@testing-library/react/dist/pure.js:247:10)
      at setup (src/Questions/Age/_tests_/age.test.js:43:33)
      at Object.<anonymous> (src/Questions/Age/_tests_/age.test.js:53:28)

    console.error
      Error: Uncaught [TypeError: Cannot read properties of undefined (reading 'errors')]
          at reportException (/Users/pabloelisseo/repos/one-beyond/csm/react-form-builder/node_modules/jsdom/lib/jsdom/living/helpers/runtime-script-errors.js:66:24)
          at innerInvokeEventListeners (/Users/pabloelisseo/repos/one-beyond/csm/react-form-builder/node_modules/jsdom/lib/jsdom/living/events/EventTarget-impl.js:341:9)
          at invokeEventListeners (/Users/pabloelisseo/repos/one-beyond/csm/react-form-builder/node_modules/jsdom/lib/jsdom/living/events/EventTarget-impl.js:274:3)
          at HTMLUnknownElementImpl._dispatch (/Users/pabloelisseo/repos/one-beyond/csm/react-form-builder/node_modules/jsdom/lib/jsdom/living/events/EventTarget-impl.js:221:9)
          at HTMLUnknownElementImpl.dispatchEvent (/Users/pabloelisseo/repos/one-beyond/csm/react-form-builder/node_modules/jsdom/lib/jsdom/living/events/EventTarget-impl.js:94:17)
          at HTMLUnknownElement.dispatchEvent (/Users/pabloelisseo/repos/one-beyond/csm/react-form-builder/node_modules/jsdom/lib/jsdom/living/generated/EventTarget.js:231:34)
          at Object.invokeGuardedCallbackDev (/Users/pabloelisseo/repos/one-beyond/csm/react-form-builder/node_modules/react-dom/cjs/react-dom.development.js:4213:16)
          at invokeGuardedCallback (/Users/pabloelisseo/repos/one-beyond/csm/react-form-builder/node_modules/react-dom/cjs/react-dom.development.js:4277:31)
          at beginWork$1 (/Users/pabloelisseo/repos/one-beyond/csm/react-form-builder/node_modules/react-dom/cjs/react-dom.development.js:27451:7)
          at performUnitOfWork (/Users/pabloelisseo/repos/one-beyond/csm/react-form-builder/node_modules/react-dom/cjs/react-dom.development.js:26560:12)
          at workLoopSync (/Users/pabloelisseo/repos/one-beyond/csm/react-form-builder/node_modules/react-dom/cjs/react-dom.development.js:26466:5)
          at renderRootSync (/Users/pabloelisseo/repos/one-beyond/csm/react-form-builder/node_modules/react-dom/cjs/react-dom.development.js:26434:7)
          at performConcurrentWorkOnRoot (/Users/pabloelisseo/repos/one-beyond/csm/react-form-builder/node_modules/react-dom/cjs/react-dom.development.js:25738:74)
          at flushActQueue (/Users/pabloelisseo/repos/one-beyond/csm/react-form-builder/node_modules/react/cjs/react.development.js:2667:24)
          at act (/Users/pabloelisseo/repos/one-beyond/csm/react-form-builder/node_modules/react/cjs/react.development.js:2582:11)
          at /Users/pabloelisseo/repos/one-beyond/csm/react-form-builder/node_modules/@testing-library/react/dist/act-compat.js:46:25
          at renderRoot (/Users/pabloelisseo/repos/one-beyond/csm/react-form-builder/node_modules/@testing-library/react/dist/pure.js:161:26)
          at render (/Users/pabloelisseo/repos/one-beyond/csm/react-form-builder/node_modules/@testing-library/react/dist/pure.js:247:10)
          at setup (/Users/pabloelisseo/repos/one-beyond/csm/react-form-builder/src/Questions/Age/_tests_/age.test.js:43:33)
          at Object.<anonymous> (/Users/pabloelisseo/repos/one-beyond/csm/react-form-builder/src/Questions/Age/_tests_/age.test.js:58:28)
          at Promise.then.completed (/Users/pabloelisseo/repos/one-beyond/csm/react-form-builder/node_modules/jest-circus/build/utils.js:391:28)
          at new Promise (<anonymous>)
          at callAsyncCircusFn (/Users/pabloelisseo/repos/one-beyond/csm/react-form-builder/node_modules/jest-circus/build/utils.js:316:10)
          at _callCircusTest (/Users/pabloelisseo/repos/one-beyond/csm/react-form-builder/node_modules/jest-circus/build/run.js:218:40)
          at processTicksAndRejections (node:internal/process/task_queues:95:5)
          at _runTest (/Users/pabloelisseo/repos/one-beyond/csm/react-form-builder/node_modules/jest-circus/build/run.js:155:3)
          at _runTestsForDescribeBlock (/Users/pabloelisseo/repos/one-beyond/csm/react-form-builder/node_modules/jest-circus/build/run.js:66:9)
          at run (/Users/pabloelisseo/repos/one-beyond/csm/react-form-builder/node_modules/jest-circus/build/run.js:25:3)
          at runAndTransformResultsToJestFormat (/Users/pabloelisseo/repos/one-beyond/csm/react-form-builder/node_modules/jest-circus/build/legacy-code-todo-rewrite/jestAdapterInit.js:170:21)
          at jestAdapter (/Users/pabloelisseo/repos/one-beyond/csm/react-form-builder/node_modules/jest-circus/build/legacy-code-todo-rewrite/jestAdapter.js:82:19)
          at runTestInternal (/Users/pabloelisseo/repos/one-beyond/csm/react-form-builder/node_modules/jest-runner/build/runTest.js:389:16)
          at runTest (/Users/pabloelisseo/repos/one-beyond/csm/react-form-builder/node_modules/jest-runner/build/runTest.js:475:34)
          at Object.worker (/Users/pabloelisseo/repos/one-beyond/csm/react-form-builder/node_modules/jest-runner/build/testWorker.js:133:12) TypeError: Cannot read properties of undefined (reading 'errors')
          at QuestionAge (/Users/pabloelisseo/repos/one-beyond/csm/react-form-builder/src/Questions/Age/index.js:11:18)
          at renderWithHooks (/Users/pabloelisseo/repos/one-beyond/csm/react-form-builder/node_modules/react-dom/cjs/react-dom.development.js:16305:18)
          at mountIndeterminateComponent (/Users/pabloelisseo/repos/one-beyond/csm/react-form-builder/node_modules/react-dom/cjs/react-dom.development.js:20074:13)
          at beginWork (/Users/pabloelisseo/repos/one-beyond/csm/react-form-builder/node_modules/react-dom/cjs/react-dom.development.js:21587:16)
          at HTMLUnknownElement.callCallback (/Users/pabloelisseo/repos/one-beyond/csm/react-form-builder/node_modules/react-dom/cjs/react-dom.development.js:4164:14)
          at HTMLUnknownElement.callTheUserObjectsOperation (/Users/pabloelisseo/repos/one-beyond/csm/react-form-builder/node_modules/jsdom/lib/jsdom/living/generated/EventListener.js:26:30)
          at innerInvokeEventListeners (/Users/pabloelisseo/repos/one-beyond/csm/react-form-builder/node_modules/jsdom/lib/jsdom/living/events/EventTarget-impl.js:338:25)
          at invokeEventListeners (/Users/pabloelisseo/repos/one-beyond/csm/react-form-builder/node_modules/jsdom/lib/jsdom/living/events/EventTarget-impl.js:274:3)
          at HTMLUnknownElementImpl._dispatch (/Users/pabloelisseo/repos/one-beyond/csm/react-form-builder/node_modules/jsdom/lib/jsdom/living/events/EventTarget-impl.js:221:9)
          at HTMLUnknownElementImpl.dispatchEvent (/Users/pabloelisseo/repos/one-beyond/csm/react-form-builder/node_modules/jsdom/lib/jsdom/living/events/EventTarget-impl.js:94:17)
          at HTMLUnknownElement.dispatchEvent (/Users/pabloelisseo/repos/one-beyond/csm/react-form-builder/node_modules/jsdom/lib/jsdom/living/generated/EventTarget.js:231:34)
          at Object.invokeGuardedCallbackDev (/Users/pabloelisseo/repos/one-beyond/csm/react-form-builder/node_modules/react-dom/cjs/react-dom.development.js:4213:16)
          at invokeGuardedCallback (/Users/pabloelisseo/repos/one-beyond/csm/react-form-builder/node_modules/react-dom/cjs/react-dom.development.js:4277:31)
          at beginWork$1 (/Users/pabloelisseo/repos/one-beyond/csm/react-form-builder/node_modules/react-dom/cjs/react-dom.development.js:27451:7)
          at performUnitOfWork (/Users/pabloelisseo/repos/one-beyond/csm/react-form-builder/node_modules/react-dom/cjs/react-dom.development.js:26560:12)
          at workLoopSync (/Users/pabloelisseo/repos/one-beyond/csm/react-form-builder/node_modules/react-dom/cjs/react-dom.development.js:26466:5)
          at renderRootSync (/Users/pabloelisseo/repos/one-beyond/csm/react-form-builder/node_modules/react-dom/cjs/react-dom.development.js:26434:7)
          at performConcurrentWorkOnRoot (/Users/pabloelisseo/repos/one-beyond/csm/react-form-builder/node_modules/react-dom/cjs/react-dom.development.js:25738:74)
          at flushActQueue (/Users/pabloelisseo/repos/one-beyond/csm/react-form-builder/node_modules/react/cjs/react.development.js:2667:24)
          at act (/Users/pabloelisseo/repos/one-beyond/csm/react-form-builder/node_modules/react/cjs/react.development.js:2582:11)
          at /Users/pabloelisseo/repos/one-beyond/csm/react-form-builder/node_modules/@testing-library/react/dist/act-compat.js:46:25
          at renderRoot (/Users/pabloelisseo/repos/one-beyond/csm/react-form-builder/node_modules/@testing-library/react/dist/pure.js:161:26)
          at render (/Users/pabloelisseo/repos/one-beyond/csm/react-form-builder/node_modules/@testing-library/react/dist/pure.js:247:10)
          at setup (/Users/pabloelisseo/repos/one-beyond/csm/react-form-builder/src/Questions/Age/_tests_/age.test.js:43:33)
          at Object.<anonymous> (/Users/pabloelisseo/repos/one-beyond/csm/react-form-builder/src/Questions/Age/_tests_/age.test.js:58:28)
          at Promise.then.completed (/Users/pabloelisseo/repos/one-beyond/csm/react-form-builder/node_modules/jest-circus/build/utils.js:391:28)
          at new Promise (<anonymous>)
          at callAsyncCircusFn (/Users/pabloelisseo/repos/one-beyond/csm/react-form-builder/node_modules/jest-circus/build/utils.js:316:10)
          at _callCircusTest (/Users/pabloelisseo/repos/one-beyond/csm/react-form-builder/node_modules/jest-circus/build/run.js:218:40)
          at processTicksAndRejections (node:internal/process/task_queues:95:5)
          at _runTest (/Users/pabloelisseo/repos/one-beyond/csm/react-form-builder/node_modules/jest-circus/build/run.js:155:3)
          at _runTestsForDescribeBlock (/Users/pabloelisseo/repos/one-beyond/csm/react-form-builder/node_modules/jest-circus/build/run.js:66:9)
          at run (/Users/pabloelisseo/repos/one-beyond/csm/react-form-builder/node_modules/jest-circus/build/run.js:25:3)
          at runAndTransformResultsToJestFormat (/Users/pabloelisseo/repos/one-beyond/csm/react-form-builder/node_modules/jest-circus/build/legacy-code-todo-rewrite/jestAdapterInit.js:170:21)
          at jestAdapter (/Users/pabloelisseo/repos/one-beyond/csm/react-form-builder/node_modules/jest-circus/build/legacy-code-todo-rewrite/jestAdapter.js:82:19)
          at runTestInternal (/Users/pabloelisseo/repos/one-beyond/csm/react-form-builder/node_modules/jest-runner/build/runTest.js:389:16)
          at runTest (/Users/pabloelisseo/repos/one-beyond/csm/react-form-builder/node_modules/jest-runner/build/runTest.js:475:34)
          at Object.worker (/Users/pabloelisseo/repos/one-beyond/csm/react-form-builder/node_modules/jest-runner/build/testWorker.js:133:12)

      41 |
      42 | const setup = () => {
    > 43 |   const renderComponent = render(
         |                                 ^
      44 |     <QuestionAge question={question} useForm={useForm} />
      45 |   )
      46 |   const ageComponent = renderComponent.getByTestId('question-age')

      at VirtualConsole.<anonymous> (node_modules/jsdom/lib/jsdom/virtual-console.js:29:45)
      at reportException (node_modules/jsdom/lib/jsdom/living/helpers/runtime-script-errors.js:70:28)
      at innerInvokeEventListeners (node_modules/jsdom/lib/jsdom/living/events/EventTarget-impl.js:341:9)
      at invokeEventListeners (node_modules/jsdom/lib/jsdom/living/events/EventTarget-impl.js:274:3)
      at HTMLUnknownElementImpl._dispatch (node_modules/jsdom/lib/jsdom/living/events/EventTarget-impl.js:221:9)
      at HTMLUnknownElementImpl.dispatchEvent (node_modules/jsdom/lib/jsdom/living/events/EventTarget-impl.js:94:17)
      at HTMLUnknownElement.dispatchEvent (node_modules/jsdom/lib/jsdom/living/generated/EventTarget.js:231:34)
      at Object.invokeGuardedCallbackDev (node_modules/react-dom/cjs/react-dom.development.js:4213:16)
      at invokeGuardedCallback (node_modules/react-dom/cjs/react-dom.development.js:4277:31)
      at beginWork$1 (node_modules/react-dom/cjs/react-dom.development.js:27451:7)
      at performUnitOfWork (node_modules/react-dom/cjs/react-dom.development.js:26560:12)
      at workLoopSync (node_modules/react-dom/cjs/react-dom.development.js:26466:5)
      at renderRootSync (node_modules/react-dom/cjs/react-dom.development.js:26434:7)
      at performConcurrentWorkOnRoot (node_modules/react-dom/cjs/react-dom.development.js:25738:74)
      at flushActQueue (node_modules/react/cjs/react.development.js:2667:24)
      at act (node_modules/react/cjs/react.development.js:2582:11)
      at node_modules/@testing-library/react/dist/act-compat.js:46:25
      at renderRoot (node_modules/@testing-library/react/dist/pure.js:161:26)
      at render (node_modules/@testing-library/react/dist/pure.js:247:10)
      at setup (src/Questions/Age/_tests_/age.test.js:43:33)
      at Object.<anonymous> (src/Questions/Age/_tests_/age.test.js:58:28)

    console.error
      Error: Uncaught [TypeError: Cannot read properties of undefined (reading 'errors')]
          at reportException (/Users/pabloelisseo/repos/one-beyond/csm/react-form-builder/node_modules/jsdom/lib/jsdom/living/helpers/runtime-script-errors.js:66:24)
          at innerInvokeEventListeners (/Users/pabloelisseo/repos/one-beyond/csm/react-form-builder/node_modules/jsdom/lib/jsdom/living/events/EventTarget-impl.js:341:9)
          at invokeEventListeners (/Users/pabloelisseo/repos/one-beyond/csm/react-form-builder/node_modules/jsdom/lib/jsdom/living/events/EventTarget-impl.js:274:3)
          at HTMLUnknownElementImpl._dispatch (/Users/pabloelisseo/repos/one-beyond/csm/react-form-builder/node_modules/jsdom/lib/jsdom/living/events/EventTarget-impl.js:221:9)
          at HTMLUnknownElementImpl.dispatchEvent (/Users/pabloelisseo/repos/one-beyond/csm/react-form-builder/node_modules/jsdom/lib/jsdom/living/events/EventTarget-impl.js:94:17)
          at HTMLUnknownElement.dispatchEvent (/Users/pabloelisseo/repos/one-beyond/csm/react-form-builder/node_modules/jsdom/lib/jsdom/living/generated/EventTarget.js:231:34)
          at Object.invokeGuardedCallbackDev (/Users/pabloelisseo/repos/one-beyond/csm/react-form-builder/node_modules/react-dom/cjs/react-dom.development.js:4213:16)
          at invokeGuardedCallback (/Users/pabloelisseo/repos/one-beyond/csm/react-form-builder/node_modules/react-dom/cjs/react-dom.development.js:4277:31)
          at beginWork$1 (/Users/pabloelisseo/repos/one-beyond/csm/react-form-builder/node_modules/react-dom/cjs/react-dom.development.js:27451:7)
          at performUnitOfWork (/Users/pabloelisseo/repos/one-beyond/csm/react-form-builder/node_modules/react-dom/cjs/react-dom.development.js:26560:12)
          at workLoopSync (/Users/pabloelisseo/repos/one-beyond/csm/react-form-builder/node_modules/react-dom/cjs/react-dom.development.js:26466:5)
          at renderRootSync (/Users/pabloelisseo/repos/one-beyond/csm/react-form-builder/node_modules/react-dom/cjs/react-dom.development.js:26434:7)
          at recoverFromConcurrentError (/Users/pabloelisseo/repos/one-beyond/csm/react-form-builder/node_modules/react-dom/cjs/react-dom.development.js:25850:20)
          at performConcurrentWorkOnRoot (/Users/pabloelisseo/repos/one-beyond/csm/react-form-builder/node_modules/react-dom/cjs/react-dom.development.js:25750:22)
          at flushActQueue (/Users/pabloelisseo/repos/one-beyond/csm/react-form-builder/node_modules/react/cjs/react.development.js:2667:24)
          at act (/Users/pabloelisseo/repos/one-beyond/csm/react-form-builder/node_modules/react/cjs/react.development.js:2582:11)
          at /Users/pabloelisseo/repos/one-beyond/csm/react-form-builder/node_modules/@testing-library/react/dist/act-compat.js:46:25
          at renderRoot (/Users/pabloelisseo/repos/one-beyond/csm/react-form-builder/node_modules/@testing-library/react/dist/pure.js:161:26)
          at render (/Users/pabloelisseo/repos/one-beyond/csm/react-form-builder/node_modules/@testing-library/react/dist/pure.js:247:10)
          at setup (/Users/pabloelisseo/repos/one-beyond/csm/react-form-builder/src/Questions/Age/_tests_/age.test.js:43:33)
          at Object.<anonymous> (/Users/pabloelisseo/repos/one-beyond/csm/react-form-builder/src/Questions/Age/_tests_/age.test.js:58:28)
          at Promise.then.completed (/Users/pabloelisseo/repos/one-beyond/csm/react-form-builder/node_modules/jest-circus/build/utils.js:391:28)
          at new Promise (<anonymous>)
          at callAsyncCircusFn (/Users/pabloelisseo/repos/one-beyond/csm/react-form-builder/node_modules/jest-circus/build/utils.js:316:10)
          at _callCircusTest (/Users/pabloelisseo/repos/one-beyond/csm/react-form-builder/node_modules/jest-circus/build/run.js:218:40)
          at processTicksAndRejections (node:internal/process/task_queues:95:5)
          at _runTest (/Users/pabloelisseo/repos/one-beyond/csm/react-form-builder/node_modules/jest-circus/build/run.js:155:3)
          at _runTestsForDescribeBlock (/Users/pabloelisseo/repos/one-beyond/csm/react-form-builder/node_modules/jest-circus/build/run.js:66:9)
          at run (/Users/pabloelisseo/repos/one-beyond/csm/react-form-builder/node_modules/jest-circus/build/run.js:25:3)
          at runAndTransformResultsToJestFormat (/Users/pabloelisseo/repos/one-beyond/csm/react-form-builder/node_modules/jest-circus/build/legacy-code-todo-rewrite/jestAdapterInit.js:170:21)
          at jestAdapter (/Users/pabloelisseo/repos/one-beyond/csm/react-form-builder/node_modules/jest-circus/build/legacy-code-todo-rewrite/jestAdapter.js:82:19)
          at runTestInternal (/Users/pabloelisseo/repos/one-beyond/csm/react-form-builder/node_modules/jest-runner/build/runTest.js:389:16)
          at runTest (/Users/pabloelisseo/repos/one-beyond/csm/react-form-builder/node_modules/jest-runner/build/runTest.js:475:34)
          at Object.worker (/Users/pabloelisseo/repos/one-beyond/csm/react-form-builder/node_modules/jest-runner/build/testWorker.js:133:12) TypeError: Cannot read properties of undefined (reading 'errors')
          at QuestionAge (/Users/pabloelisseo/repos/one-beyond/csm/react-form-builder/src/Questions/Age/index.js:11:18)
          at renderWithHooks (/Users/pabloelisseo/repos/one-beyond/csm/react-form-builder/node_modules/react-dom/cjs/react-dom.development.js:16305:18)
          at mountIndeterminateComponent (/Users/pabloelisseo/repos/one-beyond/csm/react-form-builder/node_modules/react-dom/cjs/react-dom.development.js:20074:13)
          at beginWork (/Users/pabloelisseo/repos/one-beyond/csm/react-form-builder/node_modules/react-dom/cjs/react-dom.development.js:21587:16)
          at HTMLUnknownElement.callCallback (/Users/pabloelisseo/repos/one-beyond/csm/react-form-builder/node_modules/react-dom/cjs/react-dom.development.js:4164:14)
          at HTMLUnknownElement.callTheUserObjectsOperation (/Users/pabloelisseo/repos/one-beyond/csm/react-form-builder/node_modules/jsdom/lib/jsdom/living/generated/EventListener.js:26:30)
          at innerInvokeEventListeners (/Users/pabloelisseo/repos/one-beyond/csm/react-form-builder/node_modules/jsdom/lib/jsdom/living/events/EventTarget-impl.js:338:25)
          at invokeEventListeners (/Users/pabloelisseo/repos/one-beyond/csm/react-form-builder/node_modules/jsdom/lib/jsdom/living/events/EventTarget-impl.js:274:3)
          at HTMLUnknownElementImpl._dispatch (/Users/pabloelisseo/repos/one-beyond/csm/react-form-builder/node_modules/jsdom/lib/jsdom/living/events/EventTarget-impl.js:221:9)
          at HTMLUnknownElementImpl.dispatchEvent (/Users/pabloelisseo/repos/one-beyond/csm/react-form-builder/node_modules/jsdom/lib/jsdom/living/events/EventTarget-impl.js:94:17)
          at HTMLUnknownElement.dispatchEvent (/Users/pabloelisseo/repos/one-beyond/csm/react-form-builder/node_modules/jsdom/lib/jsdom/living/generated/EventTarget.js:231:34)
          at Object.invokeGuardedCallbackDev (/Users/pabloelisseo/repos/one-beyond/csm/react-form-builder/node_modules/react-dom/cjs/react-dom.development.js:4213:16)
          at invokeGuardedCallback (/Users/pabloelisseo/repos/one-beyond/csm/react-form-builder/node_modules/react-dom/cjs/react-dom.development.js:4277:31)
          at beginWork$1 (/Users/pabloelisseo/repos/one-beyond/csm/react-form-builder/node_modules/react-dom/cjs/react-dom.development.js:27451:7)
          at performUnitOfWork (/Users/pabloelisseo/repos/one-beyond/csm/react-form-builder/node_modules/react-dom/cjs/react-dom.development.js:26560:12)
          at workLoopSync (/Users/pabloelisseo/repos/one-beyond/csm/react-form-builder/node_modules/react-dom/cjs/react-dom.development.js:26466:5)
          at renderRootSync (/Users/pabloelisseo/repos/one-beyond/csm/react-form-builder/node_modules/react-dom/cjs/react-dom.development.js:26434:7)
          at recoverFromConcurrentError (/Users/pabloelisseo/repos/one-beyond/csm/react-form-builder/node_modules/react-dom/cjs/react-dom.development.js:25850:20)
          at performConcurrentWorkOnRoot (/Users/pabloelisseo/repos/one-beyond/csm/react-form-builder/node_modules/react-dom/cjs/react-dom.development.js:25750:22)
          at flushActQueue (/Users/pabloelisseo/repos/one-beyond/csm/react-form-builder/node_modules/react/cjs/react.development.js:2667:24)
          at act (/Users/pabloelisseo/repos/one-beyond/csm/react-form-builder/node_modules/react/cjs/react.development.js:2582:11)
          at /Users/pabloelisseo/repos/one-beyond/csm/react-form-builder/node_modules/@testing-library/react/dist/act-compat.js:46:25
          at renderRoot (/Users/pabloelisseo/repos/one-beyond/csm/react-form-builder/node_modules/@testing-library/react/dist/pure.js:161:26)
          at render (/Users/pabloelisseo/repos/one-beyond/csm/react-form-builder/node_modules/@testing-library/react/dist/pure.js:247:10)
          at setup (/Users/pabloelisseo/repos/one-beyond/csm/react-form-builder/src/Questions/Age/_tests_/age.test.js:43:33)
          at Object.<anonymous> (/Users/pabloelisseo/repos/one-beyond/csm/react-form-builder/src/Questions/Age/_tests_/age.test.js:58:28)
          at Promise.then.completed (/Users/pabloelisseo/repos/one-beyond/csm/react-form-builder/node_modules/jest-circus/build/utils.js:391:28)
          at new Promise (<anonymous>)
          at callAsyncCircusFn (/Users/pabloelisseo/repos/one-beyond/csm/react-form-builder/node_modules/jest-circus/build/utils.js:316:10)
          at _callCircusTest (/Users/pabloelisseo/repos/one-beyond/csm/react-form-builder/node_modules/jest-circus/build/run.js:218:40)
          at processTicksAndRejections (node:internal/process/task_queues:95:5)
          at _runTest (/Users/pabloelisseo/repos/one-beyond/csm/react-form-builder/node_modules/jest-circus/build/run.js:155:3)
          at _runTestsForDescribeBlock (/Users/pabloelisseo/repos/one-beyond/csm/react-form-builder/node_modules/jest-circus/build/run.js:66:9)
          at run (/Users/pabloelisseo/repos/one-beyond/csm/react-form-builder/node_modules/jest-circus/build/run.js:25:3)
          at runAndTransformResultsToJestFormat (/Users/pabloelisseo/repos/one-beyond/csm/react-form-builder/node_modules/jest-circus/build/legacy-code-todo-rewrite/jestAdapterInit.js:170:21)
          at jestAdapter (/Users/pabloelisseo/repos/one-beyond/csm/react-form-builder/node_modules/jest-circus/build/legacy-code-todo-rewrite/jestAdapter.js:82:19)
          at runTestInternal (/Users/pabloelisseo/repos/one-beyond/csm/react-form-builder/node_modules/jest-runner/build/runTest.js:389:16)
          at runTest (/Users/pabloelisseo/repos/one-beyond/csm/react-form-builder/node_modules/jest-runner/build/runTest.js:475:34)
          at Object.worker (/Users/pabloelisseo/repos/one-beyond/csm/react-form-builder/node_modules/jest-runner/build/testWorker.js:133:12)

      41 |
      42 | const setup = () => {
    > 43 |   const renderComponent = render(
         |                                 ^
      44 |     <QuestionAge question={question} useForm={useForm} />
      45 |   )
      46 |   const ageComponent = renderComponent.getByTestId('question-age')

      at VirtualConsole.<anonymous> (node_modules/jsdom/lib/jsdom/virtual-console.js:29:45)
      at reportException (node_modules/jsdom/lib/jsdom/living/helpers/runtime-script-errors.js:70:28)
      at innerInvokeEventListeners (node_modules/jsdom/lib/jsdom/living/events/EventTarget-impl.js:341:9)
      at invokeEventListeners (node_modules/jsdom/lib/jsdom/living/events/EventTarget-impl.js:274:3)
      at HTMLUnknownElementImpl._dispatch (node_modules/jsdom/lib/jsdom/living/events/EventTarget-impl.js:221:9)
      at HTMLUnknownElementImpl.dispatchEvent (node_modules/jsdom/lib/jsdom/living/events/EventTarget-impl.js:94:17)
      at HTMLUnknownElement.dispatchEvent (node_modules/jsdom/lib/jsdom/living/generated/EventTarget.js:231:34)
      at Object.invokeGuardedCallbackDev (node_modules/react-dom/cjs/react-dom.development.js:4213:16)
      at invokeGuardedCallback (node_modules/react-dom/cjs/react-dom.development.js:4277:31)
      at beginWork$1 (node_modules/react-dom/cjs/react-dom.development.js:27451:7)
      at performUnitOfWork (node_modules/react-dom/cjs/react-dom.development.js:26560:12)
      at workLoopSync (node_modules/react-dom/cjs/react-dom.development.js:26466:5)
      at renderRootSync (node_modules/react-dom/cjs/react-dom.development.js:26434:7)
      at recoverFromConcurrentError (node_modules/react-dom/cjs/react-dom.development.js:25850:20)
      at performConcurrentWorkOnRoot (node_modules/react-dom/cjs/react-dom.development.js:25750:22)
      at flushActQueue (node_modules/react/cjs/react.development.js:2667:24)
      at act (node_modules/react/cjs/react.development.js:2582:11)
      at node_modules/@testing-library/react/dist/act-compat.js:46:25
      at renderRoot (node_modules/@testing-library/react/dist/pure.js:161:26)
      at render (node_modules/@testing-library/react/dist/pure.js:247:10)
      at setup (src/Questions/Age/_tests_/age.test.js:43:33)
      at Object.<anonymous> (src/Questions/Age/_tests_/age.test.js:58:28)

    console.error
      The above error occurred in the <QuestionAge> component:
      
          at QuestionAge (/Users/pabloelisseo/repos/one-beyond/csm/react-form-builder/src/Questions/Age/index.js:9:24)
      
      Consider adding an error boundary to your tree to customize error handling behavior.
      Visit https://reactjs.org/link/error-boundaries to learn more about error boundaries.

      41 |
      42 | const setup = () => {
    > 43 |   const renderComponent = render(
         |                                 ^
      44 |     <QuestionAge question={question} useForm={useForm} />
      45 |   )
      46 |   const ageComponent = renderComponent.getByTestId('question-age')

      at logCapturedError (node_modules/react-dom/cjs/react-dom.development.js:18687:23)
      at update.callback (node_modules/react-dom/cjs/react-dom.development.js:18720:5)
      at callCallback (node_modules/react-dom/cjs/react-dom.development.js:13923:12)
      at commitUpdateQueue (node_modules/react-dom/cjs/react-dom.development.js:13944:9)
      at commitLayoutEffectOnFiber (node_modules/react-dom/cjs/react-dom.development.js:23391:13)
      at commitLayoutMountEffects_complete (node_modules/react-dom/cjs/react-dom.development.js:24688:9)
      at commitLayoutEffects_begin (node_modules/react-dom/cjs/react-dom.development.js:24674:7)
      at commitLayoutEffects (node_modules/react-dom/cjs/react-dom.development.js:24612:3)
      at commitRootImpl (node_modules/react-dom/cjs/react-dom.development.js:26823:5)
      at commitRoot (node_modules/react-dom/cjs/react-dom.development.js:26682:5)
      at finishConcurrentRender (node_modules/react-dom/cjs/react-dom.development.js:25892:9)
      at performConcurrentWorkOnRoot (node_modules/react-dom/cjs/react-dom.development.js:25809:7)
      at flushActQueue (node_modules/react/cjs/react.development.js:2667:24)
      at act (node_modules/react/cjs/react.development.js:2582:11)
      at node_modules/@testing-library/react/dist/act-compat.js:46:25
      at renderRoot (node_modules/@testing-library/react/dist/pure.js:161:26)
      at render (node_modules/@testing-library/react/dist/pure.js:247:10)
      at setup (src/Questions/Age/_tests_/age.test.js:43:33)
      at Object.<anonymous> (src/Questions/Age/_tests_/age.test.js:58:28)

    console.error
      Error: Uncaught [TypeError: Cannot read properties of undefined (reading 'errors')]
          at reportException (/Users/pabloelisseo/repos/one-beyond/csm/react-form-builder/node_modules/jsdom/lib/jsdom/living/helpers/runtime-script-errors.js:66:24)
          at innerInvokeEventListeners (/Users/pabloelisseo/repos/one-beyond/csm/react-form-builder/node_modules/jsdom/lib/jsdom/living/events/EventTarget-impl.js:341:9)
          at invokeEventListeners (/Users/pabloelisseo/repos/one-beyond/csm/react-form-builder/node_modules/jsdom/lib/jsdom/living/events/EventTarget-impl.js:274:3)
          at HTMLUnknownElementImpl._dispatch (/Users/pabloelisseo/repos/one-beyond/csm/react-form-builder/node_modules/jsdom/lib/jsdom/living/events/EventTarget-impl.js:221:9)
          at HTMLUnknownElementImpl.dispatchEvent (/Users/pabloelisseo/repos/one-beyond/csm/react-form-builder/node_modules/jsdom/lib/jsdom/living/events/EventTarget-impl.js:94:17)
          at HTMLUnknownElement.dispatchEvent (/Users/pabloelisseo/repos/one-beyond/csm/react-form-builder/node_modules/jsdom/lib/jsdom/living/generated/EventTarget.js:231:34)
          at Object.invokeGuardedCallbackDev (/Users/pabloelisseo/repos/one-beyond/csm/react-form-builder/node_modules/react-dom/cjs/react-dom.development.js:4213:16)
          at invokeGuardedCallback (/Users/pabloelisseo/repos/one-beyond/csm/react-form-builder/node_modules/react-dom/cjs/react-dom.development.js:4277:31)
          at beginWork$1 (/Users/pabloelisseo/repos/one-beyond/csm/react-form-builder/node_modules/react-dom/cjs/react-dom.development.js:27451:7)
          at performUnitOfWork (/Users/pabloelisseo/repos/one-beyond/csm/react-form-builder/node_modules/react-dom/cjs/react-dom.development.js:26560:12)
          at workLoopSync (/Users/pabloelisseo/repos/one-beyond/csm/react-form-builder/node_modules/react-dom/cjs/react-dom.development.js:26466:5)
          at renderRootSync (/Users/pabloelisseo/repos/one-beyond/csm/react-form-builder/node_modules/react-dom/cjs/react-dom.development.js:26434:7)
          at performConcurrentWorkOnRoot (/Users/pabloelisseo/repos/one-beyond/csm/react-form-builder/node_modules/react-dom/cjs/react-dom.development.js:25738:74)
          at flushActQueue (/Users/pabloelisseo/repos/one-beyond/csm/react-form-builder/node_modules/react/cjs/react.development.js:2667:24)
          at act (/Users/pabloelisseo/repos/one-beyond/csm/react-form-builder/node_modules/react/cjs/react.development.js:2582:11)
          at /Users/pabloelisseo/repos/one-beyond/csm/react-form-builder/node_modules/@testing-library/react/dist/act-compat.js:46:25
          at renderRoot (/Users/pabloelisseo/repos/one-beyond/csm/react-form-builder/node_modules/@testing-library/react/dist/pure.js:161:26)
          at render (/Users/pabloelisseo/repos/one-beyond/csm/react-form-builder/node_modules/@testing-library/react/dist/pure.js:247:10)
          at Object.<anonymous> (/Users/pabloelisseo/repos/one-beyond/csm/react-form-builder/src/Questions/Age/_tests_/age.test.js:65:9)
          at Promise.then.completed (/Users/pabloelisseo/repos/one-beyond/csm/react-form-builder/node_modules/jest-circus/build/utils.js:391:28)
          at new Promise (<anonymous>)
          at callAsyncCircusFn (/Users/pabloelisseo/repos/one-beyond/csm/react-form-builder/node_modules/jest-circus/build/utils.js:316:10)
          at _callCircusTest (/Users/pabloelisseo/repos/one-beyond/csm/react-form-builder/node_modules/jest-circus/build/run.js:218:40)
          at processTicksAndRejections (node:internal/process/task_queues:95:5)
          at _runTest (/Users/pabloelisseo/repos/one-beyond/csm/react-form-builder/node_modules/jest-circus/build/run.js:155:3)
          at _runTestsForDescribeBlock (/Users/pabloelisseo/repos/one-beyond/csm/react-form-builder/node_modules/jest-circus/build/run.js:66:9)
          at run (/Users/pabloelisseo/repos/one-beyond/csm/react-form-builder/node_modules/jest-circus/build/run.js:25:3)
          at runAndTransformResultsToJestFormat (/Users/pabloelisseo/repos/one-beyond/csm/react-form-builder/node_modules/jest-circus/build/legacy-code-todo-rewrite/jestAdapterInit.js:170:21)
          at jestAdapter (/Users/pabloelisseo/repos/one-beyond/csm/react-form-builder/node_modules/jest-circus/build/legacy-code-todo-rewrite/jestAdapter.js:82:19)
          at runTestInternal (/Users/pabloelisseo/repos/one-beyond/csm/react-form-builder/node_modules/jest-runner/build/runTest.js:389:16)
          at runTest (/Users/pabloelisseo/repos/one-beyond/csm/react-form-builder/node_modules/jest-runner/build/runTest.js:475:34)
          at Object.worker (/Users/pabloelisseo/repos/one-beyond/csm/react-form-builder/node_modules/jest-runner/build/testWorker.js:133:12) TypeError: Cannot read properties of undefined (reading 'errors')
          at QuestionAge (/Users/pabloelisseo/repos/one-beyond/csm/react-form-builder/src/Questions/Age/index.js:11:18)
          at renderWithHooks (/Users/pabloelisseo/repos/one-beyond/csm/react-form-builder/node_modules/react-dom/cjs/react-dom.development.js:16305:18)
          at mountIndeterminateComponent (/Users/pabloelisseo/repos/one-beyond/csm/react-form-builder/node_modules/react-dom/cjs/react-dom.development.js:20074:13)
          at beginWork (/Users/pabloelisseo/repos/one-beyond/csm/react-form-builder/node_modules/react-dom/cjs/react-dom.development.js:21587:16)
          at HTMLUnknownElement.callCallback (/Users/pabloelisseo/repos/one-beyond/csm/react-form-builder/node_modules/react-dom/cjs/react-dom.development.js:4164:14)
          at HTMLUnknownElement.callTheUserObjectsOperation (/Users/pabloelisseo/repos/one-beyond/csm/react-form-builder/node_modules/jsdom/lib/jsdom/living/generated/EventListener.js:26:30)
          at innerInvokeEventListeners (/Users/pabloelisseo/repos/one-beyond/csm/react-form-builder/node_modules/jsdom/lib/jsdom/living/events/EventTarget-impl.js:338:25)
          at invokeEventListeners (/Users/pabloelisseo/repos/one-beyond/csm/react-form-builder/node_modules/jsdom/lib/jsdom/living/events/EventTarget-impl.js:274:3)
          at HTMLUnknownElementImpl._dispatch (/Users/pabloelisseo/repos/one-beyond/csm/react-form-builder/node_modules/jsdom/lib/jsdom/living/events/EventTarget-impl.js:221:9)
          at HTMLUnknownElementImpl.dispatchEvent (/Users/pabloelisseo/repos/one-beyond/csm/react-form-builder/node_modules/jsdom/lib/jsdom/living/events/EventTarget-impl.js:94:17)
          at HTMLUnknownElement.dispatchEvent (/Users/pabloelisseo/repos/one-beyond/csm/react-form-builder/node_modules/jsdom/lib/jsdom/living/generated/EventTarget.js:231:34)
          at Object.invokeGuardedCallbackDev (/Users/pabloelisseo/repos/one-beyond/csm/react-form-builder/node_modules/react-dom/cjs/react-dom.development.js:4213:16)
          at invokeGuardedCallback (/Users/pabloelisseo/repos/one-beyond/csm/react-form-builder/node_modules/react-dom/cjs/react-dom.development.js:4277:31)
          at beginWork$1 (/Users/pabloelisseo/repos/one-beyond/csm/react-form-builder/node_modules/react-dom/cjs/react-dom.development.js:27451:7)
          at performUnitOfWork (/Users/pabloelisseo/repos/one-beyond/csm/react-form-builder/node_modules/react-dom/cjs/react-dom.development.js:26560:12)
          at workLoopSync (/Users/pabloelisseo/repos/one-beyond/csm/react-form-builder/node_modules/react-dom/cjs/react-dom.development.js:26466:5)
          at renderRootSync (/Users/pabloelisseo/repos/one-beyond/csm/react-form-builder/node_modules/react-dom/cjs/react-dom.development.js:26434:7)
          at performConcurrentWorkOnRoot (/Users/pabloelisseo/repos/one-beyond/csm/react-form-builder/node_modules/react-dom/cjs/react-dom.development.js:25738:74)
          at flushActQueue (/Users/pabloelisseo/repos/one-beyond/csm/react-form-builder/node_modules/react/cjs/react.development.js:2667:24)
          at act (/Users/pabloelisseo/repos/one-beyond/csm/react-form-builder/node_modules/react/cjs/react.development.js:2582:11)
          at /Users/pabloelisseo/repos/one-beyond/csm/react-form-builder/node_modules/@testing-library/react/dist/act-compat.js:46:25
          at renderRoot (/Users/pabloelisseo/repos/one-beyond/csm/react-form-builder/node_modules/@testing-library/react/dist/pure.js:161:26)
          at render (/Users/pabloelisseo/repos/one-beyond/csm/react-form-builder/node_modules/@testing-library/react/dist/pure.js:247:10)
          at Object.<anonymous> (/Users/pabloelisseo/repos/one-beyond/csm/react-form-builder/src/Questions/Age/_tests_/age.test.js:65:9)
          at Promise.then.completed (/Users/pabloelisseo/repos/one-beyond/csm/react-form-builder/node_modules/jest-circus/build/utils.js:391:28)
          at new Promise (<anonymous>)
          at callAsyncCircusFn (/Users/pabloelisseo/repos/one-beyond/csm/react-form-builder/node_modules/jest-circus/build/utils.js:316:10)
          at _callCircusTest (/Users/pabloelisseo/repos/one-beyond/csm/react-form-builder/node_modules/jest-circus/build/run.js:218:40)
          at processTicksAndRejections (node:internal/process/task_queues:95:5)
          at _runTest (/Users/pabloelisseo/repos/one-beyond/csm/react-form-builder/node_modules/jest-circus/build/run.js:155:3)
          at _runTestsForDescribeBlock (/Users/pabloelisseo/repos/one-beyond/csm/react-form-builder/node_modules/jest-circus/build/run.js:66:9)
          at run (/Users/pabloelisseo/repos/one-beyond/csm/react-form-builder/node_modules/jest-circus/build/run.js:25:3)
          at runAndTransformResultsToJestFormat (/Users/pabloelisseo/repos/one-beyond/csm/react-form-builder/node_modules/jest-circus/build/legacy-code-todo-rewrite/jestAdapterInit.js:170:21)
          at jestAdapter (/Users/pabloelisseo/repos/one-beyond/csm/react-form-builder/node_modules/jest-circus/build/legacy-code-todo-rewrite/jestAdapter.js:82:19)
          at runTestInternal (/Users/pabloelisseo/repos/one-beyond/csm/react-form-builder/node_modules/jest-runner/build/runTest.js:389:16)
          at runTest (/Users/pabloelisseo/repos/one-beyond/csm/react-form-builder/node_modules/jest-runner/build/runTest.js:475:34)
          at Object.worker (/Users/pabloelisseo/repos/one-beyond/csm/react-form-builder/node_modules/jest-runner/build/testWorker.js:133:12)

      63 |   const questionNoLabel = { ...question }
      64 |   delete questionNoLabel.label
    > 65 |   render(<QuestionAge question={questionNoLabel} useForm={useForm} />)
         |         ^
      66 |
      67 |   expect(!screen.queryByTestId('age-label'))
      68 | })

      at VirtualConsole.<anonymous> (node_modules/jsdom/lib/jsdom/virtual-console.js:29:45)
      at reportException (node_modules/jsdom/lib/jsdom/living/helpers/runtime-script-errors.js:70:28)
      at innerInvokeEventListeners (node_modules/jsdom/lib/jsdom/living/events/EventTarget-impl.js:341:9)
      at invokeEventListeners (node_modules/jsdom/lib/jsdom/living/events/EventTarget-impl.js:274:3)
      at HTMLUnknownElementImpl._dispatch (node_modules/jsdom/lib/jsdom/living/events/EventTarget-impl.js:221:9)
      at HTMLUnknownElementImpl.dispatchEvent (node_modules/jsdom/lib/jsdom/living/events/EventTarget-impl.js:94:17)
      at HTMLUnknownElement.dispatchEvent (node_modules/jsdom/lib/jsdom/living/generated/EventTarget.js:231:34)
      at Object.invokeGuardedCallbackDev (node_modules/react-dom/cjs/react-dom.development.js:4213:16)
      at invokeGuardedCallback (node_modules/react-dom/cjs/react-dom.development.js:4277:31)
      at beginWork$1 (node_modules/react-dom/cjs/react-dom.development.js:27451:7)
      at performUnitOfWork (node_modules/react-dom/cjs/react-dom.development.js:26560:12)
      at workLoopSync (node_modules/react-dom/cjs/react-dom.development.js:26466:5)
      at renderRootSync (node_modules/react-dom/cjs/react-dom.development.js:26434:7)
      at performConcurrentWorkOnRoot (node_modules/react-dom/cjs/react-dom.development.js:25738:74)
      at flushActQueue (node_modules/react/cjs/react.development.js:2667:24)
      at act (node_modules/react/cjs/react.development.js:2582:11)
      at node_modules/@testing-library/react/dist/act-compat.js:46:25
      at renderRoot (node_modules/@testing-library/react/dist/pure.js:161:26)
      at render (node_modules/@testing-library/react/dist/pure.js:247:10)
      at Object.<anonymous> (src/Questions/Age/_tests_/age.test.js:65:9)

    console.error
      Error: Uncaught [TypeError: Cannot read properties of undefined (reading 'errors')]
          at reportException (/Users/pabloelisseo/repos/one-beyond/csm/react-form-builder/node_modules/jsdom/lib/jsdom/living/helpers/runtime-script-errors.js:66:24)
          at innerInvokeEventListeners (/Users/pabloelisseo/repos/one-beyond/csm/react-form-builder/node_modules/jsdom/lib/jsdom/living/events/EventTarget-impl.js:341:9)
          at invokeEventListeners (/Users/pabloelisseo/repos/one-beyond/csm/react-form-builder/node_modules/jsdom/lib/jsdom/living/events/EventTarget-impl.js:274:3)
          at HTMLUnknownElementImpl._dispatch (/Users/pabloelisseo/repos/one-beyond/csm/react-form-builder/node_modules/jsdom/lib/jsdom/living/events/EventTarget-impl.js:221:9)
          at HTMLUnknownElementImpl.dispatchEvent (/Users/pabloelisseo/repos/one-beyond/csm/react-form-builder/node_modules/jsdom/lib/jsdom/living/events/EventTarget-impl.js:94:17)
          at HTMLUnknownElement.dispatchEvent (/Users/pabloelisseo/repos/one-beyond/csm/react-form-builder/node_modules/jsdom/lib/jsdom/living/generated/EventTarget.js:231:34)
          at Object.invokeGuardedCallbackDev (/Users/pabloelisseo/repos/one-beyond/csm/react-form-builder/node_modules/react-dom/cjs/react-dom.development.js:4213:16)
          at invokeGuardedCallback (/Users/pabloelisseo/repos/one-beyond/csm/react-form-builder/node_modules/react-dom/cjs/react-dom.development.js:4277:31)
          at beginWork$1 (/Users/pabloelisseo/repos/one-beyond/csm/react-form-builder/node_modules/react-dom/cjs/react-dom.development.js:27451:7)
          at performUnitOfWork (/Users/pabloelisseo/repos/one-beyond/csm/react-form-builder/node_modules/react-dom/cjs/react-dom.development.js:26560:12)
          at workLoopSync (/Users/pabloelisseo/repos/one-beyond/csm/react-form-builder/node_modules/react-dom/cjs/react-dom.development.js:26466:5)
          at renderRootSync (/Users/pabloelisseo/repos/one-beyond/csm/react-form-builder/node_modules/react-dom/cjs/react-dom.development.js:26434:7)
          at recoverFromConcurrentError (/Users/pabloelisseo/repos/one-beyond/csm/react-form-builder/node_modules/react-dom/cjs/react-dom.development.js:25850:20)
          at performConcurrentWorkOnRoot (/Users/pabloelisseo/repos/one-beyond/csm/react-form-builder/node_modules/react-dom/cjs/react-dom.development.js:25750:22)
          at flushActQueue (/Users/pabloelisseo/repos/one-beyond/csm/react-form-builder/node_modules/react/cjs/react.development.js:2667:24)
          at act (/Users/pabloelisseo/repos/one-beyond/csm/react-form-builder/node_modules/react/cjs/react.development.js:2582:11)
          at /Users/pabloelisseo/repos/one-beyond/csm/react-form-builder/node_modules/@testing-library/react/dist/act-compat.js:46:25
          at renderRoot (/Users/pabloelisseo/repos/one-beyond/csm/react-form-builder/node_modules/@testing-library/react/dist/pure.js:161:26)
          at render (/Users/pabloelisseo/repos/one-beyond/csm/react-form-builder/node_modules/@testing-library/react/dist/pure.js:247:10)
          at Object.<anonymous> (/Users/pabloelisseo/repos/one-beyond/csm/react-form-builder/src/Questions/Age/_tests_/age.test.js:65:9)
          at Promise.then.completed (/Users/pabloelisseo/repos/one-beyond/csm/react-form-builder/node_modules/jest-circus/build/utils.js:391:28)
          at new Promise (<anonymous>)
          at callAsyncCircusFn (/Users/pabloelisseo/repos/one-beyond/csm/react-form-builder/node_modules/jest-circus/build/utils.js:316:10)
          at _callCircusTest (/Users/pabloelisseo/repos/one-beyond/csm/react-form-builder/node_modules/jest-circus/build/run.js:218:40)
          at processTicksAndRejections (node:internal/process/task_queues:95:5)
          at _runTest (/Users/pabloelisseo/repos/one-beyond/csm/react-form-builder/node_modules/jest-circus/build/run.js:155:3)
          at _runTestsForDescribeBlock (/Users/pabloelisseo/repos/one-beyond/csm/react-form-builder/node_modules/jest-circus/build/run.js:66:9)
          at run (/Users/pabloelisseo/repos/one-beyond/csm/react-form-builder/node_modules/jest-circus/build/run.js:25:3)
          at runAndTransformResultsToJestFormat (/Users/pabloelisseo/repos/one-beyond/csm/react-form-builder/node_modules/jest-circus/build/legacy-code-todo-rewrite/jestAdapterInit.js:170:21)
          at jestAdapter (/Users/pabloelisseo/repos/one-beyond/csm/react-form-builder/node_modules/jest-circus/build/legacy-code-todo-rewrite/jestAdapter.js:82:19)
          at runTestInternal (/Users/pabloelisseo/repos/one-beyond/csm/react-form-builder/node_modules/jest-runner/build/runTest.js:389:16)
          at runTest (/Users/pabloelisseo/repos/one-beyond/csm/react-form-builder/node_modules/jest-runner/build/runTest.js:475:34)
          at Object.worker (/Users/pabloelisseo/repos/one-beyond/csm/react-form-builder/node_modules/jest-runner/build/testWorker.js:133:12) TypeError: Cannot read properties of undefined (reading 'errors')
          at QuestionAge (/Users/pabloelisseo/repos/one-beyond/csm/react-form-builder/src/Questions/Age/index.js:11:18)
          at renderWithHooks (/Users/pabloelisseo/repos/one-beyond/csm/react-form-builder/node_modules/react-dom/cjs/react-dom.development.js:16305:18)
          at mountIndeterminateComponent (/Users/pabloelisseo/repos/one-beyond/csm/react-form-builder/node_modules/react-dom/cjs/react-dom.development.js:20074:13)
          at beginWork (/Users/pabloelisseo/repos/one-beyond/csm/react-form-builder/node_modules/react-dom/cjs/react-dom.development.js:21587:16)
          at HTMLUnknownElement.callCallback (/Users/pabloelisseo/repos/one-beyond/csm/react-form-builder/node_modules/react-dom/cjs/react-dom.development.js:4164:14)
          at HTMLUnknownElement.callTheUserObjectsOperation (/Users/pabloelisseo/repos/one-beyond/csm/react-form-builder/node_modules/jsdom/lib/jsdom/living/generated/EventListener.js:26:30)
          at innerInvokeEventListeners (/Users/pabloelisseo/repos/one-beyond/csm/react-form-builder/node_modules/jsdom/lib/jsdom/living/events/EventTarget-impl.js:338:25)
          at invokeEventListeners (/Users/pabloelisseo/repos/one-beyond/csm/react-form-builder/node_modules/jsdom/lib/jsdom/living/events/EventTarget-impl.js:274:3)
          at HTMLUnknownElementImpl._dispatch (/Users/pabloelisseo/repos/one-beyond/csm/react-form-builder/node_modules/jsdom/lib/jsdom/living/events/EventTarget-impl.js:221:9)
          at HTMLUnknownElementImpl.dispatchEvent (/Users/pabloelisseo/repos/one-beyond/csm/react-form-builder/node_modules/jsdom/lib/jsdom/living/events/EventTarget-impl.js:94:17)
          at HTMLUnknownElement.dispatchEvent (/Users/pabloelisseo/repos/one-beyond/csm/react-form-builder/node_modules/jsdom/lib/jsdom/living/generated/EventTarget.js:231:34)
          at Object.invokeGuardedCallbackDev (/Users/pabloelisseo/repos/one-beyond/csm/react-form-builder/node_modules/react-dom/cjs/react-dom.development.js:4213:16)
          at invokeGuardedCallback (/Users/pabloelisseo/repos/one-beyond/csm/react-form-builder/node_modules/react-dom/cjs/react-dom.development.js:4277:31)
          at beginWork$1 (/Users/pabloelisseo/repos/one-beyond/csm/react-form-builder/node_modules/react-dom/cjs/react-dom.development.js:27451:7)
          at performUnitOfWork (/Users/pabloelisseo/repos/one-beyond/csm/react-form-builder/node_modules/react-dom/cjs/react-dom.development.js:26560:12)
          at workLoopSync (/Users/pabloelisseo/repos/one-beyond/csm/react-form-builder/node_modules/react-dom/cjs/react-dom.development.js:26466:5)
          at renderRootSync (/Users/pabloelisseo/repos/one-beyond/csm/react-form-builder/node_modules/react-dom/cjs/react-dom.development.js:26434:7)
          at recoverFromConcurrentError (/Users/pabloelisseo/repos/one-beyond/csm/react-form-builder/node_modules/react-dom/cjs/react-dom.development.js:25850:20)
          at performConcurrentWorkOnRoot (/Users/pabloelisseo/repos/one-beyond/csm/react-form-builder/node_modules/react-dom/cjs/react-dom.development.js:25750:22)
          at flushActQueue (/Users/pabloelisseo/repos/one-beyond/csm/react-form-builder/node_modules/react/cjs/react.development.js:2667:24)
          at act (/Users/pabloelisseo/repos/one-beyond/csm/react-form-builder/node_modules/react/cjs/react.development.js:2582:11)
          at /Users/pabloelisseo/repos/one-beyond/csm/react-form-builder/node_modules/@testing-library/react/dist/act-compat.js:46:25
          at renderRoot (/Users/pabloelisseo/repos/one-beyond/csm/react-form-builder/node_modules/@testing-library/react/dist/pure.js:161:26)
          at render (/Users/pabloelisseo/repos/one-beyond/csm/react-form-builder/node_modules/@testing-library/react/dist/pure.js:247:10)
          at Object.<anonymous> (/Users/pabloelisseo/repos/one-beyond/csm/react-form-builder/src/Questions/Age/_tests_/age.test.js:65:9)
          at Promise.then.completed (/Users/pabloelisseo/repos/one-beyond/csm/react-form-builder/node_modules/jest-circus/build/utils.js:391:28)
          at new Promise (<anonymous>)
          at callAsyncCircusFn (/Users/pabloelisseo/repos/one-beyond/csm/react-form-builder/node_modules/jest-circus/build/utils.js:316:10)
          at _callCircusTest (/Users/pabloelisseo/repos/one-beyond/csm/react-form-builder/node_modules/jest-circus/build/run.js:218:40)
          at processTicksAndRejections (node:internal/process/task_queues:95:5)
          at _runTest (/Users/pabloelisseo/repos/one-beyond/csm/react-form-builder/node_modules/jest-circus/build/run.js:155:3)
          at _runTestsForDescribeBlock (/Users/pabloelisseo/repos/one-beyond/csm/react-form-builder/node_modules/jest-circus/build/run.js:66:9)
          at run (/Users/pabloelisseo/repos/one-beyond/csm/react-form-builder/node_modules/jest-circus/build/run.js:25:3)
          at runAndTransformResultsToJestFormat (/Users/pabloelisseo/repos/one-beyond/csm/react-form-builder/node_modules/jest-circus/build/legacy-code-todo-rewrite/jestAdapterInit.js:170:21)
          at jestAdapter (/Users/pabloelisseo/repos/one-beyond/csm/react-form-builder/node_modules/jest-circus/build/legacy-code-todo-rewrite/jestAdapter.js:82:19)
          at runTestInternal (/Users/pabloelisseo/repos/one-beyond/csm/react-form-builder/node_modules/jest-runner/build/runTest.js:389:16)
          at runTest (/Users/pabloelisseo/repos/one-beyond/csm/react-form-builder/node_modules/jest-runner/build/runTest.js:475:34)
          at Object.worker (/Users/pabloelisseo/repos/one-beyond/csm/react-form-builder/node_modules/jest-runner/build/testWorker.js:133:12)

      63 |   const questionNoLabel = { ...question }
      64 |   delete questionNoLabel.label
    > 65 |   render(<QuestionAge question={questionNoLabel} useForm={useForm} />)
         |         ^
      66 |
      67 |   expect(!screen.queryByTestId('age-label'))
      68 | })

      at VirtualConsole.<anonymous> (node_modules/jsdom/lib/jsdom/virtual-console.js:29:45)
      at reportException (node_modules/jsdom/lib/jsdom/living/helpers/runtime-script-errors.js:70:28)
      at innerInvokeEventListeners (node_modules/jsdom/lib/jsdom/living/events/EventTarget-impl.js:341:9)
      at invokeEventListeners (node_modules/jsdom/lib/jsdom/living/events/EventTarget-impl.js:274:3)
      at HTMLUnknownElementImpl._dispatch (node_modules/jsdom/lib/jsdom/living/events/EventTarget-impl.js:221:9)
      at HTMLUnknownElementImpl.dispatchEvent (node_modules/jsdom/lib/jsdom/living/events/EventTarget-impl.js:94:17)
      at HTMLUnknownElement.dispatchEvent (node_modules/jsdom/lib/jsdom/living/generated/EventTarget.js:231:34)
      at Object.invokeGuardedCallbackDev (node_modules/react-dom/cjs/react-dom.development.js:4213:16)
      at invokeGuardedCallback (node_modules/react-dom/cjs/react-dom.development.js:4277:31)
      at beginWork$1 (node_modules/react-dom/cjs/react-dom.development.js:27451:7)
      at performUnitOfWork (node_modules/react-dom/cjs/react-dom.development.js:26560:12)
      at workLoopSync (node_modules/react-dom/cjs/react-dom.development.js:26466:5)
      at renderRootSync (node_modules/react-dom/cjs/react-dom.development.js:26434:7)
      at recoverFromConcurrentError (node_modules/react-dom/cjs/react-dom.development.js:25850:20)
      at performConcurrentWorkOnRoot (node_modules/react-dom/cjs/react-dom.development.js:25750:22)
      at flushActQueue (node_modules/react/cjs/react.development.js:2667:24)
      at act (node_modules/react/cjs/react.development.js:2582:11)
      at node_modules/@testing-library/react/dist/act-compat.js:46:25
      at renderRoot (node_modules/@testing-library/react/dist/pure.js:161:26)
      at render (node_modules/@testing-library/react/dist/pure.js:247:10)
      at Object.<anonymous> (src/Questions/Age/_tests_/age.test.js:65:9)

    console.error
      The above error occurred in the <QuestionAge> component:
      
          at QuestionAge (/Users/pabloelisseo/repos/one-beyond/csm/react-form-builder/src/Questions/Age/index.js:9:24)
      
      Consider adding an error boundary to your tree to customize error handling behavior.
      Visit https://reactjs.org/link/error-boundaries to learn more about error boundaries.

      63 |   const questionNoLabel = { ...question }
      64 |   delete questionNoLabel.label
    > 65 |   render(<QuestionAge question={questionNoLabel} useForm={useForm} />)
         |         ^
      66 |
      67 |   expect(!screen.queryByTestId('age-label'))
      68 | })

      at logCapturedError (node_modules/react-dom/cjs/react-dom.development.js:18687:23)
      at update.callback (node_modules/react-dom/cjs/react-dom.development.js:18720:5)
      at callCallback (node_modules/react-dom/cjs/react-dom.development.js:13923:12)
      at commitUpdateQueue (node_modules/react-dom/cjs/react-dom.development.js:13944:9)
      at commitLayoutEffectOnFiber (node_modules/react-dom/cjs/react-dom.development.js:23391:13)
      at commitLayoutMountEffects_complete (node_modules/react-dom/cjs/react-dom.development.js:24688:9)
      at commitLayoutEffects_begin (node_modules/react-dom/cjs/react-dom.development.js:24674:7)
      at commitLayoutEffects (node_modules/react-dom/cjs/react-dom.development.js:24612:3)
      at commitRootImpl (node_modules/react-dom/cjs/react-dom.development.js:26823:5)
      at commitRoot (node_modules/react-dom/cjs/react-dom.development.js:26682:5)
      at finishConcurrentRender (node_modules/react-dom/cjs/react-dom.development.js:25892:9)
      at performConcurrentWorkOnRoot (node_modules/react-dom/cjs/react-dom.development.js:25809:7)
      at flushActQueue (node_modules/react/cjs/react.development.js:2667:24)
      at act (node_modules/react/cjs/react.development.js:2582:11)
      at node_modules/@testing-library/react/dist/act-compat.js:46:25
      at renderRoot (node_modules/@testing-library/react/dist/pure.js:161:26)
      at render (node_modules/@testing-library/react/dist/pure.js:247:10)
      at Object.<anonymous> (src/Questions/Age/_tests_/age.test.js:65:9)

    console.error
      Error: Uncaught [TypeError: Cannot read properties of undefined (reading 'errors')]
          at reportException (/Users/pabloelisseo/repos/one-beyond/csm/react-form-builder/node_modules/jsdom/lib/jsdom/living/helpers/runtime-script-errors.js:66:24)
          at innerInvokeEventListeners (/Users/pabloelisseo/repos/one-beyond/csm/react-form-builder/node_modules/jsdom/lib/jsdom/living/events/EventTarget-impl.js:341:9)
          at invokeEventListeners (/Users/pabloelisseo/repos/one-beyond/csm/react-form-builder/node_modules/jsdom/lib/jsdom/living/events/EventTarget-impl.js:274:3)
          at HTMLUnknownElementImpl._dispatch (/Users/pabloelisseo/repos/one-beyond/csm/react-form-builder/node_modules/jsdom/lib/jsdom/living/events/EventTarget-impl.js:221:9)
          at HTMLUnknownElementImpl.dispatchEvent (/Users/pabloelisseo/repos/one-beyond/csm/react-form-builder/node_modules/jsdom/lib/jsdom/living/events/EventTarget-impl.js:94:17)
          at HTMLUnknownElement.dispatchEvent (/Users/pabloelisseo/repos/one-beyond/csm/react-form-builder/node_modules/jsdom/lib/jsdom/living/generated/EventTarget.js:231:34)
          at Object.invokeGuardedCallbackDev (/Users/pabloelisseo/repos/one-beyond/csm/react-form-builder/node_modules/react-dom/cjs/react-dom.development.js:4213:16)
          at invokeGuardedCallback (/Users/pabloelisseo/repos/one-beyond/csm/react-form-builder/node_modules/react-dom/cjs/react-dom.development.js:4277:31)
          at beginWork$1 (/Users/pabloelisseo/repos/one-beyond/csm/react-form-builder/node_modules/react-dom/cjs/react-dom.development.js:27451:7)
          at performUnitOfWork (/Users/pabloelisseo/repos/one-beyond/csm/react-form-builder/node_modules/react-dom/cjs/react-dom.development.js:26560:12)
          at workLoopSync (/Users/pabloelisseo/repos/one-beyond/csm/react-form-builder/node_modules/react-dom/cjs/react-dom.development.js:26466:5)
          at renderRootSync (/Users/pabloelisseo/repos/one-beyond/csm/react-form-builder/node_modules/react-dom/cjs/react-dom.development.js:26434:7)
          at performConcurrentWorkOnRoot (/Users/pabloelisseo/repos/one-beyond/csm/react-form-builder/node_modules/react-dom/cjs/react-dom.development.js:25738:74)
          at flushActQueue (/Users/pabloelisseo/repos/one-beyond/csm/react-form-builder/node_modules/react/cjs/react.development.js:2667:24)
          at act (/Users/pabloelisseo/repos/one-beyond/csm/react-form-builder/node_modules/react/cjs/react.development.js:2582:11)
          at /Users/pabloelisseo/repos/one-beyond/csm/react-form-builder/node_modules/@testing-library/react/dist/act-compat.js:46:25
          at renderRoot (/Users/pabloelisseo/repos/one-beyond/csm/react-form-builder/node_modules/@testing-library/react/dist/pure.js:161:26)
          at render (/Users/pabloelisseo/repos/one-beyond/csm/react-form-builder/node_modules/@testing-library/react/dist/pure.js:247:10)
          at setup (/Users/pabloelisseo/repos/one-beyond/csm/react-form-builder/src/Questions/Age/_tests_/age.test.js:43:33)
          at Object.<anonymous> (/Users/pabloelisseo/repos/one-beyond/csm/react-form-builder/src/Questions/Age/_tests_/age.test.js:71:30)
          at Promise.then.completed (/Users/pabloelisseo/repos/one-beyond/csm/react-form-builder/node_modules/jest-circus/build/utils.js:391:28)
          at new Promise (<anonymous>)
          at callAsyncCircusFn (/Users/pabloelisseo/repos/one-beyond/csm/react-form-builder/node_modules/jest-circus/build/utils.js:316:10)
          at _callCircusTest (/Users/pabloelisseo/repos/one-beyond/csm/react-form-builder/node_modules/jest-circus/build/run.js:218:40)
          at processTicksAndRejections (node:internal/process/task_queues:95:5)
          at _runTest (/Users/pabloelisseo/repos/one-beyond/csm/react-form-builder/node_modules/jest-circus/build/run.js:155:3)
          at _runTestsForDescribeBlock (/Users/pabloelisseo/repos/one-beyond/csm/react-form-builder/node_modules/jest-circus/build/run.js:66:9)
          at run (/Users/pabloelisseo/repos/one-beyond/csm/react-form-builder/node_modules/jest-circus/build/run.js:25:3)
          at runAndTransformResultsToJestFormat (/Users/pabloelisseo/repos/one-beyond/csm/react-form-builder/node_modules/jest-circus/build/legacy-code-todo-rewrite/jestAdapterInit.js:170:21)
          at jestAdapter (/Users/pabloelisseo/repos/one-beyond/csm/react-form-builder/node_modules/jest-circus/build/legacy-code-todo-rewrite/jestAdapter.js:82:19)
          at runTestInternal (/Users/pabloelisseo/repos/one-beyond/csm/react-form-builder/node_modules/jest-runner/build/runTest.js:389:16)
          at runTest (/Users/pabloelisseo/repos/one-beyond/csm/react-form-builder/node_modules/jest-runner/build/runTest.js:475:34)
          at Object.worker (/Users/pabloelisseo/repos/one-beyond/csm/react-form-builder/node_modules/jest-runner/build/testWorker.js:133:12) TypeError: Cannot read properties of undefined (reading 'errors')
          at QuestionAge (/Users/pabloelisseo/repos/one-beyond/csm/react-form-builder/src/Questions/Age/index.js:11:18)
          at renderWithHooks (/Users/pabloelisseo/repos/one-beyond/csm/react-form-builder/node_modules/react-dom/cjs/react-dom.development.js:16305:18)
          at mountIndeterminateComponent (/Users/pabloelisseo/repos/one-beyond/csm/react-form-builder/node_modules/react-dom/cjs/react-dom.development.js:20074:13)
          at beginWork (/Users/pabloelisseo/repos/one-beyond/csm/react-form-builder/node_modules/react-dom/cjs/react-dom.development.js:21587:16)
          at HTMLUnknownElement.callCallback (/Users/pabloelisseo/repos/one-beyond/csm/react-form-builder/node_modules/react-dom/cjs/react-dom.development.js:4164:14)
          at HTMLUnknownElement.callTheUserObjectsOperation (/Users/pabloelisseo/repos/one-beyond/csm/react-form-builder/node_modules/jsdom/lib/jsdom/living/generated/EventListener.js:26:30)
          at innerInvokeEventListeners (/Users/pabloelisseo/repos/one-beyond/csm/react-form-builder/node_modules/jsdom/lib/jsdom/living/events/EventTarget-impl.js:338:25)
          at invokeEventListeners (/Users/pabloelisseo/repos/one-beyond/csm/react-form-builder/node_modules/jsdom/lib/jsdom/living/events/EventTarget-impl.js:274:3)
          at HTMLUnknownElementImpl._dispatch (/Users/pabloelisseo/repos/one-beyond/csm/react-form-builder/node_modules/jsdom/lib/jsdom/living/events/EventTarget-impl.js:221:9)
          at HTMLUnknownElementImpl.dispatchEvent (/Users/pabloelisseo/repos/one-beyond/csm/react-form-builder/node_modules/jsdom/lib/jsdom/living/events/EventTarget-impl.js:94:17)
          at HTMLUnknownElement.dispatchEvent (/Users/pabloelisseo/repos/one-beyond/csm/react-form-builder/node_modules/jsdom/lib/jsdom/living/generated/EventTarget.js:231:34)
          at Object.invokeGuardedCallbackDev (/Users/pabloelisseo/repos/one-beyond/csm/react-form-builder/node_modules/react-dom/cjs/react-dom.development.js:4213:16)
          at invokeGuardedCallback (/Users/pabloelisseo/repos/one-beyond/csm/react-form-builder/node_modules/react-dom/cjs/react-dom.development.js:4277:31)
          at beginWork$1 (/Users/pabloelisseo/repos/one-beyond/csm/react-form-builder/node_modules/react-dom/cjs/react-dom.development.js:27451:7)
          at performUnitOfWork (/Users/pabloelisseo/repos/one-beyond/csm/react-form-builder/node_modules/react-dom/cjs/react-dom.development.js:26560:12)
          at workLoopSync (/Users/pabloelisseo/repos/one-beyond/csm/react-form-builder/node_modules/react-dom/cjs/react-dom.development.js:26466:5)
          at renderRootSync (/Users/pabloelisseo/repos/one-beyond/csm/react-form-builder/node_modules/react-dom/cjs/react-dom.development.js:26434:7)
          at performConcurrentWorkOnRoot (/Users/pabloelisseo/repos/one-beyond/csm/react-form-builder/node_modules/react-dom/cjs/react-dom.development.js:25738:74)
          at flushActQueue (/Users/pabloelisseo/repos/one-beyond/csm/react-form-builder/node_modules/react/cjs/react.development.js:2667:24)
          at act (/Users/pabloelisseo/repos/one-beyond/csm/react-form-builder/node_modules/react/cjs/react.development.js:2582:11)
          at /Users/pabloelisseo/repos/one-beyond/csm/react-form-builder/node_modules/@testing-library/react/dist/act-compat.js:46:25
          at renderRoot (/Users/pabloelisseo/repos/one-beyond/csm/react-form-builder/node_modules/@testing-library/react/dist/pure.js:161:26)
          at render (/Users/pabloelisseo/repos/one-beyond/csm/react-form-builder/node_modules/@testing-library/react/dist/pure.js:247:10)
          at setup (/Users/pabloelisseo/repos/one-beyond/csm/react-form-builder/src/Questions/Age/_tests_/age.test.js:43:33)
          at Object.<anonymous> (/Users/pabloelisseo/repos/one-beyond/csm/react-form-builder/src/Questions/Age/_tests_/age.test.js:71:30)
          at Promise.then.completed (/Users/pabloelisseo/repos/one-beyond/csm/react-form-builder/node_modules/jest-circus/build/utils.js:391:28)
          at new Promise (<anonymous>)
          at callAsyncCircusFn (/Users/pabloelisseo/repos/one-beyond/csm/react-form-builder/node_modules/jest-circus/build/utils.js:316:10)
          at _callCircusTest (/Users/pabloelisseo/repos/one-beyond/csm/react-form-builder/node_modules/jest-circus/build/run.js:218:40)
          at processTicksAndRejections (node:internal/process/task_queues:95:5)
          at _runTest (/Users/pabloelisseo/repos/one-beyond/csm/react-form-builder/node_modules/jest-circus/build/run.js:155:3)
          at _runTestsForDescribeBlock (/Users/pabloelisseo/repos/one-beyond/csm/react-form-builder/node_modules/jest-circus/build/run.js:66:9)
          at run (/Users/pabloelisseo/repos/one-beyond/csm/react-form-builder/node_modules/jest-circus/build/run.js:25:3)
          at runAndTransformResultsToJestFormat (/Users/pabloelisseo/repos/one-beyond/csm/react-form-builder/node_modules/jest-circus/build/legacy-code-todo-rewrite/jestAdapterInit.js:170:21)
          at jestAdapter (/Users/pabloelisseo/repos/one-beyond/csm/react-form-builder/node_modules/jest-circus/build/legacy-code-todo-rewrite/jestAdapter.js:82:19)
          at runTestInternal (/Users/pabloelisseo/repos/one-beyond/csm/react-form-builder/node_modules/jest-runner/build/runTest.js:389:16)
          at runTest (/Users/pabloelisseo/repos/one-beyond/csm/react-form-builder/node_modules/jest-runner/build/runTest.js:475:34)
          at Object.worker (/Users/pabloelisseo/repos/one-beyond/csm/react-form-builder/node_modules/jest-runner/build/testWorker.js:133:12)

      41 |
      42 | const setup = () => {
    > 43 |   const renderComponent = render(
         |                                 ^
      44 |     <QuestionAge question={question} useForm={useForm} />
      45 |   )
      46 |   const ageComponent = renderComponent.getByTestId('question-age')

      at VirtualConsole.<anonymous> (node_modules/jsdom/lib/jsdom/virtual-console.js:29:45)
      at reportException (node_modules/jsdom/lib/jsdom/living/helpers/runtime-script-errors.js:70:28)
      at innerInvokeEventListeners (node_modules/jsdom/lib/jsdom/living/events/EventTarget-impl.js:341:9)
      at invokeEventListeners (node_modules/jsdom/lib/jsdom/living/events/EventTarget-impl.js:274:3)
      at HTMLUnknownElementImpl._dispatch (node_modules/jsdom/lib/jsdom/living/events/EventTarget-impl.js:221:9)
      at HTMLUnknownElementImpl.dispatchEvent (node_modules/jsdom/lib/jsdom/living/events/EventTarget-impl.js:94:17)
      at HTMLUnknownElement.dispatchEvent (node_modules/jsdom/lib/jsdom/living/generated/EventTarget.js:231:34)
      at Object.invokeGuardedCallbackDev (node_modules/react-dom/cjs/react-dom.development.js:4213:16)
      at invokeGuardedCallback (node_modules/react-dom/cjs/react-dom.development.js:4277:31)
      at beginWork$1 (node_modules/react-dom/cjs/react-dom.development.js:27451:7)
      at performUnitOfWork (node_modules/react-dom/cjs/react-dom.development.js:26560:12)
      at workLoopSync (node_modules/react-dom/cjs/react-dom.development.js:26466:5)
      at renderRootSync (node_modules/react-dom/cjs/react-dom.development.js:26434:7)
      at performConcurrentWorkOnRoot (node_modules/react-dom/cjs/react-dom.development.js:25738:74)
      at flushActQueue (node_modules/react/cjs/react.development.js:2667:24)
      at act (node_modules/react/cjs/react.development.js:2582:11)
      at node_modules/@testing-library/react/dist/act-compat.js:46:25
      at renderRoot (node_modules/@testing-library/react/dist/pure.js:161:26)
      at render (node_modules/@testing-library/react/dist/pure.js:247:10)
      at setup (src/Questions/Age/_tests_/age.test.js:43:33)
      at Object.<anonymous> (src/Questions/Age/_tests_/age.test.js:71:30)

    console.error
      Error: Uncaught [TypeError: Cannot read properties of undefined (reading 'errors')]
          at reportException (/Users/pabloelisseo/repos/one-beyond/csm/react-form-builder/node_modules/jsdom/lib/jsdom/living/helpers/runtime-script-errors.js:66:24)
          at innerInvokeEventListeners (/Users/pabloelisseo/repos/one-beyond/csm/react-form-builder/node_modules/jsdom/lib/jsdom/living/events/EventTarget-impl.js:341:9)
          at invokeEventListeners (/Users/pabloelisseo/repos/one-beyond/csm/react-form-builder/node_modules/jsdom/lib/jsdom/living/events/EventTarget-impl.js:274:3)
          at HTMLUnknownElementImpl._dispatch (/Users/pabloelisseo/repos/one-beyond/csm/react-form-builder/node_modules/jsdom/lib/jsdom/living/events/EventTarget-impl.js:221:9)
          at HTMLUnknownElementImpl.dispatchEvent (/Users/pabloelisseo/repos/one-beyond/csm/react-form-builder/node_modules/jsdom/lib/jsdom/living/events/EventTarget-impl.js:94:17)
          at HTMLUnknownElement.dispatchEvent (/Users/pabloelisseo/repos/one-beyond/csm/react-form-builder/node_modules/jsdom/lib/jsdom/living/generated/EventTarget.js:231:34)
          at Object.invokeGuardedCallbackDev (/Users/pabloelisseo/repos/one-beyond/csm/react-form-builder/node_modules/react-dom/cjs/react-dom.development.js:4213:16)
          at invokeGuardedCallback (/Users/pabloelisseo/repos/one-beyond/csm/react-form-builder/node_modules/react-dom/cjs/react-dom.development.js:4277:31)
          at beginWork$1 (/Users/pabloelisseo/repos/one-beyond/csm/react-form-builder/node_modules/react-dom/cjs/react-dom.development.js:27451:7)
          at performUnitOfWork (/Users/pabloelisseo/repos/one-beyond/csm/react-form-builder/node_modules/react-dom/cjs/react-dom.development.js:26560:12)
          at workLoopSync (/Users/pabloelisseo/repos/one-beyond/csm/react-form-builder/node_modules/react-dom/cjs/react-dom.development.js:26466:5)
          at renderRootSync (/Users/pabloelisseo/repos/one-beyond/csm/react-form-builder/node_modules/react-dom/cjs/react-dom.development.js:26434:7)
          at recoverFromConcurrentError (/Users/pabloelisseo/repos/one-beyond/csm/react-form-builder/node_modules/react-dom/cjs/react-dom.development.js:25850:20)
          at performConcurrentWorkOnRoot (/Users/pabloelisseo/repos/one-beyond/csm/react-form-builder/node_modules/react-dom/cjs/react-dom.development.js:25750:22)
          at flushActQueue (/Users/pabloelisseo/repos/one-beyond/csm/react-form-builder/node_modules/react/cjs/react.development.js:2667:24)
          at act (/Users/pabloelisseo/repos/one-beyond/csm/react-form-builder/node_modules/react/cjs/react.development.js:2582:11)
          at /Users/pabloelisseo/repos/one-beyond/csm/react-form-builder/node_modules/@testing-library/react/dist/act-compat.js:46:25
          at renderRoot (/Users/pabloelisseo/repos/one-beyond/csm/react-form-builder/node_modules/@testing-library/react/dist/pure.js:161:26)
          at render (/Users/pabloelisseo/repos/one-beyond/csm/react-form-builder/node_modules/@testing-library/react/dist/pure.js:247:10)
          at setup (/Users/pabloelisseo/repos/one-beyond/csm/react-form-builder/src/Questions/Age/_tests_/age.test.js:43:33)
          at Object.<anonymous> (/Users/pabloelisseo/repos/one-beyond/csm/react-form-builder/src/Questions/Age/_tests_/age.test.js:71:30)
          at Promise.then.completed (/Users/pabloelisseo/repos/one-beyond/csm/react-form-builder/node_modules/jest-circus/build/utils.js:391:28)
          at new Promise (<anonymous>)
          at callAsyncCircusFn (/Users/pabloelisseo/repos/one-beyond/csm/react-form-builder/node_modules/jest-circus/build/utils.js:316:10)
          at _callCircusTest (/Users/pabloelisseo/repos/one-beyond/csm/react-form-builder/node_modules/jest-circus/build/run.js:218:40)
          at processTicksAndRejections (node:internal/process/task_queues:95:5)
          at _runTest (/Users/pabloelisseo/repos/one-beyond/csm/react-form-builder/node_modules/jest-circus/build/run.js:155:3)
          at _runTestsForDescribeBlock (/Users/pabloelisseo/repos/one-beyond/csm/react-form-builder/node_modules/jest-circus/build/run.js:66:9)
          at run (/Users/pabloelisseo/repos/one-beyond/csm/react-form-builder/node_modules/jest-circus/build/run.js:25:3)
          at runAndTransformResultsToJestFormat (/Users/pabloelisseo/repos/one-beyond/csm/react-form-builder/node_modules/jest-circus/build/legacy-code-todo-rewrite/jestAdapterInit.js:170:21)
          at jestAdapter (/Users/pabloelisseo/repos/one-beyond/csm/react-form-builder/node_modules/jest-circus/build/legacy-code-todo-rewrite/jestAdapter.js:82:19)
          at runTestInternal (/Users/pabloelisseo/repos/one-beyond/csm/react-form-builder/node_modules/jest-runner/build/runTest.js:389:16)
          at runTest (/Users/pabloelisseo/repos/one-beyond/csm/react-form-builder/node_modules/jest-runner/build/runTest.js:475:34)
          at Object.worker (/Users/pabloelisseo/repos/one-beyond/csm/react-form-builder/node_modules/jest-runner/build/testWorker.js:133:12) TypeError: Cannot read properties of undefined (reading 'errors')
          at QuestionAge (/Users/pabloelisseo/repos/one-beyond/csm/react-form-builder/src/Questions/Age/index.js:11:18)
          at renderWithHooks (/Users/pabloelisseo/repos/one-beyond/csm/react-form-builder/node_modules/react-dom/cjs/react-dom.development.js:16305:18)
          at mountIndeterminateComponent (/Users/pabloelisseo/repos/one-beyond/csm/react-form-builder/node_modules/react-dom/cjs/react-dom.development.js:20074:13)
          at beginWork (/Users/pabloelisseo/repos/one-beyond/csm/react-form-builder/node_modules/react-dom/cjs/react-dom.development.js:21587:16)
          at HTMLUnknownElement.callCallback (/Users/pabloelisseo/repos/one-beyond/csm/react-form-builder/node_modules/react-dom/cjs/react-dom.development.js:4164:14)
          at HTMLUnknownElement.callTheUserObjectsOperation (/Users/pabloelisseo/repos/one-beyond/csm/react-form-builder/node_modules/jsdom/lib/jsdom/living/generated/EventListener.js:26:30)
          at innerInvokeEventListeners (/Users/pabloelisseo/repos/one-beyond/csm/react-form-builder/node_modules/jsdom/lib/jsdom/living/events/EventTarget-impl.js:338:25)
          at invokeEventListeners (/Users/pabloelisseo/repos/one-beyond/csm/react-form-builder/node_modules/jsdom/lib/jsdom/living/events/EventTarget-impl.js:274:3)
          at HTMLUnknownElementImpl._dispatch (/Users/pabloelisseo/repos/one-beyond/csm/react-form-builder/node_modules/jsdom/lib/jsdom/living/events/EventTarget-impl.js:221:9)
          at HTMLUnknownElementImpl.dispatchEvent (/Users/pabloelisseo/repos/one-beyond/csm/react-form-builder/node_modules/jsdom/lib/jsdom/living/events/EventTarget-impl.js:94:17)
          at HTMLUnknownElement.dispatchEvent (/Users/pabloelisseo/repos/one-beyond/csm/react-form-builder/node_modules/jsdom/lib/jsdom/living/generated/EventTarget.js:231:34)
          at Object.invokeGuardedCallbackDev (/Users/pabloelisseo/repos/one-beyond/csm/react-form-builder/node_modules/react-dom/cjs/react-dom.development.js:4213:16)
          at invokeGuardedCallback (/Users/pabloelisseo/repos/one-beyond/csm/react-form-builder/node_modules/react-dom/cjs/react-dom.development.js:4277:31)
          at beginWork$1 (/Users/pabloelisseo/repos/one-beyond/csm/react-form-builder/node_modules/react-dom/cjs/react-dom.development.js:27451:7)
          at performUnitOfWork (/Users/pabloelisseo/repos/one-beyond/csm/react-form-builder/node_modules/react-dom/cjs/react-dom.development.js:26560:12)
          at workLoopSync (/Users/pabloelisseo/repos/one-beyond/csm/react-form-builder/node_modules/react-dom/cjs/react-dom.development.js:26466:5)
          at renderRootSync (/Users/pabloelisseo/repos/one-beyond/csm/react-form-builder/node_modules/react-dom/cjs/react-dom.development.js:26434:7)
          at recoverFromConcurrentError (/Users/pabloelisseo/repos/one-beyond/csm/react-form-builder/node_modules/react-dom/cjs/react-dom.development.js:25850:20)
          at performConcurrentWorkOnRoot (/Users/pabloelisseo/repos/one-beyond/csm/react-form-builder/node_modules/react-dom/cjs/react-dom.development.js:25750:22)
          at flushActQueue (/Users/pabloelisseo/repos/one-beyond/csm/react-form-builder/node_modules/react/cjs/react.development.js:2667:24)
          at act (/Users/pabloelisseo/repos/one-beyond/csm/react-form-builder/node_modules/react/cjs/react.development.js:2582:11)
          at /Users/pabloelisseo/repos/one-beyond/csm/react-form-builder/node_modules/@testing-library/react/dist/act-compat.js:46:25
          at renderRoot (/Users/pabloelisseo/repos/one-beyond/csm/react-form-builder/node_modules/@testing-library/react/dist/pure.js:161:26)
          at render (/Users/pabloelisseo/repos/one-beyond/csm/react-form-builder/node_modules/@testing-library/react/dist/pure.js:247:10)
          at setup (/Users/pabloelisseo/repos/one-beyond/csm/react-form-builder/src/Questions/Age/_tests_/age.test.js:43:33)
          at Object.<anonymous> (/Users/pabloelisseo/repos/one-beyond/csm/react-form-builder/src/Questions/Age/_tests_/age.test.js:71:30)
          at Promise.then.completed (/Users/pabloelisseo/repos/one-beyond/csm/react-form-builder/node_modules/jest-circus/build/utils.js:391:28)
          at new Promise (<anonymous>)
          at callAsyncCircusFn (/Users/pabloelisseo/repos/one-beyond/csm/react-form-builder/node_modules/jest-circus/build/utils.js:316:10)
          at _callCircusTest (/Users/pabloelisseo/repos/one-beyond/csm/react-form-builder/node_modules/jest-circus/build/run.js:218:40)
          at processTicksAndRejections (node:internal/process/task_queues:95:5)
          at _runTest (/Users/pabloelisseo/repos/one-beyond/csm/react-form-builder/node_modules/jest-circus/build/run.js:155:3)
          at _runTestsForDescribeBlock (/Users/pabloelisseo/repos/one-beyond/csm/react-form-builder/node_modules/jest-circus/build/run.js:66:9)
          at run (/Users/pabloelisseo/repos/one-beyond/csm/react-form-builder/node_modules/jest-circus/build/run.js:25:3)
          at runAndTransformResultsToJestFormat (/Users/pabloelisseo/repos/one-beyond/csm/react-form-builder/node_modules/jest-circus/build/legacy-code-todo-rewrite/jestAdapterInit.js:170:21)
          at jestAdapter (/Users/pabloelisseo/repos/one-beyond/csm/react-form-builder/node_modules/jest-circus/build/legacy-code-todo-rewrite/jestAdapter.js:82:19)
          at runTestInternal (/Users/pabloelisseo/repos/one-beyond/csm/react-form-builder/node_modules/jest-runner/build/runTest.js:389:16)
          at runTest (/Users/pabloelisseo/repos/one-beyond/csm/react-form-builder/node_modules/jest-runner/build/runTest.js:475:34)
          at Object.worker (/Users/pabloelisseo/repos/one-beyond/csm/react-form-builder/node_modules/jest-runner/build/testWorker.js:133:12)

      41 |
      42 | const setup = () => {
    > 43 |   const renderComponent = render(
         |                                 ^
      44 |     <QuestionAge question={question} useForm={useForm} />
      45 |   )
      46 |   const ageComponent = renderComponent.getByTestId('question-age')

      at VirtualConsole.<anonymous> (node_modules/jsdom/lib/jsdom/virtual-console.js:29:45)
      at reportException (node_modules/jsdom/lib/jsdom/living/helpers/runtime-script-errors.js:70:28)
      at innerInvokeEventListeners (node_modules/jsdom/lib/jsdom/living/events/EventTarget-impl.js:341:9)
      at invokeEventListeners (node_modules/jsdom/lib/jsdom/living/events/EventTarget-impl.js:274:3)
      at HTMLUnknownElementImpl._dispatch (node_modules/jsdom/lib/jsdom/living/events/EventTarget-impl.js:221:9)
      at HTMLUnknownElementImpl.dispatchEvent (node_modules/jsdom/lib/jsdom/living/events/EventTarget-impl.js:94:17)
      at HTMLUnknownElement.dispatchEvent (node_modules/jsdom/lib/jsdom/living/generated/EventTarget.js:231:34)
      at Object.invokeGuardedCallbackDev (node_modules/react-dom/cjs/react-dom.development.js:4213:16)
      at invokeGuardedCallback (node_modules/react-dom/cjs/react-dom.development.js:4277:31)
      at beginWork$1 (node_modules/react-dom/cjs/react-dom.development.js:27451:7)
      at performUnitOfWork (node_modules/react-dom/cjs/react-dom.development.js:26560:12)
      at workLoopSync (node_modules/react-dom/cjs/react-dom.development.js:26466:5)
      at renderRootSync (node_modules/react-dom/cjs/react-dom.development.js:26434:7)
      at recoverFromConcurrentError (node_modules/react-dom/cjs/react-dom.development.js:25850:20)
      at performConcurrentWorkOnRoot (node_modules/react-dom/cjs/react-dom.development.js:25750:22)
      at flushActQueue (node_modules/react/cjs/react.development.js:2667:24)
      at act (node_modules/react/cjs/react.development.js:2582:11)
      at node_modules/@testing-library/react/dist/act-compat.js:46:25
      at renderRoot (node_modules/@testing-library/react/dist/pure.js:161:26)
      at render (node_modules/@testing-library/react/dist/pure.js:247:10)
      at setup (src/Questions/Age/_tests_/age.test.js:43:33)
      at Object.<anonymous> (src/Questions/Age/_tests_/age.test.js:71:30)

    console.error
      The above error occurred in the <QuestionAge> component:
      
          at QuestionAge (/Users/pabloelisseo/repos/one-beyond/csm/react-form-builder/src/Questions/Age/index.js:9:24)
      
      Consider adding an error boundary to your tree to customize error handling behavior.
      Visit https://reactjs.org/link/error-boundaries to learn more about error boundaries.

      41 |
      42 | const setup = () => {
    > 43 |   const renderComponent = render(
         |                                 ^
      44 |     <QuestionAge question={question} useForm={useForm} />
      45 |   )
      46 |   const ageComponent = renderComponent.getByTestId('question-age')

      at logCapturedError (node_modules/react-dom/cjs/react-dom.development.js:18687:23)
      at update.callback (node_modules/react-dom/cjs/react-dom.development.js:18720:5)
      at callCallback (node_modules/react-dom/cjs/react-dom.development.js:13923:12)
      at commitUpdateQueue (node_modules/react-dom/cjs/react-dom.development.js:13944:9)
      at commitLayoutEffectOnFiber (node_modules/react-dom/cjs/react-dom.development.js:23391:13)
      at commitLayoutMountEffects_complete (node_modules/react-dom/cjs/react-dom.development.js:24688:9)
      at commitLayoutEffects_begin (node_modules/react-dom/cjs/react-dom.development.js:24674:7)
      at commitLayoutEffects (node_modules/react-dom/cjs/react-dom.development.js:24612:3)
      at commitRootImpl (node_modules/react-dom/cjs/react-dom.development.js:26823:5)
      at commitRoot (node_modules/react-dom/cjs/react-dom.development.js:26682:5)
      at finishConcurrentRender (node_modules/react-dom/cjs/react-dom.development.js:25892:9)
      at performConcurrentWorkOnRoot (node_modules/react-dom/cjs/react-dom.development.js:25809:7)
      at flushActQueue (node_modules/react/cjs/react.development.js:2667:24)
      at act (node_modules/react/cjs/react.development.js:2582:11)
      at node_modules/@testing-library/react/dist/act-compat.js:46:25
      at renderRoot (node_modules/@testing-library/react/dist/pure.js:161:26)
      at render (node_modules/@testing-library/react/dist/pure.js:247:10)
      at setup (src/Questions/Age/_tests_/age.test.js:43:33)
      at Object.<anonymous> (src/Questions/Age/_tests_/age.test.js:71:30)

    console.error
      Error: Uncaught [TypeError: Cannot read properties of undefined (reading 'errors')]
          at reportException (/Users/pabloelisseo/repos/one-beyond/csm/react-form-builder/node_modules/jsdom/lib/jsdom/living/helpers/runtime-script-errors.js:66:24)
          at innerInvokeEventListeners (/Users/pabloelisseo/repos/one-beyond/csm/react-form-builder/node_modules/jsdom/lib/jsdom/living/events/EventTarget-impl.js:341:9)
          at invokeEventListeners (/Users/pabloelisseo/repos/one-beyond/csm/react-form-builder/node_modules/jsdom/lib/jsdom/living/events/EventTarget-impl.js:274:3)
          at HTMLUnknownElementImpl._dispatch (/Users/pabloelisseo/repos/one-beyond/csm/react-form-builder/node_modules/jsdom/lib/jsdom/living/events/EventTarget-impl.js:221:9)
          at HTMLUnknownElementImpl.dispatchEvent (/Users/pabloelisseo/repos/one-beyond/csm/react-form-builder/node_modules/jsdom/lib/jsdom/living/events/EventTarget-impl.js:94:17)
          at HTMLUnknownElement.dispatchEvent (/Users/pabloelisseo/repos/one-beyond/csm/react-form-builder/node_modules/jsdom/lib/jsdom/living/generated/EventTarget.js:231:34)
          at Object.invokeGuardedCallbackDev (/Users/pabloelisseo/repos/one-beyond/csm/react-form-builder/node_modules/react-dom/cjs/react-dom.development.js:4213:16)
          at invokeGuardedCallback (/Users/pabloelisseo/repos/one-beyond/csm/react-form-builder/node_modules/react-dom/cjs/react-dom.development.js:4277:31)
          at beginWork$1 (/Users/pabloelisseo/repos/one-beyond/csm/react-form-builder/node_modules/react-dom/cjs/react-dom.development.js:27451:7)
          at performUnitOfWork (/Users/pabloelisseo/repos/one-beyond/csm/react-form-builder/node_modules/react-dom/cjs/react-dom.development.js:26560:12)
          at workLoopSync (/Users/pabloelisseo/repos/one-beyond/csm/react-form-builder/node_modules/react-dom/cjs/react-dom.development.js:26466:5)
          at renderRootSync (/Users/pabloelisseo/repos/one-beyond/csm/react-form-builder/node_modules/react-dom/cjs/react-dom.development.js:26434:7)
          at performConcurrentWorkOnRoot (/Users/pabloelisseo/repos/one-beyond/csm/react-form-builder/node_modules/react-dom/cjs/react-dom.development.js:25738:74)
          at flushActQueue (/Users/pabloelisseo/repos/one-beyond/csm/react-form-builder/node_modules/react/cjs/react.development.js:2667:24)
          at act (/Users/pabloelisseo/repos/one-beyond/csm/react-form-builder/node_modules/react/cjs/react.development.js:2582:11)
          at /Users/pabloelisseo/repos/one-beyond/csm/react-form-builder/node_modules/@testing-library/react/dist/act-compat.js:46:25
          at renderRoot (/Users/pabloelisseo/repos/one-beyond/csm/react-form-builder/node_modules/@testing-library/react/dist/pure.js:161:26)
          at render (/Users/pabloelisseo/repos/one-beyond/csm/react-form-builder/node_modules/@testing-library/react/dist/pure.js:247:10)
          at Object.<anonymous> (/Users/pabloelisseo/repos/one-beyond/csm/react-form-builder/src/Questions/Age/_tests_/age.test.js:100:31)
          at Promise.then.completed (/Users/pabloelisseo/repos/one-beyond/csm/react-form-builder/node_modules/jest-circus/build/utils.js:391:28)
          at new Promise (<anonymous>)
          at callAsyncCircusFn (/Users/pabloelisseo/repos/one-beyond/csm/react-form-builder/node_modules/jest-circus/build/utils.js:316:10)
          at _callCircusTest (/Users/pabloelisseo/repos/one-beyond/csm/react-form-builder/node_modules/jest-circus/build/run.js:218:40)
          at processTicksAndRejections (node:internal/process/task_queues:95:5)
          at _runTest (/Users/pabloelisseo/repos/one-beyond/csm/react-form-builder/node_modules/jest-circus/build/run.js:155:3)
          at _runTestsForDescribeBlock (/Users/pabloelisseo/repos/one-beyond/csm/react-form-builder/node_modules/jest-circus/build/run.js:66:9)
          at run (/Users/pabloelisseo/repos/one-beyond/csm/react-form-builder/node_modules/jest-circus/build/run.js:25:3)
          at runAndTransformResultsToJestFormat (/Users/pabloelisseo/repos/one-beyond/csm/react-form-builder/node_modules/jest-circus/build/legacy-code-todo-rewrite/jestAdapterInit.js:170:21)
          at jestAdapter (/Users/pabloelisseo/repos/one-beyond/csm/react-form-builder/node_modules/jest-circus/build/legacy-code-todo-rewrite/jestAdapter.js:82:19)
          at runTestInternal (/Users/pabloelisseo/repos/one-beyond/csm/react-form-builder/node_modules/jest-runner/build/runTest.js:389:16)
          at runTest (/Users/pabloelisseo/repos/one-beyond/csm/react-form-builder/node_modules/jest-runner/build/runTest.js:475:34)
          at Object.worker (/Users/pabloelisseo/repos/one-beyond/csm/react-form-builder/node_modules/jest-runner/build/testWorker.js:133:12) TypeError: Cannot read properties of undefined (reading 'errors')
          at QuestionAge (/Users/pabloelisseo/repos/one-beyond/csm/react-form-builder/src/Questions/Age/index.js:11:18)
          at renderWithHooks (/Users/pabloelisseo/repos/one-beyond/csm/react-form-builder/node_modules/react-dom/cjs/react-dom.development.js:16305:18)
          at mountIndeterminateComponent (/Users/pabloelisseo/repos/one-beyond/csm/react-form-builder/node_modules/react-dom/cjs/react-dom.development.js:20074:13)
          at beginWork (/Users/pabloelisseo/repos/one-beyond/csm/react-form-builder/node_modules/react-dom/cjs/react-dom.development.js:21587:16)
          at HTMLUnknownElement.callCallback (/Users/pabloelisseo/repos/one-beyond/csm/react-form-builder/node_modules/react-dom/cjs/react-dom.development.js:4164:14)
          at HTMLUnknownElement.callTheUserObjectsOperation (/Users/pabloelisseo/repos/one-beyond/csm/react-form-builder/node_modules/jsdom/lib/jsdom/living/generated/EventListener.js:26:30)
          at innerInvokeEventListeners (/Users/pabloelisseo/repos/one-beyond/csm/react-form-builder/node_modules/jsdom/lib/jsdom/living/events/EventTarget-impl.js:338:25)
          at invokeEventListeners (/Users/pabloelisseo/repos/one-beyond/csm/react-form-builder/node_modules/jsdom/lib/jsdom/living/events/EventTarget-impl.js:274:3)
          at HTMLUnknownElementImpl._dispatch (/Users/pabloelisseo/repos/one-beyond/csm/react-form-builder/node_modules/jsdom/lib/jsdom/living/events/EventTarget-impl.js:221:9)
          at HTMLUnknownElementImpl.dispatchEvent (/Users/pabloelisseo/repos/one-beyond/csm/react-form-builder/node_modules/jsdom/lib/jsdom/living/events/EventTarget-impl.js:94:17)
          at HTMLUnknownElement.dispatchEvent (/Users/pabloelisseo/repos/one-beyond/csm/react-form-builder/node_modules/jsdom/lib/jsdom/living/generated/EventTarget.js:231:34)
          at Object.invokeGuardedCallbackDev (/Users/pabloelisseo/repos/one-beyond/csm/react-form-builder/node_modules/react-dom/cjs/react-dom.development.js:4213:16)
          at invokeGuardedCallback (/Users/pabloelisseo/repos/one-beyond/csm/react-form-builder/node_modules/react-dom/cjs/react-dom.development.js:4277:31)
          at beginWork$1 (/Users/pabloelisseo/repos/one-beyond/csm/react-form-builder/node_modules/react-dom/cjs/react-dom.development.js:27451:7)
          at performUnitOfWork (/Users/pabloelisseo/repos/one-beyond/csm/react-form-builder/node_modules/react-dom/cjs/react-dom.development.js:26560:12)
          at workLoopSync (/Users/pabloelisseo/repos/one-beyond/csm/react-form-builder/node_modules/react-dom/cjs/react-dom.development.js:26466:5)
          at renderRootSync (/Users/pabloelisseo/repos/one-beyond/csm/react-form-builder/node_modules/react-dom/cjs/react-dom.development.js:26434:7)
          at performConcurrentWorkOnRoot (/Users/pabloelisseo/repos/one-beyond/csm/react-form-builder/node_modules/react-dom/cjs/react-dom.development.js:25738:74)
          at flushActQueue (/Users/pabloelisseo/repos/one-beyond/csm/react-form-builder/node_modules/react/cjs/react.development.js:2667:24)
          at act (/Users/pabloelisseo/repos/one-beyond/csm/react-form-builder/node_modules/react/cjs/react.development.js:2582:11)
          at /Users/pabloelisseo/repos/one-beyond/csm/react-form-builder/node_modules/@testing-library/react/dist/act-compat.js:46:25
          at renderRoot (/Users/pabloelisseo/repos/one-beyond/csm/react-form-builder/node_modules/@testing-library/react/dist/pure.js:161:26)
          at render (/Users/pabloelisseo/repos/one-beyond/csm/react-form-builder/node_modules/@testing-library/react/dist/pure.js:247:10)
          at Object.<anonymous> (/Users/pabloelisseo/repos/one-beyond/csm/react-form-builder/src/Questions/Age/_tests_/age.test.js:100:31)
          at Promise.then.completed (/Users/pabloelisseo/repos/one-beyond/csm/react-form-builder/node_modules/jest-circus/build/utils.js:391:28)
          at new Promise (<anonymous>)
          at callAsyncCircusFn (/Users/pabloelisseo/repos/one-beyond/csm/react-form-builder/node_modules/jest-circus/build/utils.js:316:10)
          at _callCircusTest (/Users/pabloelisseo/repos/one-beyond/csm/react-form-builder/node_modules/jest-circus/build/run.js:218:40)
          at processTicksAndRejections (node:internal/process/task_queues:95:5)
          at _runTest (/Users/pabloelisseo/repos/one-beyond/csm/react-form-builder/node_modules/jest-circus/build/run.js:155:3)
          at _runTestsForDescribeBlock (/Users/pabloelisseo/repos/one-beyond/csm/react-form-builder/node_modules/jest-circus/build/run.js:66:9)
          at run (/Users/pabloelisseo/repos/one-beyond/csm/react-form-builder/node_modules/jest-circus/build/run.js:25:3)
          at runAndTransformResultsToJestFormat (/Users/pabloelisseo/repos/one-beyond/csm/react-form-builder/node_modules/jest-circus/build/legacy-code-todo-rewrite/jestAdapterInit.js:170:21)
          at jestAdapter (/Users/pabloelisseo/repos/one-beyond/csm/react-form-builder/node_modules/jest-circus/build/legacy-code-todo-rewrite/jestAdapter.js:82:19)
          at runTestInternal (/Users/pabloelisseo/repos/one-beyond/csm/react-form-builder/node_modules/jest-runner/build/runTest.js:389:16)
          at runTest (/Users/pabloelisseo/repos/one-beyond/csm/react-form-builder/node_modules/jest-runner/build/runTest.js:475:34)
          at Object.worker (/Users/pabloelisseo/repos/one-beyond/csm/react-form-builder/node_modules/jest-runner/build/testWorker.js:133:12)

       98 |     }
       99 |   }
    > 100 |   const { getByText } = render(
          |                               ^
      101 |     <QuestionAge question={question} useForm={useForm} />
      102 |   )
      103 |   const agePlaceholder = getByText('Please select an age')

      at VirtualConsole.<anonymous> (node_modules/jsdom/lib/jsdom/virtual-console.js:29:45)
      at reportException (node_modules/jsdom/lib/jsdom/living/helpers/runtime-script-errors.js:70:28)
      at innerInvokeEventListeners (node_modules/jsdom/lib/jsdom/living/events/EventTarget-impl.js:341:9)
      at invokeEventListeners (node_modules/jsdom/lib/jsdom/living/events/EventTarget-impl.js:274:3)
      at HTMLUnknownElementImpl._dispatch (node_modules/jsdom/lib/jsdom/living/events/EventTarget-impl.js:221:9)
      at HTMLUnknownElementImpl.dispatchEvent (node_modules/jsdom/lib/jsdom/living/events/EventTarget-impl.js:94:17)
      at HTMLUnknownElement.dispatchEvent (node_modules/jsdom/lib/jsdom/living/generated/EventTarget.js:231:34)
      at Object.invokeGuardedCallbackDev (node_modules/react-dom/cjs/react-dom.development.js:4213:16)
      at invokeGuardedCallback (node_modules/react-dom/cjs/react-dom.development.js:4277:31)
      at beginWork$1 (node_modules/react-dom/cjs/react-dom.development.js:27451:7)
      at performUnitOfWork (node_modules/react-dom/cjs/react-dom.development.js:26560:12)
      at workLoopSync (node_modules/react-dom/cjs/react-dom.development.js:26466:5)
      at renderRootSync (node_modules/react-dom/cjs/react-dom.development.js:26434:7)
      at performConcurrentWorkOnRoot (node_modules/react-dom/cjs/react-dom.development.js:25738:74)
      at flushActQueue (node_modules/react/cjs/react.development.js:2667:24)
      at act (node_modules/react/cjs/react.development.js:2582:11)
      at node_modules/@testing-library/react/dist/act-compat.js:46:25
      at renderRoot (node_modules/@testing-library/react/dist/pure.js:161:26)
      at render (node_modules/@testing-library/react/dist/pure.js:247:10)
      at Object.<anonymous> (src/Questions/Age/_tests_/age.test.js:100:31)

    console.error
      Error: Uncaught [TypeError: Cannot read properties of undefined (reading 'errors')]
          at reportException (/Users/pabloelisseo/repos/one-beyond/csm/react-form-builder/node_modules/jsdom/lib/jsdom/living/helpers/runtime-script-errors.js:66:24)
          at innerInvokeEventListeners (/Users/pabloelisseo/repos/one-beyond/csm/react-form-builder/node_modules/jsdom/lib/jsdom/living/events/EventTarget-impl.js:341:9)
          at invokeEventListeners (/Users/pabloelisseo/repos/one-beyond/csm/react-form-builder/node_modules/jsdom/lib/jsdom/living/events/EventTarget-impl.js:274:3)
          at HTMLUnknownElementImpl._dispatch (/Users/pabloelisseo/repos/one-beyond/csm/react-form-builder/node_modules/jsdom/lib/jsdom/living/events/EventTarget-impl.js:221:9)
          at HTMLUnknownElementImpl.dispatchEvent (/Users/pabloelisseo/repos/one-beyond/csm/react-form-builder/node_modules/jsdom/lib/jsdom/living/events/EventTarget-impl.js:94:17)
          at HTMLUnknownElement.dispatchEvent (/Users/pabloelisseo/repos/one-beyond/csm/react-form-builder/node_modules/jsdom/lib/jsdom/living/generated/EventTarget.js:231:34)
          at Object.invokeGuardedCallbackDev (/Users/pabloelisseo/repos/one-beyond/csm/react-form-builder/node_modules/react-dom/cjs/react-dom.development.js:4213:16)
          at invokeGuardedCallback (/Users/pabloelisseo/repos/one-beyond/csm/react-form-builder/node_modules/react-dom/cjs/react-dom.development.js:4277:31)
          at beginWork$1 (/Users/pabloelisseo/repos/one-beyond/csm/react-form-builder/node_modules/react-dom/cjs/react-dom.development.js:27451:7)
          at performUnitOfWork (/Users/pabloelisseo/repos/one-beyond/csm/react-form-builder/node_modules/react-dom/cjs/react-dom.development.js:26560:12)
          at workLoopSync (/Users/pabloelisseo/repos/one-beyond/csm/react-form-builder/node_modules/react-dom/cjs/react-dom.development.js:26466:5)
          at renderRootSync (/Users/pabloelisseo/repos/one-beyond/csm/react-form-builder/node_modules/react-dom/cjs/react-dom.development.js:26434:7)
          at recoverFromConcurrentError (/Users/pabloelisseo/repos/one-beyond/csm/react-form-builder/node_modules/react-dom/cjs/react-dom.development.js:25850:20)
          at performConcurrentWorkOnRoot (/Users/pabloelisseo/repos/one-beyond/csm/react-form-builder/node_modules/react-dom/cjs/react-dom.development.js:25750:22)
          at flushActQueue (/Users/pabloelisseo/repos/one-beyond/csm/react-form-builder/node_modules/react/cjs/react.development.js:2667:24)
          at act (/Users/pabloelisseo/repos/one-beyond/csm/react-form-builder/node_modules/react/cjs/react.development.js:2582:11)
          at /Users/pabloelisseo/repos/one-beyond/csm/react-form-builder/node_modules/@testing-library/react/dist/act-compat.js:46:25
          at renderRoot (/Users/pabloelisseo/repos/one-beyond/csm/react-form-builder/node_modules/@testing-library/react/dist/pure.js:161:26)
          at render (/Users/pabloelisseo/repos/one-beyond/csm/react-form-builder/node_modules/@testing-library/react/dist/pure.js:247:10)
          at Object.<anonymous> (/Users/pabloelisseo/repos/one-beyond/csm/react-form-builder/src/Questions/Age/_tests_/age.test.js:100:31)
          at Promise.then.completed (/Users/pabloelisseo/repos/one-beyond/csm/react-form-builder/node_modules/jest-circus/build/utils.js:391:28)
          at new Promise (<anonymous>)
          at callAsyncCircusFn (/Users/pabloelisseo/repos/one-beyond/csm/react-form-builder/node_modules/jest-circus/build/utils.js:316:10)
          at _callCircusTest (/Users/pabloelisseo/repos/one-beyond/csm/react-form-builder/node_modules/jest-circus/build/run.js:218:40)
          at processTicksAndRejections (node:internal/process/task_queues:95:5)
          at _runTest (/Users/pabloelisseo/repos/one-beyond/csm/react-form-builder/node_modules/jest-circus/build/run.js:155:3)
          at _runTestsForDescribeBlock (/Users/pabloelisseo/repos/one-beyond/csm/react-form-builder/node_modules/jest-circus/build/run.js:66:9)
          at run (/Users/pabloelisseo/repos/one-beyond/csm/react-form-builder/node_modules/jest-circus/build/run.js:25:3)
          at runAndTransformResultsToJestFormat (/Users/pabloelisseo/repos/one-beyond/csm/react-form-builder/node_modules/jest-circus/build/legacy-code-todo-rewrite/jestAdapterInit.js:170:21)
          at jestAdapter (/Users/pabloelisseo/repos/one-beyond/csm/react-form-builder/node_modules/jest-circus/build/legacy-code-todo-rewrite/jestAdapter.js:82:19)
          at runTestInternal (/Users/pabloelisseo/repos/one-beyond/csm/react-form-builder/node_modules/jest-runner/build/runTest.js:389:16)
          at runTest (/Users/pabloelisseo/repos/one-beyond/csm/react-form-builder/node_modules/jest-runner/build/runTest.js:475:34)
          at Object.worker (/Users/pabloelisseo/repos/one-beyond/csm/react-form-builder/node_modules/jest-runner/build/testWorker.js:133:12) TypeError: Cannot read properties of undefined (reading 'errors')
          at QuestionAge (/Users/pabloelisseo/repos/one-beyond/csm/react-form-builder/src/Questions/Age/index.js:11:18)
          at renderWithHooks (/Users/pabloelisseo/repos/one-beyond/csm/react-form-builder/node_modules/react-dom/cjs/react-dom.development.js:16305:18)
          at mountIndeterminateComponent (/Users/pabloelisseo/repos/one-beyond/csm/react-form-builder/node_modules/react-dom/cjs/react-dom.development.js:20074:13)
          at beginWork (/Users/pabloelisseo/repos/one-beyond/csm/react-form-builder/node_modules/react-dom/cjs/react-dom.development.js:21587:16)
          at HTMLUnknownElement.callCallback (/Users/pabloelisseo/repos/one-beyond/csm/react-form-builder/node_modules/react-dom/cjs/react-dom.development.js:4164:14)
          at HTMLUnknownElement.callTheUserObjectsOperation (/Users/pabloelisseo/repos/one-beyond/csm/react-form-builder/node_modules/jsdom/lib/jsdom/living/generated/EventListener.js:26:30)
          at innerInvokeEventListeners (/Users/pabloelisseo/repos/one-beyond/csm/react-form-builder/node_modules/jsdom/lib/jsdom/living/events/EventTarget-impl.js:338:25)
          at invokeEventListeners (/Users/pabloelisseo/repos/one-beyond/csm/react-form-builder/node_modules/jsdom/lib/jsdom/living/events/EventTarget-impl.js:274:3)
          at HTMLUnknownElementImpl._dispatch (/Users/pabloelisseo/repos/one-beyond/csm/react-form-builder/node_modules/jsdom/lib/jsdom/living/events/EventTarget-impl.js:221:9)
          at HTMLUnknownElementImpl.dispatchEvent (/Users/pabloelisseo/repos/one-beyond/csm/react-form-builder/node_modules/jsdom/lib/jsdom/living/events/EventTarget-impl.js:94:17)
          at HTMLUnknownElement.dispatchEvent (/Users/pabloelisseo/repos/one-beyond/csm/react-form-builder/node_modules/jsdom/lib/jsdom/living/generated/EventTarget.js:231:34)
          at Object.invokeGuardedCallbackDev (/Users/pabloelisseo/repos/one-beyond/csm/react-form-builder/node_modules/react-dom/cjs/react-dom.development.js:4213:16)
          at invokeGuardedCallback (/Users/pabloelisseo/repos/one-beyond/csm/react-form-builder/node_modules/react-dom/cjs/react-dom.development.js:4277:31)
          at beginWork$1 (/Users/pabloelisseo/repos/one-beyond/csm/react-form-builder/node_modules/react-dom/cjs/react-dom.development.js:27451:7)
          at performUnitOfWork (/Users/pabloelisseo/repos/one-beyond/csm/react-form-builder/node_modules/react-dom/cjs/react-dom.development.js:26560:12)
          at workLoopSync (/Users/pabloelisseo/repos/one-beyond/csm/react-form-builder/node_modules/react-dom/cjs/react-dom.development.js:26466:5)
          at renderRootSync (/Users/pabloelisseo/repos/one-beyond/csm/react-form-builder/node_modules/react-dom/cjs/react-dom.development.js:26434:7)
          at recoverFromConcurrentError (/Users/pabloelisseo/repos/one-beyond/csm/react-form-builder/node_modules/react-dom/cjs/react-dom.development.js:25850:20)
          at performConcurrentWorkOnRoot (/Users/pabloelisseo/repos/one-beyond/csm/react-form-builder/node_modules/react-dom/cjs/react-dom.development.js:25750:22)
          at flushActQueue (/Users/pabloelisseo/repos/one-beyond/csm/react-form-builder/node_modules/react/cjs/react.development.js:2667:24)
          at act (/Users/pabloelisseo/repos/one-beyond/csm/react-form-builder/node_modules/react/cjs/react.development.js:2582:11)
          at /Users/pabloelisseo/repos/one-beyond/csm/react-form-builder/node_modules/@testing-library/react/dist/act-compat.js:46:25
          at renderRoot (/Users/pabloelisseo/repos/one-beyond/csm/react-form-builder/node_modules/@testing-library/react/dist/pure.js:161:26)
          at render (/Users/pabloelisseo/repos/one-beyond/csm/react-form-builder/node_modules/@testing-library/react/dist/pure.js:247:10)
          at Object.<anonymous> (/Users/pabloelisseo/repos/one-beyond/csm/react-form-builder/src/Questions/Age/_tests_/age.test.js:100:31)
          at Promise.then.completed (/Users/pabloelisseo/repos/one-beyond/csm/react-form-builder/node_modules/jest-circus/build/utils.js:391:28)
          at new Promise (<anonymous>)
          at callAsyncCircusFn (/Users/pabloelisseo/repos/one-beyond/csm/react-form-builder/node_modules/jest-circus/build/utils.js:316:10)
          at _callCircusTest (/Users/pabloelisseo/repos/one-beyond/csm/react-form-builder/node_modules/jest-circus/build/run.js:218:40)
          at processTicksAndRejections (node:internal/process/task_queues:95:5)
          at _runTest (/Users/pabloelisseo/repos/one-beyond/csm/react-form-builder/node_modules/jest-circus/build/run.js:155:3)
          at _runTestsForDescribeBlock (/Users/pabloelisseo/repos/one-beyond/csm/react-form-builder/node_modules/jest-circus/build/run.js:66:9)
          at run (/Users/pabloelisseo/repos/one-beyond/csm/react-form-builder/node_modules/jest-circus/build/run.js:25:3)
          at runAndTransformResultsToJestFormat (/Users/pabloelisseo/repos/one-beyond/csm/react-form-builder/node_modules/jest-circus/build/legacy-code-todo-rewrite/jestAdapterInit.js:170:21)
          at jestAdapter (/Users/pabloelisseo/repos/one-beyond/csm/react-form-builder/node_modules/jest-circus/build/legacy-code-todo-rewrite/jestAdapter.js:82:19)
          at runTestInternal (/Users/pabloelisseo/repos/one-beyond/csm/react-form-builder/node_modules/jest-runner/build/runTest.js:389:16)
          at runTest (/Users/pabloelisseo/repos/one-beyond/csm/react-form-builder/node_modules/jest-runner/build/runTest.js:475:34)
          at Object.worker (/Users/pabloelisseo/repos/one-beyond/csm/react-form-builder/node_modules/jest-runner/build/testWorker.js:133:12)

       98 |     }
       99 |   }
    > 100 |   const { getByText } = render(
          |                               ^
      101 |     <QuestionAge question={question} useForm={useForm} />
      102 |   )
      103 |   const agePlaceholder = getByText('Please select an age')

      at VirtualConsole.<anonymous> (node_modules/jsdom/lib/jsdom/virtual-console.js:29:45)
      at reportException (node_modules/jsdom/lib/jsdom/living/helpers/runtime-script-errors.js:70:28)
      at innerInvokeEventListeners (node_modules/jsdom/lib/jsdom/living/events/EventTarget-impl.js:341:9)
      at invokeEventListeners (node_modules/jsdom/lib/jsdom/living/events/EventTarget-impl.js:274:3)
      at HTMLUnknownElementImpl._dispatch (node_modules/jsdom/lib/jsdom/living/events/EventTarget-impl.js:221:9)
      at HTMLUnknownElementImpl.dispatchEvent (node_modules/jsdom/lib/jsdom/living/events/EventTarget-impl.js:94:17)
      at HTMLUnknownElement.dispatchEvent (node_modules/jsdom/lib/jsdom/living/generated/EventTarget.js:231:34)
      at Object.invokeGuardedCallbackDev (node_modules/react-dom/cjs/react-dom.development.js:4213:16)
      at invokeGuardedCallback (node_modules/react-dom/cjs/react-dom.development.js:4277:31)
      at beginWork$1 (node_modules/react-dom/cjs/react-dom.development.js:27451:7)
      at performUnitOfWork (node_modules/react-dom/cjs/react-dom.development.js:26560:12)
      at workLoopSync (node_modules/react-dom/cjs/react-dom.development.js:26466:5)
      at renderRootSync (node_modules/react-dom/cjs/react-dom.development.js:26434:7)
      at recoverFromConcurrentError (node_modules/react-dom/cjs/react-dom.development.js:25850:20)
      at performConcurrentWorkOnRoot (node_modules/react-dom/cjs/react-dom.development.js:25750:22)
      at flushActQueue (node_modules/react/cjs/react.development.js:2667:24)
      at act (node_modules/react/cjs/react.development.js:2582:11)
      at node_modules/@testing-library/react/dist/act-compat.js:46:25
      at renderRoot (node_modules/@testing-library/react/dist/pure.js:161:26)
      at render (node_modules/@testing-library/react/dist/pure.js:247:10)
      at Object.<anonymous> (src/Questions/Age/_tests_/age.test.js:100:31)

    console.error
      The above error occurred in the <QuestionAge> component:
      
          at QuestionAge (/Users/pabloelisseo/repos/one-beyond/csm/react-form-builder/src/Questions/Age/index.js:9:24)
      
      Consider adding an error boundary to your tree to customize error handling behavior.
      Visit https://reactjs.org/link/error-boundaries to learn more about error boundaries.

       98 |     }
       99 |   }
    > 100 |   const { getByText } = render(
          |                               ^
      101 |     <QuestionAge question={question} useForm={useForm} />
      102 |   )
      103 |   const agePlaceholder = getByText('Please select an age')

      at logCapturedError (node_modules/react-dom/cjs/react-dom.development.js:18687:23)
      at update.callback (node_modules/react-dom/cjs/react-dom.development.js:18720:5)
      at callCallback (node_modules/react-dom/cjs/react-dom.development.js:13923:12)
      at commitUpdateQueue (node_modules/react-dom/cjs/react-dom.development.js:13944:9)
      at commitLayoutEffectOnFiber (node_modules/react-dom/cjs/react-dom.development.js:23391:13)
      at commitLayoutMountEffects_complete (node_modules/react-dom/cjs/react-dom.development.js:24688:9)
      at commitLayoutEffects_begin (node_modules/react-dom/cjs/react-dom.development.js:24674:7)
      at commitLayoutEffects (node_modules/react-dom/cjs/react-dom.development.js:24612:3)
      at commitRootImpl (node_modules/react-dom/cjs/react-dom.development.js:26823:5)
      at commitRoot (node_modules/react-dom/cjs/react-dom.development.js:26682:5)
      at finishConcurrentRender (node_modules/react-dom/cjs/react-dom.development.js:25892:9)
      at performConcurrentWorkOnRoot (node_modules/react-dom/cjs/react-dom.development.js:25809:7)
      at flushActQueue (node_modules/react/cjs/react.development.js:2667:24)
      at act (node_modules/react/cjs/react.development.js:2582:11)
      at node_modules/@testing-library/react/dist/act-compat.js:46:25
      at renderRoot (node_modules/@testing-library/react/dist/pure.js:161:26)
      at render (node_modules/@testing-library/react/dist/pure.js:247:10)
      at Object.<anonymous> (src/Questions/Age/_tests_/age.test.js:100:31)

  ● check the placeholder text

    TypeError: Cannot read properties of undefined (reading 'errors')

       9 | const QuestionAge = ({ question, useForm, language, ...props }) => {
      10 |   const {
    > 11 |     formState: { errors },
         |                  ^
      12 |     setValue,
      13 |     trigger,
      14 |     unregister,

      at QuestionAge (src/Questions/Age/index.js:11:18)
      at renderWithHooks (node_modules/react-dom/cjs/react-dom.development.js:16305:18)
      at mountIndeterminateComponent (node_modules/react-dom/cjs/react-dom.development.js:20074:13)
      at beginWork (node_modules/react-dom/cjs/react-dom.development.js:21587:16)
      at beginWork$1 (node_modules/react-dom/cjs/react-dom.development.js:27426:14)
      at performUnitOfWork (node_modules/react-dom/cjs/react-dom.development.js:26560:12)
      at workLoopSync (node_modules/react-dom/cjs/react-dom.development.js:26466:5)
      at renderRootSync (node_modules/react-dom/cjs/react-dom.development.js:26434:7)
      at recoverFromConcurrentError (node_modules/react-dom/cjs/react-dom.development.js:25850:20)
      at performConcurrentWorkOnRoot (node_modules/react-dom/cjs/react-dom.development.js:25750:22)
      at flushActQueue (node_modules/react/cjs/react.development.js:2667:24)
      at act (node_modules/react/cjs/react.development.js:2582:11)
      at node_modules/@testing-library/react/dist/act-compat.js:46:25
      at renderRoot (node_modules/@testing-library/react/dist/pure.js:161:26)
      at render (node_modules/@testing-library/react/dist/pure.js:247:10)
      at setup (src/Questions/Age/_tests_/age.test.js:43:33)
      at Object.<anonymous> (src/Questions/Age/_tests_/age.test.js:53:28)

  ● Age label

    TypeError: Cannot read properties of undefined (reading 'errors')

       9 | const QuestionAge = ({ question, useForm, language, ...props }) => {
      10 |   const {
    > 11 |     formState: { errors },
         |                  ^
      12 |     setValue,
      13 |     trigger,
      14 |     unregister,

      at QuestionAge (src/Questions/Age/index.js:11:18)
      at renderWithHooks (node_modules/react-dom/cjs/react-dom.development.js:16305:18)
      at mountIndeterminateComponent (node_modules/react-dom/cjs/react-dom.development.js:20074:13)
      at beginWork (node_modules/react-dom/cjs/react-dom.development.js:21587:16)
      at beginWork$1 (node_modules/react-dom/cjs/react-dom.development.js:27426:14)
      at performUnitOfWork (node_modules/react-dom/cjs/react-dom.development.js:26560:12)
      at workLoopSync (node_modules/react-dom/cjs/react-dom.development.js:26466:5)
      at renderRootSync (node_modules/react-dom/cjs/react-dom.development.js:26434:7)
      at recoverFromConcurrentError (node_modules/react-dom/cjs/react-dom.development.js:25850:20)
      at performConcurrentWorkOnRoot (node_modules/react-dom/cjs/react-dom.development.js:25750:22)
      at flushActQueue (node_modules/react/cjs/react.development.js:2667:24)
      at act (node_modules/react/cjs/react.development.js:2582:11)
      at node_modules/@testing-library/react/dist/act-compat.js:46:25
      at renderRoot (node_modules/@testing-library/react/dist/pure.js:161:26)
      at render (node_modules/@testing-library/react/dist/pure.js:247:10)
      at setup (src/Questions/Age/_tests_/age.test.js:43:33)
      at Object.<anonymous> (src/Questions/Age/_tests_/age.test.js:58:28)

  ● label tag is not displayed when label value is null

    TypeError: Cannot read properties of undefined (reading 'errors')

       9 | const QuestionAge = ({ question, useForm, language, ...props }) => {
      10 |   const {
    > 11 |     formState: { errors },
         |                  ^
      12 |     setValue,
      13 |     trigger,
      14 |     unregister,

      at QuestionAge (src/Questions/Age/index.js:11:18)
      at renderWithHooks (node_modules/react-dom/cjs/react-dom.development.js:16305:18)
      at mountIndeterminateComponent (node_modules/react-dom/cjs/react-dom.development.js:20074:13)
      at beginWork (node_modules/react-dom/cjs/react-dom.development.js:21587:16)
      at beginWork$1 (node_modules/react-dom/cjs/react-dom.development.js:27426:14)
      at performUnitOfWork (node_modules/react-dom/cjs/react-dom.development.js:26560:12)
      at workLoopSync (node_modules/react-dom/cjs/react-dom.development.js:26466:5)
      at renderRootSync (node_modules/react-dom/cjs/react-dom.development.js:26434:7)
      at recoverFromConcurrentError (node_modules/react-dom/cjs/react-dom.development.js:25850:20)
      at performConcurrentWorkOnRoot (node_modules/react-dom/cjs/react-dom.development.js:25750:22)
      at flushActQueue (node_modules/react/cjs/react.development.js:2667:24)
      at act (node_modules/react/cjs/react.development.js:2582:11)
      at node_modules/@testing-library/react/dist/act-compat.js:46:25
      at renderRoot (node_modules/@testing-library/react/dist/pure.js:161:26)
      at render (node_modules/@testing-library/react/dist/pure.js:247:10)
      at Object.<anonymous> (src/Questions/Age/_tests_/age.test.js:65:9)

  ● Change value of age select

    TypeError: Cannot read properties of undefined (reading 'errors')

       9 | const QuestionAge = ({ question, useForm, language, ...props }) => {
      10 |   const {
    > 11 |     formState: { errors },
         |                  ^
      12 |     setValue,
      13 |     trigger,
      14 |     unregister,

      at QuestionAge (src/Questions/Age/index.js:11:18)
      at renderWithHooks (node_modules/react-dom/cjs/react-dom.development.js:16305:18)
      at mountIndeterminateComponent (node_modules/react-dom/cjs/react-dom.development.js:20074:13)
      at beginWork (node_modules/react-dom/cjs/react-dom.development.js:21587:16)
      at beginWork$1 (node_modules/react-dom/cjs/react-dom.development.js:27426:14)
      at performUnitOfWork (node_modules/react-dom/cjs/react-dom.development.js:26560:12)
      at workLoopSync (node_modules/react-dom/cjs/react-dom.development.js:26466:5)
      at renderRootSync (node_modules/react-dom/cjs/react-dom.development.js:26434:7)
      at recoverFromConcurrentError (node_modules/react-dom/cjs/react-dom.development.js:25850:20)
      at performConcurrentWorkOnRoot (node_modules/react-dom/cjs/react-dom.development.js:25750:22)
      at flushActQueue (node_modules/react/cjs/react.development.js:2667:24)
      at act (node_modules/react/cjs/react.development.js:2582:11)
      at node_modules/@testing-library/react/dist/act-compat.js:46:25
      at renderRoot (node_modules/@testing-library/react/dist/pure.js:161:26)
      at render (node_modules/@testing-library/react/dist/pure.js:247:10)
      at setup (src/Questions/Age/_tests_/age.test.js:43:33)
      at Object.<anonymous> (src/Questions/Age/_tests_/age.test.js:71:30)

  ● Check custom options are rendered

    TypeError: Cannot read properties of undefined (reading 'errors')

       9 | const QuestionAge = ({ question, useForm, language, ...props }) => {
      10 |   const {
    > 11 |     formState: { errors },
         |                  ^
      12 |     setValue,
      13 |     trigger,
      14 |     unregister,

      at QuestionAge (src/Questions/Age/index.js:11:18)
      at renderWithHooks (node_modules/react-dom/cjs/react-dom.development.js:16305:18)
      at mountIndeterminateComponent (node_modules/react-dom/cjs/react-dom.development.js:20074:13)
      at beginWork (node_modules/react-dom/cjs/react-dom.development.js:21587:16)
      at beginWork$1 (node_modules/react-dom/cjs/react-dom.development.js:27426:14)
      at performUnitOfWork (node_modules/react-dom/cjs/react-dom.development.js:26560:12)
      at workLoopSync (node_modules/react-dom/cjs/react-dom.development.js:26466:5)
      at renderRootSync (node_modules/react-dom/cjs/react-dom.development.js:26434:7)
      at recoverFromConcurrentError (node_modules/react-dom/cjs/react-dom.development.js:25850:20)
      at performConcurrentWorkOnRoot (node_modules/react-dom/cjs/react-dom.development.js:25750:22)
      at flushActQueue (node_modules/react/cjs/react.development.js:2667:24)
      at act (node_modules/react/cjs/react.development.js:2582:11)
      at node_modules/@testing-library/react/dist/act-compat.js:46:25
      at renderRoot (node_modules/@testing-library/react/dist/pure.js:161:26)
      at render (node_modules/@testing-library/react/dist/pure.js:247:10)
      at Object.<anonymous> (src/Questions/Age/_tests_/age.test.js:100:31)

FAIL src/Questions/Country/__tests__/country.test.js
  ● Console

    console.error
      Error: Uncaught [TypeError: Cannot read properties of undefined (reading 'array')]
          at reportException (/Users/pabloelisseo/repos/one-beyond/csm/react-form-builder/node_modules/jsdom/lib/jsdom/living/helpers/runtime-script-errors.js:66:24)
          at innerInvokeEventListeners (/Users/pabloelisseo/repos/one-beyond/csm/react-form-builder/node_modules/jsdom/lib/jsdom/living/events/EventTarget-impl.js:341:9)
          at invokeEventListeners (/Users/pabloelisseo/repos/one-beyond/csm/react-form-builder/node_modules/jsdom/lib/jsdom/living/events/EventTarget-impl.js:274:3)
          at HTMLUnknownElementImpl._dispatch (/Users/pabloelisseo/repos/one-beyond/csm/react-form-builder/node_modules/jsdom/lib/jsdom/living/events/EventTarget-impl.js:221:9)
          at HTMLUnknownElementImpl.dispatchEvent (/Users/pabloelisseo/repos/one-beyond/csm/react-form-builder/node_modules/jsdom/lib/jsdom/living/events/EventTarget-impl.js:94:17)
          at HTMLUnknownElement.dispatchEvent (/Users/pabloelisseo/repos/one-beyond/csm/react-form-builder/node_modules/jsdom/lib/jsdom/living/generated/EventTarget.js:231:34)
          at Object.invokeGuardedCallbackDev (/Users/pabloelisseo/repos/one-beyond/csm/react-form-builder/node_modules/react-dom/cjs/react-dom.development.js:4213:16)
          at invokeGuardedCallback (/Users/pabloelisseo/repos/one-beyond/csm/react-form-builder/node_modules/react-dom/cjs/react-dom.development.js:4277:31)
          at beginWork$1 (/Users/pabloelisseo/repos/one-beyond/csm/react-form-builder/node_modules/react-dom/cjs/react-dom.development.js:27451:7)
          at performUnitOfWork (/Users/pabloelisseo/repos/one-beyond/csm/react-form-builder/node_modules/react-dom/cjs/react-dom.development.js:26560:12) TypeError: Cannot read properties of undefined (reading 'array')
          at control (/Users/pabloelisseo/repos/one-beyond/csm/react-form-builder/node_modules/react-hook-form/src/useController.ts:63:35)
          at Object.<anonymous>.exports.Controller (/Users/pabloelisseo/repos/one-beyond/csm/react-form-builder/node_modules/react-hook-form/src/form.tsx:38:5)
          at renderWithHooks (/Users/pabloelisseo/repos/one-beyond/csm/react-form-builder/node_modules/react-dom/cjs/react-dom.development.js:16305:18)
          at mountIndeterminateComponent (/Users/pabloelisseo/repos/one-beyond/csm/react-form-builder/node_modules/react-dom/cjs/react-dom.development.js:20074:13)
          at beginWork (/Users/pabloelisseo/repos/one-beyond/csm/react-form-builder/node_modules/react-dom/cjs/react-dom.development.js:21587:16)
          at HTMLUnknownElement.callCallback (/Users/pabloelisseo/repos/one-beyond/csm/react-form-builder/node_modules/react-dom/cjs/react-dom.development.js:4164:14)
          at HTMLUnknownElement.callTheUserObjectsOperation (/Users/pabloelisseo/repos/one-beyond/csm/react-form-builder/node_modules/jsdom/lib/jsdom/living/generated/EventListener.js:26:30)
          at innerInvokeEventListeners (/Users/pabloelisseo/repos/one-beyond/csm/react-form-builder/node_modules/jsdom/lib/jsdom/living/events/EventTarget-impl.js:338:25)
          at invokeEventListeners (/Users/pabloelisseo/repos/one-beyond/csm/react-form-builder/node_modules/jsdom/lib/jsdom/living/events/EventTarget-impl.js:274:3)
          at HTMLUnknownElementImpl._dispatch (/Users/pabloelisseo/repos/one-beyond/csm/react-form-builder/node_modules/jsdom/lib/jsdom/living/events/EventTarget-impl.js:221:9)
          at HTMLUnknownElementImpl.dispatchEvent (/Users/pabloelisseo/repos/one-beyond/csm/react-form-builder/node_modules/jsdom/lib/jsdom/living/events/EventTarget-impl.js:94:17)
          at HTMLUnknownElement.dispatchEvent (/Users/pabloelisseo/repos/one-beyond/csm/react-form-builder/node_modules/jsdom/lib/jsdom/living/generated/EventTarget.js:231:34)
          at Object.invokeGuardedCallbackDev (/Users/pabloelisseo/repos/one-beyond/csm/react-form-builder/node_modules/react-dom/cjs/react-dom.development.js:4213:16)
          at invokeGuardedCallback (/Users/pabloelisseo/repos/one-beyond/csm/react-form-builder/node_modules/react-dom/cjs/react-dom.development.js:4277:31)
          at beginWork$1 (/Users/pabloelisseo/repos/one-beyond/csm/react-form-builder/node_modules/react-dom/cjs/react-dom.development.js:27451:7)
          at performUnitOfWork (/Users/pabloelisseo/repos/one-beyond/csm/react-form-builder/node_modules/react-dom/cjs/react-dom.development.js:26560:12)
          at workLoopSync (/Users/pabloelisseo/repos/one-beyond/csm/react-form-builder/node_modules/react-dom/cjs/react-dom.development.js:26466:5)
          at renderRootSync (/Users/pabloelisseo/repos/one-beyond/csm/react-form-builder/node_modules/react-dom/cjs/react-dom.development.js:26434:7)
          at performConcurrentWorkOnRoot (/Users/pabloelisseo/repos/one-beyond/csm/react-form-builder/node_modules/react-dom/cjs/react-dom.development.js:25738:74)
          at flushActQueue (/Users/pabloelisseo/repos/one-beyond/csm/react-form-builder/node_modules/react/cjs/react.development.js:2667:24)
          at act (/Users/pabloelisseo/repos/one-beyond/csm/react-form-builder/node_modules/react/cjs/react.development.js:2582:11)
          at /Users/pabloelisseo/repos/one-beyond/csm/react-form-builder/node_modules/@testing-library/react/dist/act-compat.js:46:25
          at renderRoot (/Users/pabloelisseo/repos/one-beyond/csm/react-form-builder/node_modules/@testing-library/react/dist/pure.js:161:26)
          at render (/Users/pabloelisseo/repos/one-beyond/csm/react-form-builder/node_modules/@testing-library/react/dist/pure.js:247:10)
          at setup (/Users/pabloelisseo/repos/one-beyond/csm/react-form-builder/src/Questions/Country/__tests__/country.test.js:36:33)
          at Object.<anonymous> (/Users/pabloelisseo/repos/one-beyond/csm/react-form-builder/src/Questions/Country/__tests__/country.test.js:60:32)
          at Promise.then.completed (/Users/pabloelisseo/repos/one-beyond/csm/react-form-builder/node_modules/jest-circus/build/utils.js:391:28)
          at new Promise (<anonymous>)
          at callAsyncCircusFn (/Users/pabloelisseo/repos/one-beyond/csm/react-form-builder/node_modules/jest-circus/build/utils.js:316:10)
          at _callCircusTest (/Users/pabloelisseo/repos/one-beyond/csm/react-form-builder/node_modules/jest-circus/build/run.js:218:40)
          at processTicksAndRejections (node:internal/process/task_queues:95:5)
          at _runTest (/Users/pabloelisseo/repos/one-beyond/csm/react-form-builder/node_modules/jest-circus/build/run.js:155:3)
          at _runTestsForDescribeBlock (/Users/pabloelisseo/repos/one-beyond/csm/react-form-builder/node_modules/jest-circus/build/run.js:66:9)
          at run (/Users/pabloelisseo/repos/one-beyond/csm/react-form-builder/node_modules/jest-circus/build/run.js:25:3)
          at runAndTransformResultsToJestFormat (/Users/pabloelisseo/repos/one-beyond/csm/react-form-builder/node_modules/jest-circus/build/legacy-code-todo-rewrite/jestAdapterInit.js:170:21)
          at jestAdapter (/Users/pabloelisseo/repos/one-beyond/csm/react-form-builder/node_modules/jest-circus/build/legacy-code-todo-rewrite/jestAdapter.js:82:19)
          at runTestInternal (/Users/pabloelisseo/repos/one-beyond/csm/react-form-builder/node_modules/jest-runner/build/runTest.js:389:16)
          at runTest (/Users/pabloelisseo/repos/one-beyond/csm/react-form-builder/node_modules/jest-runner/build/runTest.js:475:34)
          at Object.worker (/Users/pabloelisseo/repos/one-beyond/csm/react-form-builder/node_modules/jest-runner/build/testWorker.js:133:12)

      at VirtualConsole.<anonymous> (node_modules/jsdom/lib/jsdom/virtual-console.js:29:45)
      at reportException (node_modules/jsdom/lib/jsdom/living/helpers/runtime-script-errors.js:70:28)
      at innerInvokeEventListeners (node_modules/jsdom/lib/jsdom/living/events/EventTarget-impl.js:341:9)
      at invokeEventListeners (node_modules/jsdom/lib/jsdom/living/events/EventTarget-impl.js:274:3)
      at HTMLUnknownElementImpl._dispatch (node_modules/jsdom/lib/jsdom/living/events/EventTarget-impl.js:221:9)
      at HTMLUnknownElementImpl.dispatchEvent (node_modules/jsdom/lib/jsdom/living/events/EventTarget-impl.js:94:17)
      at HTMLUnknownElement.dispatchEvent (node_modules/jsdom/lib/jsdom/living/generated/EventTarget.js:231:34)

    console.error
      Error: Uncaught [TypeError: Cannot read properties of undefined (reading 'array')]
          at reportException (/Users/pabloelisseo/repos/one-beyond/csm/react-form-builder/node_modules/jsdom/lib/jsdom/living/helpers/runtime-script-errors.js:66:24)
          at innerInvokeEventListeners (/Users/pabloelisseo/repos/one-beyond/csm/react-form-builder/node_modules/jsdom/lib/jsdom/living/events/EventTarget-impl.js:341:9)
          at invokeEventListeners (/Users/pabloelisseo/repos/one-beyond/csm/react-form-builder/node_modules/jsdom/lib/jsdom/living/events/EventTarget-impl.js:274:3)
          at HTMLUnknownElementImpl._dispatch (/Users/pabloelisseo/repos/one-beyond/csm/react-form-builder/node_modules/jsdom/lib/jsdom/living/events/EventTarget-impl.js:221:9)
          at HTMLUnknownElementImpl.dispatchEvent (/Users/pabloelisseo/repos/one-beyond/csm/react-form-builder/node_modules/jsdom/lib/jsdom/living/events/EventTarget-impl.js:94:17)
          at HTMLUnknownElement.dispatchEvent (/Users/pabloelisseo/repos/one-beyond/csm/react-form-builder/node_modules/jsdom/lib/jsdom/living/generated/EventTarget.js:231:34)
          at Object.invokeGuardedCallbackDev (/Users/pabloelisseo/repos/one-beyond/csm/react-form-builder/node_modules/react-dom/cjs/react-dom.development.js:4213:16)
          at invokeGuardedCallback (/Users/pabloelisseo/repos/one-beyond/csm/react-form-builder/node_modules/react-dom/cjs/react-dom.development.js:4277:31)
          at beginWork$1 (/Users/pabloelisseo/repos/one-beyond/csm/react-form-builder/node_modules/react-dom/cjs/react-dom.development.js:27451:7)
          at performUnitOfWork (/Users/pabloelisseo/repos/one-beyond/csm/react-form-builder/node_modules/react-dom/cjs/react-dom.development.js:26560:12) TypeError: Cannot read properties of undefined (reading 'array')
          at control (/Users/pabloelisseo/repos/one-beyond/csm/react-form-builder/node_modules/react-hook-form/src/useController.ts:63:35)
          at Object.<anonymous>.exports.Controller (/Users/pabloelisseo/repos/one-beyond/csm/react-form-builder/node_modules/react-hook-form/src/form.tsx:38:5)
          at renderWithHooks (/Users/pabloelisseo/repos/one-beyond/csm/react-form-builder/node_modules/react-dom/cjs/react-dom.development.js:16305:18)
          at mountIndeterminateComponent (/Users/pabloelisseo/repos/one-beyond/csm/react-form-builder/node_modules/react-dom/cjs/react-dom.development.js:20074:13)
          at beginWork (/Users/pabloelisseo/repos/one-beyond/csm/react-form-builder/node_modules/react-dom/cjs/react-dom.development.js:21587:16)
          at HTMLUnknownElement.callCallback (/Users/pabloelisseo/repos/one-beyond/csm/react-form-builder/node_modules/react-dom/cjs/react-dom.development.js:4164:14)
          at HTMLUnknownElement.callTheUserObjectsOperation (/Users/pabloelisseo/repos/one-beyond/csm/react-form-builder/node_modules/jsdom/lib/jsdom/living/generated/EventListener.js:26:30)
          at innerInvokeEventListeners (/Users/pabloelisseo/repos/one-beyond/csm/react-form-builder/node_modules/jsdom/lib/jsdom/living/events/EventTarget-impl.js:338:25)
          at invokeEventListeners (/Users/pabloelisseo/repos/one-beyond/csm/react-form-builder/node_modules/jsdom/lib/jsdom/living/events/EventTarget-impl.js:274:3)
          at HTMLUnknownElementImpl._dispatch (/Users/pabloelisseo/repos/one-beyond/csm/react-form-builder/node_modules/jsdom/lib/jsdom/living/events/EventTarget-impl.js:221:9)
          at HTMLUnknownElementImpl.dispatchEvent (/Users/pabloelisseo/repos/one-beyond/csm/react-form-builder/node_modules/jsdom/lib/jsdom/living/events/EventTarget-impl.js:94:17)
          at HTMLUnknownElement.dispatchEvent (/Users/pabloelisseo/repos/one-beyond/csm/react-form-builder/node_modules/jsdom/lib/jsdom/living/generated/EventTarget.js:231:34)
          at Object.invokeGuardedCallbackDev (/Users/pabloelisseo/repos/one-beyond/csm/react-form-builder/node_modules/react-dom/cjs/react-dom.development.js:4213:16)
          at invokeGuardedCallback (/Users/pabloelisseo/repos/one-beyond/csm/react-form-builder/node_modules/react-dom/cjs/react-dom.development.js:4277:31)
          at beginWork$1 (/Users/pabloelisseo/repos/one-beyond/csm/react-form-builder/node_modules/react-dom/cjs/react-dom.development.js:27451:7)
          at performUnitOfWork (/Users/pabloelisseo/repos/one-beyond/csm/react-form-builder/node_modules/react-dom/cjs/react-dom.development.js:26560:12)
          at workLoopSync (/Users/pabloelisseo/repos/one-beyond/csm/react-form-builder/node_modules/react-dom/cjs/react-dom.development.js:26466:5)
          at renderRootSync (/Users/pabloelisseo/repos/one-beyond/csm/react-form-builder/node_modules/react-dom/cjs/react-dom.development.js:26434:7)
          at recoverFromConcurrentError (/Users/pabloelisseo/repos/one-beyond/csm/react-form-builder/node_modules/react-dom/cjs/react-dom.development.js:25850:20)
          at performConcurrentWorkOnRoot (/Users/pabloelisseo/repos/one-beyond/csm/react-form-builder/node_modules/react-dom/cjs/react-dom.development.js:25750:22)
          at flushActQueue (/Users/pabloelisseo/repos/one-beyond/csm/react-form-builder/node_modules/react/cjs/react.development.js:2667:24)
          at act (/Users/pabloelisseo/repos/one-beyond/csm/react-form-builder/node_modules/react/cjs/react.development.js:2582:11)
          at /Users/pabloelisseo/repos/one-beyond/csm/react-form-builder/node_modules/@testing-library/react/dist/act-compat.js:46:25
          at renderRoot (/Users/pabloelisseo/repos/one-beyond/csm/react-form-builder/node_modules/@testing-library/react/dist/pure.js:161:26)
          at render (/Users/pabloelisseo/repos/one-beyond/csm/react-form-builder/node_modules/@testing-library/react/dist/pure.js:247:10)
          at setup (/Users/pabloelisseo/repos/one-beyond/csm/react-form-builder/src/Questions/Country/__tests__/country.test.js:36:33)
          at Object.<anonymous> (/Users/pabloelisseo/repos/one-beyond/csm/react-form-builder/src/Questions/Country/__tests__/country.test.js:60:32)
          at Promise.then.completed (/Users/pabloelisseo/repos/one-beyond/csm/react-form-builder/node_modules/jest-circus/build/utils.js:391:28)
          at new Promise (<anonymous>)
          at callAsyncCircusFn (/Users/pabloelisseo/repos/one-beyond/csm/react-form-builder/node_modules/jest-circus/build/utils.js:316:10)
          at _callCircusTest (/Users/pabloelisseo/repos/one-beyond/csm/react-form-builder/node_modules/jest-circus/build/run.js:218:40)
          at processTicksAndRejections (node:internal/process/task_queues:95:5)
          at _runTest (/Users/pabloelisseo/repos/one-beyond/csm/react-form-builder/node_modules/jest-circus/build/run.js:155:3)
          at _runTestsForDescribeBlock (/Users/pabloelisseo/repos/one-beyond/csm/react-form-builder/node_modules/jest-circus/build/run.js:66:9)
          at run (/Users/pabloelisseo/repos/one-beyond/csm/react-form-builder/node_modules/jest-circus/build/run.js:25:3)
          at runAndTransformResultsToJestFormat (/Users/pabloelisseo/repos/one-beyond/csm/react-form-builder/node_modules/jest-circus/build/legacy-code-todo-rewrite/jestAdapterInit.js:170:21)
          at jestAdapter (/Users/pabloelisseo/repos/one-beyond/csm/react-form-builder/node_modules/jest-circus/build/legacy-code-todo-rewrite/jestAdapter.js:82:19)
          at runTestInternal (/Users/pabloelisseo/repos/one-beyond/csm/react-form-builder/node_modules/jest-runner/build/runTest.js:389:16)
          at runTest (/Users/pabloelisseo/repos/one-beyond/csm/react-form-builder/node_modules/jest-runner/build/runTest.js:475:34)
          at Object.worker (/Users/pabloelisseo/repos/one-beyond/csm/react-form-builder/node_modules/jest-runner/build/testWorker.js:133:12)

      at VirtualConsole.<anonymous> (node_modules/jsdom/lib/jsdom/virtual-console.js:29:45)
      at reportException (node_modules/jsdom/lib/jsdom/living/helpers/runtime-script-errors.js:70:28)
      at innerInvokeEventListeners (node_modules/jsdom/lib/jsdom/living/events/EventTarget-impl.js:341:9)
      at invokeEventListeners (node_modules/jsdom/lib/jsdom/living/events/EventTarget-impl.js:274:3)
      at HTMLUnknownElementImpl._dispatch (node_modules/jsdom/lib/jsdom/living/events/EventTarget-impl.js:221:9)
      at HTMLUnknownElementImpl.dispatchEvent (node_modules/jsdom/lib/jsdom/living/events/EventTarget-impl.js:94:17)
      at HTMLUnknownElement.dispatchEvent (node_modules/jsdom/lib/jsdom/living/generated/EventTarget.js:231:34)

    console.error
      The above error occurred in one of your React components:
      
          at Object.<anonymous>.exports.Controller (/Users/pabloelisseo/repos/one-beyond/csm/react-form-builder/node_modules/react-hook-form/src/form.tsx:37:9)
          at Select (/Users/pabloelisseo/repos/one-beyond/csm/react-form-builder/src/Fields/Select/index.js:10:3)
          at div
          at /Users/pabloelisseo/repos/one-beyond/csm/react-form-builder/node_modules/@emotion/react/dist/emotion-element-48d2c2e4.cjs.dev.js:62:23
          at QuestionCountry (/Users/pabloelisseo/repos/one-beyond/csm/react-form-builder/src/Questions/Country/index.js:38:3)
      
      Consider adding an error boundary to your tree to customize error handling behavior.
      Visit https://reactjs.org/link/error-boundaries to learn more about error boundaries.

      at logCapturedError (node_modules/react-dom/cjs/react-dom.development.js:18687:23)
      at update.callback (node_modules/react-dom/cjs/react-dom.development.js:18720:5)
      at callCallback (node_modules/react-dom/cjs/react-dom.development.js:13923:12)
      at commitUpdateQueue (node_modules/react-dom/cjs/react-dom.development.js:13944:9)
      at commitLayoutEffectOnFiber (node_modules/react-dom/cjs/react-dom.development.js:23391:13)
      at commitLayoutMountEffects_complete (node_modules/react-dom/cjs/react-dom.development.js:24688:9)
      at commitLayoutEffects_begin (node_modules/react-dom/cjs/react-dom.development.js:24674:7)
      at commitLayoutEffects (node_modules/react-dom/cjs/react-dom.development.js:24612:3)

    console.error
      Error: Uncaught [TypeError: Cannot read properties of undefined (reading 'array')]
          at reportException (/Users/pabloelisseo/repos/one-beyond/csm/react-form-builder/node_modules/jsdom/lib/jsdom/living/helpers/runtime-script-errors.js:66:24)
          at innerInvokeEventListeners (/Users/pabloelisseo/repos/one-beyond/csm/react-form-builder/node_modules/jsdom/lib/jsdom/living/events/EventTarget-impl.js:341:9)
          at invokeEventListeners (/Users/pabloelisseo/repos/one-beyond/csm/react-form-builder/node_modules/jsdom/lib/jsdom/living/events/EventTarget-impl.js:274:3)
          at HTMLUnknownElementImpl._dispatch (/Users/pabloelisseo/repos/one-beyond/csm/react-form-builder/node_modules/jsdom/lib/jsdom/living/events/EventTarget-impl.js:221:9)
          at HTMLUnknownElementImpl.dispatchEvent (/Users/pabloelisseo/repos/one-beyond/csm/react-form-builder/node_modules/jsdom/lib/jsdom/living/events/EventTarget-impl.js:94:17)
          at HTMLUnknownElement.dispatchEvent (/Users/pabloelisseo/repos/one-beyond/csm/react-form-builder/node_modules/jsdom/lib/jsdom/living/generated/EventTarget.js:231:34)
          at Object.invokeGuardedCallbackDev (/Users/pabloelisseo/repos/one-beyond/csm/react-form-builder/node_modules/react-dom/cjs/react-dom.development.js:4213:16)
          at invokeGuardedCallback (/Users/pabloelisseo/repos/one-beyond/csm/react-form-builder/node_modules/react-dom/cjs/react-dom.development.js:4277:31)
          at beginWork$1 (/Users/pabloelisseo/repos/one-beyond/csm/react-form-builder/node_modules/react-dom/cjs/react-dom.development.js:27451:7)
          at performUnitOfWork (/Users/pabloelisseo/repos/one-beyond/csm/react-form-builder/node_modules/react-dom/cjs/react-dom.development.js:26560:12) TypeError: Cannot read properties of undefined (reading 'array')
          at control (/Users/pabloelisseo/repos/one-beyond/csm/react-form-builder/node_modules/react-hook-form/src/useController.ts:63:35)
          at Object.<anonymous>.exports.Controller (/Users/pabloelisseo/repos/one-beyond/csm/react-form-builder/node_modules/react-hook-form/src/form.tsx:38:5)
          at renderWithHooks (/Users/pabloelisseo/repos/one-beyond/csm/react-form-builder/node_modules/react-dom/cjs/react-dom.development.js:16305:18)
          at mountIndeterminateComponent (/Users/pabloelisseo/repos/one-beyond/csm/react-form-builder/node_modules/react-dom/cjs/react-dom.development.js:20074:13)
          at beginWork (/Users/pabloelisseo/repos/one-beyond/csm/react-form-builder/node_modules/react-dom/cjs/react-dom.development.js:21587:16)
          at HTMLUnknownElement.callCallback (/Users/pabloelisseo/repos/one-beyond/csm/react-form-builder/node_modules/react-dom/cjs/react-dom.development.js:4164:14)
          at HTMLUnknownElement.callTheUserObjectsOperation (/Users/pabloelisseo/repos/one-beyond/csm/react-form-builder/node_modules/jsdom/lib/jsdom/living/generated/EventListener.js:26:30)
          at innerInvokeEventListeners (/Users/pabloelisseo/repos/one-beyond/csm/react-form-builder/node_modules/jsdom/lib/jsdom/living/events/EventTarget-impl.js:338:25)
          at invokeEventListeners (/Users/pabloelisseo/repos/one-beyond/csm/react-form-builder/node_modules/jsdom/lib/jsdom/living/events/EventTarget-impl.js:274:3)
          at HTMLUnknownElementImpl._dispatch (/Users/pabloelisseo/repos/one-beyond/csm/react-form-builder/node_modules/jsdom/lib/jsdom/living/events/EventTarget-impl.js:221:9)
          at HTMLUnknownElementImpl.dispatchEvent (/Users/pabloelisseo/repos/one-beyond/csm/react-form-builder/node_modules/jsdom/lib/jsdom/living/events/EventTarget-impl.js:94:17)
          at HTMLUnknownElement.dispatchEvent (/Users/pabloelisseo/repos/one-beyond/csm/react-form-builder/node_modules/jsdom/lib/jsdom/living/generated/EventTarget.js:231:34)
          at Object.invokeGuardedCallbackDev (/Users/pabloelisseo/repos/one-beyond/csm/react-form-builder/node_modules/react-dom/cjs/react-dom.development.js:4213:16)
          at invokeGuardedCallback (/Users/pabloelisseo/repos/one-beyond/csm/react-form-builder/node_modules/react-dom/cjs/react-dom.development.js:4277:31)
          at beginWork$1 (/Users/pabloelisseo/repos/one-beyond/csm/react-form-builder/node_modules/react-dom/cjs/react-dom.development.js:27451:7)
          at performUnitOfWork (/Users/pabloelisseo/repos/one-beyond/csm/react-form-builder/node_modules/react-dom/cjs/react-dom.development.js:26560:12)
          at workLoopSync (/Users/pabloelisseo/repos/one-beyond/csm/react-form-builder/node_modules/react-dom/cjs/react-dom.development.js:26466:5)
          at renderRootSync (/Users/pabloelisseo/repos/one-beyond/csm/react-form-builder/node_modules/react-dom/cjs/react-dom.development.js:26434:7)
          at performConcurrentWorkOnRoot (/Users/pabloelisseo/repos/one-beyond/csm/react-form-builder/node_modules/react-dom/cjs/react-dom.development.js:25738:74)
          at flushActQueue (/Users/pabloelisseo/repos/one-beyond/csm/react-form-builder/node_modules/react/cjs/react.development.js:2667:24)
          at act (/Users/pabloelisseo/repos/one-beyond/csm/react-form-builder/node_modules/react/cjs/react.development.js:2582:11)
          at /Users/pabloelisseo/repos/one-beyond/csm/react-form-builder/node_modules/@testing-library/react/dist/act-compat.js:46:25
          at renderRoot (/Users/pabloelisseo/repos/one-beyond/csm/react-form-builder/node_modules/@testing-library/react/dist/pure.js:161:26)
          at render (/Users/pabloelisseo/repos/one-beyond/csm/react-form-builder/node_modules/@testing-library/react/dist/pure.js:247:10)
          at setup (/Users/pabloelisseo/repos/one-beyond/csm/react-form-builder/src/Questions/Country/__tests__/country.test.js:36:33)
          at Object.<anonymous> (/Users/pabloelisseo/repos/one-beyond/csm/react-form-builder/src/Questions/Country/__tests__/country.test.js:65:32)
          at Promise.then.completed (/Users/pabloelisseo/repos/one-beyond/csm/react-form-builder/node_modules/jest-circus/build/utils.js:391:28)
          at new Promise (<anonymous>)
          at callAsyncCircusFn (/Users/pabloelisseo/repos/one-beyond/csm/react-form-builder/node_modules/jest-circus/build/utils.js:316:10)
          at _callCircusTest (/Users/pabloelisseo/repos/one-beyond/csm/react-form-builder/node_modules/jest-circus/build/run.js:218:40)
          at processTicksAndRejections (node:internal/process/task_queues:95:5)
          at _runTest (/Users/pabloelisseo/repos/one-beyond/csm/react-form-builder/node_modules/jest-circus/build/run.js:155:3)
          at _runTestsForDescribeBlock (/Users/pabloelisseo/repos/one-beyond/csm/react-form-builder/node_modules/jest-circus/build/run.js:66:9)
          at run (/Users/pabloelisseo/repos/one-beyond/csm/react-form-builder/node_modules/jest-circus/build/run.js:25:3)
          at runAndTransformResultsToJestFormat (/Users/pabloelisseo/repos/one-beyond/csm/react-form-builder/node_modules/jest-circus/build/legacy-code-todo-rewrite/jestAdapterInit.js:170:21)
          at jestAdapter (/Users/pabloelisseo/repos/one-beyond/csm/react-form-builder/node_modules/jest-circus/build/legacy-code-todo-rewrite/jestAdapter.js:82:19)
          at runTestInternal (/Users/pabloelisseo/repos/one-beyond/csm/react-form-builder/node_modules/jest-runner/build/runTest.js:389:16)
          at runTest (/Users/pabloelisseo/repos/one-beyond/csm/react-form-builder/node_modules/jest-runner/build/runTest.js:475:34)
          at Object.worker (/Users/pabloelisseo/repos/one-beyond/csm/react-form-builder/node_modules/jest-runner/build/testWorker.js:133:12)

      at VirtualConsole.<anonymous> (node_modules/jsdom/lib/jsdom/virtual-console.js:29:45)
      at reportException (node_modules/jsdom/lib/jsdom/living/helpers/runtime-script-errors.js:70:28)
      at innerInvokeEventListeners (node_modules/jsdom/lib/jsdom/living/events/EventTarget-impl.js:341:9)
      at invokeEventListeners (node_modules/jsdom/lib/jsdom/living/events/EventTarget-impl.js:274:3)
      at HTMLUnknownElementImpl._dispatch (node_modules/jsdom/lib/jsdom/living/events/EventTarget-impl.js:221:9)
      at HTMLUnknownElementImpl.dispatchEvent (node_modules/jsdom/lib/jsdom/living/events/EventTarget-impl.js:94:17)
      at HTMLUnknownElement.dispatchEvent (node_modules/jsdom/lib/jsdom/living/generated/EventTarget.js:231:34)

    console.error
      Error: Uncaught [TypeError: Cannot read properties of undefined (reading 'array')]
          at reportException (/Users/pabloelisseo/repos/one-beyond/csm/react-form-builder/node_modules/jsdom/lib/jsdom/living/helpers/runtime-script-errors.js:66:24)
          at innerInvokeEventListeners (/Users/pabloelisseo/repos/one-beyond/csm/react-form-builder/node_modules/jsdom/lib/jsdom/living/events/EventTarget-impl.js:341:9)
          at invokeEventListeners (/Users/pabloelisseo/repos/one-beyond/csm/react-form-builder/node_modules/jsdom/lib/jsdom/living/events/EventTarget-impl.js:274:3)
          at HTMLUnknownElementImpl._dispatch (/Users/pabloelisseo/repos/one-beyond/csm/react-form-builder/node_modules/jsdom/lib/jsdom/living/events/EventTarget-impl.js:221:9)
          at HTMLUnknownElementImpl.dispatchEvent (/Users/pabloelisseo/repos/one-beyond/csm/react-form-builder/node_modules/jsdom/lib/jsdom/living/events/EventTarget-impl.js:94:17)
          at HTMLUnknownElement.dispatchEvent (/Users/pabloelisseo/repos/one-beyond/csm/react-form-builder/node_modules/jsdom/lib/jsdom/living/generated/EventTarget.js:231:34)
          at Object.invokeGuardedCallbackDev (/Users/pabloelisseo/repos/one-beyond/csm/react-form-builder/node_modules/react-dom/cjs/react-dom.development.js:4213:16)
          at invokeGuardedCallback (/Users/pabloelisseo/repos/one-beyond/csm/react-form-builder/node_modules/react-dom/cjs/react-dom.development.js:4277:31)
          at beginWork$1 (/Users/pabloelisseo/repos/one-beyond/csm/react-form-builder/node_modules/react-dom/cjs/react-dom.development.js:27451:7)
          at performUnitOfWork (/Users/pabloelisseo/repos/one-beyond/csm/react-form-builder/node_modules/react-dom/cjs/react-dom.development.js:26560:12) TypeError: Cannot read properties of undefined (reading 'array')
          at control (/Users/pabloelisseo/repos/one-beyond/csm/react-form-builder/node_modules/react-hook-form/src/useController.ts:63:35)
          at Object.<anonymous>.exports.Controller (/Users/pabloelisseo/repos/one-beyond/csm/react-form-builder/node_modules/react-hook-form/src/form.tsx:38:5)
          at renderWithHooks (/Users/pabloelisseo/repos/one-beyond/csm/react-form-builder/node_modules/react-dom/cjs/react-dom.development.js:16305:18)
          at mountIndeterminateComponent (/Users/pabloelisseo/repos/one-beyond/csm/react-form-builder/node_modules/react-dom/cjs/react-dom.development.js:20074:13)
          at beginWork (/Users/pabloelisseo/repos/one-beyond/csm/react-form-builder/node_modules/react-dom/cjs/react-dom.development.js:21587:16)
          at HTMLUnknownElement.callCallback (/Users/pabloelisseo/repos/one-beyond/csm/react-form-builder/node_modules/react-dom/cjs/react-dom.development.js:4164:14)
          at HTMLUnknownElement.callTheUserObjectsOperation (/Users/pabloelisseo/repos/one-beyond/csm/react-form-builder/node_modules/jsdom/lib/jsdom/living/generated/EventListener.js:26:30)
          at innerInvokeEventListeners (/Users/pabloelisseo/repos/one-beyond/csm/react-form-builder/node_modules/jsdom/lib/jsdom/living/events/EventTarget-impl.js:338:25)
          at invokeEventListeners (/Users/pabloelisseo/repos/one-beyond/csm/react-form-builder/node_modules/jsdom/lib/jsdom/living/events/EventTarget-impl.js:274:3)
          at HTMLUnknownElementImpl._dispatch (/Users/pabloelisseo/repos/one-beyond/csm/react-form-builder/node_modules/jsdom/lib/jsdom/living/events/EventTarget-impl.js:221:9)
          at HTMLUnknownElementImpl.dispatchEvent (/Users/pabloelisseo/repos/one-beyond/csm/react-form-builder/node_modules/jsdom/lib/jsdom/living/events/EventTarget-impl.js:94:17)
          at HTMLUnknownElement.dispatchEvent (/Users/pabloelisseo/repos/one-beyond/csm/react-form-builder/node_modules/jsdom/lib/jsdom/living/generated/EventTarget.js:231:34)
          at Object.invokeGuardedCallbackDev (/Users/pabloelisseo/repos/one-beyond/csm/react-form-builder/node_modules/react-dom/cjs/react-dom.development.js:4213:16)
          at invokeGuardedCallback (/Users/pabloelisseo/repos/one-beyond/csm/react-form-builder/node_modules/react-dom/cjs/react-dom.development.js:4277:31)
          at beginWork$1 (/Users/pabloelisseo/repos/one-beyond/csm/react-form-builder/node_modules/react-dom/cjs/react-dom.development.js:27451:7)
          at performUnitOfWork (/Users/pabloelisseo/repos/one-beyond/csm/react-form-builder/node_modules/react-dom/cjs/react-dom.development.js:26560:12)
          at workLoopSync (/Users/pabloelisseo/repos/one-beyond/csm/react-form-builder/node_modules/react-dom/cjs/react-dom.development.js:26466:5)
          at renderRootSync (/Users/pabloelisseo/repos/one-beyond/csm/react-form-builder/node_modules/react-dom/cjs/react-dom.development.js:26434:7)
          at recoverFromConcurrentError (/Users/pabloelisseo/repos/one-beyond/csm/react-form-builder/node_modules/react-dom/cjs/react-dom.development.js:25850:20)
          at performConcurrentWorkOnRoot (/Users/pabloelisseo/repos/one-beyond/csm/react-form-builder/node_modules/react-dom/cjs/react-dom.development.js:25750:22)
          at flushActQueue (/Users/pabloelisseo/repos/one-beyond/csm/react-form-builder/node_modules/react/cjs/react.development.js:2667:24)
          at act (/Users/pabloelisseo/repos/one-beyond/csm/react-form-builder/node_modules/react/cjs/react.development.js:2582:11)
          at /Users/pabloelisseo/repos/one-beyond/csm/react-form-builder/node_modules/@testing-library/react/dist/act-compat.js:46:25
          at renderRoot (/Users/pabloelisseo/repos/one-beyond/csm/react-form-builder/node_modules/@testing-library/react/dist/pure.js:161:26)
          at render (/Users/pabloelisseo/repos/one-beyond/csm/react-form-builder/node_modules/@testing-library/react/dist/pure.js:247:10)
          at setup (/Users/pabloelisseo/repos/one-beyond/csm/react-form-builder/src/Questions/Country/__tests__/country.test.js:36:33)
          at Object.<anonymous> (/Users/pabloelisseo/repos/one-beyond/csm/react-form-builder/src/Questions/Country/__tests__/country.test.js:65:32)
          at Promise.then.completed (/Users/pabloelisseo/repos/one-beyond/csm/react-form-builder/node_modules/jest-circus/build/utils.js:391:28)
          at new Promise (<anonymous>)
          at callAsyncCircusFn (/Users/pabloelisseo/repos/one-beyond/csm/react-form-builder/node_modules/jest-circus/build/utils.js:316:10)
          at _callCircusTest (/Users/pabloelisseo/repos/one-beyond/csm/react-form-builder/node_modules/jest-circus/build/run.js:218:40)
          at processTicksAndRejections (node:internal/process/task_queues:95:5)
          at _runTest (/Users/pabloelisseo/repos/one-beyond/csm/react-form-builder/node_modules/jest-circus/build/run.js:155:3)
          at _runTestsForDescribeBlock (/Users/pabloelisseo/repos/one-beyond/csm/react-form-builder/node_modules/jest-circus/build/run.js:66:9)
          at run (/Users/pabloelisseo/repos/one-beyond/csm/react-form-builder/node_modules/jest-circus/build/run.js:25:3)
          at runAndTransformResultsToJestFormat (/Users/pabloelisseo/repos/one-beyond/csm/react-form-builder/node_modules/jest-circus/build/legacy-code-todo-rewrite/jestAdapterInit.js:170:21)
          at jestAdapter (/Users/pabloelisseo/repos/one-beyond/csm/react-form-builder/node_modules/jest-circus/build/legacy-code-todo-rewrite/jestAdapter.js:82:19)
          at runTestInternal (/Users/pabloelisseo/repos/one-beyond/csm/react-form-builder/node_modules/jest-runner/build/runTest.js:389:16)
          at runTest (/Users/pabloelisseo/repos/one-beyond/csm/react-form-builder/node_modules/jest-runner/build/runTest.js:475:34)
          at Object.worker (/Users/pabloelisseo/repos/one-beyond/csm/react-form-builder/node_modules/jest-runner/build/testWorker.js:133:12)

      at VirtualConsole.<anonymous> (node_modules/jsdom/lib/jsdom/virtual-console.js:29:45)
      at reportException (node_modules/jsdom/lib/jsdom/living/helpers/runtime-script-errors.js:70:28)
      at innerInvokeEventListeners (node_modules/jsdom/lib/jsdom/living/events/EventTarget-impl.js:341:9)
      at invokeEventListeners (node_modules/jsdom/lib/jsdom/living/events/EventTarget-impl.js:274:3)
      at HTMLUnknownElementImpl._dispatch (node_modules/jsdom/lib/jsdom/living/events/EventTarget-impl.js:221:9)
      at HTMLUnknownElementImpl.dispatchEvent (node_modules/jsdom/lib/jsdom/living/events/EventTarget-impl.js:94:17)
      at HTMLUnknownElement.dispatchEvent (node_modules/jsdom/lib/jsdom/living/generated/EventTarget.js:231:34)

    console.error
      The above error occurred in one of your React components:
      
          at Object.<anonymous>.exports.Controller (/Users/pabloelisseo/repos/one-beyond/csm/react-form-builder/node_modules/react-hook-form/src/form.tsx:37:9)
          at Select (/Users/pabloelisseo/repos/one-beyond/csm/react-form-builder/src/Fields/Select/index.js:10:3)
          at div
          at /Users/pabloelisseo/repos/one-beyond/csm/react-form-builder/node_modules/@emotion/react/dist/emotion-element-48d2c2e4.cjs.dev.js:62:23
          at QuestionCountry (/Users/pabloelisseo/repos/one-beyond/csm/react-form-builder/src/Questions/Country/index.js:38:3)
      
      Consider adding an error boundary to your tree to customize error handling behavior.
      Visit https://reactjs.org/link/error-boundaries to learn more about error boundaries.

      at logCapturedError (node_modules/react-dom/cjs/react-dom.development.js:18687:23)
      at update.callback (node_modules/react-dom/cjs/react-dom.development.js:18720:5)
      at callCallback (node_modules/react-dom/cjs/react-dom.development.js:13923:12)
      at commitUpdateQueue (node_modules/react-dom/cjs/react-dom.development.js:13944:9)
      at commitLayoutEffectOnFiber (node_modules/react-dom/cjs/react-dom.development.js:23391:13)
      at commitLayoutMountEffects_complete (node_modules/react-dom/cjs/react-dom.development.js:24688:9)
      at commitLayoutEffects_begin (node_modules/react-dom/cjs/react-dom.development.js:24674:7)
      at commitLayoutEffects (node_modules/react-dom/cjs/react-dom.development.js:24612:3)

    console.error
      Error: Uncaught [TypeError: Cannot read properties of undefined (reading 'array')]
          at reportException (/Users/pabloelisseo/repos/one-beyond/csm/react-form-builder/node_modules/jsdom/lib/jsdom/living/helpers/runtime-script-errors.js:66:24)
          at innerInvokeEventListeners (/Users/pabloelisseo/repos/one-beyond/csm/react-form-builder/node_modules/jsdom/lib/jsdom/living/events/EventTarget-impl.js:341:9)
          at invokeEventListeners (/Users/pabloelisseo/repos/one-beyond/csm/react-form-builder/node_modules/jsdom/lib/jsdom/living/events/EventTarget-impl.js:274:3)
          at HTMLUnknownElementImpl._dispatch (/Users/pabloelisseo/repos/one-beyond/csm/react-form-builder/node_modules/jsdom/lib/jsdom/living/events/EventTarget-impl.js:221:9)
          at HTMLUnknownElementImpl.dispatchEvent (/Users/pabloelisseo/repos/one-beyond/csm/react-form-builder/node_modules/jsdom/lib/jsdom/living/events/EventTarget-impl.js:94:17)
          at HTMLUnknownElement.dispatchEvent (/Users/pabloelisseo/repos/one-beyond/csm/react-form-builder/node_modules/jsdom/lib/jsdom/living/generated/EventTarget.js:231:34)
          at Object.invokeGuardedCallbackDev (/Users/pabloelisseo/repos/one-beyond/csm/react-form-builder/node_modules/react-dom/cjs/react-dom.development.js:4213:16)
          at invokeGuardedCallback (/Users/pabloelisseo/repos/one-beyond/csm/react-form-builder/node_modules/react-dom/cjs/react-dom.development.js:4277:31)
          at beginWork$1 (/Users/pabloelisseo/repos/one-beyond/csm/react-form-builder/node_modules/react-dom/cjs/react-dom.development.js:27451:7)
          at performUnitOfWork (/Users/pabloelisseo/repos/one-beyond/csm/react-form-builder/node_modules/react-dom/cjs/react-dom.development.js:26560:12) TypeError: Cannot read properties of undefined (reading 'array')
          at control (/Users/pabloelisseo/repos/one-beyond/csm/react-form-builder/node_modules/react-hook-form/src/useController.ts:63:35)
          at Object.<anonymous>.exports.Controller (/Users/pabloelisseo/repos/one-beyond/csm/react-form-builder/node_modules/react-hook-form/src/form.tsx:38:5)
          at renderWithHooks (/Users/pabloelisseo/repos/one-beyond/csm/react-form-builder/node_modules/react-dom/cjs/react-dom.development.js:16305:18)
          at mountIndeterminateComponent (/Users/pabloelisseo/repos/one-beyond/csm/react-form-builder/node_modules/react-dom/cjs/react-dom.development.js:20074:13)
          at beginWork (/Users/pabloelisseo/repos/one-beyond/csm/react-form-builder/node_modules/react-dom/cjs/react-dom.development.js:21587:16)
          at HTMLUnknownElement.callCallback (/Users/pabloelisseo/repos/one-beyond/csm/react-form-builder/node_modules/react-dom/cjs/react-dom.development.js:4164:14)
          at HTMLUnknownElement.callTheUserObjectsOperation (/Users/pabloelisseo/repos/one-beyond/csm/react-form-builder/node_modules/jsdom/lib/jsdom/living/generated/EventListener.js:26:30)
          at innerInvokeEventListeners (/Users/pabloelisseo/repos/one-beyond/csm/react-form-builder/node_modules/jsdom/lib/jsdom/living/events/EventTarget-impl.js:338:25)
          at invokeEventListeners (/Users/pabloelisseo/repos/one-beyond/csm/react-form-builder/node_modules/jsdom/lib/jsdom/living/events/EventTarget-impl.js:274:3)
          at HTMLUnknownElementImpl._dispatch (/Users/pabloelisseo/repos/one-beyond/csm/react-form-builder/node_modules/jsdom/lib/jsdom/living/events/EventTarget-impl.js:221:9)
          at HTMLUnknownElementImpl.dispatchEvent (/Users/pabloelisseo/repos/one-beyond/csm/react-form-builder/node_modules/jsdom/lib/jsdom/living/events/EventTarget-impl.js:94:17)
          at HTMLUnknownElement.dispatchEvent (/Users/pabloelisseo/repos/one-beyond/csm/react-form-builder/node_modules/jsdom/lib/jsdom/living/generated/EventTarget.js:231:34)
          at Object.invokeGuardedCallbackDev (/Users/pabloelisseo/repos/one-beyond/csm/react-form-builder/node_modules/react-dom/cjs/react-dom.development.js:4213:16)
          at invokeGuardedCallback (/Users/pabloelisseo/repos/one-beyond/csm/react-form-builder/node_modules/react-dom/cjs/react-dom.development.js:4277:31)
          at beginWork$1 (/Users/pabloelisseo/repos/one-beyond/csm/react-form-builder/node_modules/react-dom/cjs/react-dom.development.js:27451:7)
          at performUnitOfWork (/Users/pabloelisseo/repos/one-beyond/csm/react-form-builder/node_modules/react-dom/cjs/react-dom.development.js:26560:12)
          at workLoopSync (/Users/pabloelisseo/repos/one-beyond/csm/react-form-builder/node_modules/react-dom/cjs/react-dom.development.js:26466:5)
          at renderRootSync (/Users/pabloelisseo/repos/one-beyond/csm/react-form-builder/node_modules/react-dom/cjs/react-dom.development.js:26434:7)
          at performConcurrentWorkOnRoot (/Users/pabloelisseo/repos/one-beyond/csm/react-form-builder/node_modules/react-dom/cjs/react-dom.development.js:25738:74)
          at flushActQueue (/Users/pabloelisseo/repos/one-beyond/csm/react-form-builder/node_modules/react/cjs/react.development.js:2667:24)
          at act (/Users/pabloelisseo/repos/one-beyond/csm/react-form-builder/node_modules/react/cjs/react.development.js:2582:11)
          at /Users/pabloelisseo/repos/one-beyond/csm/react-form-builder/node_modules/@testing-library/react/dist/act-compat.js:46:25
          at renderRoot (/Users/pabloelisseo/repos/one-beyond/csm/react-form-builder/node_modules/@testing-library/react/dist/pure.js:161:26)
          at render (/Users/pabloelisseo/repos/one-beyond/csm/react-form-builder/node_modules/@testing-library/react/dist/pure.js:247:10)
          at Object.<anonymous> (/Users/pabloelisseo/repos/one-beyond/csm/react-form-builder/src/Questions/Country/__tests__/country.test.js:80:31)
          at Promise.then.completed (/Users/pabloelisseo/repos/one-beyond/csm/react-form-builder/node_modules/jest-circus/build/utils.js:391:28)
          at new Promise (<anonymous>)
          at callAsyncCircusFn (/Users/pabloelisseo/repos/one-beyond/csm/react-form-builder/node_modules/jest-circus/build/utils.js:316:10)
          at _callCircusTest (/Users/pabloelisseo/repos/one-beyond/csm/react-form-builder/node_modules/jest-circus/build/run.js:218:40)
          at processTicksAndRejections (node:internal/process/task_queues:95:5)
          at _runTest (/Users/pabloelisseo/repos/one-beyond/csm/react-form-builder/node_modules/jest-circus/build/run.js:155:3)
          at _runTestsForDescribeBlock (/Users/pabloelisseo/repos/one-beyond/csm/react-form-builder/node_modules/jest-circus/build/run.js:66:9)
          at run (/Users/pabloelisseo/repos/one-beyond/csm/react-form-builder/node_modules/jest-circus/build/run.js:25:3)
          at runAndTransformResultsToJestFormat (/Users/pabloelisseo/repos/one-beyond/csm/react-form-builder/node_modules/jest-circus/build/legacy-code-todo-rewrite/jestAdapterInit.js:170:21)
          at jestAdapter (/Users/pabloelisseo/repos/one-beyond/csm/react-form-builder/node_modules/jest-circus/build/legacy-code-todo-rewrite/jestAdapter.js:82:19)
          at runTestInternal (/Users/pabloelisseo/repos/one-beyond/csm/react-form-builder/node_modules/jest-runner/build/runTest.js:389:16)
          at runTest (/Users/pabloelisseo/repos/one-beyond/csm/react-form-builder/node_modules/jest-runner/build/runTest.js:475:34)
          at Object.worker (/Users/pabloelisseo/repos/one-beyond/csm/react-form-builder/node_modules/jest-runner/build/testWorker.js:133:12)

      at VirtualConsole.<anonymous> (node_modules/jsdom/lib/jsdom/virtual-console.js:29:45)
      at reportException (node_modules/jsdom/lib/jsdom/living/helpers/runtime-script-errors.js:70:28)
      at innerInvokeEventListeners (node_modules/jsdom/lib/jsdom/living/events/EventTarget-impl.js:341:9)
      at invokeEventListeners (node_modules/jsdom/lib/jsdom/living/events/EventTarget-impl.js:274:3)
      at HTMLUnknownElementImpl._dispatch (node_modules/jsdom/lib/jsdom/living/events/EventTarget-impl.js:221:9)
      at HTMLUnknownElementImpl.dispatchEvent (node_modules/jsdom/lib/jsdom/living/events/EventTarget-impl.js:94:17)
      at HTMLUnknownElement.dispatchEvent (node_modules/jsdom/lib/jsdom/living/generated/EventTarget.js:231:34)

    console.error
      Error: Uncaught [TypeError: Cannot read properties of undefined (reading 'array')]
          at reportException (/Users/pabloelisseo/repos/one-beyond/csm/react-form-builder/node_modules/jsdom/lib/jsdom/living/helpers/runtime-script-errors.js:66:24)
          at innerInvokeEventListeners (/Users/pabloelisseo/repos/one-beyond/csm/react-form-builder/node_modules/jsdom/lib/jsdom/living/events/EventTarget-impl.js:341:9)
          at invokeEventListeners (/Users/pabloelisseo/repos/one-beyond/csm/react-form-builder/node_modules/jsdom/lib/jsdom/living/events/EventTarget-impl.js:274:3)
          at HTMLUnknownElementImpl._dispatch (/Users/pabloelisseo/repos/one-beyond/csm/react-form-builder/node_modules/jsdom/lib/jsdom/living/events/EventTarget-impl.js:221:9)
          at HTMLUnknownElementImpl.dispatchEvent (/Users/pabloelisseo/repos/one-beyond/csm/react-form-builder/node_modules/jsdom/lib/jsdom/living/events/EventTarget-impl.js:94:17)
          at HTMLUnknownElement.dispatchEvent (/Users/pabloelisseo/repos/one-beyond/csm/react-form-builder/node_modules/jsdom/lib/jsdom/living/generated/EventTarget.js:231:34)
          at Object.invokeGuardedCallbackDev (/Users/pabloelisseo/repos/one-beyond/csm/react-form-builder/node_modules/react-dom/cjs/react-dom.development.js:4213:16)
          at invokeGuardedCallback (/Users/pabloelisseo/repos/one-beyond/csm/react-form-builder/node_modules/react-dom/cjs/react-dom.development.js:4277:31)
          at beginWork$1 (/Users/pabloelisseo/repos/one-beyond/csm/react-form-builder/node_modules/react-dom/cjs/react-dom.development.js:27451:7)
          at performUnitOfWork (/Users/pabloelisseo/repos/one-beyond/csm/react-form-builder/node_modules/react-dom/cjs/react-dom.development.js:26560:12) TypeError: Cannot read properties of undefined (reading 'array')
          at control (/Users/pabloelisseo/repos/one-beyond/csm/react-form-builder/node_modules/react-hook-form/src/useController.ts:63:35)
          at Object.<anonymous>.exports.Controller (/Users/pabloelisseo/repos/one-beyond/csm/react-form-builder/node_modules/react-hook-form/src/form.tsx:38:5)
          at renderWithHooks (/Users/pabloelisseo/repos/one-beyond/csm/react-form-builder/node_modules/react-dom/cjs/react-dom.development.js:16305:18)
          at mountIndeterminateComponent (/Users/pabloelisseo/repos/one-beyond/csm/react-form-builder/node_modules/react-dom/cjs/react-dom.development.js:20074:13)
          at beginWork (/Users/pabloelisseo/repos/one-beyond/csm/react-form-builder/node_modules/react-dom/cjs/react-dom.development.js:21587:16)
          at HTMLUnknownElement.callCallback (/Users/pabloelisseo/repos/one-beyond/csm/react-form-builder/node_modules/react-dom/cjs/react-dom.development.js:4164:14)
          at HTMLUnknownElement.callTheUserObjectsOperation (/Users/pabloelisseo/repos/one-beyond/csm/react-form-builder/node_modules/jsdom/lib/jsdom/living/generated/EventListener.js:26:30)
          at innerInvokeEventListeners (/Users/pabloelisseo/repos/one-beyond/csm/react-form-builder/node_modules/jsdom/lib/jsdom/living/events/EventTarget-impl.js:338:25)
          at invokeEventListeners (/Users/pabloelisseo/repos/one-beyond/csm/react-form-builder/node_modules/jsdom/lib/jsdom/living/events/EventTarget-impl.js:274:3)
          at HTMLUnknownElementImpl._dispatch (/Users/pabloelisseo/repos/one-beyond/csm/react-form-builder/node_modules/jsdom/lib/jsdom/living/events/EventTarget-impl.js:221:9)
          at HTMLUnknownElementImpl.dispatchEvent (/Users/pabloelisseo/repos/one-beyond/csm/react-form-builder/node_modules/jsdom/lib/jsdom/living/events/EventTarget-impl.js:94:17)
          at HTMLUnknownElement.dispatchEvent (/Users/pabloelisseo/repos/one-beyond/csm/react-form-builder/node_modules/jsdom/lib/jsdom/living/generated/EventTarget.js:231:34)
          at Object.invokeGuardedCallbackDev (/Users/pabloelisseo/repos/one-beyond/csm/react-form-builder/node_modules/react-dom/cjs/react-dom.development.js:4213:16)
          at invokeGuardedCallback (/Users/pabloelisseo/repos/one-beyond/csm/react-form-builder/node_modules/react-dom/cjs/react-dom.development.js:4277:31)
          at beginWork$1 (/Users/pabloelisseo/repos/one-beyond/csm/react-form-builder/node_modules/react-dom/cjs/react-dom.development.js:27451:7)
          at performUnitOfWork (/Users/pabloelisseo/repos/one-beyond/csm/react-form-builder/node_modules/react-dom/cjs/react-dom.development.js:26560:12)
          at workLoopSync (/Users/pabloelisseo/repos/one-beyond/csm/react-form-builder/node_modules/react-dom/cjs/react-dom.development.js:26466:5)
          at renderRootSync (/Users/pabloelisseo/repos/one-beyond/csm/react-form-builder/node_modules/react-dom/cjs/react-dom.development.js:26434:7)
          at recoverFromConcurrentError (/Users/pabloelisseo/repos/one-beyond/csm/react-form-builder/node_modules/react-dom/cjs/react-dom.development.js:25850:20)
          at performConcurrentWorkOnRoot (/Users/pabloelisseo/repos/one-beyond/csm/react-form-builder/node_modules/react-dom/cjs/react-dom.development.js:25750:22)
          at flushActQueue (/Users/pabloelisseo/repos/one-beyond/csm/react-form-builder/node_modules/react/cjs/react.development.js:2667:24)
          at act (/Users/pabloelisseo/repos/one-beyond/csm/react-form-builder/node_modules/react/cjs/react.development.js:2582:11)
          at /Users/pabloelisseo/repos/one-beyond/csm/react-form-builder/node_modules/@testing-library/react/dist/act-compat.js:46:25
          at renderRoot (/Users/pabloelisseo/repos/one-beyond/csm/react-form-builder/node_modules/@testing-library/react/dist/pure.js:161:26)
          at render (/Users/pabloelisseo/repos/one-beyond/csm/react-form-builder/node_modules/@testing-library/react/dist/pure.js:247:10)
          at Object.<anonymous> (/Users/pabloelisseo/repos/one-beyond/csm/react-form-builder/src/Questions/Country/__tests__/country.test.js:80:31)
          at Promise.then.completed (/Users/pabloelisseo/repos/one-beyond/csm/react-form-builder/node_modules/jest-circus/build/utils.js:391:28)
          at new Promise (<anonymous>)
          at callAsyncCircusFn (/Users/pabloelisseo/repos/one-beyond/csm/react-form-builder/node_modules/jest-circus/build/utils.js:316:10)
          at _callCircusTest (/Users/pabloelisseo/repos/one-beyond/csm/react-form-builder/node_modules/jest-circus/build/run.js:218:40)
          at processTicksAndRejections (node:internal/process/task_queues:95:5)
          at _runTest (/Users/pabloelisseo/repos/one-beyond/csm/react-form-builder/node_modules/jest-circus/build/run.js:155:3)
          at _runTestsForDescribeBlock (/Users/pabloelisseo/repos/one-beyond/csm/react-form-builder/node_modules/jest-circus/build/run.js:66:9)
          at run (/Users/pabloelisseo/repos/one-beyond/csm/react-form-builder/node_modules/jest-circus/build/run.js:25:3)
          at runAndTransformResultsToJestFormat (/Users/pabloelisseo/repos/one-beyond/csm/react-form-builder/node_modules/jest-circus/build/legacy-code-todo-rewrite/jestAdapterInit.js:170:21)
          at jestAdapter (/Users/pabloelisseo/repos/one-beyond/csm/react-form-builder/node_modules/jest-circus/build/legacy-code-todo-rewrite/jestAdapter.js:82:19)
          at runTestInternal (/Users/pabloelisseo/repos/one-beyond/csm/react-form-builder/node_modules/jest-runner/build/runTest.js:389:16)
          at runTest (/Users/pabloelisseo/repos/one-beyond/csm/react-form-builder/node_modules/jest-runner/build/runTest.js:475:34)
          at Object.worker (/Users/pabloelisseo/repos/one-beyond/csm/react-form-builder/node_modules/jest-runner/build/testWorker.js:133:12)

      at VirtualConsole.<anonymous> (node_modules/jsdom/lib/jsdom/virtual-console.js:29:45)
      at reportException (node_modules/jsdom/lib/jsdom/living/helpers/runtime-script-errors.js:70:28)
      at innerInvokeEventListeners (node_modules/jsdom/lib/jsdom/living/events/EventTarget-impl.js:341:9)
      at invokeEventListeners (node_modules/jsdom/lib/jsdom/living/events/EventTarget-impl.js:274:3)
      at HTMLUnknownElementImpl._dispatch (node_modules/jsdom/lib/jsdom/living/events/EventTarget-impl.js:221:9)
      at HTMLUnknownElementImpl.dispatchEvent (node_modules/jsdom/lib/jsdom/living/events/EventTarget-impl.js:94:17)
      at HTMLUnknownElement.dispatchEvent (node_modules/jsdom/lib/jsdom/living/generated/EventTarget.js:231:34)

    console.error
      The above error occurred in one of your React components:
      
          at Object.<anonymous>.exports.Controller (/Users/pabloelisseo/repos/one-beyond/csm/react-form-builder/node_modules/react-hook-form/src/form.tsx:37:9)
          at Select (/Users/pabloelisseo/repos/one-beyond/csm/react-form-builder/src/Fields/Select/index.js:10:3)
          at div
          at /Users/pabloelisseo/repos/one-beyond/csm/react-form-builder/node_modules/@emotion/react/dist/emotion-element-48d2c2e4.cjs.dev.js:62:23
          at QuestionCountry (/Users/pabloelisseo/repos/one-beyond/csm/react-form-builder/src/Questions/Country/index.js:38:3)
      
      Consider adding an error boundary to your tree to customize error handling behavior.
      Visit https://reactjs.org/link/error-boundaries to learn more about error boundaries.

      at logCapturedError (node_modules/react-dom/cjs/react-dom.development.js:18687:23)
      at update.callback (node_modules/react-dom/cjs/react-dom.development.js:18720:5)
      at callCallback (node_modules/react-dom/cjs/react-dom.development.js:13923:12)
      at commitUpdateQueue (node_modules/react-dom/cjs/react-dom.development.js:13944:9)
      at commitLayoutEffectOnFiber (node_modules/react-dom/cjs/react-dom.development.js:23391:13)
      at commitLayoutMountEffects_complete (node_modules/react-dom/cjs/react-dom.development.js:24688:9)
      at commitLayoutEffects_begin (node_modules/react-dom/cjs/react-dom.development.js:24674:7)
      at commitLayoutEffects (node_modules/react-dom/cjs/react-dom.development.js:24612:3)

    console.error
      Error: Uncaught [TypeError: Cannot read properties of undefined (reading 'array')]
          at reportException (/Users/pabloelisseo/repos/one-beyond/csm/react-form-builder/node_modules/jsdom/lib/jsdom/living/helpers/runtime-script-errors.js:66:24)
          at innerInvokeEventListeners (/Users/pabloelisseo/repos/one-beyond/csm/react-form-builder/node_modules/jsdom/lib/jsdom/living/events/EventTarget-impl.js:341:9)
          at invokeEventListeners (/Users/pabloelisseo/repos/one-beyond/csm/react-form-builder/node_modules/jsdom/lib/jsdom/living/events/EventTarget-impl.js:274:3)
          at HTMLUnknownElementImpl._dispatch (/Users/pabloelisseo/repos/one-beyond/csm/react-form-builder/node_modules/jsdom/lib/jsdom/living/events/EventTarget-impl.js:221:9)
          at HTMLUnknownElementImpl.dispatchEvent (/Users/pabloelisseo/repos/one-beyond/csm/react-form-builder/node_modules/jsdom/lib/jsdom/living/events/EventTarget-impl.js:94:17)
          at HTMLUnknownElement.dispatchEvent (/Users/pabloelisseo/repos/one-beyond/csm/react-form-builder/node_modules/jsdom/lib/jsdom/living/generated/EventTarget.js:231:34)
          at Object.invokeGuardedCallbackDev (/Users/pabloelisseo/repos/one-beyond/csm/react-form-builder/node_modules/react-dom/cjs/react-dom.development.js:4213:16)
          at invokeGuardedCallback (/Users/pabloelisseo/repos/one-beyond/csm/react-form-builder/node_modules/react-dom/cjs/react-dom.development.js:4277:31)
          at beginWork$1 (/Users/pabloelisseo/repos/one-beyond/csm/react-form-builder/node_modules/react-dom/cjs/react-dom.development.js:27451:7)
          at performUnitOfWork (/Users/pabloelisseo/repos/one-beyond/csm/react-form-builder/node_modules/react-dom/cjs/react-dom.development.js:26560:12) TypeError: Cannot read properties of undefined (reading 'array')
          at control (/Users/pabloelisseo/repos/one-beyond/csm/react-form-builder/node_modules/react-hook-form/src/useController.ts:63:35)
          at Object.<anonymous>.exports.Controller (/Users/pabloelisseo/repos/one-beyond/csm/react-form-builder/node_modules/react-hook-form/src/form.tsx:38:5)
          at renderWithHooks (/Users/pabloelisseo/repos/one-beyond/csm/react-form-builder/node_modules/react-dom/cjs/react-dom.development.js:16305:18)
          at mountIndeterminateComponent (/Users/pabloelisseo/repos/one-beyond/csm/react-form-builder/node_modules/react-dom/cjs/react-dom.development.js:20074:13)
          at beginWork (/Users/pabloelisseo/repos/one-beyond/csm/react-form-builder/node_modules/react-dom/cjs/react-dom.development.js:21587:16)
          at HTMLUnknownElement.callCallback (/Users/pabloelisseo/repos/one-beyond/csm/react-form-builder/node_modules/react-dom/cjs/react-dom.development.js:4164:14)
          at HTMLUnknownElement.callTheUserObjectsOperation (/Users/pabloelisseo/repos/one-beyond/csm/react-form-builder/node_modules/jsdom/lib/jsdom/living/generated/EventListener.js:26:30)
          at innerInvokeEventListeners (/Users/pabloelisseo/repos/one-beyond/csm/react-form-builder/node_modules/jsdom/lib/jsdom/living/events/EventTarget-impl.js:338:25)
          at invokeEventListeners (/Users/pabloelisseo/repos/one-beyond/csm/react-form-builder/node_modules/jsdom/lib/jsdom/living/events/EventTarget-impl.js:274:3)
          at HTMLUnknownElementImpl._dispatch (/Users/pabloelisseo/repos/one-beyond/csm/react-form-builder/node_modules/jsdom/lib/jsdom/living/events/EventTarget-impl.js:221:9)
          at HTMLUnknownElementImpl.dispatchEvent (/Users/pabloelisseo/repos/one-beyond/csm/react-form-builder/node_modules/jsdom/lib/jsdom/living/events/EventTarget-impl.js:94:17)
          at HTMLUnknownElement.dispatchEvent (/Users/pabloelisseo/repos/one-beyond/csm/react-form-builder/node_modules/jsdom/lib/jsdom/living/generated/EventTarget.js:231:34)
          at Object.invokeGuardedCallbackDev (/Users/pabloelisseo/repos/one-beyond/csm/react-form-builder/node_modules/react-dom/cjs/react-dom.development.js:4213:16)
          at invokeGuardedCallback (/Users/pabloelisseo/repos/one-beyond/csm/react-form-builder/node_modules/react-dom/cjs/react-dom.development.js:4277:31)
          at beginWork$1 (/Users/pabloelisseo/repos/one-beyond/csm/react-form-builder/node_modules/react-dom/cjs/react-dom.development.js:27451:7)
          at performUnitOfWork (/Users/pabloelisseo/repos/one-beyond/csm/react-form-builder/node_modules/react-dom/cjs/react-dom.development.js:26560:12)
          at workLoopSync (/Users/pabloelisseo/repos/one-beyond/csm/react-form-builder/node_modules/react-dom/cjs/react-dom.development.js:26466:5)
          at renderRootSync (/Users/pabloelisseo/repos/one-beyond/csm/react-form-builder/node_modules/react-dom/cjs/react-dom.development.js:26434:7)
          at performConcurrentWorkOnRoot (/Users/pabloelisseo/repos/one-beyond/csm/react-form-builder/node_modules/react-dom/cjs/react-dom.development.js:25738:74)
          at flushActQueue (/Users/pabloelisseo/repos/one-beyond/csm/react-form-builder/node_modules/react/cjs/react.development.js:2667:24)
          at act (/Users/pabloelisseo/repos/one-beyond/csm/react-form-builder/node_modules/react/cjs/react.development.js:2582:11)
          at /Users/pabloelisseo/repos/one-beyond/csm/react-form-builder/node_modules/@testing-library/react/dist/act-compat.js:46:25
          at renderRoot (/Users/pabloelisseo/repos/one-beyond/csm/react-form-builder/node_modules/@testing-library/react/dist/pure.js:161:26)
          at render (/Users/pabloelisseo/repos/one-beyond/csm/react-form-builder/node_modules/@testing-library/react/dist/pure.js:247:10)
          at Object.<anonymous> (/Users/pabloelisseo/repos/one-beyond/csm/react-form-builder/src/Questions/Country/__tests__/country.test.js:111:31)
          at Promise.then.completed (/Users/pabloelisseo/repos/one-beyond/csm/react-form-builder/node_modules/jest-circus/build/utils.js:391:28)
          at new Promise (<anonymous>)
          at callAsyncCircusFn (/Users/pabloelisseo/repos/one-beyond/csm/react-form-builder/node_modules/jest-circus/build/utils.js:316:10)
          at _callCircusTest (/Users/pabloelisseo/repos/one-beyond/csm/react-form-builder/node_modules/jest-circus/build/run.js:218:40)
          at processTicksAndRejections (node:internal/process/task_queues:95:5)
          at _runTest (/Users/pabloelisseo/repos/one-beyond/csm/react-form-builder/node_modules/jest-circus/build/run.js:155:3)
          at _runTestsForDescribeBlock (/Users/pabloelisseo/repos/one-beyond/csm/react-form-builder/node_modules/jest-circus/build/run.js:66:9)
          at run (/Users/pabloelisseo/repos/one-beyond/csm/react-form-builder/node_modules/jest-circus/build/run.js:25:3)
          at runAndTransformResultsToJestFormat (/Users/pabloelisseo/repos/one-beyond/csm/react-form-builder/node_modules/jest-circus/build/legacy-code-todo-rewrite/jestAdapterInit.js:170:21)
          at jestAdapter (/Users/pabloelisseo/repos/one-beyond/csm/react-form-builder/node_modules/jest-circus/build/legacy-code-todo-rewrite/jestAdapter.js:82:19)
          at runTestInternal (/Users/pabloelisseo/repos/one-beyond/csm/react-form-builder/node_modules/jest-runner/build/runTest.js:389:16)
          at runTest (/Users/pabloelisseo/repos/one-beyond/csm/react-form-builder/node_modules/jest-runner/build/runTest.js:475:34)
          at Object.worker (/Users/pabloelisseo/repos/one-beyond/csm/react-form-builder/node_modules/jest-runner/build/testWorker.js:133:12)

      at VirtualConsole.<anonymous> (node_modules/jsdom/lib/jsdom/virtual-console.js:29:45)
      at reportException (node_modules/jsdom/lib/jsdom/living/helpers/runtime-script-errors.js:70:28)
      at innerInvokeEventListeners (node_modules/jsdom/lib/jsdom/living/events/EventTarget-impl.js:341:9)
      at invokeEventListeners (node_modules/jsdom/lib/jsdom/living/events/EventTarget-impl.js:274:3)
      at HTMLUnknownElementImpl._dispatch (node_modules/jsdom/lib/jsdom/living/events/EventTarget-impl.js:221:9)
      at HTMLUnknownElementImpl.dispatchEvent (node_modules/jsdom/lib/jsdom/living/events/EventTarget-impl.js:94:17)
      at HTMLUnknownElement.dispatchEvent (node_modules/jsdom/lib/jsdom/living/generated/EventTarget.js:231:34)

    console.error
      Error: Uncaught [TypeError: Cannot read properties of undefined (reading 'array')]
          at reportException (/Users/pabloelisseo/repos/one-beyond/csm/react-form-builder/node_modules/jsdom/lib/jsdom/living/helpers/runtime-script-errors.js:66:24)
          at innerInvokeEventListeners (/Users/pabloelisseo/repos/one-beyond/csm/react-form-builder/node_modules/jsdom/lib/jsdom/living/events/EventTarget-impl.js:341:9)
          at invokeEventListeners (/Users/pabloelisseo/repos/one-beyond/csm/react-form-builder/node_modules/jsdom/lib/jsdom/living/events/EventTarget-impl.js:274:3)
          at HTMLUnknownElementImpl._dispatch (/Users/pabloelisseo/repos/one-beyond/csm/react-form-builder/node_modules/jsdom/lib/jsdom/living/events/EventTarget-impl.js:221:9)
          at HTMLUnknownElementImpl.dispatchEvent (/Users/pabloelisseo/repos/one-beyond/csm/react-form-builder/node_modules/jsdom/lib/jsdom/living/events/EventTarget-impl.js:94:17)
          at HTMLUnknownElement.dispatchEvent (/Users/pabloelisseo/repos/one-beyond/csm/react-form-builder/node_modules/jsdom/lib/jsdom/living/generated/EventTarget.js:231:34)
          at Object.invokeGuardedCallbackDev (/Users/pabloelisseo/repos/one-beyond/csm/react-form-builder/node_modules/react-dom/cjs/react-dom.development.js:4213:16)
          at invokeGuardedCallback (/Users/pabloelisseo/repos/one-beyond/csm/react-form-builder/node_modules/react-dom/cjs/react-dom.development.js:4277:31)
          at beginWork$1 (/Users/pabloelisseo/repos/one-beyond/csm/react-form-builder/node_modules/react-dom/cjs/react-dom.development.js:27451:7)
          at performUnitOfWork (/Users/pabloelisseo/repos/one-beyond/csm/react-form-builder/node_modules/react-dom/cjs/react-dom.development.js:26560:12) TypeError: Cannot read properties of undefined (reading 'array')
          at control (/Users/pabloelisseo/repos/one-beyond/csm/react-form-builder/node_modules/react-hook-form/src/useController.ts:63:35)
          at Object.<anonymous>.exports.Controller (/Users/pabloelisseo/repos/one-beyond/csm/react-form-builder/node_modules/react-hook-form/src/form.tsx:38:5)
          at renderWithHooks (/Users/pabloelisseo/repos/one-beyond/csm/react-form-builder/node_modules/react-dom/cjs/react-dom.development.js:16305:18)
          at mountIndeterminateComponent (/Users/pabloelisseo/repos/one-beyond/csm/react-form-builder/node_modules/react-dom/cjs/react-dom.development.js:20074:13)
          at beginWork (/Users/pabloelisseo/repos/one-beyond/csm/react-form-builder/node_modules/react-dom/cjs/react-dom.development.js:21587:16)
          at HTMLUnknownElement.callCallback (/Users/pabloelisseo/repos/one-beyond/csm/react-form-builder/node_modules/react-dom/cjs/react-dom.development.js:4164:14)
          at HTMLUnknownElement.callTheUserObjectsOperation (/Users/pabloelisseo/repos/one-beyond/csm/react-form-builder/node_modules/jsdom/lib/jsdom/living/generated/EventListener.js:26:30)
          at innerInvokeEventListeners (/Users/pabloelisseo/repos/one-beyond/csm/react-form-builder/node_modules/jsdom/lib/jsdom/living/events/EventTarget-impl.js:338:25)
          at invokeEventListeners (/Users/pabloelisseo/repos/one-beyond/csm/react-form-builder/node_modules/jsdom/lib/jsdom/living/events/EventTarget-impl.js:274:3)
          at HTMLUnknownElementImpl._dispatch (/Users/pabloelisseo/repos/one-beyond/csm/react-form-builder/node_modules/jsdom/lib/jsdom/living/events/EventTarget-impl.js:221:9)
          at HTMLUnknownElementImpl.dispatchEvent (/Users/pabloelisseo/repos/one-beyond/csm/react-form-builder/node_modules/jsdom/lib/jsdom/living/events/EventTarget-impl.js:94:17)
          at HTMLUnknownElement.dispatchEvent (/Users/pabloelisseo/repos/one-beyond/csm/react-form-builder/node_modules/jsdom/lib/jsdom/living/generated/EventTarget.js:231:34)
          at Object.invokeGuardedCallbackDev (/Users/pabloelisseo/repos/one-beyond/csm/react-form-builder/node_modules/react-dom/cjs/react-dom.development.js:4213:16)
          at invokeGuardedCallback (/Users/pabloelisseo/repos/one-beyond/csm/react-form-builder/node_modules/react-dom/cjs/react-dom.development.js:4277:31)
          at beginWork$1 (/Users/pabloelisseo/repos/one-beyond/csm/react-form-builder/node_modules/react-dom/cjs/react-dom.development.js:27451:7)
          at performUnitOfWork (/Users/pabloelisseo/repos/one-beyond/csm/react-form-builder/node_modules/react-dom/cjs/react-dom.development.js:26560:12)
          at workLoopSync (/Users/pabloelisseo/repos/one-beyond/csm/react-form-builder/node_modules/react-dom/cjs/react-dom.development.js:26466:5)
          at renderRootSync (/Users/pabloelisseo/repos/one-beyond/csm/react-form-builder/node_modules/react-dom/cjs/react-dom.development.js:26434:7)
          at recoverFromConcurrentError (/Users/pabloelisseo/repos/one-beyond/csm/react-form-builder/node_modules/react-dom/cjs/react-dom.development.js:25850:20)
          at performConcurrentWorkOnRoot (/Users/pabloelisseo/repos/one-beyond/csm/react-form-builder/node_modules/react-dom/cjs/react-dom.development.js:25750:22)
          at flushActQueue (/Users/pabloelisseo/repos/one-beyond/csm/react-form-builder/node_modules/react/cjs/react.development.js:2667:24)
          at act (/Users/pabloelisseo/repos/one-beyond/csm/react-form-builder/node_modules/react/cjs/react.development.js:2582:11)
          at /Users/pabloelisseo/repos/one-beyond/csm/react-form-builder/node_modules/@testing-library/react/dist/act-compat.js:46:25
          at renderRoot (/Users/pabloelisseo/repos/one-beyond/csm/react-form-builder/node_modules/@testing-library/react/dist/pure.js:161:26)
          at render (/Users/pabloelisseo/repos/one-beyond/csm/react-form-builder/node_modules/@testing-library/react/dist/pure.js:247:10)
          at Object.<anonymous> (/Users/pabloelisseo/repos/one-beyond/csm/react-form-builder/src/Questions/Country/__tests__/country.test.js:111:31)
          at Promise.then.completed (/Users/pabloelisseo/repos/one-beyond/csm/react-form-builder/node_modules/jest-circus/build/utils.js:391:28)
          at new Promise (<anonymous>)
          at callAsyncCircusFn (/Users/pabloelisseo/repos/one-beyond/csm/react-form-builder/node_modules/jest-circus/build/utils.js:316:10)
          at _callCircusTest (/Users/pabloelisseo/repos/one-beyond/csm/react-form-builder/node_modules/jest-circus/build/run.js:218:40)
          at processTicksAndRejections (node:internal/process/task_queues:95:5)
          at _runTest (/Users/pabloelisseo/repos/one-beyond/csm/react-form-builder/node_modules/jest-circus/build/run.js:155:3)
          at _runTestsForDescribeBlock (/Users/pabloelisseo/repos/one-beyond/csm/react-form-builder/node_modules/jest-circus/build/run.js:66:9)
          at run (/Users/pabloelisseo/repos/one-beyond/csm/react-form-builder/node_modules/jest-circus/build/run.js:25:3)
          at runAndTransformResultsToJestFormat (/Users/pabloelisseo/repos/one-beyond/csm/react-form-builder/node_modules/jest-circus/build/legacy-code-todo-rewrite/jestAdapterInit.js:170:21)
          at jestAdapter (/Users/pabloelisseo/repos/one-beyond/csm/react-form-builder/node_modules/jest-circus/build/legacy-code-todo-rewrite/jestAdapter.js:82:19)
          at runTestInternal (/Users/pabloelisseo/repos/one-beyond/csm/react-form-builder/node_modules/jest-runner/build/runTest.js:389:16)
          at runTest (/Users/pabloelisseo/repos/one-beyond/csm/react-form-builder/node_modules/jest-runner/build/runTest.js:475:34)
          at Object.worker (/Users/pabloelisseo/repos/one-beyond/csm/react-form-builder/node_modules/jest-runner/build/testWorker.js:133:12)

      at VirtualConsole.<anonymous> (node_modules/jsdom/lib/jsdom/virtual-console.js:29:45)
      at reportException (node_modules/jsdom/lib/jsdom/living/helpers/runtime-script-errors.js:70:28)
      at innerInvokeEventListeners (node_modules/jsdom/lib/jsdom/living/events/EventTarget-impl.js:341:9)
      at invokeEventListeners (node_modules/jsdom/lib/jsdom/living/events/EventTarget-impl.js:274:3)
      at HTMLUnknownElementImpl._dispatch (node_modules/jsdom/lib/jsdom/living/events/EventTarget-impl.js:221:9)
      at HTMLUnknownElementImpl.dispatchEvent (node_modules/jsdom/lib/jsdom/living/events/EventTarget-impl.js:94:17)
      at HTMLUnknownElement.dispatchEvent (node_modules/jsdom/lib/jsdom/living/generated/EventTarget.js:231:34)

    console.error
      The above error occurred in one of your React components:
      
          at Object.<anonymous>.exports.Controller (/Users/pabloelisseo/repos/one-beyond/csm/react-form-builder/node_modules/react-hook-form/src/form.tsx:37:9)
          at Select (/Users/pabloelisseo/repos/one-beyond/csm/react-form-builder/src/Fields/Select/index.js:10:3)
          at div
          at /Users/pabloelisseo/repos/one-beyond/csm/react-form-builder/node_modules/@emotion/react/dist/emotion-element-48d2c2e4.cjs.dev.js:62:23
          at QuestionCountry (/Users/pabloelisseo/repos/one-beyond/csm/react-form-builder/src/Questions/Country/index.js:38:3)
      
      Consider adding an error boundary to your tree to customize error handling behavior.
      Visit https://reactjs.org/link/error-boundaries to learn more about error boundaries.

      at logCapturedError (node_modules/react-dom/cjs/react-dom.development.js:18687:23)
      at update.callback (node_modules/react-dom/cjs/react-dom.development.js:18720:5)
      at callCallback (node_modules/react-dom/cjs/react-dom.development.js:13923:12)
      at commitUpdateQueue (node_modules/react-dom/cjs/react-dom.development.js:13944:9)
      at commitLayoutEffectOnFiber (node_modules/react-dom/cjs/react-dom.development.js:23391:13)
      at commitLayoutMountEffects_complete (node_modules/react-dom/cjs/react-dom.development.js:24688:9)
      at commitLayoutEffects_begin (node_modules/react-dom/cjs/react-dom.development.js:24674:7)
      at commitLayoutEffects (node_modules/react-dom/cjs/react-dom.development.js:24612:3)

    console.error
      Error: Uncaught [TypeError: Cannot read properties of undefined (reading 'array')]
          at reportException (/Users/pabloelisseo/repos/one-beyond/csm/react-form-builder/node_modules/jsdom/lib/jsdom/living/helpers/runtime-script-errors.js:66:24)
          at innerInvokeEventListeners (/Users/pabloelisseo/repos/one-beyond/csm/react-form-builder/node_modules/jsdom/lib/jsdom/living/events/EventTarget-impl.js:341:9)
          at invokeEventListeners (/Users/pabloelisseo/repos/one-beyond/csm/react-form-builder/node_modules/jsdom/lib/jsdom/living/events/EventTarget-impl.js:274:3)
          at HTMLUnknownElementImpl._dispatch (/Users/pabloelisseo/repos/one-beyond/csm/react-form-builder/node_modules/jsdom/lib/jsdom/living/events/EventTarget-impl.js:221:9)
          at HTMLUnknownElementImpl.dispatchEvent (/Users/pabloelisseo/repos/one-beyond/csm/react-form-builder/node_modules/jsdom/lib/jsdom/living/events/EventTarget-impl.js:94:17)
          at HTMLUnknownElement.dispatchEvent (/Users/pabloelisseo/repos/one-beyond/csm/react-form-builder/node_modules/jsdom/lib/jsdom/living/generated/EventTarget.js:231:34)
          at Object.invokeGuardedCallbackDev (/Users/pabloelisseo/repos/one-beyond/csm/react-form-builder/node_modules/react-dom/cjs/react-dom.development.js:4213:16)
          at invokeGuardedCallback (/Users/pabloelisseo/repos/one-beyond/csm/react-form-builder/node_modules/react-dom/cjs/react-dom.development.js:4277:31)
          at beginWork$1 (/Users/pabloelisseo/repos/one-beyond/csm/react-form-builder/node_modules/react-dom/cjs/react-dom.development.js:27451:7)
          at performUnitOfWork (/Users/pabloelisseo/repos/one-beyond/csm/react-form-builder/node_modules/react-dom/cjs/react-dom.development.js:26560:12) TypeError: Cannot read properties of undefined (reading 'array')
          at control (/Users/pabloelisseo/repos/one-beyond/csm/react-form-builder/node_modules/react-hook-form/src/useController.ts:63:35)
          at Object.<anonymous>.exports.Controller (/Users/pabloelisseo/repos/one-beyond/csm/react-form-builder/node_modules/react-hook-form/src/form.tsx:38:5)
          at renderWithHooks (/Users/pabloelisseo/repos/one-beyond/csm/react-form-builder/node_modules/react-dom/cjs/react-dom.development.js:16305:18)
          at mountIndeterminateComponent (/Users/pabloelisseo/repos/one-beyond/csm/react-form-builder/node_modules/react-dom/cjs/react-dom.development.js:20074:13)
          at beginWork (/Users/pabloelisseo/repos/one-beyond/csm/react-form-builder/node_modules/react-dom/cjs/react-dom.development.js:21587:16)
          at HTMLUnknownElement.callCallback (/Users/pabloelisseo/repos/one-beyond/csm/react-form-builder/node_modules/react-dom/cjs/react-dom.development.js:4164:14)
          at HTMLUnknownElement.callTheUserObjectsOperation (/Users/pabloelisseo/repos/one-beyond/csm/react-form-builder/node_modules/jsdom/lib/jsdom/living/generated/EventListener.js:26:30)
          at innerInvokeEventListeners (/Users/pabloelisseo/repos/one-beyond/csm/react-form-builder/node_modules/jsdom/lib/jsdom/living/events/EventTarget-impl.js:338:25)
          at invokeEventListeners (/Users/pabloelisseo/repos/one-beyond/csm/react-form-builder/node_modules/jsdom/lib/jsdom/living/events/EventTarget-impl.js:274:3)
          at HTMLUnknownElementImpl._dispatch (/Users/pabloelisseo/repos/one-beyond/csm/react-form-builder/node_modules/jsdom/lib/jsdom/living/events/EventTarget-impl.js:221:9)
          at HTMLUnknownElementImpl.dispatchEvent (/Users/pabloelisseo/repos/one-beyond/csm/react-form-builder/node_modules/jsdom/lib/jsdom/living/events/EventTarget-impl.js:94:17)
          at HTMLUnknownElement.dispatchEvent (/Users/pabloelisseo/repos/one-beyond/csm/react-form-builder/node_modules/jsdom/lib/jsdom/living/generated/EventTarget.js:231:34)
          at Object.invokeGuardedCallbackDev (/Users/pabloelisseo/repos/one-beyond/csm/react-form-builder/node_modules/react-dom/cjs/react-dom.development.js:4213:16)
          at invokeGuardedCallback (/Users/pabloelisseo/repos/one-beyond/csm/react-form-builder/node_modules/react-dom/cjs/react-dom.development.js:4277:31)
          at beginWork$1 (/Users/pabloelisseo/repos/one-beyond/csm/react-form-builder/node_modules/react-dom/cjs/react-dom.development.js:27451:7)
          at performUnitOfWork (/Users/pabloelisseo/repos/one-beyond/csm/react-form-builder/node_modules/react-dom/cjs/react-dom.development.js:26560:12)
          at workLoopSync (/Users/pabloelisseo/repos/one-beyond/csm/react-form-builder/node_modules/react-dom/cjs/react-dom.development.js:26466:5)
          at renderRootSync (/Users/pabloelisseo/repos/one-beyond/csm/react-form-builder/node_modules/react-dom/cjs/react-dom.development.js:26434:7)
          at performConcurrentWorkOnRoot (/Users/pabloelisseo/repos/one-beyond/csm/react-form-builder/node_modules/react-dom/cjs/react-dom.development.js:25738:74)
          at flushActQueue (/Users/pabloelisseo/repos/one-beyond/csm/react-form-builder/node_modules/react/cjs/react.development.js:2667:24)
          at act (/Users/pabloelisseo/repos/one-beyond/csm/react-form-builder/node_modules/react/cjs/react.development.js:2582:11)
          at /Users/pabloelisseo/repos/one-beyond/csm/react-form-builder/node_modules/@testing-library/react/dist/act-compat.js:46:25
          at renderRoot (/Users/pabloelisseo/repos/one-beyond/csm/react-form-builder/node_modules/@testing-library/react/dist/pure.js:161:26)
          at render (/Users/pabloelisseo/repos/one-beyond/csm/react-form-builder/node_modules/@testing-library/react/dist/pure.js:247:10)
          at Object.<anonymous> (/Users/pabloelisseo/repos/one-beyond/csm/react-form-builder/src/Questions/Country/__tests__/country.test.js:144:31)
          at Promise.then.completed (/Users/pabloelisseo/repos/one-beyond/csm/react-form-builder/node_modules/jest-circus/build/utils.js:391:28)
          at new Promise (<anonymous>)
          at callAsyncCircusFn (/Users/pabloelisseo/repos/one-beyond/csm/react-form-builder/node_modules/jest-circus/build/utils.js:316:10)
          at _callCircusTest (/Users/pabloelisseo/repos/one-beyond/csm/react-form-builder/node_modules/jest-circus/build/run.js:218:40)
          at processTicksAndRejections (node:internal/process/task_queues:95:5)
          at _runTest (/Users/pabloelisseo/repos/one-beyond/csm/react-form-builder/node_modules/jest-circus/build/run.js:155:3)
          at _runTestsForDescribeBlock (/Users/pabloelisseo/repos/one-beyond/csm/react-form-builder/node_modules/jest-circus/build/run.js:66:9)
          at run (/Users/pabloelisseo/repos/one-beyond/csm/react-form-builder/node_modules/jest-circus/build/run.js:25:3)
          at runAndTransformResultsToJestFormat (/Users/pabloelisseo/repos/one-beyond/csm/react-form-builder/node_modules/jest-circus/build/legacy-code-todo-rewrite/jestAdapterInit.js:170:21)
          at jestAdapter (/Users/pabloelisseo/repos/one-beyond/csm/react-form-builder/node_modules/jest-circus/build/legacy-code-todo-rewrite/jestAdapter.js:82:19)
          at runTestInternal (/Users/pabloelisseo/repos/one-beyond/csm/react-form-builder/node_modules/jest-runner/build/runTest.js:389:16)
          at runTest (/Users/pabloelisseo/repos/one-beyond/csm/react-form-builder/node_modules/jest-runner/build/runTest.js:475:34)
          at Object.worker (/Users/pabloelisseo/repos/one-beyond/csm/react-form-builder/node_modules/jest-runner/build/testWorker.js:133:12)

      at VirtualConsole.<anonymous> (node_modules/jsdom/lib/jsdom/virtual-console.js:29:45)
      at reportException (node_modules/jsdom/lib/jsdom/living/helpers/runtime-script-errors.js:70:28)
      at innerInvokeEventListeners (node_modules/jsdom/lib/jsdom/living/events/EventTarget-impl.js:341:9)
      at invokeEventListeners (node_modules/jsdom/lib/jsdom/living/events/EventTarget-impl.js:274:3)
      at HTMLUnknownElementImpl._dispatch (node_modules/jsdom/lib/jsdom/living/events/EventTarget-impl.js:221:9)
      at HTMLUnknownElementImpl.dispatchEvent (node_modules/jsdom/lib/jsdom/living/events/EventTarget-impl.js:94:17)
      at HTMLUnknownElement.dispatchEvent (node_modules/jsdom/lib/jsdom/living/generated/EventTarget.js:231:34)

    console.error
      Error: Uncaught [TypeError: Cannot read properties of undefined (reading 'array')]
          at reportException (/Users/pabloelisseo/repos/one-beyond/csm/react-form-builder/node_modules/jsdom/lib/jsdom/living/helpers/runtime-script-errors.js:66:24)
          at innerInvokeEventListeners (/Users/pabloelisseo/repos/one-beyond/csm/react-form-builder/node_modules/jsdom/lib/jsdom/living/events/EventTarget-impl.js:341:9)
          at invokeEventListeners (/Users/pabloelisseo/repos/one-beyond/csm/react-form-builder/node_modules/jsdom/lib/jsdom/living/events/EventTarget-impl.js:274:3)
          at HTMLUnknownElementImpl._dispatch (/Users/pabloelisseo/repos/one-beyond/csm/react-form-builder/node_modules/jsdom/lib/jsdom/living/events/EventTarget-impl.js:221:9)
          at HTMLUnknownElementImpl.dispatchEvent (/Users/pabloelisseo/repos/one-beyond/csm/react-form-builder/node_modules/jsdom/lib/jsdom/living/events/EventTarget-impl.js:94:17)
          at HTMLUnknownElement.dispatchEvent (/Users/pabloelisseo/repos/one-beyond/csm/react-form-builder/node_modules/jsdom/lib/jsdom/living/generated/EventTarget.js:231:34)
          at Object.invokeGuardedCallbackDev (/Users/pabloelisseo/repos/one-beyond/csm/react-form-builder/node_modules/react-dom/cjs/react-dom.development.js:4213:16)
          at invokeGuardedCallback (/Users/pabloelisseo/repos/one-beyond/csm/react-form-builder/node_modules/react-dom/cjs/react-dom.development.js:4277:31)
          at beginWork$1 (/Users/pabloelisseo/repos/one-beyond/csm/react-form-builder/node_modules/react-dom/cjs/react-dom.development.js:27451:7)
          at performUnitOfWork (/Users/pabloelisseo/repos/one-beyond/csm/react-form-builder/node_modules/react-dom/cjs/react-dom.development.js:26560:12) TypeError: Cannot read properties of undefined (reading 'array')
          at control (/Users/pabloelisseo/repos/one-beyond/csm/react-form-builder/node_modules/react-hook-form/src/useController.ts:63:35)
          at Object.<anonymous>.exports.Controller (/Users/pabloelisseo/repos/one-beyond/csm/react-form-builder/node_modules/react-hook-form/src/form.tsx:38:5)
          at renderWithHooks (/Users/pabloelisseo/repos/one-beyond/csm/react-form-builder/node_modules/react-dom/cjs/react-dom.development.js:16305:18)
          at mountIndeterminateComponent (/Users/pabloelisseo/repos/one-beyond/csm/react-form-builder/node_modules/react-dom/cjs/react-dom.development.js:20074:13)
          at beginWork (/Users/pabloelisseo/repos/one-beyond/csm/react-form-builder/node_modules/react-dom/cjs/react-dom.development.js:21587:16)
          at HTMLUnknownElement.callCallback (/Users/pabloelisseo/repos/one-beyond/csm/react-form-builder/node_modules/react-dom/cjs/react-dom.development.js:4164:14)
          at HTMLUnknownElement.callTheUserObjectsOperation (/Users/pabloelisseo/repos/one-beyond/csm/react-form-builder/node_modules/jsdom/lib/jsdom/living/generated/EventListener.js:26:30)
          at innerInvokeEventListeners (/Users/pabloelisseo/repos/one-beyond/csm/react-form-builder/node_modules/jsdom/lib/jsdom/living/events/EventTarget-impl.js:338:25)
          at invokeEventListeners (/Users/pabloelisseo/repos/one-beyond/csm/react-form-builder/node_modules/jsdom/lib/jsdom/living/events/EventTarget-impl.js:274:3)
          at HTMLUnknownElementImpl._dispatch (/Users/pabloelisseo/repos/one-beyond/csm/react-form-builder/node_modules/jsdom/lib/jsdom/living/events/EventTarget-impl.js:221:9)
          at HTMLUnknownElementImpl.dispatchEvent (/Users/pabloelisseo/repos/one-beyond/csm/react-form-builder/node_modules/jsdom/lib/jsdom/living/events/EventTarget-impl.js:94:17)
          at HTMLUnknownElement.dispatchEvent (/Users/pabloelisseo/repos/one-beyond/csm/react-form-builder/node_modules/jsdom/lib/jsdom/living/generated/EventTarget.js:231:34)
          at Object.invokeGuardedCallbackDev (/Users/pabloelisseo/repos/one-beyond/csm/react-form-builder/node_modules/react-dom/cjs/react-dom.development.js:4213:16)
          at invokeGuardedCallback (/Users/pabloelisseo/repos/one-beyond/csm/react-form-builder/node_modules/react-dom/cjs/react-dom.development.js:4277:31)
          at beginWork$1 (/Users/pabloelisseo/repos/one-beyond/csm/react-form-builder/node_modules/react-dom/cjs/react-dom.development.js:27451:7)
          at performUnitOfWork (/Users/pabloelisseo/repos/one-beyond/csm/react-form-builder/node_modules/react-dom/cjs/react-dom.development.js:26560:12)
          at workLoopSync (/Users/pabloelisseo/repos/one-beyond/csm/react-form-builder/node_modules/react-dom/cjs/react-dom.development.js:26466:5)
          at renderRootSync (/Users/pabloelisseo/repos/one-beyond/csm/react-form-builder/node_modules/react-dom/cjs/react-dom.development.js:26434:7)
          at recoverFromConcurrentError (/Users/pabloelisseo/repos/one-beyond/csm/react-form-builder/node_modules/react-dom/cjs/react-dom.development.js:25850:20)
          at performConcurrentWorkOnRoot (/Users/pabloelisseo/repos/one-beyond/csm/react-form-builder/node_modules/react-dom/cjs/react-dom.development.js:25750:22)
          at flushActQueue (/Users/pabloelisseo/repos/one-beyond/csm/react-form-builder/node_modules/react/cjs/react.development.js:2667:24)
          at act (/Users/pabloelisseo/repos/one-beyond/csm/react-form-builder/node_modules/react/cjs/react.development.js:2582:11)
          at /Users/pabloelisseo/repos/one-beyond/csm/react-form-builder/node_modules/@testing-library/react/dist/act-compat.js:46:25
          at renderRoot (/Users/pabloelisseo/repos/one-beyond/csm/react-form-builder/node_modules/@testing-library/react/dist/pure.js:161:26)
          at render (/Users/pabloelisseo/repos/one-beyond/csm/react-form-builder/node_modules/@testing-library/react/dist/pure.js:247:10)
          at Object.<anonymous> (/Users/pabloelisseo/repos/one-beyond/csm/react-form-builder/src/Questions/Country/__tests__/country.test.js:144:31)
          at Promise.then.completed (/Users/pabloelisseo/repos/one-beyond/csm/react-form-builder/node_modules/jest-circus/build/utils.js:391:28)
          at new Promise (<anonymous>)
          at callAsyncCircusFn (/Users/pabloelisseo/repos/one-beyond/csm/react-form-builder/node_modules/jest-circus/build/utils.js:316:10)
          at _callCircusTest (/Users/pabloelisseo/repos/one-beyond/csm/react-form-builder/node_modules/jest-circus/build/run.js:218:40)
          at processTicksAndRejections (node:internal/process/task_queues:95:5)
          at _runTest (/Users/pabloelisseo/repos/one-beyond/csm/react-form-builder/node_modules/jest-circus/build/run.js:155:3)
          at _runTestsForDescribeBlock (/Users/pabloelisseo/repos/one-beyond/csm/react-form-builder/node_modules/jest-circus/build/run.js:66:9)
          at run (/Users/pabloelisseo/repos/one-beyond/csm/react-form-builder/node_modules/jest-circus/build/run.js:25:3)
          at runAndTransformResultsToJestFormat (/Users/pabloelisseo/repos/one-beyond/csm/react-form-builder/node_modules/jest-circus/build/legacy-code-todo-rewrite/jestAdapterInit.js:170:21)
          at jestAdapter (/Users/pabloelisseo/repos/one-beyond/csm/react-form-builder/node_modules/jest-circus/build/legacy-code-todo-rewrite/jestAdapter.js:82:19)
          at runTestInternal (/Users/pabloelisseo/repos/one-beyond/csm/react-form-builder/node_modules/jest-runner/build/runTest.js:389:16)
          at runTest (/Users/pabloelisseo/repos/one-beyond/csm/react-form-builder/node_modules/jest-runner/build/runTest.js:475:34)
          at Object.worker (/Users/pabloelisseo/repos/one-beyond/csm/react-form-builder/node_modules/jest-runner/build/testWorker.js:133:12)

      at VirtualConsole.<anonymous> (node_modules/jsdom/lib/jsdom/virtual-console.js:29:45)
      at reportException (node_modules/jsdom/lib/jsdom/living/helpers/runtime-script-errors.js:70:28)
      at innerInvokeEventListeners (node_modules/jsdom/lib/jsdom/living/events/EventTarget-impl.js:341:9)
      at invokeEventListeners (node_modules/jsdom/lib/jsdom/living/events/EventTarget-impl.js:274:3)
      at HTMLUnknownElementImpl._dispatch (node_modules/jsdom/lib/jsdom/living/events/EventTarget-impl.js:221:9)
      at HTMLUnknownElementImpl.dispatchEvent (node_modules/jsdom/lib/jsdom/living/events/EventTarget-impl.js:94:17)
      at HTMLUnknownElement.dispatchEvent (node_modules/jsdom/lib/jsdom/living/generated/EventTarget.js:231:34)

    console.error
      The above error occurred in one of your React components:
      
          at Object.<anonymous>.exports.Controller (/Users/pabloelisseo/repos/one-beyond/csm/react-form-builder/node_modules/react-hook-form/src/form.tsx:37:9)
          at Select (/Users/pabloelisseo/repos/one-beyond/csm/react-form-builder/src/Fields/Select/index.js:10:3)
          at div
          at /Users/pabloelisseo/repos/one-beyond/csm/react-form-builder/node_modules/@emotion/react/dist/emotion-element-48d2c2e4.cjs.dev.js:62:23
          at QuestionCountry (/Users/pabloelisseo/repos/one-beyond/csm/react-form-builder/src/Questions/Country/index.js:38:3)
      
      Consider adding an error boundary to your tree to customize error handling behavior.
      Visit https://reactjs.org/link/error-boundaries to learn more about error boundaries.

      at logCapturedError (node_modules/react-dom/cjs/react-dom.development.js:18687:23)
      at update.callback (node_modules/react-dom/cjs/react-dom.development.js:18720:5)
      at callCallback (node_modules/react-dom/cjs/react-dom.development.js:13923:12)
      at commitUpdateQueue (node_modules/react-dom/cjs/react-dom.development.js:13944:9)
      at commitLayoutEffectOnFiber (node_modules/react-dom/cjs/react-dom.development.js:23391:13)
      at commitLayoutMountEffects_complete (node_modules/react-dom/cjs/react-dom.development.js:24688:9)
      at commitLayoutEffects_begin (node_modules/react-dom/cjs/react-dom.development.js:24674:7)
      at commitLayoutEffects (node_modules/react-dom/cjs/react-dom.development.js:24612:3)

    console.error
      Error: Uncaught [TypeError: Cannot read properties of undefined (reading 'array')]
          at reportException (/Users/pabloelisseo/repos/one-beyond/csm/react-form-builder/node_modules/jsdom/lib/jsdom/living/helpers/runtime-script-errors.js:66:24)
          at innerInvokeEventListeners (/Users/pabloelisseo/repos/one-beyond/csm/react-form-builder/node_modules/jsdom/lib/jsdom/living/events/EventTarget-impl.js:341:9)
          at invokeEventListeners (/Users/pabloelisseo/repos/one-beyond/csm/react-form-builder/node_modules/jsdom/lib/jsdom/living/events/EventTarget-impl.js:274:3)
          at HTMLUnknownElementImpl._dispatch (/Users/pabloelisseo/repos/one-beyond/csm/react-form-builder/node_modules/jsdom/lib/jsdom/living/events/EventTarget-impl.js:221:9)
          at HTMLUnknownElementImpl.dispatchEvent (/Users/pabloelisseo/repos/one-beyond/csm/react-form-builder/node_modules/jsdom/lib/jsdom/living/events/EventTarget-impl.js:94:17)
          at HTMLUnknownElement.dispatchEvent (/Users/pabloelisseo/repos/one-beyond/csm/react-form-builder/node_modules/jsdom/lib/jsdom/living/generated/EventTarget.js:231:34)
          at Object.invokeGuardedCallbackDev (/Users/pabloelisseo/repos/one-beyond/csm/react-form-builder/node_modules/react-dom/cjs/react-dom.development.js:4213:16)
          at invokeGuardedCallback (/Users/pabloelisseo/repos/one-beyond/csm/react-form-builder/node_modules/react-dom/cjs/react-dom.development.js:4277:31)
          at beginWork$1 (/Users/pabloelisseo/repos/one-beyond/csm/react-form-builder/node_modules/react-dom/cjs/react-dom.development.js:27451:7)
          at performUnitOfWork (/Users/pabloelisseo/repos/one-beyond/csm/react-form-builder/node_modules/react-dom/cjs/react-dom.development.js:26560:12) TypeError: Cannot read properties of undefined (reading 'array')
          at control (/Users/pabloelisseo/repos/one-beyond/csm/react-form-builder/node_modules/react-hook-form/src/useController.ts:63:35)
          at Object.<anonymous>.exports.Controller (/Users/pabloelisseo/repos/one-beyond/csm/react-form-builder/node_modules/react-hook-form/src/form.tsx:38:5)
          at renderWithHooks (/Users/pabloelisseo/repos/one-beyond/csm/react-form-builder/node_modules/react-dom/cjs/react-dom.development.js:16305:18)
          at mountIndeterminateComponent (/Users/pabloelisseo/repos/one-beyond/csm/react-form-builder/node_modules/react-dom/cjs/react-dom.development.js:20074:13)
          at beginWork (/Users/pabloelisseo/repos/one-beyond/csm/react-form-builder/node_modules/react-dom/cjs/react-dom.development.js:21587:16)
          at HTMLUnknownElement.callCallback (/Users/pabloelisseo/repos/one-beyond/csm/react-form-builder/node_modules/react-dom/cjs/react-dom.development.js:4164:14)
          at HTMLUnknownElement.callTheUserObjectsOperation (/Users/pabloelisseo/repos/one-beyond/csm/react-form-builder/node_modules/jsdom/lib/jsdom/living/generated/EventListener.js:26:30)
          at innerInvokeEventListeners (/Users/pabloelisseo/repos/one-beyond/csm/react-form-builder/node_modules/jsdom/lib/jsdom/living/events/EventTarget-impl.js:338:25)
          at invokeEventListeners (/Users/pabloelisseo/repos/one-beyond/csm/react-form-builder/node_modules/jsdom/lib/jsdom/living/events/EventTarget-impl.js:274:3)
          at HTMLUnknownElementImpl._dispatch (/Users/pabloelisseo/repos/one-beyond/csm/react-form-builder/node_modules/jsdom/lib/jsdom/living/events/EventTarget-impl.js:221:9)
          at HTMLUnknownElementImpl.dispatchEvent (/Users/pabloelisseo/repos/one-beyond/csm/react-form-builder/node_modules/jsdom/lib/jsdom/living/events/EventTarget-impl.js:94:17)
          at HTMLUnknownElement.dispatchEvent (/Users/pabloelisseo/repos/one-beyond/csm/react-form-builder/node_modules/jsdom/lib/jsdom/living/generated/EventTarget.js:231:34)
          at Object.invokeGuardedCallbackDev (/Users/pabloelisseo/repos/one-beyond/csm/react-form-builder/node_modules/react-dom/cjs/react-dom.development.js:4213:16)
          at invokeGuardedCallback (/Users/pabloelisseo/repos/one-beyond/csm/react-form-builder/node_modules/react-dom/cjs/react-dom.development.js:4277:31)
          at beginWork$1 (/Users/pabloelisseo/repos/one-beyond/csm/react-form-builder/node_modules/react-dom/cjs/react-dom.development.js:27451:7)
          at performUnitOfWork (/Users/pabloelisseo/repos/one-beyond/csm/react-form-builder/node_modules/react-dom/cjs/react-dom.development.js:26560:12)
          at workLoopSync (/Users/pabloelisseo/repos/one-beyond/csm/react-form-builder/node_modules/react-dom/cjs/react-dom.development.js:26466:5)
          at renderRootSync (/Users/pabloelisseo/repos/one-beyond/csm/react-form-builder/node_modules/react-dom/cjs/react-dom.development.js:26434:7)
          at performConcurrentWorkOnRoot (/Users/pabloelisseo/repos/one-beyond/csm/react-form-builder/node_modules/react-dom/cjs/react-dom.development.js:25738:74)
          at flushActQueue (/Users/pabloelisseo/repos/one-beyond/csm/react-form-builder/node_modules/react/cjs/react.development.js:2667:24)
          at act (/Users/pabloelisseo/repos/one-beyond/csm/react-form-builder/node_modules/react/cjs/react.development.js:2582:11)
          at /Users/pabloelisseo/repos/one-beyond/csm/react-form-builder/node_modules/@testing-library/react/dist/act-compat.js:46:25
          at renderRoot (/Users/pabloelisseo/repos/one-beyond/csm/react-form-builder/node_modules/@testing-library/react/dist/pure.js:161:26)
          at render (/Users/pabloelisseo/repos/one-beyond/csm/react-form-builder/node_modules/@testing-library/react/dist/pure.js:247:10)
          at setup (/Users/pabloelisseo/repos/one-beyond/csm/react-form-builder/src/Questions/Country/__tests__/country.test.js:36:33)
          at Object.<anonymous> (/Users/pabloelisseo/repos/one-beyond/csm/react-form-builder/src/Questions/Country/__tests__/country.test.js:166:36)
          at Promise.then.completed (/Users/pabloelisseo/repos/one-beyond/csm/react-form-builder/node_modules/jest-circus/build/utils.js:391:28)
          at new Promise (<anonymous>)
          at callAsyncCircusFn (/Users/pabloelisseo/repos/one-beyond/csm/react-form-builder/node_modules/jest-circus/build/utils.js:316:10)
          at _callCircusTest (/Users/pabloelisseo/repos/one-beyond/csm/react-form-builder/node_modules/jest-circus/build/run.js:218:40)
          at processTicksAndRejections (node:internal/process/task_queues:95:5)
          at _runTest (/Users/pabloelisseo/repos/one-beyond/csm/react-form-builder/node_modules/jest-circus/build/run.js:155:3)
          at _runTestsForDescribeBlock (/Users/pabloelisseo/repos/one-beyond/csm/react-form-builder/node_modules/jest-circus/build/run.js:66:9)
          at run (/Users/pabloelisseo/repos/one-beyond/csm/react-form-builder/node_modules/jest-circus/build/run.js:25:3)
          at runAndTransformResultsToJestFormat (/Users/pabloelisseo/repos/one-beyond/csm/react-form-builder/node_modules/jest-circus/build/legacy-code-todo-rewrite/jestAdapterInit.js:170:21)
          at jestAdapter (/Users/pabloelisseo/repos/one-beyond/csm/react-form-builder/node_modules/jest-circus/build/legacy-code-todo-rewrite/jestAdapter.js:82:19)
          at runTestInternal (/Users/pabloelisseo/repos/one-beyond/csm/react-form-builder/node_modules/jest-runner/build/runTest.js:389:16)
          at runTest (/Users/pabloelisseo/repos/one-beyond/csm/react-form-builder/node_modules/jest-runner/build/runTest.js:475:34)
          at Object.worker (/Users/pabloelisseo/repos/one-beyond/csm/react-form-builder/node_modules/jest-runner/build/testWorker.js:133:12)

      at VirtualConsole.<anonymous> (node_modules/jsdom/lib/jsdom/virtual-console.js:29:45)
      at reportException (node_modules/jsdom/lib/jsdom/living/helpers/runtime-script-errors.js:70:28)
      at innerInvokeEventListeners (node_modules/jsdom/lib/jsdom/living/events/EventTarget-impl.js:341:9)
      at invokeEventListeners (node_modules/jsdom/lib/jsdom/living/events/EventTarget-impl.js:274:3)
      at HTMLUnknownElementImpl._dispatch (node_modules/jsdom/lib/jsdom/living/events/EventTarget-impl.js:221:9)
      at HTMLUnknownElementImpl.dispatchEvent (node_modules/jsdom/lib/jsdom/living/events/EventTarget-impl.js:94:17)
      at HTMLUnknownElement.dispatchEvent (node_modules/jsdom/lib/jsdom/living/generated/EventTarget.js:231:34)

    console.error
      Error: Uncaught [TypeError: Cannot read properties of undefined (reading 'array')]
          at reportException (/Users/pabloelisseo/repos/one-beyond/csm/react-form-builder/node_modules/jsdom/lib/jsdom/living/helpers/runtime-script-errors.js:66:24)
          at innerInvokeEventListeners (/Users/pabloelisseo/repos/one-beyond/csm/react-form-builder/node_modules/jsdom/lib/jsdom/living/events/EventTarget-impl.js:341:9)
          at invokeEventListeners (/Users/pabloelisseo/repos/one-beyond/csm/react-form-builder/node_modules/jsdom/lib/jsdom/living/events/EventTarget-impl.js:274:3)
          at HTMLUnknownElementImpl._dispatch (/Users/pabloelisseo/repos/one-beyond/csm/react-form-builder/node_modules/jsdom/lib/jsdom/living/events/EventTarget-impl.js:221:9)
          at HTMLUnknownElementImpl.dispatchEvent (/Users/pabloelisseo/repos/one-beyond/csm/react-form-builder/node_modules/jsdom/lib/jsdom/living/events/EventTarget-impl.js:94:17)
          at HTMLUnknownElement.dispatchEvent (/Users/pabloelisseo/repos/one-beyond/csm/react-form-builder/node_modules/jsdom/lib/jsdom/living/generated/EventTarget.js:231:34)
          at Object.invokeGuardedCallbackDev (/Users/pabloelisseo/repos/one-beyond/csm/react-form-builder/node_modules/react-dom/cjs/react-dom.development.js:4213:16)
          at invokeGuardedCallback (/Users/pabloelisseo/repos/one-beyond/csm/react-form-builder/node_modules/react-dom/cjs/react-dom.development.js:4277:31)
          at beginWork$1 (/Users/pabloelisseo/repos/one-beyond/csm/react-form-builder/node_modules/react-dom/cjs/react-dom.development.js:27451:7)
          at performUnitOfWork (/Users/pabloelisseo/repos/one-beyond/csm/react-form-builder/node_modules/react-dom/cjs/react-dom.development.js:26560:12) TypeError: Cannot read properties of undefined (reading 'array')
          at control (/Users/pabloelisseo/repos/one-beyond/csm/react-form-builder/node_modules/react-hook-form/src/useController.ts:63:35)
          at Object.<anonymous>.exports.Controller (/Users/pabloelisseo/repos/one-beyond/csm/react-form-builder/node_modules/react-hook-form/src/form.tsx:38:5)
          at renderWithHooks (/Users/pabloelisseo/repos/one-beyond/csm/react-form-builder/node_modules/react-dom/cjs/react-dom.development.js:16305:18)
          at mountIndeterminateComponent (/Users/pabloelisseo/repos/one-beyond/csm/react-form-builder/node_modules/react-dom/cjs/react-dom.development.js:20074:13)
          at beginWork (/Users/pabloelisseo/repos/one-beyond/csm/react-form-builder/node_modules/react-dom/cjs/react-dom.development.js:21587:16)
          at HTMLUnknownElement.callCallback (/Users/pabloelisseo/repos/one-beyond/csm/react-form-builder/node_modules/react-dom/cjs/react-dom.development.js:4164:14)
          at HTMLUnknownElement.callTheUserObjectsOperation (/Users/pabloelisseo/repos/one-beyond/csm/react-form-builder/node_modules/jsdom/lib/jsdom/living/generated/EventListener.js:26:30)
          at innerInvokeEventListeners (/Users/pabloelisseo/repos/one-beyond/csm/react-form-builder/node_modules/jsdom/lib/jsdom/living/events/EventTarget-impl.js:338:25)
          at invokeEventListeners (/Users/pabloelisseo/repos/one-beyond/csm/react-form-builder/node_modules/jsdom/lib/jsdom/living/events/EventTarget-impl.js:274:3)
          at HTMLUnknownElementImpl._dispatch (/Users/pabloelisseo/repos/one-beyond/csm/react-form-builder/node_modules/jsdom/lib/jsdom/living/events/EventTarget-impl.js:221:9)
          at HTMLUnknownElementImpl.dispatchEvent (/Users/pabloelisseo/repos/one-beyond/csm/react-form-builder/node_modules/jsdom/lib/jsdom/living/events/EventTarget-impl.js:94:17)
          at HTMLUnknownElement.dispatchEvent (/Users/pabloelisseo/repos/one-beyond/csm/react-form-builder/node_modules/jsdom/lib/jsdom/living/generated/EventTarget.js:231:34)
          at Object.invokeGuardedCallbackDev (/Users/pabloelisseo/repos/one-beyond/csm/react-form-builder/node_modules/react-dom/cjs/react-dom.development.js:4213:16)
          at invokeGuardedCallback (/Users/pabloelisseo/repos/one-beyond/csm/react-form-builder/node_modules/react-dom/cjs/react-dom.development.js:4277:31)
          at beginWork$1 (/Users/pabloelisseo/repos/one-beyond/csm/react-form-builder/node_modules/react-dom/cjs/react-dom.development.js:27451:7)
          at performUnitOfWork (/Users/pabloelisseo/repos/one-beyond/csm/react-form-builder/node_modules/react-dom/cjs/react-dom.development.js:26560:12)
          at workLoopSync (/Users/pabloelisseo/repos/one-beyond/csm/react-form-builder/node_modules/react-dom/cjs/react-dom.development.js:26466:5)
          at renderRootSync (/Users/pabloelisseo/repos/one-beyond/csm/react-form-builder/node_modules/react-dom/cjs/react-dom.development.js:26434:7)
          at recoverFromConcurrentError (/Users/pabloelisseo/repos/one-beyond/csm/react-form-builder/node_modules/react-dom/cjs/react-dom.development.js:25850:20)
          at performConcurrentWorkOnRoot (/Users/pabloelisseo/repos/one-beyond/csm/react-form-builder/node_modules/react-dom/cjs/react-dom.development.js:25750:22)
          at flushActQueue (/Users/pabloelisseo/repos/one-beyond/csm/react-form-builder/node_modules/react/cjs/react.development.js:2667:24)
          at act (/Users/pabloelisseo/repos/one-beyond/csm/react-form-builder/node_modules/react/cjs/react.development.js:2582:11)
          at /Users/pabloelisseo/repos/one-beyond/csm/react-form-builder/node_modules/@testing-library/react/dist/act-compat.js:46:25
          at renderRoot (/Users/pabloelisseo/repos/one-beyond/csm/react-form-builder/node_modules/@testing-library/react/dist/pure.js:161:26)
          at render (/Users/pabloelisseo/repos/one-beyond/csm/react-form-builder/node_modules/@testing-library/react/dist/pure.js:247:10)
          at setup (/Users/pabloelisseo/repos/one-beyond/csm/react-form-builder/src/Questions/Country/__tests__/country.test.js:36:33)
          at Object.<anonymous> (/Users/pabloelisseo/repos/one-beyond/csm/react-form-builder/src/Questions/Country/__tests__/country.test.js:166:36)
          at Promise.then.completed (/Users/pabloelisseo/repos/one-beyond/csm/react-form-builder/node_modules/jest-circus/build/utils.js:391:28)
          at new Promise (<anonymous>)
          at callAsyncCircusFn (/Users/pabloelisseo/repos/one-beyond/csm/react-form-builder/node_modules/jest-circus/build/utils.js:316:10)
          at _callCircusTest (/Users/pabloelisseo/repos/one-beyond/csm/react-form-builder/node_modules/jest-circus/build/run.js:218:40)
          at processTicksAndRejections (node:internal/process/task_queues:95:5)
          at _runTest (/Users/pabloelisseo/repos/one-beyond/csm/react-form-builder/node_modules/jest-circus/build/run.js:155:3)
          at _runTestsForDescribeBlock (/Users/pabloelisseo/repos/one-beyond/csm/react-form-builder/node_modules/jest-circus/build/run.js:66:9)
          at run (/Users/pabloelisseo/repos/one-beyond/csm/react-form-builder/node_modules/jest-circus/build/run.js:25:3)
          at runAndTransformResultsToJestFormat (/Users/pabloelisseo/repos/one-beyond/csm/react-form-builder/node_modules/jest-circus/build/legacy-code-todo-rewrite/jestAdapterInit.js:170:21)
          at jestAdapter (/Users/pabloelisseo/repos/one-beyond/csm/react-form-builder/node_modules/jest-circus/build/legacy-code-todo-rewrite/jestAdapter.js:82:19)
          at runTestInternal (/Users/pabloelisseo/repos/one-beyond/csm/react-form-builder/node_modules/jest-runner/build/runTest.js:389:16)
          at runTest (/Users/pabloelisseo/repos/one-beyond/csm/react-form-builder/node_modules/jest-runner/build/runTest.js:475:34)
          at Object.worker (/Users/pabloelisseo/repos/one-beyond/csm/react-form-builder/node_modules/jest-runner/build/testWorker.js:133:12)

      at VirtualConsole.<anonymous> (node_modules/jsdom/lib/jsdom/virtual-console.js:29:45)
      at reportException (node_modules/jsdom/lib/jsdom/living/helpers/runtime-script-errors.js:70:28)
      at innerInvokeEventListeners (node_modules/jsdom/lib/jsdom/living/events/EventTarget-impl.js:341:9)
      at invokeEventListeners (node_modules/jsdom/lib/jsdom/living/events/EventTarget-impl.js:274:3)
      at HTMLUnknownElementImpl._dispatch (node_modules/jsdom/lib/jsdom/living/events/EventTarget-impl.js:221:9)
      at HTMLUnknownElementImpl.dispatchEvent (node_modules/jsdom/lib/jsdom/living/events/EventTarget-impl.js:94:17)
      at HTMLUnknownElement.dispatchEvent (node_modules/jsdom/lib/jsdom/living/generated/EventTarget.js:231:34)

    console.error
      The above error occurred in one of your React components:
      
          at Object.<anonymous>.exports.Controller (/Users/pabloelisseo/repos/one-beyond/csm/react-form-builder/node_modules/react-hook-form/src/form.tsx:37:9)
          at Select (/Users/pabloelisseo/repos/one-beyond/csm/react-form-builder/src/Fields/Select/index.js:10:3)
          at div
          at /Users/pabloelisseo/repos/one-beyond/csm/react-form-builder/node_modules/@emotion/react/dist/emotion-element-48d2c2e4.cjs.dev.js:62:23
          at QuestionCountry (/Users/pabloelisseo/repos/one-beyond/csm/react-form-builder/src/Questions/Country/index.js:38:3)
      
      Consider adding an error boundary to your tree to customize error handling behavior.
      Visit https://reactjs.org/link/error-boundaries to learn more about error boundaries.

      at logCapturedError (node_modules/react-dom/cjs/react-dom.development.js:18687:23)
      at update.callback (node_modules/react-dom/cjs/react-dom.development.js:18720:5)
      at callCallback (node_modules/react-dom/cjs/react-dom.development.js:13923:12)
      at commitUpdateQueue (node_modules/react-dom/cjs/react-dom.development.js:13944:9)
      at commitLayoutEffectOnFiber (node_modules/react-dom/cjs/react-dom.development.js:23391:13)
      at commitLayoutMountEffects_complete (node_modules/react-dom/cjs/react-dom.development.js:24688:9)
      at commitLayoutEffects_begin (node_modules/react-dom/cjs/react-dom.development.js:24674:7)
      at commitLayoutEffects (node_modules/react-dom/cjs/react-dom.development.js:24612:3)

    console.error
      Error: Uncaught [TypeError: Cannot read properties of undefined (reading 'array')]
          at reportException (/Users/pabloelisseo/repos/one-beyond/csm/react-form-builder/node_modules/jsdom/lib/jsdom/living/helpers/runtime-script-errors.js:66:24)
          at innerInvokeEventListeners (/Users/pabloelisseo/repos/one-beyond/csm/react-form-builder/node_modules/jsdom/lib/jsdom/living/events/EventTarget-impl.js:341:9)
          at invokeEventListeners (/Users/pabloelisseo/repos/one-beyond/csm/react-form-builder/node_modules/jsdom/lib/jsdom/living/events/EventTarget-impl.js:274:3)
          at HTMLUnknownElementImpl._dispatch (/Users/pabloelisseo/repos/one-beyond/csm/react-form-builder/node_modules/jsdom/lib/jsdom/living/events/EventTarget-impl.js:221:9)
          at HTMLUnknownElementImpl.dispatchEvent (/Users/pabloelisseo/repos/one-beyond/csm/react-form-builder/node_modules/jsdom/lib/jsdom/living/events/EventTarget-impl.js:94:17)
          at HTMLUnknownElement.dispatchEvent (/Users/pabloelisseo/repos/one-beyond/csm/react-form-builder/node_modules/jsdom/lib/jsdom/living/generated/EventTarget.js:231:34)
          at Object.invokeGuardedCallbackDev (/Users/pabloelisseo/repos/one-beyond/csm/react-form-builder/node_modules/react-dom/cjs/react-dom.development.js:4213:16)
          at invokeGuardedCallback (/Users/pabloelisseo/repos/one-beyond/csm/react-form-builder/node_modules/react-dom/cjs/react-dom.development.js:4277:31)
          at beginWork$1 (/Users/pabloelisseo/repos/one-beyond/csm/react-form-builder/node_modules/react-dom/cjs/react-dom.development.js:27451:7)
          at performUnitOfWork (/Users/pabloelisseo/repos/one-beyond/csm/react-form-builder/node_modules/react-dom/cjs/react-dom.development.js:26560:12) TypeError: Cannot read properties of undefined (reading 'array')
          at control (/Users/pabloelisseo/repos/one-beyond/csm/react-form-builder/node_modules/react-hook-form/src/useController.ts:63:35)
          at Object.<anonymous>.exports.Controller (/Users/pabloelisseo/repos/one-beyond/csm/react-form-builder/node_modules/react-hook-form/src/form.tsx:38:5)
          at renderWithHooks (/Users/pabloelisseo/repos/one-beyond/csm/react-form-builder/node_modules/react-dom/cjs/react-dom.development.js:16305:18)
          at mountIndeterminateComponent (/Users/pabloelisseo/repos/one-beyond/csm/react-form-builder/node_modules/react-dom/cjs/react-dom.development.js:20074:13)
          at beginWork (/Users/pabloelisseo/repos/one-beyond/csm/react-form-builder/node_modules/react-dom/cjs/react-dom.development.js:21587:16)
          at HTMLUnknownElement.callCallback (/Users/pabloelisseo/repos/one-beyond/csm/react-form-builder/node_modules/react-dom/cjs/react-dom.development.js:4164:14)
          at HTMLUnknownElement.callTheUserObjectsOperation (/Users/pabloelisseo/repos/one-beyond/csm/react-form-builder/node_modules/jsdom/lib/jsdom/living/generated/EventListener.js:26:30)
          at innerInvokeEventListeners (/Users/pabloelisseo/repos/one-beyond/csm/react-form-builder/node_modules/jsdom/lib/jsdom/living/events/EventTarget-impl.js:338:25)
          at invokeEventListeners (/Users/pabloelisseo/repos/one-beyond/csm/react-form-builder/node_modules/jsdom/lib/jsdom/living/events/EventTarget-impl.js:274:3)
          at HTMLUnknownElementImpl._dispatch (/Users/pabloelisseo/repos/one-beyond/csm/react-form-builder/node_modules/jsdom/lib/jsdom/living/events/EventTarget-impl.js:221:9)
          at HTMLUnknownElementImpl.dispatchEvent (/Users/pabloelisseo/repos/one-beyond/csm/react-form-builder/node_modules/jsdom/lib/jsdom/living/events/EventTarget-impl.js:94:17)
          at HTMLUnknownElement.dispatchEvent (/Users/pabloelisseo/repos/one-beyond/csm/react-form-builder/node_modules/jsdom/lib/jsdom/living/generated/EventTarget.js:231:34)
          at Object.invokeGuardedCallbackDev (/Users/pabloelisseo/repos/one-beyond/csm/react-form-builder/node_modules/react-dom/cjs/react-dom.development.js:4213:16)
          at invokeGuardedCallback (/Users/pabloelisseo/repos/one-beyond/csm/react-form-builder/node_modules/react-dom/cjs/react-dom.development.js:4277:31)
          at beginWork$1 (/Users/pabloelisseo/repos/one-beyond/csm/react-form-builder/node_modules/react-dom/cjs/react-dom.development.js:27451:7)
          at performUnitOfWork (/Users/pabloelisseo/repos/one-beyond/csm/react-form-builder/node_modules/react-dom/cjs/react-dom.development.js:26560:12)
          at workLoopSync (/Users/pabloelisseo/repos/one-beyond/csm/react-form-builder/node_modules/react-dom/cjs/react-dom.development.js:26466:5)
          at renderRootSync (/Users/pabloelisseo/repos/one-beyond/csm/react-form-builder/node_modules/react-dom/cjs/react-dom.development.js:26434:7)
          at performConcurrentWorkOnRoot (/Users/pabloelisseo/repos/one-beyond/csm/react-form-builder/node_modules/react-dom/cjs/react-dom.development.js:25738:74)
          at flushActQueue (/Users/pabloelisseo/repos/one-beyond/csm/react-form-builder/node_modules/react/cjs/react.development.js:2667:24)
          at act (/Users/pabloelisseo/repos/one-beyond/csm/react-form-builder/node_modules/react/cjs/react.development.js:2582:11)
          at /Users/pabloelisseo/repos/one-beyond/csm/react-form-builder/node_modules/@testing-library/react/dist/act-compat.js:46:25
          at renderRoot (/Users/pabloelisseo/repos/one-beyond/csm/react-form-builder/node_modules/@testing-library/react/dist/pure.js:161:26)
          at render (/Users/pabloelisseo/repos/one-beyond/csm/react-form-builder/node_modules/@testing-library/react/dist/pure.js:247:10)
          at Object.<anonymous> (/Users/pabloelisseo/repos/one-beyond/csm/react-form-builder/src/Questions/Country/__tests__/country.test.js:177:9)
          at Promise.then.completed (/Users/pabloelisseo/repos/one-beyond/csm/react-form-builder/node_modules/jest-circus/build/utils.js:391:28)
          at new Promise (<anonymous>)
          at callAsyncCircusFn (/Users/pabloelisseo/repos/one-beyond/csm/react-form-builder/node_modules/jest-circus/build/utils.js:316:10)
          at _callCircusTest (/Users/pabloelisseo/repos/one-beyond/csm/react-form-builder/node_modules/jest-circus/build/run.js:218:40)
          at processTicksAndRejections (node:internal/process/task_queues:95:5)
          at _runTest (/Users/pabloelisseo/repos/one-beyond/csm/react-form-builder/node_modules/jest-circus/build/run.js:155:3)
          at _runTestsForDescribeBlock (/Users/pabloelisseo/repos/one-beyond/csm/react-form-builder/node_modules/jest-circus/build/run.js:66:9)
          at run (/Users/pabloelisseo/repos/one-beyond/csm/react-form-builder/node_modules/jest-circus/build/run.js:25:3)
          at runAndTransformResultsToJestFormat (/Users/pabloelisseo/repos/one-beyond/csm/react-form-builder/node_modules/jest-circus/build/legacy-code-todo-rewrite/jestAdapterInit.js:170:21)
          at jestAdapter (/Users/pabloelisseo/repos/one-beyond/csm/react-form-builder/node_modules/jest-circus/build/legacy-code-todo-rewrite/jestAdapter.js:82:19)
          at runTestInternal (/Users/pabloelisseo/repos/one-beyond/csm/react-form-builder/node_modules/jest-runner/build/runTest.js:389:16)
          at runTest (/Users/pabloelisseo/repos/one-beyond/csm/react-form-builder/node_modules/jest-runner/build/runTest.js:475:34)
          at Object.worker (/Users/pabloelisseo/repos/one-beyond/csm/react-form-builder/node_modules/jest-runner/build/testWorker.js:133:12)

      at VirtualConsole.<anonymous> (node_modules/jsdom/lib/jsdom/virtual-console.js:29:45)
      at reportException (node_modules/jsdom/lib/jsdom/living/helpers/runtime-script-errors.js:70:28)
      at innerInvokeEventListeners (node_modules/jsdom/lib/jsdom/living/events/EventTarget-impl.js:341:9)
      at invokeEventListeners (node_modules/jsdom/lib/jsdom/living/events/EventTarget-impl.js:274:3)
      at HTMLUnknownElementImpl._dispatch (node_modules/jsdom/lib/jsdom/living/events/EventTarget-impl.js:221:9)
      at HTMLUnknownElementImpl.dispatchEvent (node_modules/jsdom/lib/jsdom/living/events/EventTarget-impl.js:94:17)
      at HTMLUnknownElement.dispatchEvent (node_modules/jsdom/lib/jsdom/living/generated/EventTarget.js:231:34)

    console.error
      Error: Uncaught [TypeError: Cannot read properties of undefined (reading 'array')]
          at reportException (/Users/pabloelisseo/repos/one-beyond/csm/react-form-builder/node_modules/jsdom/lib/jsdom/living/helpers/runtime-script-errors.js:66:24)
          at innerInvokeEventListeners (/Users/pabloelisseo/repos/one-beyond/csm/react-form-builder/node_modules/jsdom/lib/jsdom/living/events/EventTarget-impl.js:341:9)
          at invokeEventListeners (/Users/pabloelisseo/repos/one-beyond/csm/react-form-builder/node_modules/jsdom/lib/jsdom/living/events/EventTarget-impl.js:274:3)
          at HTMLUnknownElementImpl._dispatch (/Users/pabloelisseo/repos/one-beyond/csm/react-form-builder/node_modules/jsdom/lib/jsdom/living/events/EventTarget-impl.js:221:9)
          at HTMLUnknownElementImpl.dispatchEvent (/Users/pabloelisseo/repos/one-beyond/csm/react-form-builder/node_modules/jsdom/lib/jsdom/living/events/EventTarget-impl.js:94:17)
          at HTMLUnknownElement.dispatchEvent (/Users/pabloelisseo/repos/one-beyond/csm/react-form-builder/node_modules/jsdom/lib/jsdom/living/generated/EventTarget.js:231:34)
          at Object.invokeGuardedCallbackDev (/Users/pabloelisseo/repos/one-beyond/csm/react-form-builder/node_modules/react-dom/cjs/react-dom.development.js:4213:16)
          at invokeGuardedCallback (/Users/pabloelisseo/repos/one-beyond/csm/react-form-builder/node_modules/react-dom/cjs/react-dom.development.js:4277:31)
          at beginWork$1 (/Users/pabloelisseo/repos/one-beyond/csm/react-form-builder/node_modules/react-dom/cjs/react-dom.development.js:27451:7)
          at performUnitOfWork (/Users/pabloelisseo/repos/one-beyond/csm/react-form-builder/node_modules/react-dom/cjs/react-dom.development.js:26560:12) TypeError: Cannot read properties of undefined (reading 'array')
          at control (/Users/pabloelisseo/repos/one-beyond/csm/react-form-builder/node_modules/react-hook-form/src/useController.ts:63:35)
          at Object.<anonymous>.exports.Controller (/Users/pabloelisseo/repos/one-beyond/csm/react-form-builder/node_modules/react-hook-form/src/form.tsx:38:5)
          at renderWithHooks (/Users/pabloelisseo/repos/one-beyond/csm/react-form-builder/node_modules/react-dom/cjs/react-dom.development.js:16305:18)
          at mountIndeterminateComponent (/Users/pabloelisseo/repos/one-beyond/csm/react-form-builder/node_modules/react-dom/cjs/react-dom.development.js:20074:13)
          at beginWork (/Users/pabloelisseo/repos/one-beyond/csm/react-form-builder/node_modules/react-dom/cjs/react-dom.development.js:21587:16)
          at HTMLUnknownElement.callCallback (/Users/pabloelisseo/repos/one-beyond/csm/react-form-builder/node_modules/react-dom/cjs/react-dom.development.js:4164:14)
          at HTMLUnknownElement.callTheUserObjectsOperation (/Users/pabloelisseo/repos/one-beyond/csm/react-form-builder/node_modules/jsdom/lib/jsdom/living/generated/EventListener.js:26:30)
          at innerInvokeEventListeners (/Users/pabloelisseo/repos/one-beyond/csm/react-form-builder/node_modules/jsdom/lib/jsdom/living/events/EventTarget-impl.js:338:25)
          at invokeEventListeners (/Users/pabloelisseo/repos/one-beyond/csm/react-form-builder/node_modules/jsdom/lib/jsdom/living/events/EventTarget-impl.js:274:3)
          at HTMLUnknownElementImpl._dispatch (/Users/pabloelisseo/repos/one-beyond/csm/react-form-builder/node_modules/jsdom/lib/jsdom/living/events/EventTarget-impl.js:221:9)
          at HTMLUnknownElementImpl.dispatchEvent (/Users/pabloelisseo/repos/one-beyond/csm/react-form-builder/node_modules/jsdom/lib/jsdom/living/events/EventTarget-impl.js:94:17)
          at HTMLUnknownElement.dispatchEvent (/Users/pabloelisseo/repos/one-beyond/csm/react-form-builder/node_modules/jsdom/lib/jsdom/living/generated/EventTarget.js:231:34)
          at Object.invokeGuardedCallbackDev (/Users/pabloelisseo/repos/one-beyond/csm/react-form-builder/node_modules/react-dom/cjs/react-dom.development.js:4213:16)
          at invokeGuardedCallback (/Users/pabloelisseo/repos/one-beyond/csm/react-form-builder/node_modules/react-dom/cjs/react-dom.development.js:4277:31)
          at beginWork$1 (/Users/pabloelisseo/repos/one-beyond/csm/react-form-builder/node_modules/react-dom/cjs/react-dom.development.js:27451:7)
          at performUnitOfWork (/Users/pabloelisseo/repos/one-beyond/csm/react-form-builder/node_modules/react-dom/cjs/react-dom.development.js:26560:12)
          at workLoopSync (/Users/pabloelisseo/repos/one-beyond/csm/react-form-builder/node_modules/react-dom/cjs/react-dom.development.js:26466:5)
          at renderRootSync (/Users/pabloelisseo/repos/one-beyond/csm/react-form-builder/node_modules/react-dom/cjs/react-dom.development.js:26434:7)
          at recoverFromConcurrentError (/Users/pabloelisseo/repos/one-beyond/csm/react-form-builder/node_modules/react-dom/cjs/react-dom.development.js:25850:20)
          at performConcurrentWorkOnRoot (/Users/pabloelisseo/repos/one-beyond/csm/react-form-builder/node_modules/react-dom/cjs/react-dom.development.js:25750:22)
          at flushActQueue (/Users/pabloelisseo/repos/one-beyond/csm/react-form-builder/node_modules/react/cjs/react.development.js:2667:24)
          at act (/Users/pabloelisseo/repos/one-beyond/csm/react-form-builder/node_modules/react/cjs/react.development.js:2582:11)
          at /Users/pabloelisseo/repos/one-beyond/csm/react-form-builder/node_modules/@testing-library/react/dist/act-compat.js:46:25
          at renderRoot (/Users/pabloelisseo/repos/one-beyond/csm/react-form-builder/node_modules/@testing-library/react/dist/pure.js:161:26)
          at render (/Users/pabloelisseo/repos/one-beyond/csm/react-form-builder/node_modules/@testing-library/react/dist/pure.js:247:10)
          at Object.<anonymous> (/Users/pabloelisseo/repos/one-beyond/csm/react-form-builder/src/Questions/Country/__tests__/country.test.js:177:9)
          at Promise.then.completed (/Users/pabloelisseo/repos/one-beyond/csm/react-form-builder/node_modules/jest-circus/build/utils.js:391:28)
          at new Promise (<anonymous>)
          at callAsyncCircusFn (/Users/pabloelisseo/repos/one-beyond/csm/react-form-builder/node_modules/jest-circus/build/utils.js:316:10)
          at _callCircusTest (/Users/pabloelisseo/repos/one-beyond/csm/react-form-builder/node_modules/jest-circus/build/run.js:218:40)
          at processTicksAndRejections (node:internal/process/task_queues:95:5)
          at _runTest (/Users/pabloelisseo/repos/one-beyond/csm/react-form-builder/node_modules/jest-circus/build/run.js:155:3)
          at _runTestsForDescribeBlock (/Users/pabloelisseo/repos/one-beyond/csm/react-form-builder/node_modules/jest-circus/build/run.js:66:9)
          at run (/Users/pabloelisseo/repos/one-beyond/csm/react-form-builder/node_modules/jest-circus/build/run.js:25:3)
          at runAndTransformResultsToJestFormat (/Users/pabloelisseo/repos/one-beyond/csm/react-form-builder/node_modules/jest-circus/build/legacy-code-todo-rewrite/jestAdapterInit.js:170:21)
          at jestAdapter (/Users/pabloelisseo/repos/one-beyond/csm/react-form-builder/node_modules/jest-circus/build/legacy-code-todo-rewrite/jestAdapter.js:82:19)
          at runTestInternal (/Users/pabloelisseo/repos/one-beyond/csm/react-form-builder/node_modules/jest-runner/build/runTest.js:389:16)
          at runTest (/Users/pabloelisseo/repos/one-beyond/csm/react-form-builder/node_modules/jest-runner/build/runTest.js:475:34)
          at Object.worker (/Users/pabloelisseo/repos/one-beyond/csm/react-form-builder/node_modules/jest-runner/build/testWorker.js:133:12)

      at VirtualConsole.<anonymous> (node_modules/jsdom/lib/jsdom/virtual-console.js:29:45)
      at reportException (node_modules/jsdom/lib/jsdom/living/helpers/runtime-script-errors.js:70:28)
      at innerInvokeEventListeners (node_modules/jsdom/lib/jsdom/living/events/EventTarget-impl.js:341:9)
      at invokeEventListeners (node_modules/jsdom/lib/jsdom/living/events/EventTarget-impl.js:274:3)
      at HTMLUnknownElementImpl._dispatch (node_modules/jsdom/lib/jsdom/living/events/EventTarget-impl.js:221:9)
      at HTMLUnknownElementImpl.dispatchEvent (node_modules/jsdom/lib/jsdom/living/events/EventTarget-impl.js:94:17)
      at HTMLUnknownElement.dispatchEvent (node_modules/jsdom/lib/jsdom/living/generated/EventTarget.js:231:34)

    console.error
      The above error occurred in one of your React components:
      
          at Object.<anonymous>.exports.Controller (/Users/pabloelisseo/repos/one-beyond/csm/react-form-builder/node_modules/react-hook-form/src/form.tsx:37:9)
          at Select (/Users/pabloelisseo/repos/one-beyond/csm/react-form-builder/src/Fields/Select/index.js:10:3)
          at div
          at /Users/pabloelisseo/repos/one-beyond/csm/react-form-builder/node_modules/@emotion/react/dist/emotion-element-48d2c2e4.cjs.dev.js:62:23
          at QuestionCountry (/Users/pabloelisseo/repos/one-beyond/csm/react-form-builder/src/Questions/Country/index.js:38:3)
      
      Consider adding an error boundary to your tree to customize error handling behavior.
      Visit https://reactjs.org/link/error-boundaries to learn more about error boundaries.

      at logCapturedError (node_modules/react-dom/cjs/react-dom.development.js:18687:23)
      at update.callback (node_modules/react-dom/cjs/react-dom.development.js:18720:5)
      at callCallback (node_modules/react-dom/cjs/react-dom.development.js:13923:12)
      at commitUpdateQueue (node_modules/react-dom/cjs/react-dom.development.js:13944:9)
      at commitLayoutEffectOnFiber (node_modules/react-dom/cjs/react-dom.development.js:23391:13)
      at commitLayoutMountEffects_complete (node_modules/react-dom/cjs/react-dom.development.js:24688:9)
      at commitLayoutEffects_begin (node_modules/react-dom/cjs/react-dom.development.js:24674:7)
      at commitLayoutEffects (node_modules/react-dom/cjs/react-dom.development.js:24612:3)

    console.error
      Error: Uncaught [TypeError: Cannot read properties of undefined (reading 'array')]
          at reportException (/Users/pabloelisseo/repos/one-beyond/csm/react-form-builder/node_modules/jsdom/lib/jsdom/living/helpers/runtime-script-errors.js:66:24)
          at innerInvokeEventListeners (/Users/pabloelisseo/repos/one-beyond/csm/react-form-builder/node_modules/jsdom/lib/jsdom/living/events/EventTarget-impl.js:341:9)
          at invokeEventListeners (/Users/pabloelisseo/repos/one-beyond/csm/react-form-builder/node_modules/jsdom/lib/jsdom/living/events/EventTarget-impl.js:274:3)
          at HTMLUnknownElementImpl._dispatch (/Users/pabloelisseo/repos/one-beyond/csm/react-form-builder/node_modules/jsdom/lib/jsdom/living/events/EventTarget-impl.js:221:9)
          at HTMLUnknownElementImpl.dispatchEvent (/Users/pabloelisseo/repos/one-beyond/csm/react-form-builder/node_modules/jsdom/lib/jsdom/living/events/EventTarget-impl.js:94:17)
          at HTMLUnknownElement.dispatchEvent (/Users/pabloelisseo/repos/one-beyond/csm/react-form-builder/node_modules/jsdom/lib/jsdom/living/generated/EventTarget.js:231:34)
          at Object.invokeGuardedCallbackDev (/Users/pabloelisseo/repos/one-beyond/csm/react-form-builder/node_modules/react-dom/cjs/react-dom.development.js:4213:16)
          at invokeGuardedCallback (/Users/pabloelisseo/repos/one-beyond/csm/react-form-builder/node_modules/react-dom/cjs/react-dom.development.js:4277:31)
          at beginWork$1 (/Users/pabloelisseo/repos/one-beyond/csm/react-form-builder/node_modules/react-dom/cjs/react-dom.development.js:27451:7)
          at performUnitOfWork (/Users/pabloelisseo/repos/one-beyond/csm/react-form-builder/node_modules/react-dom/cjs/react-dom.development.js:26560:12) TypeError: Cannot read properties of undefined (reading 'array')
          at control (/Users/pabloelisseo/repos/one-beyond/csm/react-form-builder/node_modules/react-hook-form/src/useController.ts:63:35)
          at Object.<anonymous>.exports.Controller (/Users/pabloelisseo/repos/one-beyond/csm/react-form-builder/node_modules/react-hook-form/src/form.tsx:38:5)
          at renderWithHooks (/Users/pabloelisseo/repos/one-beyond/csm/react-form-builder/node_modules/react-dom/cjs/react-dom.development.js:16305:18)
          at mountIndeterminateComponent (/Users/pabloelisseo/repos/one-beyond/csm/react-form-builder/node_modules/react-dom/cjs/react-dom.development.js:20074:13)
          at beginWork (/Users/pabloelisseo/repos/one-beyond/csm/react-form-builder/node_modules/react-dom/cjs/react-dom.development.js:21587:16)
          at HTMLUnknownElement.callCallback (/Users/pabloelisseo/repos/one-beyond/csm/react-form-builder/node_modules/react-dom/cjs/react-dom.development.js:4164:14)
          at HTMLUnknownElement.callTheUserObjectsOperation (/Users/pabloelisseo/repos/one-beyond/csm/react-form-builder/node_modules/jsdom/lib/jsdom/living/generated/EventListener.js:26:30)
          at innerInvokeEventListeners (/Users/pabloelisseo/repos/one-beyond/csm/react-form-builder/node_modules/jsdom/lib/jsdom/living/events/EventTarget-impl.js:338:25)
          at invokeEventListeners (/Users/pabloelisseo/repos/one-beyond/csm/react-form-builder/node_modules/jsdom/lib/jsdom/living/events/EventTarget-impl.js:274:3)
          at HTMLUnknownElementImpl._dispatch (/Users/pabloelisseo/repos/one-beyond/csm/react-form-builder/node_modules/jsdom/lib/jsdom/living/events/EventTarget-impl.js:221:9)
          at HTMLUnknownElementImpl.dispatchEvent (/Users/pabloelisseo/repos/one-beyond/csm/react-form-builder/node_modules/jsdom/lib/jsdom/living/events/EventTarget-impl.js:94:17)
          at HTMLUnknownElement.dispatchEvent (/Users/pabloelisseo/repos/one-beyond/csm/react-form-builder/node_modules/jsdom/lib/jsdom/living/generated/EventTarget.js:231:34)
          at Object.invokeGuardedCallbackDev (/Users/pabloelisseo/repos/one-beyond/csm/react-form-builder/node_modules/react-dom/cjs/react-dom.development.js:4213:16)
          at invokeGuardedCallback (/Users/pabloelisseo/repos/one-beyond/csm/react-form-builder/node_modules/react-dom/cjs/react-dom.development.js:4277:31)
          at beginWork$1 (/Users/pabloelisseo/repos/one-beyond/csm/react-form-builder/node_modules/react-dom/cjs/react-dom.development.js:27451:7)
          at performUnitOfWork (/Users/pabloelisseo/repos/one-beyond/csm/react-form-builder/node_modules/react-dom/cjs/react-dom.development.js:26560:12)
          at workLoopSync (/Users/pabloelisseo/repos/one-beyond/csm/react-form-builder/node_modules/react-dom/cjs/react-dom.development.js:26466:5)
          at renderRootSync (/Users/pabloelisseo/repos/one-beyond/csm/react-form-builder/node_modules/react-dom/cjs/react-dom.development.js:26434:7)
          at performConcurrentWorkOnRoot (/Users/pabloelisseo/repos/one-beyond/csm/react-form-builder/node_modules/react-dom/cjs/react-dom.development.js:25738:74)
          at flushActQueue (/Users/pabloelisseo/repos/one-beyond/csm/react-form-builder/node_modules/react/cjs/react.development.js:2667:24)
          at act (/Users/pabloelisseo/repos/one-beyond/csm/react-form-builder/node_modules/react/cjs/react.development.js:2582:11)
          at /Users/pabloelisseo/repos/one-beyond/csm/react-form-builder/node_modules/@testing-library/react/dist/act-compat.js:46:25
          at renderRoot (/Users/pabloelisseo/repos/one-beyond/csm/react-form-builder/node_modules/@testing-library/react/dist/pure.js:161:26)
          at render (/Users/pabloelisseo/repos/one-beyond/csm/react-form-builder/node_modules/@testing-library/react/dist/pure.js:247:10)
          at Object.<anonymous> (/Users/pabloelisseo/repos/one-beyond/csm/react-form-builder/src/Questions/Country/__tests__/country.test.js:210:31)
          at Promise.then.completed (/Users/pabloelisseo/repos/one-beyond/csm/react-form-builder/node_modules/jest-circus/build/utils.js:391:28)
          at new Promise (<anonymous>)
          at callAsyncCircusFn (/Users/pabloelisseo/repos/one-beyond/csm/react-form-builder/node_modules/jest-circus/build/utils.js:316:10)
          at _callCircusTest (/Users/pabloelisseo/repos/one-beyond/csm/react-form-builder/node_modules/jest-circus/build/run.js:218:40)
          at processTicksAndRejections (node:internal/process/task_queues:95:5)
          at _runTest (/Users/pabloelisseo/repos/one-beyond/csm/react-form-builder/node_modules/jest-circus/build/run.js:155:3)
          at _runTestsForDescribeBlock (/Users/pabloelisseo/repos/one-beyond/csm/react-form-builder/node_modules/jest-circus/build/run.js:66:9)
          at run (/Users/pabloelisseo/repos/one-beyond/csm/react-form-builder/node_modules/jest-circus/build/run.js:25:3)
          at runAndTransformResultsToJestFormat (/Users/pabloelisseo/repos/one-beyond/csm/react-form-builder/node_modules/jest-circus/build/legacy-code-todo-rewrite/jestAdapterInit.js:170:21)
          at jestAdapter (/Users/pabloelisseo/repos/one-beyond/csm/react-form-builder/node_modules/jest-circus/build/legacy-code-todo-rewrite/jestAdapter.js:82:19)
          at runTestInternal (/Users/pabloelisseo/repos/one-beyond/csm/react-form-builder/node_modules/jest-runner/build/runTest.js:389:16)
          at runTest (/Users/pabloelisseo/repos/one-beyond/csm/react-form-builder/node_modules/jest-runner/build/runTest.js:475:34)
          at Object.worker (/Users/pabloelisseo/repos/one-beyond/csm/react-form-builder/node_modules/jest-runner/build/testWorker.js:133:12)

      at VirtualConsole.<anonymous> (node_modules/jsdom/lib/jsdom/virtual-console.js:29:45)
      at reportException (node_modules/jsdom/lib/jsdom/living/helpers/runtime-script-errors.js:70:28)
      at innerInvokeEventListeners (node_modules/jsdom/lib/jsdom/living/events/EventTarget-impl.js:341:9)
      at invokeEventListeners (node_modules/jsdom/lib/jsdom/living/events/EventTarget-impl.js:274:3)
      at HTMLUnknownElementImpl._dispatch (node_modules/jsdom/lib/jsdom/living/events/EventTarget-impl.js:221:9)
      at HTMLUnknownElementImpl.dispatchEvent (node_modules/jsdom/lib/jsdom/living/events/EventTarget-impl.js:94:17)
      at HTMLUnknownElement.dispatchEvent (node_modules/jsdom/lib/jsdom/living/generated/EventTarget.js:231:34)

    console.error
      Error: Uncaught [TypeError: Cannot read properties of undefined (reading 'array')]
          at reportException (/Users/pabloelisseo/repos/one-beyond/csm/react-form-builder/node_modules/jsdom/lib/jsdom/living/helpers/runtime-script-errors.js:66:24)
          at innerInvokeEventListeners (/Users/pabloelisseo/repos/one-beyond/csm/react-form-builder/node_modules/jsdom/lib/jsdom/living/events/EventTarget-impl.js:341:9)
          at invokeEventListeners (/Users/pabloelisseo/repos/one-beyond/csm/react-form-builder/node_modules/jsdom/lib/jsdom/living/events/EventTarget-impl.js:274:3)
          at HTMLUnknownElementImpl._dispatch (/Users/pabloelisseo/repos/one-beyond/csm/react-form-builder/node_modules/jsdom/lib/jsdom/living/events/EventTarget-impl.js:221:9)
          at HTMLUnknownElementImpl.dispatchEvent (/Users/pabloelisseo/repos/one-beyond/csm/react-form-builder/node_modules/jsdom/lib/jsdom/living/events/EventTarget-impl.js:94:17)
          at HTMLUnknownElement.dispatchEvent (/Users/pabloelisseo/repos/one-beyond/csm/react-form-builder/node_modules/jsdom/lib/jsdom/living/generated/EventTarget.js:231:34)
          at Object.invokeGuardedCallbackDev (/Users/pabloelisseo/repos/one-beyond/csm/react-form-builder/node_modules/react-dom/cjs/react-dom.development.js:4213:16)
          at invokeGuardedCallback (/Users/pabloelisseo/repos/one-beyond/csm/react-form-builder/node_modules/react-dom/cjs/react-dom.development.js:4277:31)
          at beginWork$1 (/Users/pabloelisseo/repos/one-beyond/csm/react-form-builder/node_modules/react-dom/cjs/react-dom.development.js:27451:7)
          at performUnitOfWork (/Users/pabloelisseo/repos/one-beyond/csm/react-form-builder/node_modules/react-dom/cjs/react-dom.development.js:26560:12) TypeError: Cannot read properties of undefined (reading 'array')
          at control (/Users/pabloelisseo/repos/one-beyond/csm/react-form-builder/node_modules/react-hook-form/src/useController.ts:63:35)
          at Object.<anonymous>.exports.Controller (/Users/pabloelisseo/repos/one-beyond/csm/react-form-builder/node_modules/react-hook-form/src/form.tsx:38:5)
          at renderWithHooks (/Users/pabloelisseo/repos/one-beyond/csm/react-form-builder/node_modules/react-dom/cjs/react-dom.development.js:16305:18)
          at mountIndeterminateComponent (/Users/pabloelisseo/repos/one-beyond/csm/react-form-builder/node_modules/react-dom/cjs/react-dom.development.js:20074:13)
          at beginWork (/Users/pabloelisseo/repos/one-beyond/csm/react-form-builder/node_modules/react-dom/cjs/react-dom.development.js:21587:16)
          at HTMLUnknownElement.callCallback (/Users/pabloelisseo/repos/one-beyond/csm/react-form-builder/node_modules/react-dom/cjs/react-dom.development.js:4164:14)
          at HTMLUnknownElement.callTheUserObjectsOperation (/Users/pabloelisseo/repos/one-beyond/csm/react-form-builder/node_modules/jsdom/lib/jsdom/living/generated/EventListener.js:26:30)
          at innerInvokeEventListeners (/Users/pabloelisseo/repos/one-beyond/csm/react-form-builder/node_modules/jsdom/lib/jsdom/living/events/EventTarget-impl.js:338:25)
          at invokeEventListeners (/Users/pabloelisseo/repos/one-beyond/csm/react-form-builder/node_modules/jsdom/lib/jsdom/living/events/EventTarget-impl.js:274:3)
          at HTMLUnknownElementImpl._dispatch (/Users/pabloelisseo/repos/one-beyond/csm/react-form-builder/node_modules/jsdom/lib/jsdom/living/events/EventTarget-impl.js:221:9)
          at HTMLUnknownElementImpl.dispatchEvent (/Users/pabloelisseo/repos/one-beyond/csm/react-form-builder/node_modules/jsdom/lib/jsdom/living/events/EventTarget-impl.js:94:17)
          at HTMLUnknownElement.dispatchEvent (/Users/pabloelisseo/repos/one-beyond/csm/react-form-builder/node_modules/jsdom/lib/jsdom/living/generated/EventTarget.js:231:34)
          at Object.invokeGuardedCallbackDev (/Users/pabloelisseo/repos/one-beyond/csm/react-form-builder/node_modules/react-dom/cjs/react-dom.development.js:4213:16)
          at invokeGuardedCallback (/Users/pabloelisseo/repos/one-beyond/csm/react-form-builder/node_modules/react-dom/cjs/react-dom.development.js:4277:31)
          at beginWork$1 (/Users/pabloelisseo/repos/one-beyond/csm/react-form-builder/node_modules/react-dom/cjs/react-dom.development.js:27451:7)
          at performUnitOfWork (/Users/pabloelisseo/repos/one-beyond/csm/react-form-builder/node_modules/react-dom/cjs/react-dom.development.js:26560:12)
          at workLoopSync (/Users/pabloelisseo/repos/one-beyond/csm/react-form-builder/node_modules/react-dom/cjs/react-dom.development.js:26466:5)
          at renderRootSync (/Users/pabloelisseo/repos/one-beyond/csm/react-form-builder/node_modules/react-dom/cjs/react-dom.development.js:26434:7)
          at recoverFromConcurrentError (/Users/pabloelisseo/repos/one-beyond/csm/react-form-builder/node_modules/react-dom/cjs/react-dom.development.js:25850:20)
          at performConcurrentWorkOnRoot (/Users/pabloelisseo/repos/one-beyond/csm/react-form-builder/node_modules/react-dom/cjs/react-dom.development.js:25750:22)
          at flushActQueue (/Users/pabloelisseo/repos/one-beyond/csm/react-form-builder/node_modules/react/cjs/react.development.js:2667:24)
          at act (/Users/pabloelisseo/repos/one-beyond/csm/react-form-builder/node_modules/react/cjs/react.development.js:2582:11)
          at /Users/pabloelisseo/repos/one-beyond/csm/react-form-builder/node_modules/@testing-library/react/dist/act-compat.js:46:25
          at renderRoot (/Users/pabloelisseo/repos/one-beyond/csm/react-form-builder/node_modules/@testing-library/react/dist/pure.js:161:26)
          at render (/Users/pabloelisseo/repos/one-beyond/csm/react-form-builder/node_modules/@testing-library/react/dist/pure.js:247:10)
          at Object.<anonymous> (/Users/pabloelisseo/repos/one-beyond/csm/react-form-builder/src/Questions/Country/__tests__/country.test.js:210:31)
          at Promise.then.completed (/Users/pabloelisseo/repos/one-beyond/csm/react-form-builder/node_modules/jest-circus/build/utils.js:391:28)
          at new Promise (<anonymous>)
          at callAsyncCircusFn (/Users/pabloelisseo/repos/one-beyond/csm/react-form-builder/node_modules/jest-circus/build/utils.js:316:10)
          at _callCircusTest (/Users/pabloelisseo/repos/one-beyond/csm/react-form-builder/node_modules/jest-circus/build/run.js:218:40)
          at processTicksAndRejections (node:internal/process/task_queues:95:5)
          at _runTest (/Users/pabloelisseo/repos/one-beyond/csm/react-form-builder/node_modules/jest-circus/build/run.js:155:3)
          at _runTestsForDescribeBlock (/Users/pabloelisseo/repos/one-beyond/csm/react-form-builder/node_modules/jest-circus/build/run.js:66:9)
          at run (/Users/pabloelisseo/repos/one-beyond/csm/react-form-builder/node_modules/jest-circus/build/run.js:25:3)
          at runAndTransformResultsToJestFormat (/Users/pabloelisseo/repos/one-beyond/csm/react-form-builder/node_modules/jest-circus/build/legacy-code-todo-rewrite/jestAdapterInit.js:170:21)
          at jestAdapter (/Users/pabloelisseo/repos/one-beyond/csm/react-form-builder/node_modules/jest-circus/build/legacy-code-todo-rewrite/jestAdapter.js:82:19)
          at runTestInternal (/Users/pabloelisseo/repos/one-beyond/csm/react-form-builder/node_modules/jest-runner/build/runTest.js:389:16)
          at runTest (/Users/pabloelisseo/repos/one-beyond/csm/react-form-builder/node_modules/jest-runner/build/runTest.js:475:34)
          at Object.worker (/Users/pabloelisseo/repos/one-beyond/csm/react-form-builder/node_modules/jest-runner/build/testWorker.js:133:12)

      at VirtualConsole.<anonymous> (node_modules/jsdom/lib/jsdom/virtual-console.js:29:45)
      at reportException (node_modules/jsdom/lib/jsdom/living/helpers/runtime-script-errors.js:70:28)
      at innerInvokeEventListeners (node_modules/jsdom/lib/jsdom/living/events/EventTarget-impl.js:341:9)
      at invokeEventListeners (node_modules/jsdom/lib/jsdom/living/events/EventTarget-impl.js:274:3)
      at HTMLUnknownElementImpl._dispatch (node_modules/jsdom/lib/jsdom/living/events/EventTarget-impl.js:221:9)
      at HTMLUnknownElementImpl.dispatchEvent (node_modules/jsdom/lib/jsdom/living/events/EventTarget-impl.js:94:17)
      at HTMLUnknownElement.dispatchEvent (node_modules/jsdom/lib/jsdom/living/generated/EventTarget.js:231:34)

    console.error
      The above error occurred in one of your React components:
      
          at Object.<anonymous>.exports.Controller (/Users/pabloelisseo/repos/one-beyond/csm/react-form-builder/node_modules/react-hook-form/src/form.tsx:37:9)
          at Select (/Users/pabloelisseo/repos/one-beyond/csm/react-form-builder/src/Fields/Select/index.js:10:3)
          at div
          at /Users/pabloelisseo/repos/one-beyond/csm/react-form-builder/node_modules/@emotion/react/dist/emotion-element-48d2c2e4.cjs.dev.js:62:23
          at QuestionCountry (/Users/pabloelisseo/repos/one-beyond/csm/react-form-builder/src/Questions/Country/index.js:38:3)
      
      Consider adding an error boundary to your tree to customize error handling behavior.
      Visit https://reactjs.org/link/error-boundaries to learn more about error boundaries.

      at logCapturedError (node_modules/react-dom/cjs/react-dom.development.js:18687:23)
      at update.callback (node_modules/react-dom/cjs/react-dom.development.js:18720:5)
      at callCallback (node_modules/react-dom/cjs/react-dom.development.js:13923:12)
      at commitUpdateQueue (node_modules/react-dom/cjs/react-dom.development.js:13944:9)
      at commitLayoutEffectOnFiber (node_modules/react-dom/cjs/react-dom.development.js:23391:13)
      at commitLayoutMountEffects_complete (node_modules/react-dom/cjs/react-dom.development.js:24688:9)
      at commitLayoutEffects_begin (node_modules/react-dom/cjs/react-dom.development.js:24674:7)
      at commitLayoutEffects (node_modules/react-dom/cjs/react-dom.development.js:24612:3)

    console.error
      Error: Uncaught [TypeError: Cannot read properties of undefined (reading 'array')]
          at reportException (/Users/pabloelisseo/repos/one-beyond/csm/react-form-builder/node_modules/jsdom/lib/jsdom/living/helpers/runtime-script-errors.js:66:24)
          at innerInvokeEventListeners (/Users/pabloelisseo/repos/one-beyond/csm/react-form-builder/node_modules/jsdom/lib/jsdom/living/events/EventTarget-impl.js:341:9)
          at invokeEventListeners (/Users/pabloelisseo/repos/one-beyond/csm/react-form-builder/node_modules/jsdom/lib/jsdom/living/events/EventTarget-impl.js:274:3)
          at HTMLUnknownElementImpl._dispatch (/Users/pabloelisseo/repos/one-beyond/csm/react-form-builder/node_modules/jsdom/lib/jsdom/living/events/EventTarget-impl.js:221:9)
          at HTMLUnknownElementImpl.dispatchEvent (/Users/pabloelisseo/repos/one-beyond/csm/react-form-builder/node_modules/jsdom/lib/jsdom/living/events/EventTarget-impl.js:94:17)
          at HTMLUnknownElement.dispatchEvent (/Users/pabloelisseo/repos/one-beyond/csm/react-form-builder/node_modules/jsdom/lib/jsdom/living/generated/EventTarget.js:231:34)
          at Object.invokeGuardedCallbackDev (/Users/pabloelisseo/repos/one-beyond/csm/react-form-builder/node_modules/react-dom/cjs/react-dom.development.js:4213:16)
          at invokeGuardedCallback (/Users/pabloelisseo/repos/one-beyond/csm/react-form-builder/node_modules/react-dom/cjs/react-dom.development.js:4277:31)
          at beginWork$1 (/Users/pabloelisseo/repos/one-beyond/csm/react-form-builder/node_modules/react-dom/cjs/react-dom.development.js:27451:7)
          at performUnitOfWork (/Users/pabloelisseo/repos/one-beyond/csm/react-form-builder/node_modules/react-dom/cjs/react-dom.development.js:26560:12) TypeError: Cannot read properties of undefined (reading 'array')
          at control (/Users/pabloelisseo/repos/one-beyond/csm/react-form-builder/node_modules/react-hook-form/src/useController.ts:63:35)
          at Object.<anonymous>.exports.Controller (/Users/pabloelisseo/repos/one-beyond/csm/react-form-builder/node_modules/react-hook-form/src/form.tsx:38:5)
          at renderWithHooks (/Users/pabloelisseo/repos/one-beyond/csm/react-form-builder/node_modules/react-dom/cjs/react-dom.development.js:16305:18)
          at mountIndeterminateComponent (/Users/pabloelisseo/repos/one-beyond/csm/react-form-builder/node_modules/react-dom/cjs/react-dom.development.js:20074:13)
          at beginWork (/Users/pabloelisseo/repos/one-beyond/csm/react-form-builder/node_modules/react-dom/cjs/react-dom.development.js:21587:16)
          at HTMLUnknownElement.callCallback (/Users/pabloelisseo/repos/one-beyond/csm/react-form-builder/node_modules/react-dom/cjs/react-dom.development.js:4164:14)
          at HTMLUnknownElement.callTheUserObjectsOperation (/Users/pabloelisseo/repos/one-beyond/csm/react-form-builder/node_modules/jsdom/lib/jsdom/living/generated/EventListener.js:26:30)
          at innerInvokeEventListeners (/Users/pabloelisseo/repos/one-beyond/csm/react-form-builder/node_modules/jsdom/lib/jsdom/living/events/EventTarget-impl.js:338:25)
          at invokeEventListeners (/Users/pabloelisseo/repos/one-beyond/csm/react-form-builder/node_modules/jsdom/lib/jsdom/living/events/EventTarget-impl.js:274:3)
          at HTMLUnknownElementImpl._dispatch (/Users/pabloelisseo/repos/one-beyond/csm/react-form-builder/node_modules/jsdom/lib/jsdom/living/events/EventTarget-impl.js:221:9)
          at HTMLUnknownElementImpl.dispatchEvent (/Users/pabloelisseo/repos/one-beyond/csm/react-form-builder/node_modules/jsdom/lib/jsdom/living/events/EventTarget-impl.js:94:17)
          at HTMLUnknownElement.dispatchEvent (/Users/pabloelisseo/repos/one-beyond/csm/react-form-builder/node_modules/jsdom/lib/jsdom/living/generated/EventTarget.js:231:34)
          at Object.invokeGuardedCallbackDev (/Users/pabloelisseo/repos/one-beyond/csm/react-form-builder/node_modules/react-dom/cjs/react-dom.development.js:4213:16)
          at invokeGuardedCallback (/Users/pabloelisseo/repos/one-beyond/csm/react-form-builder/node_modules/react-dom/cjs/react-dom.development.js:4277:31)
          at beginWork$1 (/Users/pabloelisseo/repos/one-beyond/csm/react-form-builder/node_modules/react-dom/cjs/react-dom.development.js:27451:7)
          at performUnitOfWork (/Users/pabloelisseo/repos/one-beyond/csm/react-form-builder/node_modules/react-dom/cjs/react-dom.development.js:26560:12)
          at workLoopSync (/Users/pabloelisseo/repos/one-beyond/csm/react-form-builder/node_modules/react-dom/cjs/react-dom.development.js:26466:5)
          at renderRootSync (/Users/pabloelisseo/repos/one-beyond/csm/react-form-builder/node_modules/react-dom/cjs/react-dom.development.js:26434:7)
          at performConcurrentWorkOnRoot (/Users/pabloelisseo/repos/one-beyond/csm/react-form-builder/node_modules/react-dom/cjs/react-dom.development.js:25738:74)
          at flushActQueue (/Users/pabloelisseo/repos/one-beyond/csm/react-form-builder/node_modules/react/cjs/react.development.js:2667:24)
          at act (/Users/pabloelisseo/repos/one-beyond/csm/react-form-builder/node_modules/react/cjs/react.development.js:2582:11)
          at /Users/pabloelisseo/repos/one-beyond/csm/react-form-builder/node_modules/@testing-library/react/dist/act-compat.js:46:25
          at renderRoot (/Users/pabloelisseo/repos/one-beyond/csm/react-form-builder/node_modules/@testing-library/react/dist/pure.js:161:26)
          at render (/Users/pabloelisseo/repos/one-beyond/csm/react-form-builder/node_modules/@testing-library/react/dist/pure.js:247:10)
          at Object.<anonymous> (/Users/pabloelisseo/repos/one-beyond/csm/react-form-builder/src/Questions/Country/__tests__/country.test.js:249:31)
          at Promise.then.completed (/Users/pabloelisseo/repos/one-beyond/csm/react-form-builder/node_modules/jest-circus/build/utils.js:391:28)
          at new Promise (<anonymous>)
          at callAsyncCircusFn (/Users/pabloelisseo/repos/one-beyond/csm/react-form-builder/node_modules/jest-circus/build/utils.js:316:10)
          at _callCircusTest (/Users/pabloelisseo/repos/one-beyond/csm/react-form-builder/node_modules/jest-circus/build/run.js:218:40)
          at processTicksAndRejections (node:internal/process/task_queues:95:5)
          at _runTest (/Users/pabloelisseo/repos/one-beyond/csm/react-form-builder/node_modules/jest-circus/build/run.js:155:3)
          at _runTestsForDescribeBlock (/Users/pabloelisseo/repos/one-beyond/csm/react-form-builder/node_modules/jest-circus/build/run.js:66:9)
          at run (/Users/pabloelisseo/repos/one-beyond/csm/react-form-builder/node_modules/jest-circus/build/run.js:25:3)
          at runAndTransformResultsToJestFormat (/Users/pabloelisseo/repos/one-beyond/csm/react-form-builder/node_modules/jest-circus/build/legacy-code-todo-rewrite/jestAdapterInit.js:170:21)
          at jestAdapter (/Users/pabloelisseo/repos/one-beyond/csm/react-form-builder/node_modules/jest-circus/build/legacy-code-todo-rewrite/jestAdapter.js:82:19)
          at runTestInternal (/Users/pabloelisseo/repos/one-beyond/csm/react-form-builder/node_modules/jest-runner/build/runTest.js:389:16)
          at runTest (/Users/pabloelisseo/repos/one-beyond/csm/react-form-builder/node_modules/jest-runner/build/runTest.js:475:34)
          at Object.worker (/Users/pabloelisseo/repos/one-beyond/csm/react-form-builder/node_modules/jest-runner/build/testWorker.js:133:12)

      at VirtualConsole.<anonymous> (node_modules/jsdom/lib/jsdom/virtual-console.js:29:45)
      at reportException (node_modules/jsdom/lib/jsdom/living/helpers/runtime-script-errors.js:70:28)
      at innerInvokeEventListeners (node_modules/jsdom/lib/jsdom/living/events/EventTarget-impl.js:341:9)
      at invokeEventListeners (node_modules/jsdom/lib/jsdom/living/events/EventTarget-impl.js:274:3)
      at HTMLUnknownElementImpl._dispatch (node_modules/jsdom/lib/jsdom/living/events/EventTarget-impl.js:221:9)
      at HTMLUnknownElementImpl.dispatchEvent (node_modules/jsdom/lib/jsdom/living/events/EventTarget-impl.js:94:17)
      at HTMLUnknownElement.dispatchEvent (node_modules/jsdom/lib/jsdom/living/generated/EventTarget.js:231:34)

    console.error
      Error: Uncaught [TypeError: Cannot read properties of undefined (reading 'array')]
          at reportException (/Users/pabloelisseo/repos/one-beyond/csm/react-form-builder/node_modules/jsdom/lib/jsdom/living/helpers/runtime-script-errors.js:66:24)
          at innerInvokeEventListeners (/Users/pabloelisseo/repos/one-beyond/csm/react-form-builder/node_modules/jsdom/lib/jsdom/living/events/EventTarget-impl.js:341:9)
          at invokeEventListeners (/Users/pabloelisseo/repos/one-beyond/csm/react-form-builder/node_modules/jsdom/lib/jsdom/living/events/EventTarget-impl.js:274:3)
          at HTMLUnknownElementImpl._dispatch (/Users/pabloelisseo/repos/one-beyond/csm/react-form-builder/node_modules/jsdom/lib/jsdom/living/events/EventTarget-impl.js:221:9)
          at HTMLUnknownElementImpl.dispatchEvent (/Users/pabloelisseo/repos/one-beyond/csm/react-form-builder/node_modules/jsdom/lib/jsdom/living/events/EventTarget-impl.js:94:17)
          at HTMLUnknownElement.dispatchEvent (/Users/pabloelisseo/repos/one-beyond/csm/react-form-builder/node_modules/jsdom/lib/jsdom/living/generated/EventTarget.js:231:34)
          at Object.invokeGuardedCallbackDev (/Users/pabloelisseo/repos/one-beyond/csm/react-form-builder/node_modules/react-dom/cjs/react-dom.development.js:4213:16)
          at invokeGuardedCallback (/Users/pabloelisseo/repos/one-beyond/csm/react-form-builder/node_modules/react-dom/cjs/react-dom.development.js:4277:31)
          at beginWork$1 (/Users/pabloelisseo/repos/one-beyond/csm/react-form-builder/node_modules/react-dom/cjs/react-dom.development.js:27451:7)
          at performUnitOfWork (/Users/pabloelisseo/repos/one-beyond/csm/react-form-builder/node_modules/react-dom/cjs/react-dom.development.js:26560:12) TypeError: Cannot read properties of undefined (reading 'array')
          at control (/Users/pabloelisseo/repos/one-beyond/csm/react-form-builder/node_modules/react-hook-form/src/useController.ts:63:35)
          at Object.<anonymous>.exports.Controller (/Users/pabloelisseo/repos/one-beyond/csm/react-form-builder/node_modules/react-hook-form/src/form.tsx:38:5)
          at renderWithHooks (/Users/pabloelisseo/repos/one-beyond/csm/react-form-builder/node_modules/react-dom/cjs/react-dom.development.js:16305:18)
          at mountIndeterminateComponent (/Users/pabloelisseo/repos/one-beyond/csm/react-form-builder/node_modules/react-dom/cjs/react-dom.development.js:20074:13)
          at beginWork (/Users/pabloelisseo/repos/one-beyond/csm/react-form-builder/node_modules/react-dom/cjs/react-dom.development.js:21587:16)
          at HTMLUnknownElement.callCallback (/Users/pabloelisseo/repos/one-beyond/csm/react-form-builder/node_modules/react-dom/cjs/react-dom.development.js:4164:14)
          at HTMLUnknownElement.callTheUserObjectsOperation (/Users/pabloelisseo/repos/one-beyond/csm/react-form-builder/node_modules/jsdom/lib/jsdom/living/generated/EventListener.js:26:30)
          at innerInvokeEventListeners (/Users/pabloelisseo/repos/one-beyond/csm/react-form-builder/node_modules/jsdom/lib/jsdom/living/events/EventTarget-impl.js:338:25)
          at invokeEventListeners (/Users/pabloelisseo/repos/one-beyond/csm/react-form-builder/node_modules/jsdom/lib/jsdom/living/events/EventTarget-impl.js:274:3)
          at HTMLUnknownElementImpl._dispatch (/Users/pabloelisseo/repos/one-beyond/csm/react-form-builder/node_modules/jsdom/lib/jsdom/living/events/EventTarget-impl.js:221:9)
          at HTMLUnknownElementImpl.dispatchEvent (/Users/pabloelisseo/repos/one-beyond/csm/react-form-builder/node_modules/jsdom/lib/jsdom/living/events/EventTarget-impl.js:94:17)
          at HTMLUnknownElement.dispatchEvent (/Users/pabloelisseo/repos/one-beyond/csm/react-form-builder/node_modules/jsdom/lib/jsdom/living/generated/EventTarget.js:231:34)
          at Object.invokeGuardedCallbackDev (/Users/pabloelisseo/repos/one-beyond/csm/react-form-builder/node_modules/react-dom/cjs/react-dom.development.js:4213:16)
          at invokeGuardedCallback (/Users/pabloelisseo/repos/one-beyond/csm/react-form-builder/node_modules/react-dom/cjs/react-dom.development.js:4277:31)
          at beginWork$1 (/Users/pabloelisseo/repos/one-beyond/csm/react-form-builder/node_modules/react-dom/cjs/react-dom.development.js:27451:7)
          at performUnitOfWork (/Users/pabloelisseo/repos/one-beyond/csm/react-form-builder/node_modules/react-dom/cjs/react-dom.development.js:26560:12)
          at workLoopSync (/Users/pabloelisseo/repos/one-beyond/csm/react-form-builder/node_modules/react-dom/cjs/react-dom.development.js:26466:5)
          at renderRootSync (/Users/pabloelisseo/repos/one-beyond/csm/react-form-builder/node_modules/react-dom/cjs/react-dom.development.js:26434:7)
          at recoverFromConcurrentError (/Users/pabloelisseo/repos/one-beyond/csm/react-form-builder/node_modules/react-dom/cjs/react-dom.development.js:25850:20)
          at performConcurrentWorkOnRoot (/Users/pabloelisseo/repos/one-beyond/csm/react-form-builder/node_modules/react-dom/cjs/react-dom.development.js:25750:22)
          at flushActQueue (/Users/pabloelisseo/repos/one-beyond/csm/react-form-builder/node_modules/react/cjs/react.development.js:2667:24)
          at act (/Users/pabloelisseo/repos/one-beyond/csm/react-form-builder/node_modules/react/cjs/react.development.js:2582:11)
          at /Users/pabloelisseo/repos/one-beyond/csm/react-form-builder/node_modules/@testing-library/react/dist/act-compat.js:46:25
          at renderRoot (/Users/pabloelisseo/repos/one-beyond/csm/react-form-builder/node_modules/@testing-library/react/dist/pure.js:161:26)
          at render (/Users/pabloelisseo/repos/one-beyond/csm/react-form-builder/node_modules/@testing-library/react/dist/pure.js:247:10)
          at Object.<anonymous> (/Users/pabloelisseo/repos/one-beyond/csm/react-form-builder/src/Questions/Country/__tests__/country.test.js:249:31)
          at Promise.then.completed (/Users/pabloelisseo/repos/one-beyond/csm/react-form-builder/node_modules/jest-circus/build/utils.js:391:28)
          at new Promise (<anonymous>)
          at callAsyncCircusFn (/Users/pabloelisseo/repos/one-beyond/csm/react-form-builder/node_modules/jest-circus/build/utils.js:316:10)
          at _callCircusTest (/Users/pabloelisseo/repos/one-beyond/csm/react-form-builder/node_modules/jest-circus/build/run.js:218:40)
          at processTicksAndRejections (node:internal/process/task_queues:95:5)
          at _runTest (/Users/pabloelisseo/repos/one-beyond/csm/react-form-builder/node_modules/jest-circus/build/run.js:155:3)
          at _runTestsForDescribeBlock (/Users/pabloelisseo/repos/one-beyond/csm/react-form-builder/node_modules/jest-circus/build/run.js:66:9)
          at run (/Users/pabloelisseo/repos/one-beyond/csm/react-form-builder/node_modules/jest-circus/build/run.js:25:3)
          at runAndTransformResultsToJestFormat (/Users/pabloelisseo/repos/one-beyond/csm/react-form-builder/node_modules/jest-circus/build/legacy-code-todo-rewrite/jestAdapterInit.js:170:21)
          at jestAdapter (/Users/pabloelisseo/repos/one-beyond/csm/react-form-builder/node_modules/jest-circus/build/legacy-code-todo-rewrite/jestAdapter.js:82:19)
          at runTestInternal (/Users/pabloelisseo/repos/one-beyond/csm/react-form-builder/node_modules/jest-runner/build/runTest.js:389:16)
          at runTest (/Users/pabloelisseo/repos/one-beyond/csm/react-form-builder/node_modules/jest-runner/build/runTest.js:475:34)
          at Object.worker (/Users/pabloelisseo/repos/one-beyond/csm/react-form-builder/node_modules/jest-runner/build/testWorker.js:133:12)

      at VirtualConsole.<anonymous> (node_modules/jsdom/lib/jsdom/virtual-console.js:29:45)
      at reportException (node_modules/jsdom/lib/jsdom/living/helpers/runtime-script-errors.js:70:28)
      at innerInvokeEventListeners (node_modules/jsdom/lib/jsdom/living/events/EventTarget-impl.js:341:9)
      at invokeEventListeners (node_modules/jsdom/lib/jsdom/living/events/EventTarget-impl.js:274:3)
      at HTMLUnknownElementImpl._dispatch (node_modules/jsdom/lib/jsdom/living/events/EventTarget-impl.js:221:9)
      at HTMLUnknownElementImpl.dispatchEvent (node_modules/jsdom/lib/jsdom/living/events/EventTarget-impl.js:94:17)
      at HTMLUnknownElement.dispatchEvent (node_modules/jsdom/lib/jsdom/living/generated/EventTarget.js:231:34)

    console.error
      The above error occurred in one of your React components:
      
          at Object.<anonymous>.exports.Controller (/Users/pabloelisseo/repos/one-beyond/csm/react-form-builder/node_modules/react-hook-form/src/form.tsx:37:9)
          at Select (/Users/pabloelisseo/repos/one-beyond/csm/react-form-builder/src/Fields/Select/index.js:10:3)
          at div
          at /Users/pabloelisseo/repos/one-beyond/csm/react-form-builder/node_modules/@emotion/react/dist/emotion-element-48d2c2e4.cjs.dev.js:62:23
          at QuestionCountry (/Users/pabloelisseo/repos/one-beyond/csm/react-form-builder/src/Questions/Country/index.js:38:3)
      
      Consider adding an error boundary to your tree to customize error handling behavior.
      Visit https://reactjs.org/link/error-boundaries to learn more about error boundaries.

      at logCapturedError (node_modules/react-dom/cjs/react-dom.development.js:18687:23)
      at update.callback (node_modules/react-dom/cjs/react-dom.development.js:18720:5)
      at callCallback (node_modules/react-dom/cjs/react-dom.development.js:13923:12)
      at commitUpdateQueue (node_modules/react-dom/cjs/react-dom.development.js:13944:9)
      at commitLayoutEffectOnFiber (node_modules/react-dom/cjs/react-dom.development.js:23391:13)
      at commitLayoutMountEffects_complete (node_modules/react-dom/cjs/react-dom.development.js:24688:9)
      at commitLayoutEffects_begin (node_modules/react-dom/cjs/react-dom.development.js:24674:7)
      at commitLayoutEffects (node_modules/react-dom/cjs/react-dom.development.js:24612:3)

    console.error
      Error: Uncaught [TypeError: Cannot read properties of undefined (reading 'array')]
          at reportException (/Users/pabloelisseo/repos/one-beyond/csm/react-form-builder/node_modules/jsdom/lib/jsdom/living/helpers/runtime-script-errors.js:66:24)
          at innerInvokeEventListeners (/Users/pabloelisseo/repos/one-beyond/csm/react-form-builder/node_modules/jsdom/lib/jsdom/living/events/EventTarget-impl.js:341:9)
          at invokeEventListeners (/Users/pabloelisseo/repos/one-beyond/csm/react-form-builder/node_modules/jsdom/lib/jsdom/living/events/EventTarget-impl.js:274:3)
          at HTMLUnknownElementImpl._dispatch (/Users/pabloelisseo/repos/one-beyond/csm/react-form-builder/node_modules/jsdom/lib/jsdom/living/events/EventTarget-impl.js:221:9)
          at HTMLUnknownElementImpl.dispatchEvent (/Users/pabloelisseo/repos/one-beyond/csm/react-form-builder/node_modules/jsdom/lib/jsdom/living/events/EventTarget-impl.js:94:17)
          at HTMLUnknownElement.dispatchEvent (/Users/pabloelisseo/repos/one-beyond/csm/react-form-builder/node_modules/jsdom/lib/jsdom/living/generated/EventTarget.js:231:34)
          at Object.invokeGuardedCallbackDev (/Users/pabloelisseo/repos/one-beyond/csm/react-form-builder/node_modules/react-dom/cjs/react-dom.development.js:4213:16)
          at invokeGuardedCallback (/Users/pabloelisseo/repos/one-beyond/csm/react-form-builder/node_modules/react-dom/cjs/react-dom.development.js:4277:31)
          at beginWork$1 (/Users/pabloelisseo/repos/one-beyond/csm/react-form-builder/node_modules/react-dom/cjs/react-dom.development.js:27451:7)
          at performUnitOfWork (/Users/pabloelisseo/repos/one-beyond/csm/react-form-builder/node_modules/react-dom/cjs/react-dom.development.js:26560:12) TypeError: Cannot read properties of undefined (reading 'array')
          at control (/Users/pabloelisseo/repos/one-beyond/csm/react-form-builder/node_modules/react-hook-form/src/useController.ts:63:35)
          at Object.<anonymous>.exports.Controller (/Users/pabloelisseo/repos/one-beyond/csm/react-form-builder/node_modules/react-hook-form/src/form.tsx:38:5)
          at renderWithHooks (/Users/pabloelisseo/repos/one-beyond/csm/react-form-builder/node_modules/react-dom/cjs/react-dom.development.js:16305:18)
          at mountIndeterminateComponent (/Users/pabloelisseo/repos/one-beyond/csm/react-form-builder/node_modules/react-dom/cjs/react-dom.development.js:20074:13)
          at beginWork (/Users/pabloelisseo/repos/one-beyond/csm/react-form-builder/node_modules/react-dom/cjs/react-dom.development.js:21587:16)
          at HTMLUnknownElement.callCallback (/Users/pabloelisseo/repos/one-beyond/csm/react-form-builder/node_modules/react-dom/cjs/react-dom.development.js:4164:14)
          at HTMLUnknownElement.callTheUserObjectsOperation (/Users/pabloelisseo/repos/one-beyond/csm/react-form-builder/node_modules/jsdom/lib/jsdom/living/generated/EventListener.js:26:30)
          at innerInvokeEventListeners (/Users/pabloelisseo/repos/one-beyond/csm/react-form-builder/node_modules/jsdom/lib/jsdom/living/events/EventTarget-impl.js:338:25)
          at invokeEventListeners (/Users/pabloelisseo/repos/one-beyond/csm/react-form-builder/node_modules/jsdom/lib/jsdom/living/events/EventTarget-impl.js:274:3)
          at HTMLUnknownElementImpl._dispatch (/Users/pabloelisseo/repos/one-beyond/csm/react-form-builder/node_modules/jsdom/lib/jsdom/living/events/EventTarget-impl.js:221:9)
          at HTMLUnknownElementImpl.dispatchEvent (/Users/pabloelisseo/repos/one-beyond/csm/react-form-builder/node_modules/jsdom/lib/jsdom/living/events/EventTarget-impl.js:94:17)
          at HTMLUnknownElement.dispatchEvent (/Users/pabloelisseo/repos/one-beyond/csm/react-form-builder/node_modules/jsdom/lib/jsdom/living/generated/EventTarget.js:231:34)
          at Object.invokeGuardedCallbackDev (/Users/pabloelisseo/repos/one-beyond/csm/react-form-builder/node_modules/react-dom/cjs/react-dom.development.js:4213:16)
          at invokeGuardedCallback (/Users/pabloelisseo/repos/one-beyond/csm/react-form-builder/node_modules/react-dom/cjs/react-dom.development.js:4277:31)
          at beginWork$1 (/Users/pabloelisseo/repos/one-beyond/csm/react-form-builder/node_modules/react-dom/cjs/react-dom.development.js:27451:7)
          at performUnitOfWork (/Users/pabloelisseo/repos/one-beyond/csm/react-form-builder/node_modules/react-dom/cjs/react-dom.development.js:26560:12)
          at workLoopSync (/Users/pabloelisseo/repos/one-beyond/csm/react-form-builder/node_modules/react-dom/cjs/react-dom.development.js:26466:5)
          at renderRootSync (/Users/pabloelisseo/repos/one-beyond/csm/react-form-builder/node_modules/react-dom/cjs/react-dom.development.js:26434:7)
          at performConcurrentWorkOnRoot (/Users/pabloelisseo/repos/one-beyond/csm/react-form-builder/node_modules/react-dom/cjs/react-dom.development.js:25738:74)
          at flushActQueue (/Users/pabloelisseo/repos/one-beyond/csm/react-form-builder/node_modules/react/cjs/react.development.js:2667:24)
          at act (/Users/pabloelisseo/repos/one-beyond/csm/react-form-builder/node_modules/react/cjs/react.development.js:2582:11)
          at /Users/pabloelisseo/repos/one-beyond/csm/react-form-builder/node_modules/@testing-library/react/dist/act-compat.js:46:25
          at renderRoot (/Users/pabloelisseo/repos/one-beyond/csm/react-form-builder/node_modules/@testing-library/react/dist/pure.js:161:26)
          at render (/Users/pabloelisseo/repos/one-beyond/csm/react-form-builder/node_modules/@testing-library/react/dist/pure.js:247:10)
          at Object.<anonymous> (/Users/pabloelisseo/repos/one-beyond/csm/react-form-builder/src/Questions/Country/__tests__/country.test.js:287:31)
          at Promise.then.completed (/Users/pabloelisseo/repos/one-beyond/csm/react-form-builder/node_modules/jest-circus/build/utils.js:391:28)
          at new Promise (<anonymous>)
          at callAsyncCircusFn (/Users/pabloelisseo/repos/one-beyond/csm/react-form-builder/node_modules/jest-circus/build/utils.js:316:10)
          at _callCircusTest (/Users/pabloelisseo/repos/one-beyond/csm/react-form-builder/node_modules/jest-circus/build/run.js:218:40)
          at processTicksAndRejections (node:internal/process/task_queues:95:5)
          at _runTest (/Users/pabloelisseo/repos/one-beyond/csm/react-form-builder/node_modules/jest-circus/build/run.js:155:3)
          at _runTestsForDescribeBlock (/Users/pabloelisseo/repos/one-beyond/csm/react-form-builder/node_modules/jest-circus/build/run.js:66:9)
          at run (/Users/pabloelisseo/repos/one-beyond/csm/react-form-builder/node_modules/jest-circus/build/run.js:25:3)
          at runAndTransformResultsToJestFormat (/Users/pabloelisseo/repos/one-beyond/csm/react-form-builder/node_modules/jest-circus/build/legacy-code-todo-rewrite/jestAdapterInit.js:170:21)
          at jestAdapter (/Users/pabloelisseo/repos/one-beyond/csm/react-form-builder/node_modules/jest-circus/build/legacy-code-todo-rewrite/jestAdapter.js:82:19)
          at runTestInternal (/Users/pabloelisseo/repos/one-beyond/csm/react-form-builder/node_modules/jest-runner/build/runTest.js:389:16)
          at runTest (/Users/pabloelisseo/repos/one-beyond/csm/react-form-builder/node_modules/jest-runner/build/runTest.js:475:34)
          at Object.worker (/Users/pabloelisseo/repos/one-beyond/csm/react-form-builder/node_modules/jest-runner/build/testWorker.js:133:12)

      at VirtualConsole.<anonymous> (node_modules/jsdom/lib/jsdom/virtual-console.js:29:45)
      at reportException (node_modules/jsdom/lib/jsdom/living/helpers/runtime-script-errors.js:70:28)
      at innerInvokeEventListeners (node_modules/jsdom/lib/jsdom/living/events/EventTarget-impl.js:341:9)
      at invokeEventListeners (node_modules/jsdom/lib/jsdom/living/events/EventTarget-impl.js:274:3)
      at HTMLUnknownElementImpl._dispatch (node_modules/jsdom/lib/jsdom/living/events/EventTarget-impl.js:221:9)
      at HTMLUnknownElementImpl.dispatchEvent (node_modules/jsdom/lib/jsdom/living/events/EventTarget-impl.js:94:17)
      at HTMLUnknownElement.dispatchEvent (node_modules/jsdom/lib/jsdom/living/generated/EventTarget.js:231:34)

    console.error
      Error: Uncaught [TypeError: Cannot read properties of undefined (reading 'array')]
          at reportException (/Users/pabloelisseo/repos/one-beyond/csm/react-form-builder/node_modules/jsdom/lib/jsdom/living/helpers/runtime-script-errors.js:66:24)
          at innerInvokeEventListeners (/Users/pabloelisseo/repos/one-beyond/csm/react-form-builder/node_modules/jsdom/lib/jsdom/living/events/EventTarget-impl.js:341:9)
          at invokeEventListeners (/Users/pabloelisseo/repos/one-beyond/csm/react-form-builder/node_modules/jsdom/lib/jsdom/living/events/EventTarget-impl.js:274:3)
          at HTMLUnknownElementImpl._dispatch (/Users/pabloelisseo/repos/one-beyond/csm/react-form-builder/node_modules/jsdom/lib/jsdom/living/events/EventTarget-impl.js:221:9)
          at HTMLUnknownElementImpl.dispatchEvent (/Users/pabloelisseo/repos/one-beyond/csm/react-form-builder/node_modules/jsdom/lib/jsdom/living/events/EventTarget-impl.js:94:17)
          at HTMLUnknownElement.dispatchEvent (/Users/pabloelisseo/repos/one-beyond/csm/react-form-builder/node_modules/jsdom/lib/jsdom/living/generated/EventTarget.js:231:34)
          at Object.invokeGuardedCallbackDev (/Users/pabloelisseo/repos/one-beyond/csm/react-form-builder/node_modules/react-dom/cjs/react-dom.development.js:4213:16)
          at invokeGuardedCallback (/Users/pabloelisseo/repos/one-beyond/csm/react-form-builder/node_modules/react-dom/cjs/react-dom.development.js:4277:31)
          at beginWork$1 (/Users/pabloelisseo/repos/one-beyond/csm/react-form-builder/node_modules/react-dom/cjs/react-dom.development.js:27451:7)
          at performUnitOfWork (/Users/pabloelisseo/repos/one-beyond/csm/react-form-builder/node_modules/react-dom/cjs/react-dom.development.js:26560:12) TypeError: Cannot read properties of undefined (reading 'array')
          at control (/Users/pabloelisseo/repos/one-beyond/csm/react-form-builder/node_modules/react-hook-form/src/useController.ts:63:35)
          at Object.<anonymous>.exports.Controller (/Users/pabloelisseo/repos/one-beyond/csm/react-form-builder/node_modules/react-hook-form/src/form.tsx:38:5)
          at renderWithHooks (/Users/pabloelisseo/repos/one-beyond/csm/react-form-builder/node_modules/react-dom/cjs/react-dom.development.js:16305:18)
          at mountIndeterminateComponent (/Users/pabloelisseo/repos/one-beyond/csm/react-form-builder/node_modules/react-dom/cjs/react-dom.development.js:20074:13)
          at beginWork (/Users/pabloelisseo/repos/one-beyond/csm/react-form-builder/node_modules/react-dom/cjs/react-dom.development.js:21587:16)
          at HTMLUnknownElement.callCallback (/Users/pabloelisseo/repos/one-beyond/csm/react-form-builder/node_modules/react-dom/cjs/react-dom.development.js:4164:14)
          at HTMLUnknownElement.callTheUserObjectsOperation (/Users/pabloelisseo/repos/one-beyond/csm/react-form-builder/node_modules/jsdom/lib/jsdom/living/generated/EventListener.js:26:30)
          at innerInvokeEventListeners (/Users/pabloelisseo/repos/one-beyond/csm/react-form-builder/node_modules/jsdom/lib/jsdom/living/events/EventTarget-impl.js:338:25)
          at invokeEventListeners (/Users/pabloelisseo/repos/one-beyond/csm/react-form-builder/node_modules/jsdom/lib/jsdom/living/events/EventTarget-impl.js:274:3)
          at HTMLUnknownElementImpl._dispatch (/Users/pabloelisseo/repos/one-beyond/csm/react-form-builder/node_modules/jsdom/lib/jsdom/living/events/EventTarget-impl.js:221:9)
          at HTMLUnknownElementImpl.dispatchEvent (/Users/pabloelisseo/repos/one-beyond/csm/react-form-builder/node_modules/jsdom/lib/jsdom/living/events/EventTarget-impl.js:94:17)
          at HTMLUnknownElement.dispatchEvent (/Users/pabloelisseo/repos/one-beyond/csm/react-form-builder/node_modules/jsdom/lib/jsdom/living/generated/EventTarget.js:231:34)
          at Object.invokeGuardedCallbackDev (/Users/pabloelisseo/repos/one-beyond/csm/react-form-builder/node_modules/react-dom/cjs/react-dom.development.js:4213:16)
          at invokeGuardedCallback (/Users/pabloelisseo/repos/one-beyond/csm/react-form-builder/node_modules/react-dom/cjs/react-dom.development.js:4277:31)
          at beginWork$1 (/Users/pabloelisseo/repos/one-beyond/csm/react-form-builder/node_modules/react-dom/cjs/react-dom.development.js:27451:7)
          at performUnitOfWork (/Users/pabloelisseo/repos/one-beyond/csm/react-form-builder/node_modules/react-dom/cjs/react-dom.development.js:26560:12)
          at workLoopSync (/Users/pabloelisseo/repos/one-beyond/csm/react-form-builder/node_modules/react-dom/cjs/react-dom.development.js:26466:5)
          at renderRootSync (/Users/pabloelisseo/repos/one-beyond/csm/react-form-builder/node_modules/react-dom/cjs/react-dom.development.js:26434:7)
          at recoverFromConcurrentError (/Users/pabloelisseo/repos/one-beyond/csm/react-form-builder/node_modules/react-dom/cjs/react-dom.development.js:25850:20)
          at performConcurrentWorkOnRoot (/Users/pabloelisseo/repos/one-beyond/csm/react-form-builder/node_modules/react-dom/cjs/react-dom.development.js:25750:22)
          at flushActQueue (/Users/pabloelisseo/repos/one-beyond/csm/react-form-builder/node_modules/react/cjs/react.development.js:2667:24)
          at act (/Users/pabloelisseo/repos/one-beyond/csm/react-form-builder/node_modules/react/cjs/react.development.js:2582:11)
          at /Users/pabloelisseo/repos/one-beyond/csm/react-form-builder/node_modules/@testing-library/react/dist/act-compat.js:46:25
          at renderRoot (/Users/pabloelisseo/repos/one-beyond/csm/react-form-builder/node_modules/@testing-library/react/dist/pure.js:161:26)
          at render (/Users/pabloelisseo/repos/one-beyond/csm/react-form-builder/node_modules/@testing-library/react/dist/pure.js:247:10)
          at Object.<anonymous> (/Users/pabloelisseo/repos/one-beyond/csm/react-form-builder/src/Questions/Country/__tests__/country.test.js:287:31)
          at Promise.then.completed (/Users/pabloelisseo/repos/one-beyond/csm/react-form-builder/node_modules/jest-circus/build/utils.js:391:28)
          at new Promise (<anonymous>)
          at callAsyncCircusFn (/Users/pabloelisseo/repos/one-beyond/csm/react-form-builder/node_modules/jest-circus/build/utils.js:316:10)
          at _callCircusTest (/Users/pabloelisseo/repos/one-beyond/csm/react-form-builder/node_modules/jest-circus/build/run.js:218:40)
          at processTicksAndRejections (node:internal/process/task_queues:95:5)
          at _runTest (/Users/pabloelisseo/repos/one-beyond/csm/react-form-builder/node_modules/jest-circus/build/run.js:155:3)
          at _runTestsForDescribeBlock (/Users/pabloelisseo/repos/one-beyond/csm/react-form-builder/node_modules/jest-circus/build/run.js:66:9)
          at run (/Users/pabloelisseo/repos/one-beyond/csm/react-form-builder/node_modules/jest-circus/build/run.js:25:3)
          at runAndTransformResultsToJestFormat (/Users/pabloelisseo/repos/one-beyond/csm/react-form-builder/node_modules/jest-circus/build/legacy-code-todo-rewrite/jestAdapterInit.js:170:21)
          at jestAdapter (/Users/pabloelisseo/repos/one-beyond/csm/react-form-builder/node_modules/jest-circus/build/legacy-code-todo-rewrite/jestAdapter.js:82:19)
          at runTestInternal (/Users/pabloelisseo/repos/one-beyond/csm/react-form-builder/node_modules/jest-runner/build/runTest.js:389:16)
          at runTest (/Users/pabloelisseo/repos/one-beyond/csm/react-form-builder/node_modules/jest-runner/build/runTest.js:475:34)
          at Object.worker (/Users/pabloelisseo/repos/one-beyond/csm/react-form-builder/node_modules/jest-runner/build/testWorker.js:133:12)

      at VirtualConsole.<anonymous> (node_modules/jsdom/lib/jsdom/virtual-console.js:29:45)
      at reportException (node_modules/jsdom/lib/jsdom/living/helpers/runtime-script-errors.js:70:28)
      at innerInvokeEventListeners (node_modules/jsdom/lib/jsdom/living/events/EventTarget-impl.js:341:9)
      at invokeEventListeners (node_modules/jsdom/lib/jsdom/living/events/EventTarget-impl.js:274:3)
      at HTMLUnknownElementImpl._dispatch (node_modules/jsdom/lib/jsdom/living/events/EventTarget-impl.js:221:9)
      at HTMLUnknownElementImpl.dispatchEvent (node_modules/jsdom/lib/jsdom/living/events/EventTarget-impl.js:94:17)
      at HTMLUnknownElement.dispatchEvent (node_modules/jsdom/lib/jsdom/living/generated/EventTarget.js:231:34)

    console.error
      The above error occurred in one of your React components:
      
          at Object.<anonymous>.exports.Controller (/Users/pabloelisseo/repos/one-beyond/csm/react-form-builder/node_modules/react-hook-form/src/form.tsx:37:9)
          at Select (/Users/pabloelisseo/repos/one-beyond/csm/react-form-builder/src/Fields/Select/index.js:10:3)
          at div
          at /Users/pabloelisseo/repos/one-beyond/csm/react-form-builder/node_modules/@emotion/react/dist/emotion-element-48d2c2e4.cjs.dev.js:62:23
          at QuestionCountry (/Users/pabloelisseo/repos/one-beyond/csm/react-form-builder/src/Questions/Country/index.js:38:3)
      
      Consider adding an error boundary to your tree to customize error handling behavior.
      Visit https://reactjs.org/link/error-boundaries to learn more about error boundaries.

      at logCapturedError (node_modules/react-dom/cjs/react-dom.development.js:18687:23)
      at update.callback (node_modules/react-dom/cjs/react-dom.development.js:18720:5)
      at callCallback (node_modules/react-dom/cjs/react-dom.development.js:13923:12)
      at commitUpdateQueue (node_modules/react-dom/cjs/react-dom.development.js:13944:9)
      at commitLayoutEffectOnFiber (node_modules/react-dom/cjs/react-dom.development.js:23391:13)
      at commitLayoutMountEffects_complete (node_modules/react-dom/cjs/react-dom.development.js:24688:9)
      at commitLayoutEffects_begin (node_modules/react-dom/cjs/react-dom.development.js:24674:7)
      at commitLayoutEffects (node_modules/react-dom/cjs/react-dom.development.js:24612:3)

    console.error
      Error: Uncaught [TypeError: Cannot read properties of undefined (reading 'array')]
          at reportException (/Users/pabloelisseo/repos/one-beyond/csm/react-form-builder/node_modules/jsdom/lib/jsdom/living/helpers/runtime-script-errors.js:66:24)
          at innerInvokeEventListeners (/Users/pabloelisseo/repos/one-beyond/csm/react-form-builder/node_modules/jsdom/lib/jsdom/living/events/EventTarget-impl.js:341:9)
          at invokeEventListeners (/Users/pabloelisseo/repos/one-beyond/csm/react-form-builder/node_modules/jsdom/lib/jsdom/living/events/EventTarget-impl.js:274:3)
          at HTMLUnknownElementImpl._dispatch (/Users/pabloelisseo/repos/one-beyond/csm/react-form-builder/node_modules/jsdom/lib/jsdom/living/events/EventTarget-impl.js:221:9)
          at HTMLUnknownElementImpl.dispatchEvent (/Users/pabloelisseo/repos/one-beyond/csm/react-form-builder/node_modules/jsdom/lib/jsdom/living/events/EventTarget-impl.js:94:17)
          at HTMLUnknownElement.dispatchEvent (/Users/pabloelisseo/repos/one-beyond/csm/react-form-builder/node_modules/jsdom/lib/jsdom/living/generated/EventTarget.js:231:34)
          at Object.invokeGuardedCallbackDev (/Users/pabloelisseo/repos/one-beyond/csm/react-form-builder/node_modules/react-dom/cjs/react-dom.development.js:4213:16)
          at invokeGuardedCallback (/Users/pabloelisseo/repos/one-beyond/csm/react-form-builder/node_modules/react-dom/cjs/react-dom.development.js:4277:31)
          at beginWork$1 (/Users/pabloelisseo/repos/one-beyond/csm/react-form-builder/node_modules/react-dom/cjs/react-dom.development.js:27451:7)
          at performUnitOfWork (/Users/pabloelisseo/repos/one-beyond/csm/react-form-builder/node_modules/react-dom/cjs/react-dom.development.js:26560:12) TypeError: Cannot read properties of undefined (reading 'array')
          at control (/Users/pabloelisseo/repos/one-beyond/csm/react-form-builder/node_modules/react-hook-form/src/useController.ts:63:35)
          at Object.<anonymous>.exports.Controller (/Users/pabloelisseo/repos/one-beyond/csm/react-form-builder/node_modules/react-hook-form/src/form.tsx:38:5)
          at renderWithHooks (/Users/pabloelisseo/repos/one-beyond/csm/react-form-builder/node_modules/react-dom/cjs/react-dom.development.js:16305:18)
          at mountIndeterminateComponent (/Users/pabloelisseo/repos/one-beyond/csm/react-form-builder/node_modules/react-dom/cjs/react-dom.development.js:20074:13)
          at beginWork (/Users/pabloelisseo/repos/one-beyond/csm/react-form-builder/node_modules/react-dom/cjs/react-dom.development.js:21587:16)
          at HTMLUnknownElement.callCallback (/Users/pabloelisseo/repos/one-beyond/csm/react-form-builder/node_modules/react-dom/cjs/react-dom.development.js:4164:14)
          at HTMLUnknownElement.callTheUserObjectsOperation (/Users/pabloelisseo/repos/one-beyond/csm/react-form-builder/node_modules/jsdom/lib/jsdom/living/generated/EventListener.js:26:30)
          at innerInvokeEventListeners (/Users/pabloelisseo/repos/one-beyond/csm/react-form-builder/node_modules/jsdom/lib/jsdom/living/events/EventTarget-impl.js:338:25)
          at invokeEventListeners (/Users/pabloelisseo/repos/one-beyond/csm/react-form-builder/node_modules/jsdom/lib/jsdom/living/events/EventTarget-impl.js:274:3)
          at HTMLUnknownElementImpl._dispatch (/Users/pabloelisseo/repos/one-beyond/csm/react-form-builder/node_modules/jsdom/lib/jsdom/living/events/EventTarget-impl.js:221:9)
          at HTMLUnknownElementImpl.dispatchEvent (/Users/pabloelisseo/repos/one-beyond/csm/react-form-builder/node_modules/jsdom/lib/jsdom/living/events/EventTarget-impl.js:94:17)
          at HTMLUnknownElement.dispatchEvent (/Users/pabloelisseo/repos/one-beyond/csm/react-form-builder/node_modules/jsdom/lib/jsdom/living/generated/EventTarget.js:231:34)
          at Object.invokeGuardedCallbackDev (/Users/pabloelisseo/repos/one-beyond/csm/react-form-builder/node_modules/react-dom/cjs/react-dom.development.js:4213:16)
          at invokeGuardedCallback (/Users/pabloelisseo/repos/one-beyond/csm/react-form-builder/node_modules/react-dom/cjs/react-dom.development.js:4277:31)
          at beginWork$1 (/Users/pabloelisseo/repos/one-beyond/csm/react-form-builder/node_modules/react-dom/cjs/react-dom.development.js:27451:7)
          at performUnitOfWork (/Users/pabloelisseo/repos/one-beyond/csm/react-form-builder/node_modules/react-dom/cjs/react-dom.development.js:26560:12)
          at workLoopSync (/Users/pabloelisseo/repos/one-beyond/csm/react-form-builder/node_modules/react-dom/cjs/react-dom.development.js:26466:5)
          at renderRootSync (/Users/pabloelisseo/repos/one-beyond/csm/react-form-builder/node_modules/react-dom/cjs/react-dom.development.js:26434:7)
          at performConcurrentWorkOnRoot (/Users/pabloelisseo/repos/one-beyond/csm/react-form-builder/node_modules/react-dom/cjs/react-dom.development.js:25738:74)
          at flushActQueue (/Users/pabloelisseo/repos/one-beyond/csm/react-form-builder/node_modules/react/cjs/react.development.js:2667:24)
          at act (/Users/pabloelisseo/repos/one-beyond/csm/react-form-builder/node_modules/react/cjs/react.development.js:2582:11)
          at /Users/pabloelisseo/repos/one-beyond/csm/react-form-builder/node_modules/@testing-library/react/dist/act-compat.js:46:25
          at renderRoot (/Users/pabloelisseo/repos/one-beyond/csm/react-form-builder/node_modules/@testing-library/react/dist/pure.js:161:26)
          at render (/Users/pabloelisseo/repos/one-beyond/csm/react-form-builder/node_modules/@testing-library/react/dist/pure.js:247:10)
          at Object.<anonymous> (/Users/pabloelisseo/repos/one-beyond/csm/react-form-builder/src/Questions/Country/__tests__/country.test.js:325:31)
          at Promise.then.completed (/Users/pabloelisseo/repos/one-beyond/csm/react-form-builder/node_modules/jest-circus/build/utils.js:391:28)
          at new Promise (<anonymous>)
          at callAsyncCircusFn (/Users/pabloelisseo/repos/one-beyond/csm/react-form-builder/node_modules/jest-circus/build/utils.js:316:10)
          at _callCircusTest (/Users/pabloelisseo/repos/one-beyond/csm/react-form-builder/node_modules/jest-circus/build/run.js:218:40)
          at processTicksAndRejections (node:internal/process/task_queues:95:5)
          at _runTest (/Users/pabloelisseo/repos/one-beyond/csm/react-form-builder/node_modules/jest-circus/build/run.js:155:3)
          at _runTestsForDescribeBlock (/Users/pabloelisseo/repos/one-beyond/csm/react-form-builder/node_modules/jest-circus/build/run.js:66:9)
          at run (/Users/pabloelisseo/repos/one-beyond/csm/react-form-builder/node_modules/jest-circus/build/run.js:25:3)
          at runAndTransformResultsToJestFormat (/Users/pabloelisseo/repos/one-beyond/csm/react-form-builder/node_modules/jest-circus/build/legacy-code-todo-rewrite/jestAdapterInit.js:170:21)
          at jestAdapter (/Users/pabloelisseo/repos/one-beyond/csm/react-form-builder/node_modules/jest-circus/build/legacy-code-todo-rewrite/jestAdapter.js:82:19)
          at runTestInternal (/Users/pabloelisseo/repos/one-beyond/csm/react-form-builder/node_modules/jest-runner/build/runTest.js:389:16)
          at runTest (/Users/pabloelisseo/repos/one-beyond/csm/react-form-builder/node_modules/jest-runner/build/runTest.js:475:34)
          at Object.worker (/Users/pabloelisseo/repos/one-beyond/csm/react-form-builder/node_modules/jest-runner/build/testWorker.js:133:12)

      at VirtualConsole.<anonymous> (node_modules/jsdom/lib/jsdom/virtual-console.js:29:45)
      at reportException (node_modules/jsdom/lib/jsdom/living/helpers/runtime-script-errors.js:70:28)
      at innerInvokeEventListeners (node_modules/jsdom/lib/jsdom/living/events/EventTarget-impl.js:341:9)
      at invokeEventListeners (node_modules/jsdom/lib/jsdom/living/events/EventTarget-impl.js:274:3)
      at HTMLUnknownElementImpl._dispatch (node_modules/jsdom/lib/jsdom/living/events/EventTarget-impl.js:221:9)
      at HTMLUnknownElementImpl.dispatchEvent (node_modules/jsdom/lib/jsdom/living/events/EventTarget-impl.js:94:17)
      at HTMLUnknownElement.dispatchEvent (node_modules/jsdom/lib/jsdom/living/generated/EventTarget.js:231:34)

    console.error
      Error: Uncaught [TypeError: Cannot read properties of undefined (reading 'array')]
          at reportException (/Users/pabloelisseo/repos/one-beyond/csm/react-form-builder/node_modules/jsdom/lib/jsdom/living/helpers/runtime-script-errors.js:66:24)
          at innerInvokeEventListeners (/Users/pabloelisseo/repos/one-beyond/csm/react-form-builder/node_modules/jsdom/lib/jsdom/living/events/EventTarget-impl.js:341:9)
          at invokeEventListeners (/Users/pabloelisseo/repos/one-beyond/csm/react-form-builder/node_modules/jsdom/lib/jsdom/living/events/EventTarget-impl.js:274:3)
          at HTMLUnknownElementImpl._dispatch (/Users/pabloelisseo/repos/one-beyond/csm/react-form-builder/node_modules/jsdom/lib/jsdom/living/events/EventTarget-impl.js:221:9)
          at HTMLUnknownElementImpl.dispatchEvent (/Users/pabloelisseo/repos/one-beyond/csm/react-form-builder/node_modules/jsdom/lib/jsdom/living/events/EventTarget-impl.js:94:17)
          at HTMLUnknownElement.dispatchEvent (/Users/pabloelisseo/repos/one-beyond/csm/react-form-builder/node_modules/jsdom/lib/jsdom/living/generated/EventTarget.js:231:34)
          at Object.invokeGuardedCallbackDev (/Users/pabloelisseo/repos/one-beyond/csm/react-form-builder/node_modules/react-dom/cjs/react-dom.development.js:4213:16)
          at invokeGuardedCallback (/Users/pabloelisseo/repos/one-beyond/csm/react-form-builder/node_modules/react-dom/cjs/react-dom.development.js:4277:31)
          at beginWork$1 (/Users/pabloelisseo/repos/one-beyond/csm/react-form-builder/node_modules/react-dom/cjs/react-dom.development.js:27451:7)
          at performUnitOfWork (/Users/pabloelisseo/repos/one-beyond/csm/react-form-builder/node_modules/react-dom/cjs/react-dom.development.js:26560:12) TypeError: Cannot read properties of undefined (reading 'array')
          at control (/Users/pabloelisseo/repos/one-beyond/csm/react-form-builder/node_modules/react-hook-form/src/useController.ts:63:35)
          at Object.<anonymous>.exports.Controller (/Users/pabloelisseo/repos/one-beyond/csm/react-form-builder/node_modules/react-hook-form/src/form.tsx:38:5)
          at renderWithHooks (/Users/pabloelisseo/repos/one-beyond/csm/react-form-builder/node_modules/react-dom/cjs/react-dom.development.js:16305:18)
          at mountIndeterminateComponent (/Users/pabloelisseo/repos/one-beyond/csm/react-form-builder/node_modules/react-dom/cjs/react-dom.development.js:20074:13)
          at beginWork (/Users/pabloelisseo/repos/one-beyond/csm/react-form-builder/node_modules/react-dom/cjs/react-dom.development.js:21587:16)
          at HTMLUnknownElement.callCallback (/Users/pabloelisseo/repos/one-beyond/csm/react-form-builder/node_modules/react-dom/cjs/react-dom.development.js:4164:14)
          at HTMLUnknownElement.callTheUserObjectsOperation (/Users/pabloelisseo/repos/one-beyond/csm/react-form-builder/node_modules/jsdom/lib/jsdom/living/generated/EventListener.js:26:30)
          at innerInvokeEventListeners (/Users/pabloelisseo/repos/one-beyond/csm/react-form-builder/node_modules/jsdom/lib/jsdom/living/events/EventTarget-impl.js:338:25)
          at invokeEventListeners (/Users/pabloelisseo/repos/one-beyond/csm/react-form-builder/node_modules/jsdom/lib/jsdom/living/events/EventTarget-impl.js:274:3)
          at HTMLUnknownElementImpl._dispatch (/Users/pabloelisseo/repos/one-beyond/csm/react-form-builder/node_modules/jsdom/lib/jsdom/living/events/EventTarget-impl.js:221:9)
          at HTMLUnknownElementImpl.dispatchEvent (/Users/pabloelisseo/repos/one-beyond/csm/react-form-builder/node_modules/jsdom/lib/jsdom/living/events/EventTarget-impl.js:94:17)
          at HTMLUnknownElement.dispatchEvent (/Users/pabloelisseo/repos/one-beyond/csm/react-form-builder/node_modules/jsdom/lib/jsdom/living/generated/EventTarget.js:231:34)
          at Object.invokeGuardedCallbackDev (/Users/pabloelisseo/repos/one-beyond/csm/react-form-builder/node_modules/react-dom/cjs/react-dom.development.js:4213:16)
          at invokeGuardedCallback (/Users/pabloelisseo/repos/one-beyond/csm/react-form-builder/node_modules/react-dom/cjs/react-dom.development.js:4277:31)
          at beginWork$1 (/Users/pabloelisseo/repos/one-beyond/csm/react-form-builder/node_modules/react-dom/cjs/react-dom.development.js:27451:7)
          at performUnitOfWork (/Users/pabloelisseo/repos/one-beyond/csm/react-form-builder/node_modules/react-dom/cjs/react-dom.development.js:26560:12)
          at workLoopSync (/Users/pabloelisseo/repos/one-beyond/csm/react-form-builder/node_modules/react-dom/cjs/react-dom.development.js:26466:5)
          at renderRootSync (/Users/pabloelisseo/repos/one-beyond/csm/react-form-builder/node_modules/react-dom/cjs/react-dom.development.js:26434:7)
          at recoverFromConcurrentError (/Users/pabloelisseo/repos/one-beyond/csm/react-form-builder/node_modules/react-dom/cjs/react-dom.development.js:25850:20)
          at performConcurrentWorkOnRoot (/Users/pabloelisseo/repos/one-beyond/csm/react-form-builder/node_modules/react-dom/cjs/react-dom.development.js:25750:22)
          at flushActQueue (/Users/pabloelisseo/repos/one-beyond/csm/react-form-builder/node_modules/react/cjs/react.development.js:2667:24)
          at act (/Users/pabloelisseo/repos/one-beyond/csm/react-form-builder/node_modules/react/cjs/react.development.js:2582:11)
          at /Users/pabloelisseo/repos/one-beyond/csm/react-form-builder/node_modules/@testing-library/react/dist/act-compat.js:46:25
          at renderRoot (/Users/pabloelisseo/repos/one-beyond/csm/react-form-builder/node_modules/@testing-library/react/dist/pure.js:161:26)
          at render (/Users/pabloelisseo/repos/one-beyond/csm/react-form-builder/node_modules/@testing-library/react/dist/pure.js:247:10)
          at Object.<anonymous> (/Users/pabloelisseo/repos/one-beyond/csm/react-form-builder/src/Questions/Country/__tests__/country.test.js:325:31)
          at Promise.then.completed (/Users/pabloelisseo/repos/one-beyond/csm/react-form-builder/node_modules/jest-circus/build/utils.js:391:28)
          at new Promise (<anonymous>)
          at callAsyncCircusFn (/Users/pabloelisseo/repos/one-beyond/csm/react-form-builder/node_modules/jest-circus/build/utils.js:316:10)
          at _callCircusTest (/Users/pabloelisseo/repos/one-beyond/csm/react-form-builder/node_modules/jest-circus/build/run.js:218:40)
          at processTicksAndRejections (node:internal/process/task_queues:95:5)
          at _runTest (/Users/pabloelisseo/repos/one-beyond/csm/react-form-builder/node_modules/jest-circus/build/run.js:155:3)
          at _runTestsForDescribeBlock (/Users/pabloelisseo/repos/one-beyond/csm/react-form-builder/node_modules/jest-circus/build/run.js:66:9)
          at run (/Users/pabloelisseo/repos/one-beyond/csm/react-form-builder/node_modules/jest-circus/build/run.js:25:3)
          at runAndTransformResultsToJestFormat (/Users/pabloelisseo/repos/one-beyond/csm/react-form-builder/node_modules/jest-circus/build/legacy-code-todo-rewrite/jestAdapterInit.js:170:21)
          at jestAdapter (/Users/pabloelisseo/repos/one-beyond/csm/react-form-builder/node_modules/jest-circus/build/legacy-code-todo-rewrite/jestAdapter.js:82:19)
          at runTestInternal (/Users/pabloelisseo/repos/one-beyond/csm/react-form-builder/node_modules/jest-runner/build/runTest.js:389:16)
          at runTest (/Users/pabloelisseo/repos/one-beyond/csm/react-form-builder/node_modules/jest-runner/build/runTest.js:475:34)
          at Object.worker (/Users/pabloelisseo/repos/one-beyond/csm/react-form-builder/node_modules/jest-runner/build/testWorker.js:133:12)

      at VirtualConsole.<anonymous> (node_modules/jsdom/lib/jsdom/virtual-console.js:29:45)
      at reportException (node_modules/jsdom/lib/jsdom/living/helpers/runtime-script-errors.js:70:28)
      at innerInvokeEventListeners (node_modules/jsdom/lib/jsdom/living/events/EventTarget-impl.js:341:9)
      at invokeEventListeners (node_modules/jsdom/lib/jsdom/living/events/EventTarget-impl.js:274:3)
      at HTMLUnknownElementImpl._dispatch (node_modules/jsdom/lib/jsdom/living/events/EventTarget-impl.js:221:9)
      at HTMLUnknownElementImpl.dispatchEvent (node_modules/jsdom/lib/jsdom/living/events/EventTarget-impl.js:94:17)
      at HTMLUnknownElement.dispatchEvent (node_modules/jsdom/lib/jsdom/living/generated/EventTarget.js:231:34)

    console.error
      The above error occurred in one of your React components:
      
          at Object.<anonymous>.exports.Controller (/Users/pabloelisseo/repos/one-beyond/csm/react-form-builder/node_modules/react-hook-form/src/form.tsx:37:9)
          at Select (/Users/pabloelisseo/repos/one-beyond/csm/react-form-builder/src/Fields/Select/index.js:10:3)
          at div
          at /Users/pabloelisseo/repos/one-beyond/csm/react-form-builder/node_modules/@emotion/react/dist/emotion-element-48d2c2e4.cjs.dev.js:62:23
          at QuestionCountry (/Users/pabloelisseo/repos/one-beyond/csm/react-form-builder/src/Questions/Country/index.js:38:3)
      
      Consider adding an error boundary to your tree to customize error handling behavior.
      Visit https://reactjs.org/link/error-boundaries to learn more about error boundaries.

      at logCapturedError (node_modules/react-dom/cjs/react-dom.development.js:18687:23)
      at update.callback (node_modules/react-dom/cjs/react-dom.development.js:18720:5)
      at callCallback (node_modules/react-dom/cjs/react-dom.development.js:13923:12)
      at commitUpdateQueue (node_modules/react-dom/cjs/react-dom.development.js:13944:9)
      at commitLayoutEffectOnFiber (node_modules/react-dom/cjs/react-dom.development.js:23391:13)
      at commitLayoutMountEffects_complete (node_modules/react-dom/cjs/react-dom.development.js:24688:9)
      at commitLayoutEffects_begin (node_modules/react-dom/cjs/react-dom.development.js:24674:7)
      at commitLayoutEffects (node_modules/react-dom/cjs/react-dom.development.js:24612:3)

    console.error
      Error: Uncaught [TypeError: Cannot read properties of undefined (reading 'array')]
          at reportException (/Users/pabloelisseo/repos/one-beyond/csm/react-form-builder/node_modules/jsdom/lib/jsdom/living/helpers/runtime-script-errors.js:66:24)
          at innerInvokeEventListeners (/Users/pabloelisseo/repos/one-beyond/csm/react-form-builder/node_modules/jsdom/lib/jsdom/living/events/EventTarget-impl.js:341:9)
          at invokeEventListeners (/Users/pabloelisseo/repos/one-beyond/csm/react-form-builder/node_modules/jsdom/lib/jsdom/living/events/EventTarget-impl.js:274:3)
          at HTMLUnknownElementImpl._dispatch (/Users/pabloelisseo/repos/one-beyond/csm/react-form-builder/node_modules/jsdom/lib/jsdom/living/events/EventTarget-impl.js:221:9)
          at HTMLUnknownElementImpl.dispatchEvent (/Users/pabloelisseo/repos/one-beyond/csm/react-form-builder/node_modules/jsdom/lib/jsdom/living/events/EventTarget-impl.js:94:17)
          at HTMLUnknownElement.dispatchEvent (/Users/pabloelisseo/repos/one-beyond/csm/react-form-builder/node_modules/jsdom/lib/jsdom/living/generated/EventTarget.js:231:34)
          at Object.invokeGuardedCallbackDev (/Users/pabloelisseo/repos/one-beyond/csm/react-form-builder/node_modules/react-dom/cjs/react-dom.development.js:4213:16)
          at invokeGuardedCallback (/Users/pabloelisseo/repos/one-beyond/csm/react-form-builder/node_modules/react-dom/cjs/react-dom.development.js:4277:31)
          at beginWork$1 (/Users/pabloelisseo/repos/one-beyond/csm/react-form-builder/node_modules/react-dom/cjs/react-dom.development.js:27451:7)
          at performUnitOfWork (/Users/pabloelisseo/repos/one-beyond/csm/react-form-builder/node_modules/react-dom/cjs/react-dom.development.js:26560:12) TypeError: Cannot read properties of undefined (reading 'array')
          at control (/Users/pabloelisseo/repos/one-beyond/csm/react-form-builder/node_modules/react-hook-form/src/useController.ts:63:35)
          at Object.<anonymous>.exports.Controller (/Users/pabloelisseo/repos/one-beyond/csm/react-form-builder/node_modules/react-hook-form/src/form.tsx:38:5)
          at renderWithHooks (/Users/pabloelisseo/repos/one-beyond/csm/react-form-builder/node_modules/react-dom/cjs/react-dom.development.js:16305:18)
          at mountIndeterminateComponent (/Users/pabloelisseo/repos/one-beyond/csm/react-form-builder/node_modules/react-dom/cjs/react-dom.development.js:20074:13)
          at beginWork (/Users/pabloelisseo/repos/one-beyond/csm/react-form-builder/node_modules/react-dom/cjs/react-dom.development.js:21587:16)
          at HTMLUnknownElement.callCallback (/Users/pabloelisseo/repos/one-beyond/csm/react-form-builder/node_modules/react-dom/cjs/react-dom.development.js:4164:14)
          at HTMLUnknownElement.callTheUserObjectsOperation (/Users/pabloelisseo/repos/one-beyond/csm/react-form-builder/node_modules/jsdom/lib/jsdom/living/generated/EventListener.js:26:30)
          at innerInvokeEventListeners (/Users/pabloelisseo/repos/one-beyond/csm/react-form-builder/node_modules/jsdom/lib/jsdom/living/events/EventTarget-impl.js:338:25)
          at invokeEventListeners (/Users/pabloelisseo/repos/one-beyond/csm/react-form-builder/node_modules/jsdom/lib/jsdom/living/events/EventTarget-impl.js:274:3)
          at HTMLUnknownElementImpl._dispatch (/Users/pabloelisseo/repos/one-beyond/csm/react-form-builder/node_modules/jsdom/lib/jsdom/living/events/EventTarget-impl.js:221:9)
          at HTMLUnknownElementImpl.dispatchEvent (/Users/pabloelisseo/repos/one-beyond/csm/react-form-builder/node_modules/jsdom/lib/jsdom/living/events/EventTarget-impl.js:94:17)
          at HTMLUnknownElement.dispatchEvent (/Users/pabloelisseo/repos/one-beyond/csm/react-form-builder/node_modules/jsdom/lib/jsdom/living/generated/EventTarget.js:231:34)
          at Object.invokeGuardedCallbackDev (/Users/pabloelisseo/repos/one-beyond/csm/react-form-builder/node_modules/react-dom/cjs/react-dom.development.js:4213:16)
          at invokeGuardedCallback (/Users/pabloelisseo/repos/one-beyond/csm/react-form-builder/node_modules/react-dom/cjs/react-dom.development.js:4277:31)
          at beginWork$1 (/Users/pabloelisseo/repos/one-beyond/csm/react-form-builder/node_modules/react-dom/cjs/react-dom.development.js:27451:7)
          at performUnitOfWork (/Users/pabloelisseo/repos/one-beyond/csm/react-form-builder/node_modules/react-dom/cjs/react-dom.development.js:26560:12)
          at workLoopSync (/Users/pabloelisseo/repos/one-beyond/csm/react-form-builder/node_modules/react-dom/cjs/react-dom.development.js:26466:5)
          at renderRootSync (/Users/pabloelisseo/repos/one-beyond/csm/react-form-builder/node_modules/react-dom/cjs/react-dom.development.js:26434:7)
          at performConcurrentWorkOnRoot (/Users/pabloelisseo/repos/one-beyond/csm/react-form-builder/node_modules/react-dom/cjs/react-dom.development.js:25738:74)
          at flushActQueue (/Users/pabloelisseo/repos/one-beyond/csm/react-form-builder/node_modules/react/cjs/react.development.js:2667:24)
          at act (/Users/pabloelisseo/repos/one-beyond/csm/react-form-builder/node_modules/react/cjs/react.development.js:2582:11)
          at /Users/pabloelisseo/repos/one-beyond/csm/react-form-builder/node_modules/@testing-library/react/dist/act-compat.js:46:25
          at renderRoot (/Users/pabloelisseo/repos/one-beyond/csm/react-form-builder/node_modules/@testing-library/react/dist/pure.js:161:26)
          at render (/Users/pabloelisseo/repos/one-beyond/csm/react-form-builder/node_modules/@testing-library/react/dist/pure.js:247:10)
          at Object.<anonymous> (/Users/pabloelisseo/repos/one-beyond/csm/react-form-builder/src/Questions/Country/__tests__/country.test.js:348:31)
          at Promise.then.completed (/Users/pabloelisseo/repos/one-beyond/csm/react-form-builder/node_modules/jest-circus/build/utils.js:391:28)
          at new Promise (<anonymous>)
          at callAsyncCircusFn (/Users/pabloelisseo/repos/one-beyond/csm/react-form-builder/node_modules/jest-circus/build/utils.js:316:10)
          at _callCircusTest (/Users/pabloelisseo/repos/one-beyond/csm/react-form-builder/node_modules/jest-circus/build/run.js:218:40)
          at processTicksAndRejections (node:internal/process/task_queues:95:5)
          at _runTest (/Users/pabloelisseo/repos/one-beyond/csm/react-form-builder/node_modules/jest-circus/build/run.js:155:3)
          at _runTestsForDescribeBlock (/Users/pabloelisseo/repos/one-beyond/csm/react-form-builder/node_modules/jest-circus/build/run.js:66:9)
          at run (/Users/pabloelisseo/repos/one-beyond/csm/react-form-builder/node_modules/jest-circus/build/run.js:25:3)
          at runAndTransformResultsToJestFormat (/Users/pabloelisseo/repos/one-beyond/csm/react-form-builder/node_modules/jest-circus/build/legacy-code-todo-rewrite/jestAdapterInit.js:170:21)
          at jestAdapter (/Users/pabloelisseo/repos/one-beyond/csm/react-form-builder/node_modules/jest-circus/build/legacy-code-todo-rewrite/jestAdapter.js:82:19)
          at runTestInternal (/Users/pabloelisseo/repos/one-beyond/csm/react-form-builder/node_modules/jest-runner/build/runTest.js:389:16)
          at runTest (/Users/pabloelisseo/repos/one-beyond/csm/react-form-builder/node_modules/jest-runner/build/runTest.js:475:34)
          at Object.worker (/Users/pabloelisseo/repos/one-beyond/csm/react-form-builder/node_modules/jest-runner/build/testWorker.js:133:12)

      at VirtualConsole.<anonymous> (node_modules/jsdom/lib/jsdom/virtual-console.js:29:45)
      at reportException (node_modules/jsdom/lib/jsdom/living/helpers/runtime-script-errors.js:70:28)
      at innerInvokeEventListeners (node_modules/jsdom/lib/jsdom/living/events/EventTarget-impl.js:341:9)
      at invokeEventListeners (node_modules/jsdom/lib/jsdom/living/events/EventTarget-impl.js:274:3)
      at HTMLUnknownElementImpl._dispatch (node_modules/jsdom/lib/jsdom/living/events/EventTarget-impl.js:221:9)
      at HTMLUnknownElementImpl.dispatchEvent (node_modules/jsdom/lib/jsdom/living/events/EventTarget-impl.js:94:17)
      at HTMLUnknownElement.dispatchEvent (node_modules/jsdom/lib/jsdom/living/generated/EventTarget.js:231:34)

    console.error
      Error: Uncaught [TypeError: Cannot read properties of undefined (reading 'array')]
          at reportException (/Users/pabloelisseo/repos/one-beyond/csm/react-form-builder/node_modules/jsdom/lib/jsdom/living/helpers/runtime-script-errors.js:66:24)
          at innerInvokeEventListeners (/Users/pabloelisseo/repos/one-beyond/csm/react-form-builder/node_modules/jsdom/lib/jsdom/living/events/EventTarget-impl.js:341:9)
          at invokeEventListeners (/Users/pabloelisseo/repos/one-beyond/csm/react-form-builder/node_modules/jsdom/lib/jsdom/living/events/EventTarget-impl.js:274:3)
          at HTMLUnknownElementImpl._dispatch (/Users/pabloelisseo/repos/one-beyond/csm/react-form-builder/node_modules/jsdom/lib/jsdom/living/events/EventTarget-impl.js:221:9)
          at HTMLUnknownElementImpl.dispatchEvent (/Users/pabloelisseo/repos/one-beyond/csm/react-form-builder/node_modules/jsdom/lib/jsdom/living/events/EventTarget-impl.js:94:17)
          at HTMLUnknownElement.dispatchEvent (/Users/pabloelisseo/repos/one-beyond/csm/react-form-builder/node_modules/jsdom/lib/jsdom/living/generated/EventTarget.js:231:34)
          at Object.invokeGuardedCallbackDev (/Users/pabloelisseo/repos/one-beyond/csm/react-form-builder/node_modules/react-dom/cjs/react-dom.development.js:4213:16)
          at invokeGuardedCallback (/Users/pabloelisseo/repos/one-beyond/csm/react-form-builder/node_modules/react-dom/cjs/react-dom.development.js:4277:31)
          at beginWork$1 (/Users/pabloelisseo/repos/one-beyond/csm/react-form-builder/node_modules/react-dom/cjs/react-dom.development.js:27451:7)
          at performUnitOfWork (/Users/pabloelisseo/repos/one-beyond/csm/react-form-builder/node_modules/react-dom/cjs/react-dom.development.js:26560:12) TypeError: Cannot read properties of undefined (reading 'array')
          at control (/Users/pabloelisseo/repos/one-beyond/csm/react-form-builder/node_modules/react-hook-form/src/useController.ts:63:35)
          at Object.<anonymous>.exports.Controller (/Users/pabloelisseo/repos/one-beyond/csm/react-form-builder/node_modules/react-hook-form/src/form.tsx:38:5)
          at renderWithHooks (/Users/pabloelisseo/repos/one-beyond/csm/react-form-builder/node_modules/react-dom/cjs/react-dom.development.js:16305:18)
          at mountIndeterminateComponent (/Users/pabloelisseo/repos/one-beyond/csm/react-form-builder/node_modules/react-dom/cjs/react-dom.development.js:20074:13)
          at beginWork (/Users/pabloelisseo/repos/one-beyond/csm/react-form-builder/node_modules/react-dom/cjs/react-dom.development.js:21587:16)
          at HTMLUnknownElement.callCallback (/Users/pabloelisseo/repos/one-beyond/csm/react-form-builder/node_modules/react-dom/cjs/react-dom.development.js:4164:14)
          at HTMLUnknownElement.callTheUserObjectsOperation (/Users/pabloelisseo/repos/one-beyond/csm/react-form-builder/node_modules/jsdom/lib/jsdom/living/generated/EventListener.js:26:30)
          at innerInvokeEventListeners (/Users/pabloelisseo/repos/one-beyond/csm/react-form-builder/node_modules/jsdom/lib/jsdom/living/events/EventTarget-impl.js:338:25)
          at invokeEventListeners (/Users/pabloelisseo/repos/one-beyond/csm/react-form-builder/node_modules/jsdom/lib/jsdom/living/events/EventTarget-impl.js:274:3)
          at HTMLUnknownElementImpl._dispatch (/Users/pabloelisseo/repos/one-beyond/csm/react-form-builder/node_modules/jsdom/lib/jsdom/living/events/EventTarget-impl.js:221:9)
          at HTMLUnknownElementImpl.dispatchEvent (/Users/pabloelisseo/repos/one-beyond/csm/react-form-builder/node_modules/jsdom/lib/jsdom/living/events/EventTarget-impl.js:94:17)
          at HTMLUnknownElement.dispatchEvent (/Users/pabloelisseo/repos/one-beyond/csm/react-form-builder/node_modules/jsdom/lib/jsdom/living/generated/EventTarget.js:231:34)
          at Object.invokeGuardedCallbackDev (/Users/pabloelisseo/repos/one-beyond/csm/react-form-builder/node_modules/react-dom/cjs/react-dom.development.js:4213:16)
          at invokeGuardedCallback (/Users/pabloelisseo/repos/one-beyond/csm/react-form-builder/node_modules/react-dom/cjs/react-dom.development.js:4277:31)
          at beginWork$1 (/Users/pabloelisseo/repos/one-beyond/csm/react-form-builder/node_modules/react-dom/cjs/react-dom.development.js:27451:7)
          at performUnitOfWork (/Users/pabloelisseo/repos/one-beyond/csm/react-form-builder/node_modules/react-dom/cjs/react-dom.development.js:26560:12)
          at workLoopSync (/Users/pabloelisseo/repos/one-beyond/csm/react-form-builder/node_modules/react-dom/cjs/react-dom.development.js:26466:5)
          at renderRootSync (/Users/pabloelisseo/repos/one-beyond/csm/react-form-builder/node_modules/react-dom/cjs/react-dom.development.js:26434:7)
          at recoverFromConcurrentError (/Users/pabloelisseo/repos/one-beyond/csm/react-form-builder/node_modules/react-dom/cjs/react-dom.development.js:25850:20)
          at performConcurrentWorkOnRoot (/Users/pabloelisseo/repos/one-beyond/csm/react-form-builder/node_modules/react-dom/cjs/react-dom.development.js:25750:22)
          at flushActQueue (/Users/pabloelisseo/repos/one-beyond/csm/react-form-builder/node_modules/react/cjs/react.development.js:2667:24)
          at act (/Users/pabloelisseo/repos/one-beyond/csm/react-form-builder/node_modules/react/cjs/react.development.js:2582:11)
          at /Users/pabloelisseo/repos/one-beyond/csm/react-form-builder/node_modules/@testing-library/react/dist/act-compat.js:46:25
          at renderRoot (/Users/pabloelisseo/repos/one-beyond/csm/react-form-builder/node_modules/@testing-library/react/dist/pure.js:161:26)
          at render (/Users/pabloelisseo/repos/one-beyond/csm/react-form-builder/node_modules/@testing-library/react/dist/pure.js:247:10)
          at Object.<anonymous> (/Users/pabloelisseo/repos/one-beyond/csm/react-form-builder/src/Questions/Country/__tests__/country.test.js:348:31)
          at Promise.then.completed (/Users/pabloelisseo/repos/one-beyond/csm/react-form-builder/node_modules/jest-circus/build/utils.js:391:28)
          at new Promise (<anonymous>)
          at callAsyncCircusFn (/Users/pabloelisseo/repos/one-beyond/csm/react-form-builder/node_modules/jest-circus/build/utils.js:316:10)
          at _callCircusTest (/Users/pabloelisseo/repos/one-beyond/csm/react-form-builder/node_modules/jest-circus/build/run.js:218:40)
          at processTicksAndRejections (node:internal/process/task_queues:95:5)
          at _runTest (/Users/pabloelisseo/repos/one-beyond/csm/react-form-builder/node_modules/jest-circus/build/run.js:155:3)
          at _runTestsForDescribeBlock (/Users/pabloelisseo/repos/one-beyond/csm/react-form-builder/node_modules/jest-circus/build/run.js:66:9)
          at run (/Users/pabloelisseo/repos/one-beyond/csm/react-form-builder/node_modules/jest-circus/build/run.js:25:3)
          at runAndTransformResultsToJestFormat (/Users/pabloelisseo/repos/one-beyond/csm/react-form-builder/node_modules/jest-circus/build/legacy-code-todo-rewrite/jestAdapterInit.js:170:21)
          at jestAdapter (/Users/pabloelisseo/repos/one-beyond/csm/react-form-builder/node_modules/jest-circus/build/legacy-code-todo-rewrite/jestAdapter.js:82:19)
          at runTestInternal (/Users/pabloelisseo/repos/one-beyond/csm/react-form-builder/node_modules/jest-runner/build/runTest.js:389:16)
          at runTest (/Users/pabloelisseo/repos/one-beyond/csm/react-form-builder/node_modules/jest-runner/build/runTest.js:475:34)
          at Object.worker (/Users/pabloelisseo/repos/one-beyond/csm/react-form-builder/node_modules/jest-runner/build/testWorker.js:133:12)

      at VirtualConsole.<anonymous> (node_modules/jsdom/lib/jsdom/virtual-console.js:29:45)
      at reportException (node_modules/jsdom/lib/jsdom/living/helpers/runtime-script-errors.js:70:28)
      at innerInvokeEventListeners (node_modules/jsdom/lib/jsdom/living/events/EventTarget-impl.js:341:9)
      at invokeEventListeners (node_modules/jsdom/lib/jsdom/living/events/EventTarget-impl.js:274:3)
      at HTMLUnknownElementImpl._dispatch (node_modules/jsdom/lib/jsdom/living/events/EventTarget-impl.js:221:9)
      at HTMLUnknownElementImpl.dispatchEvent (node_modules/jsdom/lib/jsdom/living/events/EventTarget-impl.js:94:17)
      at HTMLUnknownElement.dispatchEvent (node_modules/jsdom/lib/jsdom/living/generated/EventTarget.js:231:34)

    console.error
      The above error occurred in one of your React components:
      
          at Object.<anonymous>.exports.Controller (/Users/pabloelisseo/repos/one-beyond/csm/react-form-builder/node_modules/react-hook-form/src/form.tsx:37:9)
          at Select (/Users/pabloelisseo/repos/one-beyond/csm/react-form-builder/src/Fields/Select/index.js:10:3)
          at div
          at /Users/pabloelisseo/repos/one-beyond/csm/react-form-builder/node_modules/@emotion/react/dist/emotion-element-48d2c2e4.cjs.dev.js:62:23
          at QuestionCountry (/Users/pabloelisseo/repos/one-beyond/csm/react-form-builder/src/Questions/Country/index.js:38:3)
      
      Consider adding an error boundary to your tree to customize error handling behavior.
      Visit https://reactjs.org/link/error-boundaries to learn more about error boundaries.

      at logCapturedError (node_modules/react-dom/cjs/react-dom.development.js:18687:23)
      at update.callback (node_modules/react-dom/cjs/react-dom.development.js:18720:5)
      at callCallback (node_modules/react-dom/cjs/react-dom.development.js:13923:12)
      at commitUpdateQueue (node_modules/react-dom/cjs/react-dom.development.js:13944:9)
      at commitLayoutEffectOnFiber (node_modules/react-dom/cjs/react-dom.development.js:23391:13)
      at commitLayoutMountEffects_complete (node_modules/react-dom/cjs/react-dom.development.js:24688:9)
      at commitLayoutEffects_begin (node_modules/react-dom/cjs/react-dom.development.js:24674:7)
      at commitLayoutEffects (node_modules/react-dom/cjs/react-dom.development.js:24612:3)

    console.error
      Error: Uncaught [TypeError: Cannot read properties of undefined (reading 'array')]
          at reportException (/Users/pabloelisseo/repos/one-beyond/csm/react-form-builder/node_modules/jsdom/lib/jsdom/living/helpers/runtime-script-errors.js:66:24)
          at innerInvokeEventListeners (/Users/pabloelisseo/repos/one-beyond/csm/react-form-builder/node_modules/jsdom/lib/jsdom/living/events/EventTarget-impl.js:341:9)
          at invokeEventListeners (/Users/pabloelisseo/repos/one-beyond/csm/react-form-builder/node_modules/jsdom/lib/jsdom/living/events/EventTarget-impl.js:274:3)
          at HTMLUnknownElementImpl._dispatch (/Users/pabloelisseo/repos/one-beyond/csm/react-form-builder/node_modules/jsdom/lib/jsdom/living/events/EventTarget-impl.js:221:9)
          at HTMLUnknownElementImpl.dispatchEvent (/Users/pabloelisseo/repos/one-beyond/csm/react-form-builder/node_modules/jsdom/lib/jsdom/living/events/EventTarget-impl.js:94:17)
          at HTMLUnknownElement.dispatchEvent (/Users/pabloelisseo/repos/one-beyond/csm/react-form-builder/node_modules/jsdom/lib/jsdom/living/generated/EventTarget.js:231:34)
          at Object.invokeGuardedCallbackDev (/Users/pabloelisseo/repos/one-beyond/csm/react-form-builder/node_modules/react-dom/cjs/react-dom.development.js:4213:16)
          at invokeGuardedCallback (/Users/pabloelisseo/repos/one-beyond/csm/react-form-builder/node_modules/react-dom/cjs/react-dom.development.js:4277:31)
          at beginWork$1 (/Users/pabloelisseo/repos/one-beyond/csm/react-form-builder/node_modules/react-dom/cjs/react-dom.development.js:27451:7)
          at performUnitOfWork (/Users/pabloelisseo/repos/one-beyond/csm/react-form-builder/node_modules/react-dom/cjs/react-dom.development.js:26560:12) TypeError: Cannot read properties of undefined (reading 'array')
          at control (/Users/pabloelisseo/repos/one-beyond/csm/react-form-builder/node_modules/react-hook-form/src/useController.ts:63:35)
          at Object.<anonymous>.exports.Controller (/Users/pabloelisseo/repos/one-beyond/csm/react-form-builder/node_modules/react-hook-form/src/form.tsx:38:5)
          at renderWithHooks (/Users/pabloelisseo/repos/one-beyond/csm/react-form-builder/node_modules/react-dom/cjs/react-dom.development.js:16305:18)
          at mountIndeterminateComponent (/Users/pabloelisseo/repos/one-beyond/csm/react-form-builder/node_modules/react-dom/cjs/react-dom.development.js:20074:13)
          at beginWork (/Users/pabloelisseo/repos/one-beyond/csm/react-form-builder/node_modules/react-dom/cjs/react-dom.development.js:21587:16)
          at HTMLUnknownElement.callCallback (/Users/pabloelisseo/repos/one-beyond/csm/react-form-builder/node_modules/react-dom/cjs/react-dom.development.js:4164:14)
          at HTMLUnknownElement.callTheUserObjectsOperation (/Users/pabloelisseo/repos/one-beyond/csm/react-form-builder/node_modules/jsdom/lib/jsdom/living/generated/EventListener.js:26:30)
          at innerInvokeEventListeners (/Users/pabloelisseo/repos/one-beyond/csm/react-form-builder/node_modules/jsdom/lib/jsdom/living/events/EventTarget-impl.js:338:25)
          at invokeEventListeners (/Users/pabloelisseo/repos/one-beyond/csm/react-form-builder/node_modules/jsdom/lib/jsdom/living/events/EventTarget-impl.js:274:3)
          at HTMLUnknownElementImpl._dispatch (/Users/pabloelisseo/repos/one-beyond/csm/react-form-builder/node_modules/jsdom/lib/jsdom/living/events/EventTarget-impl.js:221:9)
          at HTMLUnknownElementImpl.dispatchEvent (/Users/pabloelisseo/repos/one-beyond/csm/react-form-builder/node_modules/jsdom/lib/jsdom/living/events/EventTarget-impl.js:94:17)
          at HTMLUnknownElement.dispatchEvent (/Users/pabloelisseo/repos/one-beyond/csm/react-form-builder/node_modules/jsdom/lib/jsdom/living/generated/EventTarget.js:231:34)
          at Object.invokeGuardedCallbackDev (/Users/pabloelisseo/repos/one-beyond/csm/react-form-builder/node_modules/react-dom/cjs/react-dom.development.js:4213:16)
          at invokeGuardedCallback (/Users/pabloelisseo/repos/one-beyond/csm/react-form-builder/node_modules/react-dom/cjs/react-dom.development.js:4277:31)
          at beginWork$1 (/Users/pabloelisseo/repos/one-beyond/csm/react-form-builder/node_modules/react-dom/cjs/react-dom.development.js:27451:7)
          at performUnitOfWork (/Users/pabloelisseo/repos/one-beyond/csm/react-form-builder/node_modules/react-dom/cjs/react-dom.development.js:26560:12)
          at workLoopSync (/Users/pabloelisseo/repos/one-beyond/csm/react-form-builder/node_modules/react-dom/cjs/react-dom.development.js:26466:5)
          at renderRootSync (/Users/pabloelisseo/repos/one-beyond/csm/react-form-builder/node_modules/react-dom/cjs/react-dom.development.js:26434:7)
          at performConcurrentWorkOnRoot (/Users/pabloelisseo/repos/one-beyond/csm/react-form-builder/node_modules/react-dom/cjs/react-dom.development.js:25738:74)
          at flushActQueue (/Users/pabloelisseo/repos/one-beyond/csm/react-form-builder/node_modules/react/cjs/react.development.js:2667:24)
          at act (/Users/pabloelisseo/repos/one-beyond/csm/react-form-builder/node_modules/react/cjs/react.development.js:2582:11)
          at /Users/pabloelisseo/repos/one-beyond/csm/react-form-builder/node_modules/@testing-library/react/dist/act-compat.js:46:25
          at renderRoot (/Users/pabloelisseo/repos/one-beyond/csm/react-form-builder/node_modules/@testing-library/react/dist/pure.js:161:26)
          at render (/Users/pabloelisseo/repos/one-beyond/csm/react-form-builder/node_modules/@testing-library/react/dist/pure.js:247:10)
          at Object.<anonymous> (/Users/pabloelisseo/repos/one-beyond/csm/react-form-builder/src/Questions/Country/__tests__/country.test.js:382:31)
          at Promise.then.completed (/Users/pabloelisseo/repos/one-beyond/csm/react-form-builder/node_modules/jest-circus/build/utils.js:391:28)
          at new Promise (<anonymous>)
          at callAsyncCircusFn (/Users/pabloelisseo/repos/one-beyond/csm/react-form-builder/node_modules/jest-circus/build/utils.js:316:10)
          at _callCircusTest (/Users/pabloelisseo/repos/one-beyond/csm/react-form-builder/node_modules/jest-circus/build/run.js:218:40)
          at processTicksAndRejections (node:internal/process/task_queues:95:5)
          at _runTest (/Users/pabloelisseo/repos/one-beyond/csm/react-form-builder/node_modules/jest-circus/build/run.js:155:3)
          at _runTestsForDescribeBlock (/Users/pabloelisseo/repos/one-beyond/csm/react-form-builder/node_modules/jest-circus/build/run.js:66:9)
          at run (/Users/pabloelisseo/repos/one-beyond/csm/react-form-builder/node_modules/jest-circus/build/run.js:25:3)
          at runAndTransformResultsToJestFormat (/Users/pabloelisseo/repos/one-beyond/csm/react-form-builder/node_modules/jest-circus/build/legacy-code-todo-rewrite/jestAdapterInit.js:170:21)
          at jestAdapter (/Users/pabloelisseo/repos/one-beyond/csm/react-form-builder/node_modules/jest-circus/build/legacy-code-todo-rewrite/jestAdapter.js:82:19)
          at runTestInternal (/Users/pabloelisseo/repos/one-beyond/csm/react-form-builder/node_modules/jest-runner/build/runTest.js:389:16)
          at runTest (/Users/pabloelisseo/repos/one-beyond/csm/react-form-builder/node_modules/jest-runner/build/runTest.js:475:34)
          at Object.worker (/Users/pabloelisseo/repos/one-beyond/csm/react-form-builder/node_modules/jest-runner/build/testWorker.js:133:12)

      at VirtualConsole.<anonymous> (node_modules/jsdom/lib/jsdom/virtual-console.js:29:45)
      at reportException (node_modules/jsdom/lib/jsdom/living/helpers/runtime-script-errors.js:70:28)
      at innerInvokeEventListeners (node_modules/jsdom/lib/jsdom/living/events/EventTarget-impl.js:341:9)
      at invokeEventListeners (node_modules/jsdom/lib/jsdom/living/events/EventTarget-impl.js:274:3)
      at HTMLUnknownElementImpl._dispatch (node_modules/jsdom/lib/jsdom/living/events/EventTarget-impl.js:221:9)
      at HTMLUnknownElementImpl.dispatchEvent (node_modules/jsdom/lib/jsdom/living/events/EventTarget-impl.js:94:17)
      at HTMLUnknownElement.dispatchEvent (node_modules/jsdom/lib/jsdom/living/generated/EventTarget.js:231:34)

    console.error
      Error: Uncaught [TypeError: Cannot read properties of undefined (reading 'array')]
          at reportException (/Users/pabloelisseo/repos/one-beyond/csm/react-form-builder/node_modules/jsdom/lib/jsdom/living/helpers/runtime-script-errors.js:66:24)
          at innerInvokeEventListeners (/Users/pabloelisseo/repos/one-beyond/csm/react-form-builder/node_modules/jsdom/lib/jsdom/living/events/EventTarget-impl.js:341:9)
          at invokeEventListeners (/Users/pabloelisseo/repos/one-beyond/csm/react-form-builder/node_modules/jsdom/lib/jsdom/living/events/EventTarget-impl.js:274:3)
          at HTMLUnknownElementImpl._dispatch (/Users/pabloelisseo/repos/one-beyond/csm/react-form-builder/node_modules/jsdom/lib/jsdom/living/events/EventTarget-impl.js:221:9)
          at HTMLUnknownElementImpl.dispatchEvent (/Users/pabloelisseo/repos/one-beyond/csm/react-form-builder/node_modules/jsdom/lib/jsdom/living/events/EventTarget-impl.js:94:17)
          at HTMLUnknownElement.dispatchEvent (/Users/pabloelisseo/repos/one-beyond/csm/react-form-builder/node_modules/jsdom/lib/jsdom/living/generated/EventTarget.js:231:34)
          at Object.invokeGuardedCallbackDev (/Users/pabloelisseo/repos/one-beyond/csm/react-form-builder/node_modules/react-dom/cjs/react-dom.development.js:4213:16)
          at invokeGuardedCallback (/Users/pabloelisseo/repos/one-beyond/csm/react-form-builder/node_modules/react-dom/cjs/react-dom.development.js:4277:31)
          at beginWork$1 (/Users/pabloelisseo/repos/one-beyond/csm/react-form-builder/node_modules/react-dom/cjs/react-dom.development.js:27451:7)
          at performUnitOfWork (/Users/pabloelisseo/repos/one-beyond/csm/react-form-builder/node_modules/react-dom/cjs/react-dom.development.js:26560:12) TypeError: Cannot read properties of undefined (reading 'array')
          at control (/Users/pabloelisseo/repos/one-beyond/csm/react-form-builder/node_modules/react-hook-form/src/useController.ts:63:35)
          at Object.<anonymous>.exports.Controller (/Users/pabloelisseo/repos/one-beyond/csm/react-form-builder/node_modules/react-hook-form/src/form.tsx:38:5)
          at renderWithHooks (/Users/pabloelisseo/repos/one-beyond/csm/react-form-builder/node_modules/react-dom/cjs/react-dom.development.js:16305:18)
          at mountIndeterminateComponent (/Users/pabloelisseo/repos/one-beyond/csm/react-form-builder/node_modules/react-dom/cjs/react-dom.development.js:20074:13)
          at beginWork (/Users/pabloelisseo/repos/one-beyond/csm/react-form-builder/node_modules/react-dom/cjs/react-dom.development.js:21587:16)
          at HTMLUnknownElement.callCallback (/Users/pabloelisseo/repos/one-beyond/csm/react-form-builder/node_modules/react-dom/cjs/react-dom.development.js:4164:14)
          at HTMLUnknownElement.callTheUserObjectsOperation (/Users/pabloelisseo/repos/one-beyond/csm/react-form-builder/node_modules/jsdom/lib/jsdom/living/generated/EventListener.js:26:30)
          at innerInvokeEventListeners (/Users/pabloelisseo/repos/one-beyond/csm/react-form-builder/node_modules/jsdom/lib/jsdom/living/events/EventTarget-impl.js:338:25)
          at invokeEventListeners (/Users/pabloelisseo/repos/one-beyond/csm/react-form-builder/node_modules/jsdom/lib/jsdom/living/events/EventTarget-impl.js:274:3)
          at HTMLUnknownElementImpl._dispatch (/Users/pabloelisseo/repos/one-beyond/csm/react-form-builder/node_modules/jsdom/lib/jsdom/living/events/EventTarget-impl.js:221:9)
          at HTMLUnknownElementImpl.dispatchEvent (/Users/pabloelisseo/repos/one-beyond/csm/react-form-builder/node_modules/jsdom/lib/jsdom/living/events/EventTarget-impl.js:94:17)
          at HTMLUnknownElement.dispatchEvent (/Users/pabloelisseo/repos/one-beyond/csm/react-form-builder/node_modules/jsdom/lib/jsdom/living/generated/EventTarget.js:231:34)
          at Object.invokeGuardedCallbackDev (/Users/pabloelisseo/repos/one-beyond/csm/react-form-builder/node_modules/react-dom/cjs/react-dom.development.js:4213:16)
          at invokeGuardedCallback (/Users/pabloelisseo/repos/one-beyond/csm/react-form-builder/node_modules/react-dom/cjs/react-dom.development.js:4277:31)
          at beginWork$1 (/Users/pabloelisseo/repos/one-beyond/csm/react-form-builder/node_modules/react-dom/cjs/react-dom.development.js:27451:7)
          at performUnitOfWork (/Users/pabloelisseo/repos/one-beyond/csm/react-form-builder/node_modules/react-dom/cjs/react-dom.development.js:26560:12)
          at workLoopSync (/Users/pabloelisseo/repos/one-beyond/csm/react-form-builder/node_modules/react-dom/cjs/react-dom.development.js:26466:5)
          at renderRootSync (/Users/pabloelisseo/repos/one-beyond/csm/react-form-builder/node_modules/react-dom/cjs/react-dom.development.js:26434:7)
          at recoverFromConcurrentError (/Users/pabloelisseo/repos/one-beyond/csm/react-form-builder/node_modules/react-dom/cjs/react-dom.development.js:25850:20)
          at performConcurrentWorkOnRoot (/Users/pabloelisseo/repos/one-beyond/csm/react-form-builder/node_modules/react-dom/cjs/react-dom.development.js:25750:22)
          at flushActQueue (/Users/pabloelisseo/repos/one-beyond/csm/react-form-builder/node_modules/react/cjs/react.development.js:2667:24)
          at act (/Users/pabloelisseo/repos/one-beyond/csm/react-form-builder/node_modules/react/cjs/react.development.js:2582:11)
          at /Users/pabloelisseo/repos/one-beyond/csm/react-form-builder/node_modules/@testing-library/react/dist/act-compat.js:46:25
          at renderRoot (/Users/pabloelisseo/repos/one-beyond/csm/react-form-builder/node_modules/@testing-library/react/dist/pure.js:161:26)
          at render (/Users/pabloelisseo/repos/one-beyond/csm/react-form-builder/node_modules/@testing-library/react/dist/pure.js:247:10)
          at Object.<anonymous> (/Users/pabloelisseo/repos/one-beyond/csm/react-form-builder/src/Questions/Country/__tests__/country.test.js:382:31)
          at Promise.then.completed (/Users/pabloelisseo/repos/one-beyond/csm/react-form-builder/node_modules/jest-circus/build/utils.js:391:28)
          at new Promise (<anonymous>)
          at callAsyncCircusFn (/Users/pabloelisseo/repos/one-beyond/csm/react-form-builder/node_modules/jest-circus/build/utils.js:316:10)
          at _callCircusTest (/Users/pabloelisseo/repos/one-beyond/csm/react-form-builder/node_modules/jest-circus/build/run.js:218:40)
          at processTicksAndRejections (node:internal/process/task_queues:95:5)
          at _runTest (/Users/pabloelisseo/repos/one-beyond/csm/react-form-builder/node_modules/jest-circus/build/run.js:155:3)
          at _runTestsForDescribeBlock (/Users/pabloelisseo/repos/one-beyond/csm/react-form-builder/node_modules/jest-circus/build/run.js:66:9)
          at run (/Users/pabloelisseo/repos/one-beyond/csm/react-form-builder/node_modules/jest-circus/build/run.js:25:3)
          at runAndTransformResultsToJestFormat (/Users/pabloelisseo/repos/one-beyond/csm/react-form-builder/node_modules/jest-circus/build/legacy-code-todo-rewrite/jestAdapterInit.js:170:21)
          at jestAdapter (/Users/pabloelisseo/repos/one-beyond/csm/react-form-builder/node_modules/jest-circus/build/legacy-code-todo-rewrite/jestAdapter.js:82:19)
          at runTestInternal (/Users/pabloelisseo/repos/one-beyond/csm/react-form-builder/node_modules/jest-runner/build/runTest.js:389:16)
          at runTest (/Users/pabloelisseo/repos/one-beyond/csm/react-form-builder/node_modules/jest-runner/build/runTest.js:475:34)
          at Object.worker (/Users/pabloelisseo/repos/one-beyond/csm/react-form-builder/node_modules/jest-runner/build/testWorker.js:133:12)

      at VirtualConsole.<anonymous> (node_modules/jsdom/lib/jsdom/virtual-console.js:29:45)
      at reportException (node_modules/jsdom/lib/jsdom/living/helpers/runtime-script-errors.js:70:28)
      at innerInvokeEventListeners (node_modules/jsdom/lib/jsdom/living/events/EventTarget-impl.js:341:9)
      at invokeEventListeners (node_modules/jsdom/lib/jsdom/living/events/EventTarget-impl.js:274:3)
      at HTMLUnknownElementImpl._dispatch (node_modules/jsdom/lib/jsdom/living/events/EventTarget-impl.js:221:9)
      at HTMLUnknownElementImpl.dispatchEvent (node_modules/jsdom/lib/jsdom/living/events/EventTarget-impl.js:94:17)
      at HTMLUnknownElement.dispatchEvent (node_modules/jsdom/lib/jsdom/living/generated/EventTarget.js:231:34)

    console.error
      The above error occurred in one of your React components:
      
          at Object.<anonymous>.exports.Controller (/Users/pabloelisseo/repos/one-beyond/csm/react-form-builder/node_modules/react-hook-form/src/form.tsx:37:9)
          at Select (/Users/pabloelisseo/repos/one-beyond/csm/react-form-builder/src/Fields/Select/index.js:10:3)
          at div
          at /Users/pabloelisseo/repos/one-beyond/csm/react-form-builder/node_modules/@emotion/react/dist/emotion-element-48d2c2e4.cjs.dev.js:62:23
          at QuestionCountry (/Users/pabloelisseo/repos/one-beyond/csm/react-form-builder/src/Questions/Country/index.js:38:3)
      
      Consider adding an error boundary to your tree to customize error handling behavior.
      Visit https://reactjs.org/link/error-boundaries to learn more about error boundaries.

      at logCapturedError (node_modules/react-dom/cjs/react-dom.development.js:18687:23)
      at update.callback (node_modules/react-dom/cjs/react-dom.development.js:18720:5)
      at callCallback (node_modules/react-dom/cjs/react-dom.development.js:13923:12)
      at commitUpdateQueue (node_modules/react-dom/cjs/react-dom.development.js:13944:9)
      at commitLayoutEffectOnFiber (node_modules/react-dom/cjs/react-dom.development.js:23391:13)
      at commitLayoutMountEffects_complete (node_modules/react-dom/cjs/react-dom.development.js:24688:9)
      at commitLayoutEffects_begin (node_modules/react-dom/cjs/react-dom.development.js:24674:7)
      at commitLayoutEffects (node_modules/react-dom/cjs/react-dom.development.js:24612:3)

  ● check the placeholder text

    TypeError: Cannot read properties of undefined (reading 'array')

      34 |
      35 | const setup = (customListCountries) => {
    > 36 |   const renderComponent = render(
         |                                 ^
      37 |     <QuestionCountry
      38 |       question={question}
      39 |       countryAndRegionsData={customListCountries}

      at control (node_modules/react-hook-form/src/useController.ts:63:35)
      at Object.<anonymous>.exports.Controller (node_modules/react-hook-form/src/form.tsx:38:5)
      at renderWithHooks (node_modules/react-dom/cjs/react-dom.development.js:16305:18)
      at mountIndeterminateComponent (node_modules/react-dom/cjs/react-dom.development.js:20074:13)
      at beginWork (node_modules/react-dom/cjs/react-dom.development.js:21587:16)
      at beginWork$1 (node_modules/react-dom/cjs/react-dom.development.js:27426:14)
      at performUnitOfWork (node_modules/react-dom/cjs/react-dom.development.js:26560:12)
      at workLoopSync (node_modules/react-dom/cjs/react-dom.development.js:26466:5)
      at renderRootSync (node_modules/react-dom/cjs/react-dom.development.js:26434:7)
      at recoverFromConcurrentError (node_modules/react-dom/cjs/react-dom.development.js:25850:20)
      at performConcurrentWorkOnRoot (node_modules/react-dom/cjs/react-dom.development.js:25750:22)
      at flushActQueue (node_modules/react/cjs/react.development.js:2667:24)
      at act (node_modules/react/cjs/react.development.js:2582:11)
      at node_modules/@testing-library/react/dist/act-compat.js:46:25
      at renderRoot (node_modules/@testing-library/react/dist/pure.js:161:26)
      at render (node_modules/@testing-library/react/dist/pure.js:247:10)
      at setup (src/Questions/Country/__tests__/country.test.js:36:33)
      at Object.<anonymous> (src/Questions/Country/__tests__/country.test.js:60:32)

  ● Country label

    TypeError: Cannot read properties of undefined (reading 'array')

      34 |
      35 | const setup = (customListCountries) => {
    > 36 |   const renderComponent = render(
         |                                 ^
      37 |     <QuestionCountry
      38 |       question={question}
      39 |       countryAndRegionsData={customListCountries}

      at control (node_modules/react-hook-form/src/useController.ts:63:35)
      at Object.<anonymous>.exports.Controller (node_modules/react-hook-form/src/form.tsx:38:5)
      at renderWithHooks (node_modules/react-dom/cjs/react-dom.development.js:16305:18)
      at mountIndeterminateComponent (node_modules/react-dom/cjs/react-dom.development.js:20074:13)
      at beginWork (node_modules/react-dom/cjs/react-dom.development.js:21587:16)
      at beginWork$1 (node_modules/react-dom/cjs/react-dom.development.js:27426:14)
      at performUnitOfWork (node_modules/react-dom/cjs/react-dom.development.js:26560:12)
      at workLoopSync (node_modules/react-dom/cjs/react-dom.development.js:26466:5)
      at renderRootSync (node_modules/react-dom/cjs/react-dom.development.js:26434:7)
      at recoverFromConcurrentError (node_modules/react-dom/cjs/react-dom.development.js:25850:20)
      at performConcurrentWorkOnRoot (node_modules/react-dom/cjs/react-dom.development.js:25750:22)
      at flushActQueue (node_modules/react/cjs/react.development.js:2667:24)
      at act (node_modules/react/cjs/react.development.js:2582:11)
      at node_modules/@testing-library/react/dist/act-compat.js:46:25
      at renderRoot (node_modules/@testing-library/react/dist/pure.js:161:26)
      at render (node_modules/@testing-library/react/dist/pure.js:247:10)
      at setup (src/Questions/Country/__tests__/country.test.js:36:33)
      at Object.<anonymous> (src/Questions/Country/__tests__/country.test.js:65:32)

  ● change value of select

    TypeError: Cannot read properties of undefined (reading 'array')

      78 |     }
      79 |   }
    > 80 |   const { getByText } = render(
         |                               ^
      81 |     <QuestionCountry
      82 |       question={question}
      83 |       useForm={{

      at control (node_modules/react-hook-form/src/useController.ts:63:35)
      at Object.<anonymous>.exports.Controller (node_modules/react-hook-form/src/form.tsx:38:5)
      at renderWithHooks (node_modules/react-dom/cjs/react-dom.development.js:16305:18)
      at mountIndeterminateComponent (node_modules/react-dom/cjs/react-dom.development.js:20074:13)
      at beginWork (node_modules/react-dom/cjs/react-dom.development.js:21587:16)
      at beginWork$1 (node_modules/react-dom/cjs/react-dom.development.js:27426:14)
      at performUnitOfWork (node_modules/react-dom/cjs/react-dom.development.js:26560:12)
      at workLoopSync (node_modules/react-dom/cjs/react-dom.development.js:26466:5)
      at renderRootSync (node_modules/react-dom/cjs/react-dom.development.js:26434:7)
      at recoverFromConcurrentError (node_modules/react-dom/cjs/react-dom.development.js:25850:20)
      at performConcurrentWorkOnRoot (node_modules/react-dom/cjs/react-dom.development.js:25750:22)
      at flushActQueue (node_modules/react/cjs/react.development.js:2667:24)
      at act (node_modules/react/cjs/react.development.js:2582:11)
      at node_modules/@testing-library/react/dist/act-compat.js:46:25
      at renderRoot (node_modules/@testing-library/react/dist/pure.js:161:26)
      at render (node_modules/@testing-library/react/dist/pure.js:247:10)
      at Object.<anonymous> (src/Questions/Country/__tests__/country.test.js:80:31)

  ● sort country list by default

    TypeError: Cannot read properties of undefined (reading 'array')

      109 |   }
      110 |
    > 111 |   const { getByText } = render(
          |                               ^
      112 |     <QuestionCountry
      113 |       question={question}
      114 |       useForm={{

      at control (node_modules/react-hook-form/src/useController.ts:63:35)
      at Object.<anonymous>.exports.Controller (node_modules/react-hook-form/src/form.tsx:38:5)
      at renderWithHooks (node_modules/react-dom/cjs/react-dom.development.js:16305:18)
      at mountIndeterminateComponent (node_modules/react-dom/cjs/react-dom.development.js:20074:13)
      at beginWork (node_modules/react-dom/cjs/react-dom.development.js:21587:16)
      at beginWork$1 (node_modules/react-dom/cjs/react-dom.development.js:27426:14)
      at performUnitOfWork (node_modules/react-dom/cjs/react-dom.development.js:26560:12)
      at workLoopSync (node_modules/react-dom/cjs/react-dom.development.js:26466:5)
      at renderRootSync (node_modules/react-dom/cjs/react-dom.development.js:26434:7)
      at recoverFromConcurrentError (node_modules/react-dom/cjs/react-dom.development.js:25850:20)
      at performConcurrentWorkOnRoot (node_modules/react-dom/cjs/react-dom.development.js:25750:22)
      at flushActQueue (node_modules/react/cjs/react.development.js:2667:24)
      at act (node_modules/react/cjs/react.development.js:2582:11)
      at node_modules/@testing-library/react/dist/act-compat.js:46:25
      at renderRoot (node_modules/@testing-library/react/dist/pure.js:161:26)
      at render (node_modules/@testing-library/react/dist/pure.js:247:10)
      at Object.<anonymous> (src/Questions/Country/__tests__/country.test.js:111:31)

  ● handle country priority order

    TypeError: Cannot read properties of undefined (reading 'array')

      142 |   }
      143 |
    > 144 |   const { getByText } = render(
          |                               ^
      145 |     <QuestionCountry
      146 |       question={question}
      147 |       useForm={{

      at control (node_modules/react-hook-form/src/useController.ts:63:35)
      at Object.<anonymous>.exports.Controller (node_modules/react-hook-form/src/form.tsx:38:5)
      at renderWithHooks (node_modules/react-dom/cjs/react-dom.development.js:16305:18)
      at mountIndeterminateComponent (node_modules/react-dom/cjs/react-dom.development.js:20074:13)
      at beginWork (node_modules/react-dom/cjs/react-dom.development.js:21587:16)
      at beginWork$1 (node_modules/react-dom/cjs/react-dom.development.js:27426:14)
      at performUnitOfWork (node_modules/react-dom/cjs/react-dom.development.js:26560:12)
      at workLoopSync (node_modules/react-dom/cjs/react-dom.development.js:26466:5)
      at renderRootSync (node_modules/react-dom/cjs/react-dom.development.js:26434:7)
      at recoverFromConcurrentError (node_modules/react-dom/cjs/react-dom.development.js:25850:20)
      at performConcurrentWorkOnRoot (node_modules/react-dom/cjs/react-dom.development.js:25750:22)
      at flushActQueue (node_modules/react/cjs/react.development.js:2667:24)
      at act (node_modules/react/cjs/react.development.js:2582:11)
      at node_modules/@testing-library/react/dist/act-compat.js:46:25
      at renderRoot (node_modules/@testing-library/react/dist/pure.js:161:26)
      at render (node_modules/@testing-library/react/dist/pure.js:247:10)
      at Object.<anonymous> (src/Questions/Country/__tests__/country.test.js:144:31)

  ● check all the countries are rendered

    TypeError: Cannot read properties of undefined (reading 'array')

      34 |
      35 | const setup = (customListCountries) => {
    > 36 |   const renderComponent = render(
         |                                 ^
      37 |     <QuestionCountry
      38 |       question={question}
      39 |       countryAndRegionsData={customListCountries}

      at control (node_modules/react-hook-form/src/useController.ts:63:35)
      at Object.<anonymous>.exports.Controller (node_modules/react-hook-form/src/form.tsx:38:5)
      at renderWithHooks (node_modules/react-dom/cjs/react-dom.development.js:16305:18)
      at mountIndeterminateComponent (node_modules/react-dom/cjs/react-dom.development.js:20074:13)
      at beginWork (node_modules/react-dom/cjs/react-dom.development.js:21587:16)
      at beginWork$1 (node_modules/react-dom/cjs/react-dom.development.js:27426:14)
      at performUnitOfWork (node_modules/react-dom/cjs/react-dom.development.js:26560:12)
      at workLoopSync (node_modules/react-dom/cjs/react-dom.development.js:26466:5)
      at renderRootSync (node_modules/react-dom/cjs/react-dom.development.js:26434:7)
      at recoverFromConcurrentError (node_modules/react-dom/cjs/react-dom.development.js:25850:20)
      at performConcurrentWorkOnRoot (node_modules/react-dom/cjs/react-dom.development.js:25750:22)
      at flushActQueue (node_modules/react/cjs/react.development.js:2667:24)
      at act (node_modules/react/cjs/react.development.js:2582:11)
      at node_modules/@testing-library/react/dist/act-compat.js:46:25
      at renderRoot (node_modules/@testing-library/react/dist/pure.js:161:26)
      at render (node_modules/@testing-library/react/dist/pure.js:247:10)
      at setup (src/Questions/Country/__tests__/country.test.js:36:33)
      at Object.<anonymous> (src/Questions/Country/__tests__/country.test.js:166:36)

  ● label tag is not displayed when label value is null

    TypeError: Cannot read properties of undefined (reading 'array')

      175 |   const questionNoLabel = { ...question }
      176 |   delete questionNoLabel.label
    > 177 |   render(
          |         ^
      178 |     <QuestionCountry
      179 |       question={questionNoLabel}
      180 |       useForm={{

      at control (node_modules/react-hook-form/src/useController.ts:63:35)
      at Object.<anonymous>.exports.Controller (node_modules/react-hook-form/src/form.tsx:38:5)
      at renderWithHooks (node_modules/react-dom/cjs/react-dom.development.js:16305:18)
      at mountIndeterminateComponent (node_modules/react-dom/cjs/react-dom.development.js:20074:13)
      at beginWork (node_modules/react-dom/cjs/react-dom.development.js:21587:16)
      at beginWork$1 (node_modules/react-dom/cjs/react-dom.development.js:27426:14)
      at performUnitOfWork (node_modules/react-dom/cjs/react-dom.development.js:26560:12)
      at workLoopSync (node_modules/react-dom/cjs/react-dom.development.js:26466:5)
      at renderRootSync (node_modules/react-dom/cjs/react-dom.development.js:26434:7)
      at recoverFromConcurrentError (node_modules/react-dom/cjs/react-dom.development.js:25850:20)
      at performConcurrentWorkOnRoot (node_modules/react-dom/cjs/react-dom.development.js:25750:22)
      at flushActQueue (node_modules/react/cjs/react.development.js:2667:24)
      at act (node_modules/react/cjs/react.development.js:2582:11)
      at node_modules/@testing-library/react/dist/act-compat.js:46:25
      at renderRoot (node_modules/@testing-library/react/dist/pure.js:161:26)
      at render (node_modules/@testing-library/react/dist/pure.js:247:10)
      at Object.<anonymous> (src/Questions/Country/__tests__/country.test.js:177:9)

  ● renders a country list in spanish

    TypeError: Cannot read properties of undefined (reading 'array')

      208 |   }
      209 |
    > 210 |   const { getByText } = render(
          |                               ^
      211 |     <QuestionCountry
      212 |       language={data.language}
      213 |       question={question}

      at control (node_modules/react-hook-form/src/useController.ts:63:35)
      at Object.<anonymous>.exports.Controller (node_modules/react-hook-form/src/form.tsx:38:5)
      at renderWithHooks (node_modules/react-dom/cjs/react-dom.development.js:16305:18)
      at mountIndeterminateComponent (node_modules/react-dom/cjs/react-dom.development.js:20074:13)
      at beginWork (node_modules/react-dom/cjs/react-dom.development.js:21587:16)
      at beginWork$1 (node_modules/react-dom/cjs/react-dom.development.js:27426:14)
      at performUnitOfWork (node_modules/react-dom/cjs/react-dom.development.js:26560:12)
      at workLoopSync (node_modules/react-dom/cjs/react-dom.development.js:26466:5)
      at renderRootSync (node_modules/react-dom/cjs/react-dom.development.js:26434:7)
      at recoverFromConcurrentError (node_modules/react-dom/cjs/react-dom.development.js:25850:20)
      at performConcurrentWorkOnRoot (node_modules/react-dom/cjs/react-dom.development.js:25750:22)
      at flushActQueue (node_modules/react/cjs/react.development.js:2667:24)
      at act (node_modules/react/cjs/react.development.js:2582:11)
      at node_modules/@testing-library/react/dist/act-compat.js:46:25
      at renderRoot (node_modules/@testing-library/react/dist/pure.js:161:26)
      at render (node_modules/@testing-library/react/dist/pure.js:247:10)
      at Object.<anonymous> (src/Questions/Country/__tests__/country.test.js:210:31)

  ● renders a country list in french

    TypeError: Cannot read properties of undefined (reading 'array')

      247 |   }
      248 |
    > 249 |   const { getByText } = render(
          |                               ^
      250 |     <QuestionCountry
      251 |       language={data.language}
      252 |       question={question}

      at control (node_modules/react-hook-form/src/useController.ts:63:35)
      at Object.<anonymous>.exports.Controller (node_modules/react-hook-form/src/form.tsx:38:5)
      at renderWithHooks (node_modules/react-dom/cjs/react-dom.development.js:16305:18)
      at mountIndeterminateComponent (node_modules/react-dom/cjs/react-dom.development.js:20074:13)
      at beginWork (node_modules/react-dom/cjs/react-dom.development.js:21587:16)
      at beginWork$1 (node_modules/react-dom/cjs/react-dom.development.js:27426:14)
      at performUnitOfWork (node_modules/react-dom/cjs/react-dom.development.js:26560:12)
      at workLoopSync (node_modules/react-dom/cjs/react-dom.development.js:26466:5)
      at renderRootSync (node_modules/react-dom/cjs/react-dom.development.js:26434:7)
      at recoverFromConcurrentError (node_modules/react-dom/cjs/react-dom.development.js:25850:20)
      at performConcurrentWorkOnRoot (node_modules/react-dom/cjs/react-dom.development.js:25750:22)
      at flushActQueue (node_modules/react/cjs/react.development.js:2667:24)
      at act (node_modules/react/cjs/react.development.js:2582:11)
      at node_modules/@testing-library/react/dist/act-compat.js:46:25
      at renderRoot (node_modules/@testing-library/react/dist/pure.js:161:26)
      at render (node_modules/@testing-library/react/dist/pure.js:247:10)
      at Object.<anonymous> (src/Questions/Country/__tests__/country.test.js:249:31)

  ● renders a country list in deusche

    TypeError: Cannot read properties of undefined (reading 'array')

      285 |   }
      286 |
    > 287 |   const { getByText } = render(
          |                               ^
      288 |     <QuestionCountry
      289 |       language={data.language}
      290 |       question={question}

      at control (node_modules/react-hook-form/src/useController.ts:63:35)
      at Object.<anonymous>.exports.Controller (node_modules/react-hook-form/src/form.tsx:38:5)
      at renderWithHooks (node_modules/react-dom/cjs/react-dom.development.js:16305:18)
      at mountIndeterminateComponent (node_modules/react-dom/cjs/react-dom.development.js:20074:13)
      at beginWork (node_modules/react-dom/cjs/react-dom.development.js:21587:16)
      at beginWork$1 (node_modules/react-dom/cjs/react-dom.development.js:27426:14)
      at performUnitOfWork (node_modules/react-dom/cjs/react-dom.development.js:26560:12)
      at workLoopSync (node_modules/react-dom/cjs/react-dom.development.js:26466:5)
      at renderRootSync (node_modules/react-dom/cjs/react-dom.development.js:26434:7)
      at recoverFromConcurrentError (node_modules/react-dom/cjs/react-dom.development.js:25850:20)
      at performConcurrentWorkOnRoot (node_modules/react-dom/cjs/react-dom.development.js:25750:22)
      at flushActQueue (node_modules/react/cjs/react.development.js:2667:24)
      at act (node_modules/react/cjs/react.development.js:2582:11)
      at node_modules/@testing-library/react/dist/act-compat.js:46:25
      at renderRoot (node_modules/@testing-library/react/dist/pure.js:161:26)
      at render (node_modules/@testing-library/react/dist/pure.js:247:10)
      at Object.<anonymous> (src/Questions/Country/__tests__/country.test.js:287:31)

  ● renders a fallback country list when the language is not supported

    TypeError: Cannot read properties of undefined (reading 'array')

      323 |   }
      324 |
    > 325 |   const { getByText } = render(
          |                               ^
      326 |     <QuestionCountry
      327 |       language={data.language}
      328 |       question={question}

      at control (node_modules/react-hook-form/src/useController.ts:63:35)
      at Object.<anonymous>.exports.Controller (node_modules/react-hook-form/src/form.tsx:38:5)
      at renderWithHooks (node_modules/react-dom/cjs/react-dom.development.js:16305:18)
      at mountIndeterminateComponent (node_modules/react-dom/cjs/react-dom.development.js:20074:13)
      at beginWork (node_modules/react-dom/cjs/react-dom.development.js:21587:16)
      at beginWork$1 (node_modules/react-dom/cjs/react-dom.development.js:27426:14)
      at performUnitOfWork (node_modules/react-dom/cjs/react-dom.development.js:26560:12)
      at workLoopSync (node_modules/react-dom/cjs/react-dom.development.js:26466:5)
      at renderRootSync (node_modules/react-dom/cjs/react-dom.development.js:26434:7)
      at recoverFromConcurrentError (node_modules/react-dom/cjs/react-dom.development.js:25850:20)
      at performConcurrentWorkOnRoot (node_modules/react-dom/cjs/react-dom.development.js:25750:22)
      at flushActQueue (node_modules/react/cjs/react.development.js:2667:24)
      at act (node_modules/react/cjs/react.development.js:2582:11)
      at node_modules/@testing-library/react/dist/act-compat.js:46:25
      at renderRoot (node_modules/@testing-library/react/dist/pure.js:161:26)
      at render (node_modules/@testing-library/react/dist/pure.js:247:10)
      at Object.<anonymous> (src/Questions/Country/__tests__/country.test.js:325:31)

  ● show an error message

    TypeError: Cannot read properties of undefined (reading 'array')

      346 |
      347 | test('show an error message', () => {
    > 348 |   const { getByText } = render(
          |                               ^
      349 |     <QuestionCountry
      350 |       question={question}
      351 |       useForm={{

      at control (node_modules/react-hook-form/src/useController.ts:63:35)
      at Object.<anonymous>.exports.Controller (node_modules/react-hook-form/src/form.tsx:38:5)
      at renderWithHooks (node_modules/react-dom/cjs/react-dom.development.js:16305:18)
      at mountIndeterminateComponent (node_modules/react-dom/cjs/react-dom.development.js:20074:13)
      at beginWork (node_modules/react-dom/cjs/react-dom.development.js:21587:16)
      at beginWork$1 (node_modules/react-dom/cjs/react-dom.development.js:27426:14)
      at performUnitOfWork (node_modules/react-dom/cjs/react-dom.development.js:26560:12)
      at workLoopSync (node_modules/react-dom/cjs/react-dom.development.js:26466:5)
      at renderRootSync (node_modules/react-dom/cjs/react-dom.development.js:26434:7)
      at recoverFromConcurrentError (node_modules/react-dom/cjs/react-dom.development.js:25850:20)
      at performConcurrentWorkOnRoot (node_modules/react-dom/cjs/react-dom.development.js:25750:22)
      at flushActQueue (node_modules/react/cjs/react.development.js:2667:24)
      at act (node_modules/react/cjs/react.development.js:2582:11)
      at node_modules/@testing-library/react/dist/act-compat.js:46:25
      at renderRoot (node_modules/@testing-library/react/dist/pure.js:161:26)
      at render (node_modules/@testing-library/react/dist/pure.js:247:10)
      at Object.<anonymous> (src/Questions/Country/__tests__/country.test.js:348:31)

  ● Option values are country names (instead of country codes) if "returnCountryCode" is true

    TypeError: Cannot read properties of undefined (reading 'array')

      380 |     returnCountryCode: true
      381 |   }
    > 382 |   const { getByText } = render(
          |                               ^
      383 |     <QuestionCountry
      384 |       question={question}
      385 |       useForm={{

      at control (node_modules/react-hook-form/src/useController.ts:63:35)
      at Object.<anonymous>.exports.Controller (node_modules/react-hook-form/src/form.tsx:38:5)
      at renderWithHooks (node_modules/react-dom/cjs/react-dom.development.js:16305:18)
      at mountIndeterminateComponent (node_modules/react-dom/cjs/react-dom.development.js:20074:13)
      at beginWork (node_modules/react-dom/cjs/react-dom.development.js:21587:16)
      at beginWork$1 (node_modules/react-dom/cjs/react-dom.development.js:27426:14)
      at performUnitOfWork (node_modules/react-dom/cjs/react-dom.development.js:26560:12)
      at workLoopSync (node_modules/react-dom/cjs/react-dom.development.js:26466:5)
      at renderRootSync (node_modules/react-dom/cjs/react-dom.development.js:26434:7)
      at recoverFromConcurrentError (node_modules/react-dom/cjs/react-dom.development.js:25850:20)
      at performConcurrentWorkOnRoot (node_modules/react-dom/cjs/react-dom.development.js:25750:22)
      at flushActQueue (node_modules/react/cjs/react.development.js:2667:24)
      at act (node_modules/react/cjs/react.development.js:2582:11)
      at node_modules/@testing-library/react/dist/act-compat.js:46:25
      at renderRoot (node_modules/@testing-library/react/dist/pure.js:161:26)
      at render (node_modules/@testing-library/react/dist/pure.js:247:10)
      at Object.<anonymous> (src/Questions/Country/__tests__/country.test.js:382:31)

FAIL src/Questions/Date/__tests__/date.test.js
  ● Console

    console.error
      Error: Uncaught [TypeError: Cannot read properties of undefined (reading 'array')]
          at reportException (/Users/pabloelisseo/repos/one-beyond/csm/react-form-builder/node_modules/jsdom/lib/jsdom/living/helpers/runtime-script-errors.js:66:24)
          at innerInvokeEventListeners (/Users/pabloelisseo/repos/one-beyond/csm/react-form-builder/node_modules/jsdom/lib/jsdom/living/events/EventTarget-impl.js:341:9)
          at invokeEventListeners (/Users/pabloelisseo/repos/one-beyond/csm/react-form-builder/node_modules/jsdom/lib/jsdom/living/events/EventTarget-impl.js:274:3)
          at HTMLUnknownElementImpl._dispatch (/Users/pabloelisseo/repos/one-beyond/csm/react-form-builder/node_modules/jsdom/lib/jsdom/living/events/EventTarget-impl.js:221:9)
          at HTMLUnknownElementImpl.dispatchEvent (/Users/pabloelisseo/repos/one-beyond/csm/react-form-builder/node_modules/jsdom/lib/jsdom/living/events/EventTarget-impl.js:94:17)
          at HTMLUnknownElement.dispatchEvent (/Users/pabloelisseo/repos/one-beyond/csm/react-form-builder/node_modules/jsdom/lib/jsdom/living/generated/EventTarget.js:231:34)
          at Object.invokeGuardedCallbackDev (/Users/pabloelisseo/repos/one-beyond/csm/react-form-builder/node_modules/react-dom/cjs/react-dom.development.js:4213:16)
          at invokeGuardedCallback (/Users/pabloelisseo/repos/one-beyond/csm/react-form-builder/node_modules/react-dom/cjs/react-dom.development.js:4277:31)
          at beginWork$1 (/Users/pabloelisseo/repos/one-beyond/csm/react-form-builder/node_modules/react-dom/cjs/react-dom.development.js:27451:7)
          at performUnitOfWork (/Users/pabloelisseo/repos/one-beyond/csm/react-form-builder/node_modules/react-dom/cjs/react-dom.development.js:26560:12) TypeError: Cannot read properties of undefined (reading 'array')
          at control (/Users/pabloelisseo/repos/one-beyond/csm/react-form-builder/node_modules/react-hook-form/src/useController.ts:63:35)
          at Object.<anonymous>.exports.Controller (/Users/pabloelisseo/repos/one-beyond/csm/react-form-builder/node_modules/react-hook-form/src/form.tsx:38:5)
          at renderWithHooks (/Users/pabloelisseo/repos/one-beyond/csm/react-form-builder/node_modules/react-dom/cjs/react-dom.development.js:16305:18)
          at mountIndeterminateComponent (/Users/pabloelisseo/repos/one-beyond/csm/react-form-builder/node_modules/react-dom/cjs/react-dom.development.js:20074:13)
          at beginWork (/Users/pabloelisseo/repos/one-beyond/csm/react-form-builder/node_modules/react-dom/cjs/react-dom.development.js:21587:16)
          at HTMLUnknownElement.callCallback (/Users/pabloelisseo/repos/one-beyond/csm/react-form-builder/node_modules/react-dom/cjs/react-dom.development.js:4164:14)
          at HTMLUnknownElement.callTheUserObjectsOperation (/Users/pabloelisseo/repos/one-beyond/csm/react-form-builder/node_modules/jsdom/lib/jsdom/living/generated/EventListener.js:26:30)
          at innerInvokeEventListeners (/Users/pabloelisseo/repos/one-beyond/csm/react-form-builder/node_modules/jsdom/lib/jsdom/living/events/EventTarget-impl.js:338:25)
          at invokeEventListeners (/Users/pabloelisseo/repos/one-beyond/csm/react-form-builder/node_modules/jsdom/lib/jsdom/living/events/EventTarget-impl.js:274:3)
          at HTMLUnknownElementImpl._dispatch (/Users/pabloelisseo/repos/one-beyond/csm/react-form-builder/node_modules/jsdom/lib/jsdom/living/events/EventTarget-impl.js:221:9)
          at HTMLUnknownElementImpl.dispatchEvent (/Users/pabloelisseo/repos/one-beyond/csm/react-form-builder/node_modules/jsdom/lib/jsdom/living/events/EventTarget-impl.js:94:17)
          at HTMLUnknownElement.dispatchEvent (/Users/pabloelisseo/repos/one-beyond/csm/react-form-builder/node_modules/jsdom/lib/jsdom/living/generated/EventTarget.js:231:34)
          at Object.invokeGuardedCallbackDev (/Users/pabloelisseo/repos/one-beyond/csm/react-form-builder/node_modules/react-dom/cjs/react-dom.development.js:4213:16)
          at invokeGuardedCallback (/Users/pabloelisseo/repos/one-beyond/csm/react-form-builder/node_modules/react-dom/cjs/react-dom.development.js:4277:31)
          at beginWork$1 (/Users/pabloelisseo/repos/one-beyond/csm/react-form-builder/node_modules/react-dom/cjs/react-dom.development.js:27451:7)
          at performUnitOfWork (/Users/pabloelisseo/repos/one-beyond/csm/react-form-builder/node_modules/react-dom/cjs/react-dom.development.js:26560:12)
          at workLoopSync (/Users/pabloelisseo/repos/one-beyond/csm/react-form-builder/node_modules/react-dom/cjs/react-dom.development.js:26466:5)
          at renderRootSync (/Users/pabloelisseo/repos/one-beyond/csm/react-form-builder/node_modules/react-dom/cjs/react-dom.development.js:26434:7)
          at performConcurrentWorkOnRoot (/Users/pabloelisseo/repos/one-beyond/csm/react-form-builder/node_modules/react-dom/cjs/react-dom.development.js:25738:74)
          at flushActQueue (/Users/pabloelisseo/repos/one-beyond/csm/react-form-builder/node_modules/react/cjs/react.development.js:2667:24)
          at act (/Users/pabloelisseo/repos/one-beyond/csm/react-form-builder/node_modules/react/cjs/react.development.js:2582:11)
          at /Users/pabloelisseo/repos/one-beyond/csm/react-form-builder/node_modules/@testing-library/react/dist/act-compat.js:46:25
          at renderRoot (/Users/pabloelisseo/repos/one-beyond/csm/react-form-builder/node_modules/@testing-library/react/dist/pure.js:161:26)
          at render (/Users/pabloelisseo/repos/one-beyond/csm/react-form-builder/node_modules/@testing-library/react/dist/pure.js:247:10)
          at Object.<anonymous> (/Users/pabloelisseo/repos/one-beyond/csm/react-form-builder/src/Questions/Date/__tests__/date.test.js:46:31)
          at Promise.then.completed (/Users/pabloelisseo/repos/one-beyond/csm/react-form-builder/node_modules/jest-circus/build/utils.js:391:28)
          at new Promise (<anonymous>)
          at callAsyncCircusFn (/Users/pabloelisseo/repos/one-beyond/csm/react-form-builder/node_modules/jest-circus/build/utils.js:316:10)
          at _callCircusTest (/Users/pabloelisseo/repos/one-beyond/csm/react-form-builder/node_modules/jest-circus/build/run.js:218:40)
          at processTicksAndRejections (node:internal/process/task_queues:95:5)
          at _runTest (/Users/pabloelisseo/repos/one-beyond/csm/react-form-builder/node_modules/jest-circus/build/run.js:155:3)
          at _runTestsForDescribeBlock (/Users/pabloelisseo/repos/one-beyond/csm/react-form-builder/node_modules/jest-circus/build/run.js:66:9)
          at run (/Users/pabloelisseo/repos/one-beyond/csm/react-form-builder/node_modules/jest-circus/build/run.js:25:3)
          at runAndTransformResultsToJestFormat (/Users/pabloelisseo/repos/one-beyond/csm/react-form-builder/node_modules/jest-circus/build/legacy-code-todo-rewrite/jestAdapterInit.js:170:21)
          at jestAdapter (/Users/pabloelisseo/repos/one-beyond/csm/react-form-builder/node_modules/jest-circus/build/legacy-code-todo-rewrite/jestAdapter.js:82:19)
          at runTestInternal (/Users/pabloelisseo/repos/one-beyond/csm/react-form-builder/node_modules/jest-runner/build/runTest.js:389:16)
          at runTest (/Users/pabloelisseo/repos/one-beyond/csm/react-form-builder/node_modules/jest-runner/build/runTest.js:475:34)
          at Object.worker (/Users/pabloelisseo/repos/one-beyond/csm/react-form-builder/node_modules/jest-runner/build/testWorker.js:133:12)

      at VirtualConsole.<anonymous> (node_modules/jsdom/lib/jsdom/virtual-console.js:29:45)
      at reportException (node_modules/jsdom/lib/jsdom/living/helpers/runtime-script-errors.js:70:28)
      at innerInvokeEventListeners (node_modules/jsdom/lib/jsdom/living/events/EventTarget-impl.js:341:9)
      at invokeEventListeners (node_modules/jsdom/lib/jsdom/living/events/EventTarget-impl.js:274:3)
      at HTMLUnknownElementImpl._dispatch (node_modules/jsdom/lib/jsdom/living/events/EventTarget-impl.js:221:9)
      at HTMLUnknownElementImpl.dispatchEvent (node_modules/jsdom/lib/jsdom/living/events/EventTarget-impl.js:94:17)
      at HTMLUnknownElement.dispatchEvent (node_modules/jsdom/lib/jsdom/living/generated/EventTarget.js:231:34)

    console.error
      Error: Uncaught [TypeError: Cannot read properties of undefined (reading 'array')]
          at reportException (/Users/pabloelisseo/repos/one-beyond/csm/react-form-builder/node_modules/jsdom/lib/jsdom/living/helpers/runtime-script-errors.js:66:24)
          at innerInvokeEventListeners (/Users/pabloelisseo/repos/one-beyond/csm/react-form-builder/node_modules/jsdom/lib/jsdom/living/events/EventTarget-impl.js:341:9)
          at invokeEventListeners (/Users/pabloelisseo/repos/one-beyond/csm/react-form-builder/node_modules/jsdom/lib/jsdom/living/events/EventTarget-impl.js:274:3)
          at HTMLUnknownElementImpl._dispatch (/Users/pabloelisseo/repos/one-beyond/csm/react-form-builder/node_modules/jsdom/lib/jsdom/living/events/EventTarget-impl.js:221:9)
          at HTMLUnknownElementImpl.dispatchEvent (/Users/pabloelisseo/repos/one-beyond/csm/react-form-builder/node_modules/jsdom/lib/jsdom/living/events/EventTarget-impl.js:94:17)
          at HTMLUnknownElement.dispatchEvent (/Users/pabloelisseo/repos/one-beyond/csm/react-form-builder/node_modules/jsdom/lib/jsdom/living/generated/EventTarget.js:231:34)
          at Object.invokeGuardedCallbackDev (/Users/pabloelisseo/repos/one-beyond/csm/react-form-builder/node_modules/react-dom/cjs/react-dom.development.js:4213:16)
          at invokeGuardedCallback (/Users/pabloelisseo/repos/one-beyond/csm/react-form-builder/node_modules/react-dom/cjs/react-dom.development.js:4277:31)
          at beginWork$1 (/Users/pabloelisseo/repos/one-beyond/csm/react-form-builder/node_modules/react-dom/cjs/react-dom.development.js:27451:7)
          at performUnitOfWork (/Users/pabloelisseo/repos/one-beyond/csm/react-form-builder/node_modules/react-dom/cjs/react-dom.development.js:26560:12) TypeError: Cannot read properties of undefined (reading 'array')
          at control (/Users/pabloelisseo/repos/one-beyond/csm/react-form-builder/node_modules/react-hook-form/src/useController.ts:63:35)
          at Object.<anonymous>.exports.Controller (/Users/pabloelisseo/repos/one-beyond/csm/react-form-builder/node_modules/react-hook-form/src/form.tsx:38:5)
          at renderWithHooks (/Users/pabloelisseo/repos/one-beyond/csm/react-form-builder/node_modules/react-dom/cjs/react-dom.development.js:16305:18)
          at mountIndeterminateComponent (/Users/pabloelisseo/repos/one-beyond/csm/react-form-builder/node_modules/react-dom/cjs/react-dom.development.js:20074:13)
          at beginWork (/Users/pabloelisseo/repos/one-beyond/csm/react-form-builder/node_modules/react-dom/cjs/react-dom.development.js:21587:16)
          at HTMLUnknownElement.callCallback (/Users/pabloelisseo/repos/one-beyond/csm/react-form-builder/node_modules/react-dom/cjs/react-dom.development.js:4164:14)
          at HTMLUnknownElement.callTheUserObjectsOperation (/Users/pabloelisseo/repos/one-beyond/csm/react-form-builder/node_modules/jsdom/lib/jsdom/living/generated/EventListener.js:26:30)
          at innerInvokeEventListeners (/Users/pabloelisseo/repos/one-beyond/csm/react-form-builder/node_modules/jsdom/lib/jsdom/living/events/EventTarget-impl.js:338:25)
          at invokeEventListeners (/Users/pabloelisseo/repos/one-beyond/csm/react-form-builder/node_modules/jsdom/lib/jsdom/living/events/EventTarget-impl.js:274:3)
          at HTMLUnknownElementImpl._dispatch (/Users/pabloelisseo/repos/one-beyond/csm/react-form-builder/node_modules/jsdom/lib/jsdom/living/events/EventTarget-impl.js:221:9)
          at HTMLUnknownElementImpl.dispatchEvent (/Users/pabloelisseo/repos/one-beyond/csm/react-form-builder/node_modules/jsdom/lib/jsdom/living/events/EventTarget-impl.js:94:17)
          at HTMLUnknownElement.dispatchEvent (/Users/pabloelisseo/repos/one-beyond/csm/react-form-builder/node_modules/jsdom/lib/jsdom/living/generated/EventTarget.js:231:34)
          at Object.invokeGuardedCallbackDev (/Users/pabloelisseo/repos/one-beyond/csm/react-form-builder/node_modules/react-dom/cjs/react-dom.development.js:4213:16)
          at invokeGuardedCallback (/Users/pabloelisseo/repos/one-beyond/csm/react-form-builder/node_modules/react-dom/cjs/react-dom.development.js:4277:31)
          at beginWork$1 (/Users/pabloelisseo/repos/one-beyond/csm/react-form-builder/node_modules/react-dom/cjs/react-dom.development.js:27451:7)
          at performUnitOfWork (/Users/pabloelisseo/repos/one-beyond/csm/react-form-builder/node_modules/react-dom/cjs/react-dom.development.js:26560:12)
          at workLoopSync (/Users/pabloelisseo/repos/one-beyond/csm/react-form-builder/node_modules/react-dom/cjs/react-dom.development.js:26466:5)
          at renderRootSync (/Users/pabloelisseo/repos/one-beyond/csm/react-form-builder/node_modules/react-dom/cjs/react-dom.development.js:26434:7)
          at recoverFromConcurrentError (/Users/pabloelisseo/repos/one-beyond/csm/react-form-builder/node_modules/react-dom/cjs/react-dom.development.js:25850:20)
          at performConcurrentWorkOnRoot (/Users/pabloelisseo/repos/one-beyond/csm/react-form-builder/node_modules/react-dom/cjs/react-dom.development.js:25750:22)
          at flushActQueue (/Users/pabloelisseo/repos/one-beyond/csm/react-form-builder/node_modules/react/cjs/react.development.js:2667:24)
          at act (/Users/pabloelisseo/repos/one-beyond/csm/react-form-builder/node_modules/react/cjs/react.development.js:2582:11)
          at /Users/pabloelisseo/repos/one-beyond/csm/react-form-builder/node_modules/@testing-library/react/dist/act-compat.js:46:25
          at renderRoot (/Users/pabloelisseo/repos/one-beyond/csm/react-form-builder/node_modules/@testing-library/react/dist/pure.js:161:26)
          at render (/Users/pabloelisseo/repos/one-beyond/csm/react-form-builder/node_modules/@testing-library/react/dist/pure.js:247:10)
          at Object.<anonymous> (/Users/pabloelisseo/repos/one-beyond/csm/react-form-builder/src/Questions/Date/__tests__/date.test.js:46:31)
          at Promise.then.completed (/Users/pabloelisseo/repos/one-beyond/csm/react-form-builder/node_modules/jest-circus/build/utils.js:391:28)
          at new Promise (<anonymous>)
          at callAsyncCircusFn (/Users/pabloelisseo/repos/one-beyond/csm/react-form-builder/node_modules/jest-circus/build/utils.js:316:10)
          at _callCircusTest (/Users/pabloelisseo/repos/one-beyond/csm/react-form-builder/node_modules/jest-circus/build/run.js:218:40)
          at processTicksAndRejections (node:internal/process/task_queues:95:5)
          at _runTest (/Users/pabloelisseo/repos/one-beyond/csm/react-form-builder/node_modules/jest-circus/build/run.js:155:3)
          at _runTestsForDescribeBlock (/Users/pabloelisseo/repos/one-beyond/csm/react-form-builder/node_modules/jest-circus/build/run.js:66:9)
          at run (/Users/pabloelisseo/repos/one-beyond/csm/react-form-builder/node_modules/jest-circus/build/run.js:25:3)
          at runAndTransformResultsToJestFormat (/Users/pabloelisseo/repos/one-beyond/csm/react-form-builder/node_modules/jest-circus/build/legacy-code-todo-rewrite/jestAdapterInit.js:170:21)
          at jestAdapter (/Users/pabloelisseo/repos/one-beyond/csm/react-form-builder/node_modules/jest-circus/build/legacy-code-todo-rewrite/jestAdapter.js:82:19)
          at runTestInternal (/Users/pabloelisseo/repos/one-beyond/csm/react-form-builder/node_modules/jest-runner/build/runTest.js:389:16)
          at runTest (/Users/pabloelisseo/repos/one-beyond/csm/react-form-builder/node_modules/jest-runner/build/runTest.js:475:34)
          at Object.worker (/Users/pabloelisseo/repos/one-beyond/csm/react-form-builder/node_modules/jest-runner/build/testWorker.js:133:12)

      at VirtualConsole.<anonymous> (node_modules/jsdom/lib/jsdom/virtual-console.js:29:45)
      at reportException (node_modules/jsdom/lib/jsdom/living/helpers/runtime-script-errors.js:70:28)
      at innerInvokeEventListeners (node_modules/jsdom/lib/jsdom/living/events/EventTarget-impl.js:341:9)
      at invokeEventListeners (node_modules/jsdom/lib/jsdom/living/events/EventTarget-impl.js:274:3)
      at HTMLUnknownElementImpl._dispatch (node_modules/jsdom/lib/jsdom/living/events/EventTarget-impl.js:221:9)
      at HTMLUnknownElementImpl.dispatchEvent (node_modules/jsdom/lib/jsdom/living/events/EventTarget-impl.js:94:17)
      at HTMLUnknownElement.dispatchEvent (node_modules/jsdom/lib/jsdom/living/generated/EventTarget.js:231:34)

    console.error
      The above error occurred in one of your React components:
      
          at Object.<anonymous>.exports.Controller (/Users/pabloelisseo/repos/one-beyond/csm/react-form-builder/node_modules/react-hook-form/src/form.tsx:37:9)
          at DatePicker (/Users/pabloelisseo/repos/one-beyond/csm/react-form-builder/src/Fields/Date/index.js:99:3)
          at /Users/pabloelisseo/repos/one-beyond/csm/react-form-builder/node_modules/@emotion/react/dist/emotion-element-48d2c2e4.cjs.dev.js:62:23
          at div
          at /Users/pabloelisseo/repos/one-beyond/csm/react-form-builder/node_modules/@emotion/react/dist/emotion-element-48d2c2e4.cjs.dev.js:62:23
          at QuestionDate (/Users/pabloelisseo/repos/one-beyond/csm/react-form-builder/src/Questions/Date/index.js:11:3)
      
      Consider adding an error boundary to your tree to customize error handling behavior.
      Visit https://reactjs.org/link/error-boundaries to learn more about error boundaries.

      at logCapturedError (node_modules/react-dom/cjs/react-dom.development.js:18687:23)
      at update.callback (node_modules/react-dom/cjs/react-dom.development.js:18720:5)
      at callCallback (node_modules/react-dom/cjs/react-dom.development.js:13923:12)
      at commitUpdateQueue (node_modules/react-dom/cjs/react-dom.development.js:13944:9)
      at commitLayoutEffectOnFiber (node_modules/react-dom/cjs/react-dom.development.js:23391:13)
      at commitLayoutMountEffects_complete (node_modules/react-dom/cjs/react-dom.development.js:24688:9)
      at commitLayoutEffects_begin (node_modules/react-dom/cjs/react-dom.development.js:24674:7)
      at commitLayoutEffects (node_modules/react-dom/cjs/react-dom.development.js:24612:3)

    console.error
      Error: Uncaught [TypeError: Cannot read properties of undefined (reading 'array')]
          at reportException (/Users/pabloelisseo/repos/one-beyond/csm/react-form-builder/node_modules/jsdom/lib/jsdom/living/helpers/runtime-script-errors.js:66:24)
          at innerInvokeEventListeners (/Users/pabloelisseo/repos/one-beyond/csm/react-form-builder/node_modules/jsdom/lib/jsdom/living/events/EventTarget-impl.js:341:9)
          at invokeEventListeners (/Users/pabloelisseo/repos/one-beyond/csm/react-form-builder/node_modules/jsdom/lib/jsdom/living/events/EventTarget-impl.js:274:3)
          at HTMLUnknownElementImpl._dispatch (/Users/pabloelisseo/repos/one-beyond/csm/react-form-builder/node_modules/jsdom/lib/jsdom/living/events/EventTarget-impl.js:221:9)
          at HTMLUnknownElementImpl.dispatchEvent (/Users/pabloelisseo/repos/one-beyond/csm/react-form-builder/node_modules/jsdom/lib/jsdom/living/events/EventTarget-impl.js:94:17)
          at HTMLUnknownElement.dispatchEvent (/Users/pabloelisseo/repos/one-beyond/csm/react-form-builder/node_modules/jsdom/lib/jsdom/living/generated/EventTarget.js:231:34)
          at Object.invokeGuardedCallbackDev (/Users/pabloelisseo/repos/one-beyond/csm/react-form-builder/node_modules/react-dom/cjs/react-dom.development.js:4213:16)
          at invokeGuardedCallback (/Users/pabloelisseo/repos/one-beyond/csm/react-form-builder/node_modules/react-dom/cjs/react-dom.development.js:4277:31)
          at beginWork$1 (/Users/pabloelisseo/repos/one-beyond/csm/react-form-builder/node_modules/react-dom/cjs/react-dom.development.js:27451:7)
          at performUnitOfWork (/Users/pabloelisseo/repos/one-beyond/csm/react-form-builder/node_modules/react-dom/cjs/react-dom.development.js:26560:12) TypeError: Cannot read properties of undefined (reading 'array')
          at control (/Users/pabloelisseo/repos/one-beyond/csm/react-form-builder/node_modules/react-hook-form/src/useController.ts:63:35)
          at Object.<anonymous>.exports.Controller (/Users/pabloelisseo/repos/one-beyond/csm/react-form-builder/node_modules/react-hook-form/src/form.tsx:38:5)
          at renderWithHooks (/Users/pabloelisseo/repos/one-beyond/csm/react-form-builder/node_modules/react-dom/cjs/react-dom.development.js:16305:18)
          at mountIndeterminateComponent (/Users/pabloelisseo/repos/one-beyond/csm/react-form-builder/node_modules/react-dom/cjs/react-dom.development.js:20074:13)
          at beginWork (/Users/pabloelisseo/repos/one-beyond/csm/react-form-builder/node_modules/react-dom/cjs/react-dom.development.js:21587:16)
          at HTMLUnknownElement.callCallback (/Users/pabloelisseo/repos/one-beyond/csm/react-form-builder/node_modules/react-dom/cjs/react-dom.development.js:4164:14)
          at HTMLUnknownElement.callTheUserObjectsOperation (/Users/pabloelisseo/repos/one-beyond/csm/react-form-builder/node_modules/jsdom/lib/jsdom/living/generated/EventListener.js:26:30)
          at innerInvokeEventListeners (/Users/pabloelisseo/repos/one-beyond/csm/react-form-builder/node_modules/jsdom/lib/jsdom/living/events/EventTarget-impl.js:338:25)
          at invokeEventListeners (/Users/pabloelisseo/repos/one-beyond/csm/react-form-builder/node_modules/jsdom/lib/jsdom/living/events/EventTarget-impl.js:274:3)
          at HTMLUnknownElementImpl._dispatch (/Users/pabloelisseo/repos/one-beyond/csm/react-form-builder/node_modules/jsdom/lib/jsdom/living/events/EventTarget-impl.js:221:9)
          at HTMLUnknownElementImpl.dispatchEvent (/Users/pabloelisseo/repos/one-beyond/csm/react-form-builder/node_modules/jsdom/lib/jsdom/living/events/EventTarget-impl.js:94:17)
          at HTMLUnknownElement.dispatchEvent (/Users/pabloelisseo/repos/one-beyond/csm/react-form-builder/node_modules/jsdom/lib/jsdom/living/generated/EventTarget.js:231:34)
          at Object.invokeGuardedCallbackDev (/Users/pabloelisseo/repos/one-beyond/csm/react-form-builder/node_modules/react-dom/cjs/react-dom.development.js:4213:16)
          at invokeGuardedCallback (/Users/pabloelisseo/repos/one-beyond/csm/react-form-builder/node_modules/react-dom/cjs/react-dom.development.js:4277:31)
          at beginWork$1 (/Users/pabloelisseo/repos/one-beyond/csm/react-form-builder/node_modules/react-dom/cjs/react-dom.development.js:27451:7)
          at performUnitOfWork (/Users/pabloelisseo/repos/one-beyond/csm/react-form-builder/node_modules/react-dom/cjs/react-dom.development.js:26560:12)
          at workLoopSync (/Users/pabloelisseo/repos/one-beyond/csm/react-form-builder/node_modules/react-dom/cjs/react-dom.development.js:26466:5)
          at renderRootSync (/Users/pabloelisseo/repos/one-beyond/csm/react-form-builder/node_modules/react-dom/cjs/react-dom.development.js:26434:7)
          at performConcurrentWorkOnRoot (/Users/pabloelisseo/repos/one-beyond/csm/react-form-builder/node_modules/react-dom/cjs/react-dom.development.js:25738:74)
          at flushActQueue (/Users/pabloelisseo/repos/one-beyond/csm/react-form-builder/node_modules/react/cjs/react.development.js:2667:24)
          at act (/Users/pabloelisseo/repos/one-beyond/csm/react-form-builder/node_modules/react/cjs/react.development.js:2582:11)
          at /Users/pabloelisseo/repos/one-beyond/csm/react-form-builder/node_modules/@testing-library/react/dist/act-compat.js:46:25
          at renderRoot (/Users/pabloelisseo/repos/one-beyond/csm/react-form-builder/node_modules/@testing-library/react/dist/pure.js:161:26)
          at render (/Users/pabloelisseo/repos/one-beyond/csm/react-form-builder/node_modules/@testing-library/react/dist/pure.js:247:10)
          at Object.<anonymous> (/Users/pabloelisseo/repos/one-beyond/csm/react-form-builder/src/Questions/Date/__tests__/date.test.js:68:31)
          at Promise.then.completed (/Users/pabloelisseo/repos/one-beyond/csm/react-form-builder/node_modules/jest-circus/build/utils.js:391:28)
          at new Promise (<anonymous>)
          at callAsyncCircusFn (/Users/pabloelisseo/repos/one-beyond/csm/react-form-builder/node_modules/jest-circus/build/utils.js:316:10)
          at _callCircusTest (/Users/pabloelisseo/repos/one-beyond/csm/react-form-builder/node_modules/jest-circus/build/run.js:218:40)
          at processTicksAndRejections (node:internal/process/task_queues:95:5)
          at _runTest (/Users/pabloelisseo/repos/one-beyond/csm/react-form-builder/node_modules/jest-circus/build/run.js:155:3)
          at _runTestsForDescribeBlock (/Users/pabloelisseo/repos/one-beyond/csm/react-form-builder/node_modules/jest-circus/build/run.js:66:9)
          at run (/Users/pabloelisseo/repos/one-beyond/csm/react-form-builder/node_modules/jest-circus/build/run.js:25:3)
          at runAndTransformResultsToJestFormat (/Users/pabloelisseo/repos/one-beyond/csm/react-form-builder/node_modules/jest-circus/build/legacy-code-todo-rewrite/jestAdapterInit.js:170:21)
          at jestAdapter (/Users/pabloelisseo/repos/one-beyond/csm/react-form-builder/node_modules/jest-circus/build/legacy-code-todo-rewrite/jestAdapter.js:82:19)
          at runTestInternal (/Users/pabloelisseo/repos/one-beyond/csm/react-form-builder/node_modules/jest-runner/build/runTest.js:389:16)
          at runTest (/Users/pabloelisseo/repos/one-beyond/csm/react-form-builder/node_modules/jest-runner/build/runTest.js:475:34)
          at Object.worker (/Users/pabloelisseo/repos/one-beyond/csm/react-form-builder/node_modules/jest-runner/build/testWorker.js:133:12)

      at VirtualConsole.<anonymous> (node_modules/jsdom/lib/jsdom/virtual-console.js:29:45)
      at reportException (node_modules/jsdom/lib/jsdom/living/helpers/runtime-script-errors.js:70:28)
      at innerInvokeEventListeners (node_modules/jsdom/lib/jsdom/living/events/EventTarget-impl.js:341:9)
      at invokeEventListeners (node_modules/jsdom/lib/jsdom/living/events/EventTarget-impl.js:274:3)
      at HTMLUnknownElementImpl._dispatch (node_modules/jsdom/lib/jsdom/living/events/EventTarget-impl.js:221:9)
      at HTMLUnknownElementImpl.dispatchEvent (node_modules/jsdom/lib/jsdom/living/events/EventTarget-impl.js:94:17)
      at HTMLUnknownElement.dispatchEvent (node_modules/jsdom/lib/jsdom/living/generated/EventTarget.js:231:34)

    console.error
      Error: Uncaught [TypeError: Cannot read properties of undefined (reading 'array')]
          at reportException (/Users/pabloelisseo/repos/one-beyond/csm/react-form-builder/node_modules/jsdom/lib/jsdom/living/helpers/runtime-script-errors.js:66:24)
          at innerInvokeEventListeners (/Users/pabloelisseo/repos/one-beyond/csm/react-form-builder/node_modules/jsdom/lib/jsdom/living/events/EventTarget-impl.js:341:9)
          at invokeEventListeners (/Users/pabloelisseo/repos/one-beyond/csm/react-form-builder/node_modules/jsdom/lib/jsdom/living/events/EventTarget-impl.js:274:3)
          at HTMLUnknownElementImpl._dispatch (/Users/pabloelisseo/repos/one-beyond/csm/react-form-builder/node_modules/jsdom/lib/jsdom/living/events/EventTarget-impl.js:221:9)
          at HTMLUnknownElementImpl.dispatchEvent (/Users/pabloelisseo/repos/one-beyond/csm/react-form-builder/node_modules/jsdom/lib/jsdom/living/events/EventTarget-impl.js:94:17)
          at HTMLUnknownElement.dispatchEvent (/Users/pabloelisseo/repos/one-beyond/csm/react-form-builder/node_modules/jsdom/lib/jsdom/living/generated/EventTarget.js:231:34)
          at Object.invokeGuardedCallbackDev (/Users/pabloelisseo/repos/one-beyond/csm/react-form-builder/node_modules/react-dom/cjs/react-dom.development.js:4213:16)
          at invokeGuardedCallback (/Users/pabloelisseo/repos/one-beyond/csm/react-form-builder/node_modules/react-dom/cjs/react-dom.development.js:4277:31)
          at beginWork$1 (/Users/pabloelisseo/repos/one-beyond/csm/react-form-builder/node_modules/react-dom/cjs/react-dom.development.js:27451:7)
          at performUnitOfWork (/Users/pabloelisseo/repos/one-beyond/csm/react-form-builder/node_modules/react-dom/cjs/react-dom.development.js:26560:12) TypeError: Cannot read properties of undefined (reading 'array')
          at control (/Users/pabloelisseo/repos/one-beyond/csm/react-form-builder/node_modules/react-hook-form/src/useController.ts:63:35)
          at Object.<anonymous>.exports.Controller (/Users/pabloelisseo/repos/one-beyond/csm/react-form-builder/node_modules/react-hook-form/src/form.tsx:38:5)
          at renderWithHooks (/Users/pabloelisseo/repos/one-beyond/csm/react-form-builder/node_modules/react-dom/cjs/react-dom.development.js:16305:18)
          at mountIndeterminateComponent (/Users/pabloelisseo/repos/one-beyond/csm/react-form-builder/node_modules/react-dom/cjs/react-dom.development.js:20074:13)
          at beginWork (/Users/pabloelisseo/repos/one-beyond/csm/react-form-builder/node_modules/react-dom/cjs/react-dom.development.js:21587:16)
          at HTMLUnknownElement.callCallback (/Users/pabloelisseo/repos/one-beyond/csm/react-form-builder/node_modules/react-dom/cjs/react-dom.development.js:4164:14)
          at HTMLUnknownElement.callTheUserObjectsOperation (/Users/pabloelisseo/repos/one-beyond/csm/react-form-builder/node_modules/jsdom/lib/jsdom/living/generated/EventListener.js:26:30)
          at innerInvokeEventListeners (/Users/pabloelisseo/repos/one-beyond/csm/react-form-builder/node_modules/jsdom/lib/jsdom/living/events/EventTarget-impl.js:338:25)
          at invokeEventListeners (/Users/pabloelisseo/repos/one-beyond/csm/react-form-builder/node_modules/jsdom/lib/jsdom/living/events/EventTarget-impl.js:274:3)
          at HTMLUnknownElementImpl._dispatch (/Users/pabloelisseo/repos/one-beyond/csm/react-form-builder/node_modules/jsdom/lib/jsdom/living/events/EventTarget-impl.js:221:9)
          at HTMLUnknownElementImpl.dispatchEvent (/Users/pabloelisseo/repos/one-beyond/csm/react-form-builder/node_modules/jsdom/lib/jsdom/living/events/EventTarget-impl.js:94:17)
          at HTMLUnknownElement.dispatchEvent (/Users/pabloelisseo/repos/one-beyond/csm/react-form-builder/node_modules/jsdom/lib/jsdom/living/generated/EventTarget.js:231:34)
          at Object.invokeGuardedCallbackDev (/Users/pabloelisseo/repos/one-beyond/csm/react-form-builder/node_modules/react-dom/cjs/react-dom.development.js:4213:16)
          at invokeGuardedCallback (/Users/pabloelisseo/repos/one-beyond/csm/react-form-builder/node_modules/react-dom/cjs/react-dom.development.js:4277:31)
          at beginWork$1 (/Users/pabloelisseo/repos/one-beyond/csm/react-form-builder/node_modules/react-dom/cjs/react-dom.development.js:27451:7)
          at performUnitOfWork (/Users/pabloelisseo/repos/one-beyond/csm/react-form-builder/node_modules/react-dom/cjs/react-dom.development.js:26560:12)
          at workLoopSync (/Users/pabloelisseo/repos/one-beyond/csm/react-form-builder/node_modules/react-dom/cjs/react-dom.development.js:26466:5)
          at renderRootSync (/Users/pabloelisseo/repos/one-beyond/csm/react-form-builder/node_modules/react-dom/cjs/react-dom.development.js:26434:7)
          at recoverFromConcurrentError (/Users/pabloelisseo/repos/one-beyond/csm/react-form-builder/node_modules/react-dom/cjs/react-dom.development.js:25850:20)
          at performConcurrentWorkOnRoot (/Users/pabloelisseo/repos/one-beyond/csm/react-form-builder/node_modules/react-dom/cjs/react-dom.development.js:25750:22)
          at flushActQueue (/Users/pabloelisseo/repos/one-beyond/csm/react-form-builder/node_modules/react/cjs/react.development.js:2667:24)
          at act (/Users/pabloelisseo/repos/one-beyond/csm/react-form-builder/node_modules/react/cjs/react.development.js:2582:11)
          at /Users/pabloelisseo/repos/one-beyond/csm/react-form-builder/node_modules/@testing-library/react/dist/act-compat.js:46:25
          at renderRoot (/Users/pabloelisseo/repos/one-beyond/csm/react-form-builder/node_modules/@testing-library/react/dist/pure.js:161:26)
          at render (/Users/pabloelisseo/repos/one-beyond/csm/react-form-builder/node_modules/@testing-library/react/dist/pure.js:247:10)
          at Object.<anonymous> (/Users/pabloelisseo/repos/one-beyond/csm/react-form-builder/src/Questions/Date/__tests__/date.test.js:68:31)
          at Promise.then.completed (/Users/pabloelisseo/repos/one-beyond/csm/react-form-builder/node_modules/jest-circus/build/utils.js:391:28)
          at new Promise (<anonymous>)
          at callAsyncCircusFn (/Users/pabloelisseo/repos/one-beyond/csm/react-form-builder/node_modules/jest-circus/build/utils.js:316:10)
          at _callCircusTest (/Users/pabloelisseo/repos/one-beyond/csm/react-form-builder/node_modules/jest-circus/build/run.js:218:40)
          at processTicksAndRejections (node:internal/process/task_queues:95:5)
          at _runTest (/Users/pabloelisseo/repos/one-beyond/csm/react-form-builder/node_modules/jest-circus/build/run.js:155:3)
          at _runTestsForDescribeBlock (/Users/pabloelisseo/repos/one-beyond/csm/react-form-builder/node_modules/jest-circus/build/run.js:66:9)
          at run (/Users/pabloelisseo/repos/one-beyond/csm/react-form-builder/node_modules/jest-circus/build/run.js:25:3)
          at runAndTransformResultsToJestFormat (/Users/pabloelisseo/repos/one-beyond/csm/react-form-builder/node_modules/jest-circus/build/legacy-code-todo-rewrite/jestAdapterInit.js:170:21)
          at jestAdapter (/Users/pabloelisseo/repos/one-beyond/csm/react-form-builder/node_modules/jest-circus/build/legacy-code-todo-rewrite/jestAdapter.js:82:19)
          at runTestInternal (/Users/pabloelisseo/repos/one-beyond/csm/react-form-builder/node_modules/jest-runner/build/runTest.js:389:16)
          at runTest (/Users/pabloelisseo/repos/one-beyond/csm/react-form-builder/node_modules/jest-runner/build/runTest.js:475:34)
          at Object.worker (/Users/pabloelisseo/repos/one-beyond/csm/react-form-builder/node_modules/jest-runner/build/testWorker.js:133:12)

      at VirtualConsole.<anonymous> (node_modules/jsdom/lib/jsdom/virtual-console.js:29:45)
      at reportException (node_modules/jsdom/lib/jsdom/living/helpers/runtime-script-errors.js:70:28)
      at innerInvokeEventListeners (node_modules/jsdom/lib/jsdom/living/events/EventTarget-impl.js:341:9)
      at invokeEventListeners (node_modules/jsdom/lib/jsdom/living/events/EventTarget-impl.js:274:3)
      at HTMLUnknownElementImpl._dispatch (node_modules/jsdom/lib/jsdom/living/events/EventTarget-impl.js:221:9)
      at HTMLUnknownElementImpl.dispatchEvent (node_modules/jsdom/lib/jsdom/living/events/EventTarget-impl.js:94:17)
      at HTMLUnknownElement.dispatchEvent (node_modules/jsdom/lib/jsdom/living/generated/EventTarget.js:231:34)

    console.error
      The above error occurred in one of your React components:
      
          at Object.<anonymous>.exports.Controller (/Users/pabloelisseo/repos/one-beyond/csm/react-form-builder/node_modules/react-hook-form/src/form.tsx:37:9)
          at DatePicker (/Users/pabloelisseo/repos/one-beyond/csm/react-form-builder/src/Fields/Date/index.js:99:3)
          at /Users/pabloelisseo/repos/one-beyond/csm/react-form-builder/node_modules/@emotion/react/dist/emotion-element-48d2c2e4.cjs.dev.js:62:23
          at div
          at /Users/pabloelisseo/repos/one-beyond/csm/react-form-builder/node_modules/@emotion/react/dist/emotion-element-48d2c2e4.cjs.dev.js:62:23
          at QuestionDate (/Users/pabloelisseo/repos/one-beyond/csm/react-form-builder/src/Questions/Date/index.js:11:3)
      
      Consider adding an error boundary to your tree to customize error handling behavior.
      Visit https://reactjs.org/link/error-boundaries to learn more about error boundaries.

      at logCapturedError (node_modules/react-dom/cjs/react-dom.development.js:18687:23)
      at update.callback (node_modules/react-dom/cjs/react-dom.development.js:18720:5)
      at callCallback (node_modules/react-dom/cjs/react-dom.development.js:13923:12)
      at commitUpdateQueue (node_modules/react-dom/cjs/react-dom.development.js:13944:9)
      at commitLayoutEffectOnFiber (node_modules/react-dom/cjs/react-dom.development.js:23391:13)
      at commitLayoutMountEffects_complete (node_modules/react-dom/cjs/react-dom.development.js:24688:9)
      at commitLayoutEffects_begin (node_modules/react-dom/cjs/react-dom.development.js:24674:7)
      at commitLayoutEffects (node_modules/react-dom/cjs/react-dom.development.js:24612:3)

    console.error
      Error: Uncaught [TypeError: Cannot read properties of undefined (reading 'array')]
          at reportException (/Users/pabloelisseo/repos/one-beyond/csm/react-form-builder/node_modules/jsdom/lib/jsdom/living/helpers/runtime-script-errors.js:66:24)
          at innerInvokeEventListeners (/Users/pabloelisseo/repos/one-beyond/csm/react-form-builder/node_modules/jsdom/lib/jsdom/living/events/EventTarget-impl.js:341:9)
          at invokeEventListeners (/Users/pabloelisseo/repos/one-beyond/csm/react-form-builder/node_modules/jsdom/lib/jsdom/living/events/EventTarget-impl.js:274:3)
          at HTMLUnknownElementImpl._dispatch (/Users/pabloelisseo/repos/one-beyond/csm/react-form-builder/node_modules/jsdom/lib/jsdom/living/events/EventTarget-impl.js:221:9)
          at HTMLUnknownElementImpl.dispatchEvent (/Users/pabloelisseo/repos/one-beyond/csm/react-form-builder/node_modules/jsdom/lib/jsdom/living/events/EventTarget-impl.js:94:17)
          at HTMLUnknownElement.dispatchEvent (/Users/pabloelisseo/repos/one-beyond/csm/react-form-builder/node_modules/jsdom/lib/jsdom/living/generated/EventTarget.js:231:34)
          at Object.invokeGuardedCallbackDev (/Users/pabloelisseo/repos/one-beyond/csm/react-form-builder/node_modules/react-dom/cjs/react-dom.development.js:4213:16)
          at invokeGuardedCallback (/Users/pabloelisseo/repos/one-beyond/csm/react-form-builder/node_modules/react-dom/cjs/react-dom.development.js:4277:31)
          at beginWork$1 (/Users/pabloelisseo/repos/one-beyond/csm/react-form-builder/node_modules/react-dom/cjs/react-dom.development.js:27451:7)
          at performUnitOfWork (/Users/pabloelisseo/repos/one-beyond/csm/react-form-builder/node_modules/react-dom/cjs/react-dom.development.js:26560:12) TypeError: Cannot read properties of undefined (reading 'array')
          at control (/Users/pabloelisseo/repos/one-beyond/csm/react-form-builder/node_modules/react-hook-form/src/useController.ts:63:35)
          at Object.<anonymous>.exports.Controller (/Users/pabloelisseo/repos/one-beyond/csm/react-form-builder/node_modules/react-hook-form/src/form.tsx:38:5)
          at renderWithHooks (/Users/pabloelisseo/repos/one-beyond/csm/react-form-builder/node_modules/react-dom/cjs/react-dom.development.js:16305:18)
          at mountIndeterminateComponent (/Users/pabloelisseo/repos/one-beyond/csm/react-form-builder/node_modules/react-dom/cjs/react-dom.development.js:20074:13)
          at beginWork (/Users/pabloelisseo/repos/one-beyond/csm/react-form-builder/node_modules/react-dom/cjs/react-dom.development.js:21587:16)
          at HTMLUnknownElement.callCallback (/Users/pabloelisseo/repos/one-beyond/csm/react-form-builder/node_modules/react-dom/cjs/react-dom.development.js:4164:14)
          at HTMLUnknownElement.callTheUserObjectsOperation (/Users/pabloelisseo/repos/one-beyond/csm/react-form-builder/node_modules/jsdom/lib/jsdom/living/generated/EventListener.js:26:30)
          at innerInvokeEventListeners (/Users/pabloelisseo/repos/one-beyond/csm/react-form-builder/node_modules/jsdom/lib/jsdom/living/events/EventTarget-impl.js:338:25)
          at invokeEventListeners (/Users/pabloelisseo/repos/one-beyond/csm/react-form-builder/node_modules/jsdom/lib/jsdom/living/events/EventTarget-impl.js:274:3)
          at HTMLUnknownElementImpl._dispatch (/Users/pabloelisseo/repos/one-beyond/csm/react-form-builder/node_modules/jsdom/lib/jsdom/living/events/EventTarget-impl.js:221:9)
          at HTMLUnknownElementImpl.dispatchEvent (/Users/pabloelisseo/repos/one-beyond/csm/react-form-builder/node_modules/jsdom/lib/jsdom/living/events/EventTarget-impl.js:94:17)
          at HTMLUnknownElement.dispatchEvent (/Users/pabloelisseo/repos/one-beyond/csm/react-form-builder/node_modules/jsdom/lib/jsdom/living/generated/EventTarget.js:231:34)
          at Object.invokeGuardedCallbackDev (/Users/pabloelisseo/repos/one-beyond/csm/react-form-builder/node_modules/react-dom/cjs/react-dom.development.js:4213:16)
          at invokeGuardedCallback (/Users/pabloelisseo/repos/one-beyond/csm/react-form-builder/node_modules/react-dom/cjs/react-dom.development.js:4277:31)
          at beginWork$1 (/Users/pabloelisseo/repos/one-beyond/csm/react-form-builder/node_modules/react-dom/cjs/react-dom.development.js:27451:7)
          at performUnitOfWork (/Users/pabloelisseo/repos/one-beyond/csm/react-form-builder/node_modules/react-dom/cjs/react-dom.development.js:26560:12)
          at workLoopSync (/Users/pabloelisseo/repos/one-beyond/csm/react-form-builder/node_modules/react-dom/cjs/react-dom.development.js:26466:5)
          at renderRootSync (/Users/pabloelisseo/repos/one-beyond/csm/react-form-builder/node_modules/react-dom/cjs/react-dom.development.js:26434:7)
          at performConcurrentWorkOnRoot (/Users/pabloelisseo/repos/one-beyond/csm/react-form-builder/node_modules/react-dom/cjs/react-dom.development.js:25738:74)
          at flushActQueue (/Users/pabloelisseo/repos/one-beyond/csm/react-form-builder/node_modules/react/cjs/react.development.js:2667:24)
          at act (/Users/pabloelisseo/repos/one-beyond/csm/react-form-builder/node_modules/react/cjs/react.development.js:2582:11)
          at /Users/pabloelisseo/repos/one-beyond/csm/react-form-builder/node_modules/@testing-library/react/dist/act-compat.js:46:25
          at renderRoot (/Users/pabloelisseo/repos/one-beyond/csm/react-form-builder/node_modules/@testing-library/react/dist/pure.js:161:26)
          at render (/Users/pabloelisseo/repos/one-beyond/csm/react-form-builder/node_modules/@testing-library/react/dist/pure.js:247:10)
          at Object.<anonymous> (/Users/pabloelisseo/repos/one-beyond/csm/react-form-builder/src/Questions/Date/__tests__/date.test.js:90:31)
          at Promise.then.completed (/Users/pabloelisseo/repos/one-beyond/csm/react-form-builder/node_modules/jest-circus/build/utils.js:391:28)
          at new Promise (<anonymous>)
          at callAsyncCircusFn (/Users/pabloelisseo/repos/one-beyond/csm/react-form-builder/node_modules/jest-circus/build/utils.js:316:10)
          at _callCircusTest (/Users/pabloelisseo/repos/one-beyond/csm/react-form-builder/node_modules/jest-circus/build/run.js:218:40)
          at processTicksAndRejections (node:internal/process/task_queues:95:5)
          at _runTest (/Users/pabloelisseo/repos/one-beyond/csm/react-form-builder/node_modules/jest-circus/build/run.js:155:3)
          at _runTestsForDescribeBlock (/Users/pabloelisseo/repos/one-beyond/csm/react-form-builder/node_modules/jest-circus/build/run.js:66:9)
          at run (/Users/pabloelisseo/repos/one-beyond/csm/react-form-builder/node_modules/jest-circus/build/run.js:25:3)
          at runAndTransformResultsToJestFormat (/Users/pabloelisseo/repos/one-beyond/csm/react-form-builder/node_modules/jest-circus/build/legacy-code-todo-rewrite/jestAdapterInit.js:170:21)
          at jestAdapter (/Users/pabloelisseo/repos/one-beyond/csm/react-form-builder/node_modules/jest-circus/build/legacy-code-todo-rewrite/jestAdapter.js:82:19)
          at runTestInternal (/Users/pabloelisseo/repos/one-beyond/csm/react-form-builder/node_modules/jest-runner/build/runTest.js:389:16)
          at runTest (/Users/pabloelisseo/repos/one-beyond/csm/react-form-builder/node_modules/jest-runner/build/runTest.js:475:34)
          at Object.worker (/Users/pabloelisseo/repos/one-beyond/csm/react-form-builder/node_modules/jest-runner/build/testWorker.js:133:12)

      at VirtualConsole.<anonymous> (node_modules/jsdom/lib/jsdom/virtual-console.js:29:45)
      at reportException (node_modules/jsdom/lib/jsdom/living/helpers/runtime-script-errors.js:70:28)
      at innerInvokeEventListeners (node_modules/jsdom/lib/jsdom/living/events/EventTarget-impl.js:341:9)
      at invokeEventListeners (node_modules/jsdom/lib/jsdom/living/events/EventTarget-impl.js:274:3)
      at HTMLUnknownElementImpl._dispatch (node_modules/jsdom/lib/jsdom/living/events/EventTarget-impl.js:221:9)
      at HTMLUnknownElementImpl.dispatchEvent (node_modules/jsdom/lib/jsdom/living/events/EventTarget-impl.js:94:17)
      at HTMLUnknownElement.dispatchEvent (node_modules/jsdom/lib/jsdom/living/generated/EventTarget.js:231:34)

    console.error
      Error: Uncaught [TypeError: Cannot read properties of undefined (reading 'array')]
          at reportException (/Users/pabloelisseo/repos/one-beyond/csm/react-form-builder/node_modules/jsdom/lib/jsdom/living/helpers/runtime-script-errors.js:66:24)
          at innerInvokeEventListeners (/Users/pabloelisseo/repos/one-beyond/csm/react-form-builder/node_modules/jsdom/lib/jsdom/living/events/EventTarget-impl.js:341:9)
          at invokeEventListeners (/Users/pabloelisseo/repos/one-beyond/csm/react-form-builder/node_modules/jsdom/lib/jsdom/living/events/EventTarget-impl.js:274:3)
          at HTMLUnknownElementImpl._dispatch (/Users/pabloelisseo/repos/one-beyond/csm/react-form-builder/node_modules/jsdom/lib/jsdom/living/events/EventTarget-impl.js:221:9)
          at HTMLUnknownElementImpl.dispatchEvent (/Users/pabloelisseo/repos/one-beyond/csm/react-form-builder/node_modules/jsdom/lib/jsdom/living/events/EventTarget-impl.js:94:17)
          at HTMLUnknownElement.dispatchEvent (/Users/pabloelisseo/repos/one-beyond/csm/react-form-builder/node_modules/jsdom/lib/jsdom/living/generated/EventTarget.js:231:34)
          at Object.invokeGuardedCallbackDev (/Users/pabloelisseo/repos/one-beyond/csm/react-form-builder/node_modules/react-dom/cjs/react-dom.development.js:4213:16)
          at invokeGuardedCallback (/Users/pabloelisseo/repos/one-beyond/csm/react-form-builder/node_modules/react-dom/cjs/react-dom.development.js:4277:31)
          at beginWork$1 (/Users/pabloelisseo/repos/one-beyond/csm/react-form-builder/node_modules/react-dom/cjs/react-dom.development.js:27451:7)
          at performUnitOfWork (/Users/pabloelisseo/repos/one-beyond/csm/react-form-builder/node_modules/react-dom/cjs/react-dom.development.js:26560:12) TypeError: Cannot read properties of undefined (reading 'array')
          at control (/Users/pabloelisseo/repos/one-beyond/csm/react-form-builder/node_modules/react-hook-form/src/useController.ts:63:35)
          at Object.<anonymous>.exports.Controller (/Users/pabloelisseo/repos/one-beyond/csm/react-form-builder/node_modules/react-hook-form/src/form.tsx:38:5)
          at renderWithHooks (/Users/pabloelisseo/repos/one-beyond/csm/react-form-builder/node_modules/react-dom/cjs/react-dom.development.js:16305:18)
          at mountIndeterminateComponent (/Users/pabloelisseo/repos/one-beyond/csm/react-form-builder/node_modules/react-dom/cjs/react-dom.development.js:20074:13)
          at beginWork (/Users/pabloelisseo/repos/one-beyond/csm/react-form-builder/node_modules/react-dom/cjs/react-dom.development.js:21587:16)
          at HTMLUnknownElement.callCallback (/Users/pabloelisseo/repos/one-beyond/csm/react-form-builder/node_modules/react-dom/cjs/react-dom.development.js:4164:14)
          at HTMLUnknownElement.callTheUserObjectsOperation (/Users/pabloelisseo/repos/one-beyond/csm/react-form-builder/node_modules/jsdom/lib/jsdom/living/generated/EventListener.js:26:30)
          at innerInvokeEventListeners (/Users/pabloelisseo/repos/one-beyond/csm/react-form-builder/node_modules/jsdom/lib/jsdom/living/events/EventTarget-impl.js:338:25)
          at invokeEventListeners (/Users/pabloelisseo/repos/one-beyond/csm/react-form-builder/node_modules/jsdom/lib/jsdom/living/events/EventTarget-impl.js:274:3)
          at HTMLUnknownElementImpl._dispatch (/Users/pabloelisseo/repos/one-beyond/csm/react-form-builder/node_modules/jsdom/lib/jsdom/living/events/EventTarget-impl.js:221:9)
          at HTMLUnknownElementImpl.dispatchEvent (/Users/pabloelisseo/repos/one-beyond/csm/react-form-builder/node_modules/jsdom/lib/jsdom/living/events/EventTarget-impl.js:94:17)
          at HTMLUnknownElement.dispatchEvent (/Users/pabloelisseo/repos/one-beyond/csm/react-form-builder/node_modules/jsdom/lib/jsdom/living/generated/EventTarget.js:231:34)
          at Object.invokeGuardedCallbackDev (/Users/pabloelisseo/repos/one-beyond/csm/react-form-builder/node_modules/react-dom/cjs/react-dom.development.js:4213:16)
          at invokeGuardedCallback (/Users/pabloelisseo/repos/one-beyond/csm/react-form-builder/node_modules/react-dom/cjs/react-dom.development.js:4277:31)
          at beginWork$1 (/Users/pabloelisseo/repos/one-beyond/csm/react-form-builder/node_modules/react-dom/cjs/react-dom.development.js:27451:7)
          at performUnitOfWork (/Users/pabloelisseo/repos/one-beyond/csm/react-form-builder/node_modules/react-dom/cjs/react-dom.development.js:26560:12)
          at workLoopSync (/Users/pabloelisseo/repos/one-beyond/csm/react-form-builder/node_modules/react-dom/cjs/react-dom.development.js:26466:5)
          at renderRootSync (/Users/pabloelisseo/repos/one-beyond/csm/react-form-builder/node_modules/react-dom/cjs/react-dom.development.js:26434:7)
          at recoverFromConcurrentError (/Users/pabloelisseo/repos/one-beyond/csm/react-form-builder/node_modules/react-dom/cjs/react-dom.development.js:25850:20)
          at performConcurrentWorkOnRoot (/Users/pabloelisseo/repos/one-beyond/csm/react-form-builder/node_modules/react-dom/cjs/react-dom.development.js:25750:22)
          at flushActQueue (/Users/pabloelisseo/repos/one-beyond/csm/react-form-builder/node_modules/react/cjs/react.development.js:2667:24)
          at act (/Users/pabloelisseo/repos/one-beyond/csm/react-form-builder/node_modules/react/cjs/react.development.js:2582:11)
          at /Users/pabloelisseo/repos/one-beyond/csm/react-form-builder/node_modules/@testing-library/react/dist/act-compat.js:46:25
          at renderRoot (/Users/pabloelisseo/repos/one-beyond/csm/react-form-builder/node_modules/@testing-library/react/dist/pure.js:161:26)
          at render (/Users/pabloelisseo/repos/one-beyond/csm/react-form-builder/node_modules/@testing-library/react/dist/pure.js:247:10)
          at Object.<anonymous> (/Users/pabloelisseo/repos/one-beyond/csm/react-form-builder/src/Questions/Date/__tests__/date.test.js:90:31)
          at Promise.then.completed (/Users/pabloelisseo/repos/one-beyond/csm/react-form-builder/node_modules/jest-circus/build/utils.js:391:28)
          at new Promise (<anonymous>)
          at callAsyncCircusFn (/Users/pabloelisseo/repos/one-beyond/csm/react-form-builder/node_modules/jest-circus/build/utils.js:316:10)
          at _callCircusTest (/Users/pabloelisseo/repos/one-beyond/csm/react-form-builder/node_modules/jest-circus/build/run.js:218:40)
          at processTicksAndRejections (node:internal/process/task_queues:95:5)
          at _runTest (/Users/pabloelisseo/repos/one-beyond/csm/react-form-builder/node_modules/jest-circus/build/run.js:155:3)
          at _runTestsForDescribeBlock (/Users/pabloelisseo/repos/one-beyond/csm/react-form-builder/node_modules/jest-circus/build/run.js:66:9)
          at run (/Users/pabloelisseo/repos/one-beyond/csm/react-form-builder/node_modules/jest-circus/build/run.js:25:3)
          at runAndTransformResultsToJestFormat (/Users/pabloelisseo/repos/one-beyond/csm/react-form-builder/node_modules/jest-circus/build/legacy-code-todo-rewrite/jestAdapterInit.js:170:21)
          at jestAdapter (/Users/pabloelisseo/repos/one-beyond/csm/react-form-builder/node_modules/jest-circus/build/legacy-code-todo-rewrite/jestAdapter.js:82:19)
          at runTestInternal (/Users/pabloelisseo/repos/one-beyond/csm/react-form-builder/node_modules/jest-runner/build/runTest.js:389:16)
          at runTest (/Users/pabloelisseo/repos/one-beyond/csm/react-form-builder/node_modules/jest-runner/build/runTest.js:475:34)
          at Object.worker (/Users/pabloelisseo/repos/one-beyond/csm/react-form-builder/node_modules/jest-runner/build/testWorker.js:133:12)

      at VirtualConsole.<anonymous> (node_modules/jsdom/lib/jsdom/virtual-console.js:29:45)
      at reportException (node_modules/jsdom/lib/jsdom/living/helpers/runtime-script-errors.js:70:28)
      at innerInvokeEventListeners (node_modules/jsdom/lib/jsdom/living/events/EventTarget-impl.js:341:9)
      at invokeEventListeners (node_modules/jsdom/lib/jsdom/living/events/EventTarget-impl.js:274:3)
      at HTMLUnknownElementImpl._dispatch (node_modules/jsdom/lib/jsdom/living/events/EventTarget-impl.js:221:9)
      at HTMLUnknownElementImpl.dispatchEvent (node_modules/jsdom/lib/jsdom/living/events/EventTarget-impl.js:94:17)
      at HTMLUnknownElement.dispatchEvent (node_modules/jsdom/lib/jsdom/living/generated/EventTarget.js:231:34)

    console.error
      The above error occurred in one of your React components:
      
          at Object.<anonymous>.exports.Controller (/Users/pabloelisseo/repos/one-beyond/csm/react-form-builder/node_modules/react-hook-form/src/form.tsx:37:9)
          at DatePicker (/Users/pabloelisseo/repos/one-beyond/csm/react-form-builder/src/Fields/Date/index.js:99:3)
          at /Users/pabloelisseo/repos/one-beyond/csm/react-form-builder/node_modules/@emotion/react/dist/emotion-element-48d2c2e4.cjs.dev.js:62:23
          at div
          at /Users/pabloelisseo/repos/one-beyond/csm/react-form-builder/node_modules/@emotion/react/dist/emotion-element-48d2c2e4.cjs.dev.js:62:23
          at QuestionDate (/Users/pabloelisseo/repos/one-beyond/csm/react-form-builder/src/Questions/Date/index.js:11:3)
      
      Consider adding an error boundary to your tree to customize error handling behavior.
      Visit https://reactjs.org/link/error-boundaries to learn more about error boundaries.

      at logCapturedError (node_modules/react-dom/cjs/react-dom.development.js:18687:23)
      at update.callback (node_modules/react-dom/cjs/react-dom.development.js:18720:5)
      at callCallback (node_modules/react-dom/cjs/react-dom.development.js:13923:12)
      at commitUpdateQueue (node_modules/react-dom/cjs/react-dom.development.js:13944:9)
      at commitLayoutEffectOnFiber (node_modules/react-dom/cjs/react-dom.development.js:23391:13)
      at commitLayoutMountEffects_complete (node_modules/react-dom/cjs/react-dom.development.js:24688:9)
      at commitLayoutEffects_begin (node_modules/react-dom/cjs/react-dom.development.js:24674:7)
      at commitLayoutEffects (node_modules/react-dom/cjs/react-dom.development.js:24612:3)

    console.error
      Error: Uncaught [TypeError: Cannot read properties of undefined (reading 'array')]
          at reportException (/Users/pabloelisseo/repos/one-beyond/csm/react-form-builder/node_modules/jsdom/lib/jsdom/living/helpers/runtime-script-errors.js:66:24)
          at innerInvokeEventListeners (/Users/pabloelisseo/repos/one-beyond/csm/react-form-builder/node_modules/jsdom/lib/jsdom/living/events/EventTarget-impl.js:341:9)
          at invokeEventListeners (/Users/pabloelisseo/repos/one-beyond/csm/react-form-builder/node_modules/jsdom/lib/jsdom/living/events/EventTarget-impl.js:274:3)
          at HTMLUnknownElementImpl._dispatch (/Users/pabloelisseo/repos/one-beyond/csm/react-form-builder/node_modules/jsdom/lib/jsdom/living/events/EventTarget-impl.js:221:9)
          at HTMLUnknownElementImpl.dispatchEvent (/Users/pabloelisseo/repos/one-beyond/csm/react-form-builder/node_modules/jsdom/lib/jsdom/living/events/EventTarget-impl.js:94:17)
          at HTMLUnknownElement.dispatchEvent (/Users/pabloelisseo/repos/one-beyond/csm/react-form-builder/node_modules/jsdom/lib/jsdom/living/generated/EventTarget.js:231:34)
          at Object.invokeGuardedCallbackDev (/Users/pabloelisseo/repos/one-beyond/csm/react-form-builder/node_modules/react-dom/cjs/react-dom.development.js:4213:16)
          at invokeGuardedCallback (/Users/pabloelisseo/repos/one-beyond/csm/react-form-builder/node_modules/react-dom/cjs/react-dom.development.js:4277:31)
          at beginWork$1 (/Users/pabloelisseo/repos/one-beyond/csm/react-form-builder/node_modules/react-dom/cjs/react-dom.development.js:27451:7)
          at performUnitOfWork (/Users/pabloelisseo/repos/one-beyond/csm/react-form-builder/node_modules/react-dom/cjs/react-dom.development.js:26560:12) TypeError: Cannot read properties of undefined (reading 'array')
          at control (/Users/pabloelisseo/repos/one-beyond/csm/react-form-builder/node_modules/react-hook-form/src/useController.ts:63:35)
          at Object.<anonymous>.exports.Controller (/Users/pabloelisseo/repos/one-beyond/csm/react-form-builder/node_modules/react-hook-form/src/form.tsx:38:5)
          at renderWithHooks (/Users/pabloelisseo/repos/one-beyond/csm/react-form-builder/node_modules/react-dom/cjs/react-dom.development.js:16305:18)
          at mountIndeterminateComponent (/Users/pabloelisseo/repos/one-beyond/csm/react-form-builder/node_modules/react-dom/cjs/react-dom.development.js:20074:13)
          at beginWork (/Users/pabloelisseo/repos/one-beyond/csm/react-form-builder/node_modules/react-dom/cjs/react-dom.development.js:21587:16)
          at HTMLUnknownElement.callCallback (/Users/pabloelisseo/repos/one-beyond/csm/react-form-builder/node_modules/react-dom/cjs/react-dom.development.js:4164:14)
          at HTMLUnknownElement.callTheUserObjectsOperation (/Users/pabloelisseo/repos/one-beyond/csm/react-form-builder/node_modules/jsdom/lib/jsdom/living/generated/EventListener.js:26:30)
          at innerInvokeEventListeners (/Users/pabloelisseo/repos/one-beyond/csm/react-form-builder/node_modules/jsdom/lib/jsdom/living/events/EventTarget-impl.js:338:25)
          at invokeEventListeners (/Users/pabloelisseo/repos/one-beyond/csm/react-form-builder/node_modules/jsdom/lib/jsdom/living/events/EventTarget-impl.js:274:3)
          at HTMLUnknownElementImpl._dispatch (/Users/pabloelisseo/repos/one-beyond/csm/react-form-builder/node_modules/jsdom/lib/jsdom/living/events/EventTarget-impl.js:221:9)
          at HTMLUnknownElementImpl.dispatchEvent (/Users/pabloelisseo/repos/one-beyond/csm/react-form-builder/node_modules/jsdom/lib/jsdom/living/events/EventTarget-impl.js:94:17)
          at HTMLUnknownElement.dispatchEvent (/Users/pabloelisseo/repos/one-beyond/csm/react-form-builder/node_modules/jsdom/lib/jsdom/living/generated/EventTarget.js:231:34)
          at Object.invokeGuardedCallbackDev (/Users/pabloelisseo/repos/one-beyond/csm/react-form-builder/node_modules/react-dom/cjs/react-dom.development.js:4213:16)
          at invokeGuardedCallback (/Users/pabloelisseo/repos/one-beyond/csm/react-form-builder/node_modules/react-dom/cjs/react-dom.development.js:4277:31)
          at beginWork$1 (/Users/pabloelisseo/repos/one-beyond/csm/react-form-builder/node_modules/react-dom/cjs/react-dom.development.js:27451:7)
          at performUnitOfWork (/Users/pabloelisseo/repos/one-beyond/csm/react-form-builder/node_modules/react-dom/cjs/react-dom.development.js:26560:12)
          at workLoopSync (/Users/pabloelisseo/repos/one-beyond/csm/react-form-builder/node_modules/react-dom/cjs/react-dom.development.js:26466:5)
          at renderRootSync (/Users/pabloelisseo/repos/one-beyond/csm/react-form-builder/node_modules/react-dom/cjs/react-dom.development.js:26434:7)
          at performConcurrentWorkOnRoot (/Users/pabloelisseo/repos/one-beyond/csm/react-form-builder/node_modules/react-dom/cjs/react-dom.development.js:25738:74)
          at flushActQueue (/Users/pabloelisseo/repos/one-beyond/csm/react-form-builder/node_modules/react/cjs/react.development.js:2667:24)
          at act (/Users/pabloelisseo/repos/one-beyond/csm/react-form-builder/node_modules/react/cjs/react.development.js:2582:11)
          at /Users/pabloelisseo/repos/one-beyond/csm/react-form-builder/node_modules/@testing-library/react/dist/act-compat.js:46:25
          at renderRoot (/Users/pabloelisseo/repos/one-beyond/csm/react-form-builder/node_modules/@testing-library/react/dist/pure.js:161:26)
          at render (/Users/pabloelisseo/repos/one-beyond/csm/react-form-builder/node_modules/@testing-library/react/dist/pure.js:247:10)
          at Object.<anonymous> (/Users/pabloelisseo/repos/one-beyond/csm/react-form-builder/src/Questions/Date/__tests__/date.test.js:109:31)
          at Promise.then.completed (/Users/pabloelisseo/repos/one-beyond/csm/react-form-builder/node_modules/jest-circus/build/utils.js:391:28)
          at new Promise (<anonymous>)
          at callAsyncCircusFn (/Users/pabloelisseo/repos/one-beyond/csm/react-form-builder/node_modules/jest-circus/build/utils.js:316:10)
          at _callCircusTest (/Users/pabloelisseo/repos/one-beyond/csm/react-form-builder/node_modules/jest-circus/build/run.js:218:40)
          at processTicksAndRejections (node:internal/process/task_queues:95:5)
          at _runTest (/Users/pabloelisseo/repos/one-beyond/csm/react-form-builder/node_modules/jest-circus/build/run.js:155:3)
          at _runTestsForDescribeBlock (/Users/pabloelisseo/repos/one-beyond/csm/react-form-builder/node_modules/jest-circus/build/run.js:66:9)
          at run (/Users/pabloelisseo/repos/one-beyond/csm/react-form-builder/node_modules/jest-circus/build/run.js:25:3)
          at runAndTransformResultsToJestFormat (/Users/pabloelisseo/repos/one-beyond/csm/react-form-builder/node_modules/jest-circus/build/legacy-code-todo-rewrite/jestAdapterInit.js:170:21)
          at jestAdapter (/Users/pabloelisseo/repos/one-beyond/csm/react-form-builder/node_modules/jest-circus/build/legacy-code-todo-rewrite/jestAdapter.js:82:19)
          at runTestInternal (/Users/pabloelisseo/repos/one-beyond/csm/react-form-builder/node_modules/jest-runner/build/runTest.js:389:16)
          at runTest (/Users/pabloelisseo/repos/one-beyond/csm/react-form-builder/node_modules/jest-runner/build/runTest.js:475:34)
          at Object.worker (/Users/pabloelisseo/repos/one-beyond/csm/react-form-builder/node_modules/jest-runner/build/testWorker.js:133:12)

      at VirtualConsole.<anonymous> (node_modules/jsdom/lib/jsdom/virtual-console.js:29:45)
      at reportException (node_modules/jsdom/lib/jsdom/living/helpers/runtime-script-errors.js:70:28)
      at innerInvokeEventListeners (node_modules/jsdom/lib/jsdom/living/events/EventTarget-impl.js:341:9)
      at invokeEventListeners (node_modules/jsdom/lib/jsdom/living/events/EventTarget-impl.js:274:3)
      at HTMLUnknownElementImpl._dispatch (node_modules/jsdom/lib/jsdom/living/events/EventTarget-impl.js:221:9)
      at HTMLUnknownElementImpl.dispatchEvent (node_modules/jsdom/lib/jsdom/living/events/EventTarget-impl.js:94:17)
      at HTMLUnknownElement.dispatchEvent (node_modules/jsdom/lib/jsdom/living/generated/EventTarget.js:231:34)

    console.error
      Error: Uncaught [TypeError: Cannot read properties of undefined (reading 'array')]
          at reportException (/Users/pabloelisseo/repos/one-beyond/csm/react-form-builder/node_modules/jsdom/lib/jsdom/living/helpers/runtime-script-errors.js:66:24)
          at innerInvokeEventListeners (/Users/pabloelisseo/repos/one-beyond/csm/react-form-builder/node_modules/jsdom/lib/jsdom/living/events/EventTarget-impl.js:341:9)
          at invokeEventListeners (/Users/pabloelisseo/repos/one-beyond/csm/react-form-builder/node_modules/jsdom/lib/jsdom/living/events/EventTarget-impl.js:274:3)
          at HTMLUnknownElementImpl._dispatch (/Users/pabloelisseo/repos/one-beyond/csm/react-form-builder/node_modules/jsdom/lib/jsdom/living/events/EventTarget-impl.js:221:9)
          at HTMLUnknownElementImpl.dispatchEvent (/Users/pabloelisseo/repos/one-beyond/csm/react-form-builder/node_modules/jsdom/lib/jsdom/living/events/EventTarget-impl.js:94:17)
          at HTMLUnknownElement.dispatchEvent (/Users/pabloelisseo/repos/one-beyond/csm/react-form-builder/node_modules/jsdom/lib/jsdom/living/generated/EventTarget.js:231:34)
          at Object.invokeGuardedCallbackDev (/Users/pabloelisseo/repos/one-beyond/csm/react-form-builder/node_modules/react-dom/cjs/react-dom.development.js:4213:16)
          at invokeGuardedCallback (/Users/pabloelisseo/repos/one-beyond/csm/react-form-builder/node_modules/react-dom/cjs/react-dom.development.js:4277:31)
          at beginWork$1 (/Users/pabloelisseo/repos/one-beyond/csm/react-form-builder/node_modules/react-dom/cjs/react-dom.development.js:27451:7)
          at performUnitOfWork (/Users/pabloelisseo/repos/one-beyond/csm/react-form-builder/node_modules/react-dom/cjs/react-dom.development.js:26560:12) TypeError: Cannot read properties of undefined (reading 'array')
          at control (/Users/pabloelisseo/repos/one-beyond/csm/react-form-builder/node_modules/react-hook-form/src/useController.ts:63:35)
          at Object.<anonymous>.exports.Controller (/Users/pabloelisseo/repos/one-beyond/csm/react-form-builder/node_modules/react-hook-form/src/form.tsx:38:5)
          at renderWithHooks (/Users/pabloelisseo/repos/one-beyond/csm/react-form-builder/node_modules/react-dom/cjs/react-dom.development.js:16305:18)
          at mountIndeterminateComponent (/Users/pabloelisseo/repos/one-beyond/csm/react-form-builder/node_modules/react-dom/cjs/react-dom.development.js:20074:13)
          at beginWork (/Users/pabloelisseo/repos/one-beyond/csm/react-form-builder/node_modules/react-dom/cjs/react-dom.development.js:21587:16)
          at HTMLUnknownElement.callCallback (/Users/pabloelisseo/repos/one-beyond/csm/react-form-builder/node_modules/react-dom/cjs/react-dom.development.js:4164:14)
          at HTMLUnknownElement.callTheUserObjectsOperation (/Users/pabloelisseo/repos/one-beyond/csm/react-form-builder/node_modules/jsdom/lib/jsdom/living/generated/EventListener.js:26:30)
          at innerInvokeEventListeners (/Users/pabloelisseo/repos/one-beyond/csm/react-form-builder/node_modules/jsdom/lib/jsdom/living/events/EventTarget-impl.js:338:25)
          at invokeEventListeners (/Users/pabloelisseo/repos/one-beyond/csm/react-form-builder/node_modules/jsdom/lib/jsdom/living/events/EventTarget-impl.js:274:3)
          at HTMLUnknownElementImpl._dispatch (/Users/pabloelisseo/repos/one-beyond/csm/react-form-builder/node_modules/jsdom/lib/jsdom/living/events/EventTarget-impl.js:221:9)
          at HTMLUnknownElementImpl.dispatchEvent (/Users/pabloelisseo/repos/one-beyond/csm/react-form-builder/node_modules/jsdom/lib/jsdom/living/events/EventTarget-impl.js:94:17)
          at HTMLUnknownElement.dispatchEvent (/Users/pabloelisseo/repos/one-beyond/csm/react-form-builder/node_modules/jsdom/lib/jsdom/living/generated/EventTarget.js:231:34)
          at Object.invokeGuardedCallbackDev (/Users/pabloelisseo/repos/one-beyond/csm/react-form-builder/node_modules/react-dom/cjs/react-dom.development.js:4213:16)
          at invokeGuardedCallback (/Users/pabloelisseo/repos/one-beyond/csm/react-form-builder/node_modules/react-dom/cjs/react-dom.development.js:4277:31)
          at beginWork$1 (/Users/pabloelisseo/repos/one-beyond/csm/react-form-builder/node_modules/react-dom/cjs/react-dom.development.js:27451:7)
          at performUnitOfWork (/Users/pabloelisseo/repos/one-beyond/csm/react-form-builder/node_modules/react-dom/cjs/react-dom.development.js:26560:12)
          at workLoopSync (/Users/pabloelisseo/repos/one-beyond/csm/react-form-builder/node_modules/react-dom/cjs/react-dom.development.js:26466:5)
          at renderRootSync (/Users/pabloelisseo/repos/one-beyond/csm/react-form-builder/node_modules/react-dom/cjs/react-dom.development.js:26434:7)
          at recoverFromConcurrentError (/Users/pabloelisseo/repos/one-beyond/csm/react-form-builder/node_modules/react-dom/cjs/react-dom.development.js:25850:20)
          at performConcurrentWorkOnRoot (/Users/pabloelisseo/repos/one-beyond/csm/react-form-builder/node_modules/react-dom/cjs/react-dom.development.js:25750:22)
          at flushActQueue (/Users/pabloelisseo/repos/one-beyond/csm/react-form-builder/node_modules/react/cjs/react.development.js:2667:24)
          at act (/Users/pabloelisseo/repos/one-beyond/csm/react-form-builder/node_modules/react/cjs/react.development.js:2582:11)
          at /Users/pabloelisseo/repos/one-beyond/csm/react-form-builder/node_modules/@testing-library/react/dist/act-compat.js:46:25
          at renderRoot (/Users/pabloelisseo/repos/one-beyond/csm/react-form-builder/node_modules/@testing-library/react/dist/pure.js:161:26)
          at render (/Users/pabloelisseo/repos/one-beyond/csm/react-form-builder/node_modules/@testing-library/react/dist/pure.js:247:10)
          at Object.<anonymous> (/Users/pabloelisseo/repos/one-beyond/csm/react-form-builder/src/Questions/Date/__tests__/date.test.js:109:31)
          at Promise.then.completed (/Users/pabloelisseo/repos/one-beyond/csm/react-form-builder/node_modules/jest-circus/build/utils.js:391:28)
          at new Promise (<anonymous>)
          at callAsyncCircusFn (/Users/pabloelisseo/repos/one-beyond/csm/react-form-builder/node_modules/jest-circus/build/utils.js:316:10)
          at _callCircusTest (/Users/pabloelisseo/repos/one-beyond/csm/react-form-builder/node_modules/jest-circus/build/run.js:218:40)
          at processTicksAndRejections (node:internal/process/task_queues:95:5)
          at _runTest (/Users/pabloelisseo/repos/one-beyond/csm/react-form-builder/node_modules/jest-circus/build/run.js:155:3)
          at _runTestsForDescribeBlock (/Users/pabloelisseo/repos/one-beyond/csm/react-form-builder/node_modules/jest-circus/build/run.js:66:9)
          at run (/Users/pabloelisseo/repos/one-beyond/csm/react-form-builder/node_modules/jest-circus/build/run.js:25:3)
          at runAndTransformResultsToJestFormat (/Users/pabloelisseo/repos/one-beyond/csm/react-form-builder/node_modules/jest-circus/build/legacy-code-todo-rewrite/jestAdapterInit.js:170:21)
          at jestAdapter (/Users/pabloelisseo/repos/one-beyond/csm/react-form-builder/node_modules/jest-circus/build/legacy-code-todo-rewrite/jestAdapter.js:82:19)
          at runTestInternal (/Users/pabloelisseo/repos/one-beyond/csm/react-form-builder/node_modules/jest-runner/build/runTest.js:389:16)
          at runTest (/Users/pabloelisseo/repos/one-beyond/csm/react-form-builder/node_modules/jest-runner/build/runTest.js:475:34)
          at Object.worker (/Users/pabloelisseo/repos/one-beyond/csm/react-form-builder/node_modules/jest-runner/build/testWorker.js:133:12)

      at VirtualConsole.<anonymous> (node_modules/jsdom/lib/jsdom/virtual-console.js:29:45)
      at reportException (node_modules/jsdom/lib/jsdom/living/helpers/runtime-script-errors.js:70:28)
      at innerInvokeEventListeners (node_modules/jsdom/lib/jsdom/living/events/EventTarget-impl.js:341:9)
      at invokeEventListeners (node_modules/jsdom/lib/jsdom/living/events/EventTarget-impl.js:274:3)
      at HTMLUnknownElementImpl._dispatch (node_modules/jsdom/lib/jsdom/living/events/EventTarget-impl.js:221:9)
      at HTMLUnknownElementImpl.dispatchEvent (node_modules/jsdom/lib/jsdom/living/events/EventTarget-impl.js:94:17)
      at HTMLUnknownElement.dispatchEvent (node_modules/jsdom/lib/jsdom/living/generated/EventTarget.js:231:34)

    console.error
      The above error occurred in one of your React components:
      
          at Object.<anonymous>.exports.Controller (/Users/pabloelisseo/repos/one-beyond/csm/react-form-builder/node_modules/react-hook-form/src/form.tsx:37:9)
          at DatePicker (/Users/pabloelisseo/repos/one-beyond/csm/react-form-builder/src/Fields/Date/index.js:99:3)
          at /Users/pabloelisseo/repos/one-beyond/csm/react-form-builder/node_modules/@emotion/react/dist/emotion-element-48d2c2e4.cjs.dev.js:62:23
          at div
          at /Users/pabloelisseo/repos/one-beyond/csm/react-form-builder/node_modules/@emotion/react/dist/emotion-element-48d2c2e4.cjs.dev.js:62:23
          at QuestionDate (/Users/pabloelisseo/repos/one-beyond/csm/react-form-builder/src/Questions/Date/index.js:11:3)
      
      Consider adding an error boundary to your tree to customize error handling behavior.
      Visit https://reactjs.org/link/error-boundaries to learn more about error boundaries.

      at logCapturedError (node_modules/react-dom/cjs/react-dom.development.js:18687:23)
      at update.callback (node_modules/react-dom/cjs/react-dom.development.js:18720:5)
      at callCallback (node_modules/react-dom/cjs/react-dom.development.js:13923:12)
      at commitUpdateQueue (node_modules/react-dom/cjs/react-dom.development.js:13944:9)
      at commitLayoutEffectOnFiber (node_modules/react-dom/cjs/react-dom.development.js:23391:13)
      at commitLayoutMountEffects_complete (node_modules/react-dom/cjs/react-dom.development.js:24688:9)
      at commitLayoutEffects_begin (node_modules/react-dom/cjs/react-dom.development.js:24674:7)
      at commitLayoutEffects (node_modules/react-dom/cjs/react-dom.development.js:24612:3)

    console.error
      Error: Uncaught [TypeError: Cannot read properties of undefined (reading 'array')]
          at reportException (/Users/pabloelisseo/repos/one-beyond/csm/react-form-builder/node_modules/jsdom/lib/jsdom/living/helpers/runtime-script-errors.js:66:24)
          at innerInvokeEventListeners (/Users/pabloelisseo/repos/one-beyond/csm/react-form-builder/node_modules/jsdom/lib/jsdom/living/events/EventTarget-impl.js:341:9)
          at invokeEventListeners (/Users/pabloelisseo/repos/one-beyond/csm/react-form-builder/node_modules/jsdom/lib/jsdom/living/events/EventTarget-impl.js:274:3)
          at HTMLUnknownElementImpl._dispatch (/Users/pabloelisseo/repos/one-beyond/csm/react-form-builder/node_modules/jsdom/lib/jsdom/living/events/EventTarget-impl.js:221:9)
          at HTMLUnknownElementImpl.dispatchEvent (/Users/pabloelisseo/repos/one-beyond/csm/react-form-builder/node_modules/jsdom/lib/jsdom/living/events/EventTarget-impl.js:94:17)
          at HTMLUnknownElement.dispatchEvent (/Users/pabloelisseo/repos/one-beyond/csm/react-form-builder/node_modules/jsdom/lib/jsdom/living/generated/EventTarget.js:231:34)
          at Object.invokeGuardedCallbackDev (/Users/pabloelisseo/repos/one-beyond/csm/react-form-builder/node_modules/react-dom/cjs/react-dom.development.js:4213:16)
          at invokeGuardedCallback (/Users/pabloelisseo/repos/one-beyond/csm/react-form-builder/node_modules/react-dom/cjs/react-dom.development.js:4277:31)
          at beginWork$1 (/Users/pabloelisseo/repos/one-beyond/csm/react-form-builder/node_modules/react-dom/cjs/react-dom.development.js:27451:7)
          at performUnitOfWork (/Users/pabloelisseo/repos/one-beyond/csm/react-form-builder/node_modules/react-dom/cjs/react-dom.development.js:26560:12) TypeError: Cannot read properties of undefined (reading 'array')
          at control (/Users/pabloelisseo/repos/one-beyond/csm/react-form-builder/node_modules/react-hook-form/src/useController.ts:63:35)
          at Object.<anonymous>.exports.Controller (/Users/pabloelisseo/repos/one-beyond/csm/react-form-builder/node_modules/react-hook-form/src/form.tsx:38:5)
          at renderWithHooks (/Users/pabloelisseo/repos/one-beyond/csm/react-form-builder/node_modules/react-dom/cjs/react-dom.development.js:16305:18)
          at mountIndeterminateComponent (/Users/pabloelisseo/repos/one-beyond/csm/react-form-builder/node_modules/react-dom/cjs/react-dom.development.js:20074:13)
          at beginWork (/Users/pabloelisseo/repos/one-beyond/csm/react-form-builder/node_modules/react-dom/cjs/react-dom.development.js:21587:16)
          at HTMLUnknownElement.callCallback (/Users/pabloelisseo/repos/one-beyond/csm/react-form-builder/node_modules/react-dom/cjs/react-dom.development.js:4164:14)
          at HTMLUnknownElement.callTheUserObjectsOperation (/Users/pabloelisseo/repos/one-beyond/csm/react-form-builder/node_modules/jsdom/lib/jsdom/living/generated/EventListener.js:26:30)
          at innerInvokeEventListeners (/Users/pabloelisseo/repos/one-beyond/csm/react-form-builder/node_modules/jsdom/lib/jsdom/living/events/EventTarget-impl.js:338:25)
          at invokeEventListeners (/Users/pabloelisseo/repos/one-beyond/csm/react-form-builder/node_modules/jsdom/lib/jsdom/living/events/EventTarget-impl.js:274:3)
          at HTMLUnknownElementImpl._dispatch (/Users/pabloelisseo/repos/one-beyond/csm/react-form-builder/node_modules/jsdom/lib/jsdom/living/events/EventTarget-impl.js:221:9)
          at HTMLUnknownElementImpl.dispatchEvent (/Users/pabloelisseo/repos/one-beyond/csm/react-form-builder/node_modules/jsdom/lib/jsdom/living/events/EventTarget-impl.js:94:17)
          at HTMLUnknownElement.dispatchEvent (/Users/pabloelisseo/repos/one-beyond/csm/react-form-builder/node_modules/jsdom/lib/jsdom/living/generated/EventTarget.js:231:34)
          at Object.invokeGuardedCallbackDev (/Users/pabloelisseo/repos/one-beyond/csm/react-form-builder/node_modules/react-dom/cjs/react-dom.development.js:4213:16)
          at invokeGuardedCallback (/Users/pabloelisseo/repos/one-beyond/csm/react-form-builder/node_modules/react-dom/cjs/react-dom.development.js:4277:31)
          at beginWork$1 (/Users/pabloelisseo/repos/one-beyond/csm/react-form-builder/node_modules/react-dom/cjs/react-dom.development.js:27451:7)
          at performUnitOfWork (/Users/pabloelisseo/repos/one-beyond/csm/react-form-builder/node_modules/react-dom/cjs/react-dom.development.js:26560:12)
          at workLoopSync (/Users/pabloelisseo/repos/one-beyond/csm/react-form-builder/node_modules/react-dom/cjs/react-dom.development.js:26466:5)
          at renderRootSync (/Users/pabloelisseo/repos/one-beyond/csm/react-form-builder/node_modules/react-dom/cjs/react-dom.development.js:26434:7)
          at performConcurrentWorkOnRoot (/Users/pabloelisseo/repos/one-beyond/csm/react-form-builder/node_modules/react-dom/cjs/react-dom.development.js:25738:74)
          at flushActQueue (/Users/pabloelisseo/repos/one-beyond/csm/react-form-builder/node_modules/react/cjs/react.development.js:2667:24)
          at act (/Users/pabloelisseo/repos/one-beyond/csm/react-form-builder/node_modules/react/cjs/react.development.js:2582:11)
          at /Users/pabloelisseo/repos/one-beyond/csm/react-form-builder/node_modules/@testing-library/react/dist/act-compat.js:46:25
          at renderRoot (/Users/pabloelisseo/repos/one-beyond/csm/react-form-builder/node_modules/@testing-library/react/dist/pure.js:161:26)
          at render (/Users/pabloelisseo/repos/one-beyond/csm/react-form-builder/node_modules/@testing-library/react/dist/pure.js:247:10)
          at Object.<anonymous> (/Users/pabloelisseo/repos/one-beyond/csm/react-form-builder/src/Questions/Date/__tests__/date.test.js:128:31)
          at Promise.then.completed (/Users/pabloelisseo/repos/one-beyond/csm/react-form-builder/node_modules/jest-circus/build/utils.js:391:28)
          at new Promise (<anonymous>)
          at callAsyncCircusFn (/Users/pabloelisseo/repos/one-beyond/csm/react-form-builder/node_modules/jest-circus/build/utils.js:316:10)
          at _callCircusTest (/Users/pabloelisseo/repos/one-beyond/csm/react-form-builder/node_modules/jest-circus/build/run.js:218:40)
          at processTicksAndRejections (node:internal/process/task_queues:95:5)
          at _runTest (/Users/pabloelisseo/repos/one-beyond/csm/react-form-builder/node_modules/jest-circus/build/run.js:155:3)
          at _runTestsForDescribeBlock (/Users/pabloelisseo/repos/one-beyond/csm/react-form-builder/node_modules/jest-circus/build/run.js:66:9)
          at run (/Users/pabloelisseo/repos/one-beyond/csm/react-form-builder/node_modules/jest-circus/build/run.js:25:3)
          at runAndTransformResultsToJestFormat (/Users/pabloelisseo/repos/one-beyond/csm/react-form-builder/node_modules/jest-circus/build/legacy-code-todo-rewrite/jestAdapterInit.js:170:21)
          at jestAdapter (/Users/pabloelisseo/repos/one-beyond/csm/react-form-builder/node_modules/jest-circus/build/legacy-code-todo-rewrite/jestAdapter.js:82:19)
          at runTestInternal (/Users/pabloelisseo/repos/one-beyond/csm/react-form-builder/node_modules/jest-runner/build/runTest.js:389:16)
          at runTest (/Users/pabloelisseo/repos/one-beyond/csm/react-form-builder/node_modules/jest-runner/build/runTest.js:475:34)
          at Object.worker (/Users/pabloelisseo/repos/one-beyond/csm/react-form-builder/node_modules/jest-runner/build/testWorker.js:133:12)

      at VirtualConsole.<anonymous> (node_modules/jsdom/lib/jsdom/virtual-console.js:29:45)
      at reportException (node_modules/jsdom/lib/jsdom/living/helpers/runtime-script-errors.js:70:28)
      at innerInvokeEventListeners (node_modules/jsdom/lib/jsdom/living/events/EventTarget-impl.js:341:9)
      at invokeEventListeners (node_modules/jsdom/lib/jsdom/living/events/EventTarget-impl.js:274:3)
      at HTMLUnknownElementImpl._dispatch (node_modules/jsdom/lib/jsdom/living/events/EventTarget-impl.js:221:9)
      at HTMLUnknownElementImpl.dispatchEvent (node_modules/jsdom/lib/jsdom/living/events/EventTarget-impl.js:94:17)
      at HTMLUnknownElement.dispatchEvent (node_modules/jsdom/lib/jsdom/living/generated/EventTarget.js:231:34)

    console.error
      Error: Uncaught [TypeError: Cannot read properties of undefined (reading 'array')]
          at reportException (/Users/pabloelisseo/repos/one-beyond/csm/react-form-builder/node_modules/jsdom/lib/jsdom/living/helpers/runtime-script-errors.js:66:24)
          at innerInvokeEventListeners (/Users/pabloelisseo/repos/one-beyond/csm/react-form-builder/node_modules/jsdom/lib/jsdom/living/events/EventTarget-impl.js:341:9)
          at invokeEventListeners (/Users/pabloelisseo/repos/one-beyond/csm/react-form-builder/node_modules/jsdom/lib/jsdom/living/events/EventTarget-impl.js:274:3)
          at HTMLUnknownElementImpl._dispatch (/Users/pabloelisseo/repos/one-beyond/csm/react-form-builder/node_modules/jsdom/lib/jsdom/living/events/EventTarget-impl.js:221:9)
          at HTMLUnknownElementImpl.dispatchEvent (/Users/pabloelisseo/repos/one-beyond/csm/react-form-builder/node_modules/jsdom/lib/jsdom/living/events/EventTarget-impl.js:94:17)
          at HTMLUnknownElement.dispatchEvent (/Users/pabloelisseo/repos/one-beyond/csm/react-form-builder/node_modules/jsdom/lib/jsdom/living/generated/EventTarget.js:231:34)
          at Object.invokeGuardedCallbackDev (/Users/pabloelisseo/repos/one-beyond/csm/react-form-builder/node_modules/react-dom/cjs/react-dom.development.js:4213:16)
          at invokeGuardedCallback (/Users/pabloelisseo/repos/one-beyond/csm/react-form-builder/node_modules/react-dom/cjs/react-dom.development.js:4277:31)
          at beginWork$1 (/Users/pabloelisseo/repos/one-beyond/csm/react-form-builder/node_modules/react-dom/cjs/react-dom.development.js:27451:7)
          at performUnitOfWork (/Users/pabloelisseo/repos/one-beyond/csm/react-form-builder/node_modules/react-dom/cjs/react-dom.development.js:26560:12) TypeError: Cannot read properties of undefined (reading 'array')
          at control (/Users/pabloelisseo/repos/one-beyond/csm/react-form-builder/node_modules/react-hook-form/src/useController.ts:63:35)
          at Object.<anonymous>.exports.Controller (/Users/pabloelisseo/repos/one-beyond/csm/react-form-builder/node_modules/react-hook-form/src/form.tsx:38:5)
          at renderWithHooks (/Users/pabloelisseo/repos/one-beyond/csm/react-form-builder/node_modules/react-dom/cjs/react-dom.development.js:16305:18)
          at mountIndeterminateComponent (/Users/pabloelisseo/repos/one-beyond/csm/react-form-builder/node_modules/react-dom/cjs/react-dom.development.js:20074:13)
          at beginWork (/Users/pabloelisseo/repos/one-beyond/csm/react-form-builder/node_modules/react-dom/cjs/react-dom.development.js:21587:16)
          at HTMLUnknownElement.callCallback (/Users/pabloelisseo/repos/one-beyond/csm/react-form-builder/node_modules/react-dom/cjs/react-dom.development.js:4164:14)
          at HTMLUnknownElement.callTheUserObjectsOperation (/Users/pabloelisseo/repos/one-beyond/csm/react-form-builder/node_modules/jsdom/lib/jsdom/living/generated/EventListener.js:26:30)
          at innerInvokeEventListeners (/Users/pabloelisseo/repos/one-beyond/csm/react-form-builder/node_modules/jsdom/lib/jsdom/living/events/EventTarget-impl.js:338:25)
          at invokeEventListeners (/Users/pabloelisseo/repos/one-beyond/csm/react-form-builder/node_modules/jsdom/lib/jsdom/living/events/EventTarget-impl.js:274:3)
          at HTMLUnknownElementImpl._dispatch (/Users/pabloelisseo/repos/one-beyond/csm/react-form-builder/node_modules/jsdom/lib/jsdom/living/events/EventTarget-impl.js:221:9)
          at HTMLUnknownElementImpl.dispatchEvent (/Users/pabloelisseo/repos/one-beyond/csm/react-form-builder/node_modules/jsdom/lib/jsdom/living/events/EventTarget-impl.js:94:17)
          at HTMLUnknownElement.dispatchEvent (/Users/pabloelisseo/repos/one-beyond/csm/react-form-builder/node_modules/jsdom/lib/jsdom/living/generated/EventTarget.js:231:34)
          at Object.invokeGuardedCallbackDev (/Users/pabloelisseo/repos/one-beyond/csm/react-form-builder/node_modules/react-dom/cjs/react-dom.development.js:4213:16)
          at invokeGuardedCallback (/Users/pabloelisseo/repos/one-beyond/csm/react-form-builder/node_modules/react-dom/cjs/react-dom.development.js:4277:31)
          at beginWork$1 (/Users/pabloelisseo/repos/one-beyond/csm/react-form-builder/node_modules/react-dom/cjs/react-dom.development.js:27451:7)
          at performUnitOfWork (/Users/pabloelisseo/repos/one-beyond/csm/react-form-builder/node_modules/react-dom/cjs/react-dom.development.js:26560:12)
          at workLoopSync (/Users/pabloelisseo/repos/one-beyond/csm/react-form-builder/node_modules/react-dom/cjs/react-dom.development.js:26466:5)
          at renderRootSync (/Users/pabloelisseo/repos/one-beyond/csm/react-form-builder/node_modules/react-dom/cjs/react-dom.development.js:26434:7)
          at recoverFromConcurrentError (/Users/pabloelisseo/repos/one-beyond/csm/react-form-builder/node_modules/react-dom/cjs/react-dom.development.js:25850:20)
          at performConcurrentWorkOnRoot (/Users/pabloelisseo/repos/one-beyond/csm/react-form-builder/node_modules/react-dom/cjs/react-dom.development.js:25750:22)
          at flushActQueue (/Users/pabloelisseo/repos/one-beyond/csm/react-form-builder/node_modules/react/cjs/react.development.js:2667:24)
          at act (/Users/pabloelisseo/repos/one-beyond/csm/react-form-builder/node_modules/react/cjs/react.development.js:2582:11)
          at /Users/pabloelisseo/repos/one-beyond/csm/react-form-builder/node_modules/@testing-library/react/dist/act-compat.js:46:25
          at renderRoot (/Users/pabloelisseo/repos/one-beyond/csm/react-form-builder/node_modules/@testing-library/react/dist/pure.js:161:26)
          at render (/Users/pabloelisseo/repos/one-beyond/csm/react-form-builder/node_modules/@testing-library/react/dist/pure.js:247:10)
          at Object.<anonymous> (/Users/pabloelisseo/repos/one-beyond/csm/react-form-builder/src/Questions/Date/__tests__/date.test.js:128:31)
          at Promise.then.completed (/Users/pabloelisseo/repos/one-beyond/csm/react-form-builder/node_modules/jest-circus/build/utils.js:391:28)
          at new Promise (<anonymous>)
          at callAsyncCircusFn (/Users/pabloelisseo/repos/one-beyond/csm/react-form-builder/node_modules/jest-circus/build/utils.js:316:10)
          at _callCircusTest (/Users/pabloelisseo/repos/one-beyond/csm/react-form-builder/node_modules/jest-circus/build/run.js:218:40)
          at processTicksAndRejections (node:internal/process/task_queues:95:5)
          at _runTest (/Users/pabloelisseo/repos/one-beyond/csm/react-form-builder/node_modules/jest-circus/build/run.js:155:3)
          at _runTestsForDescribeBlock (/Users/pabloelisseo/repos/one-beyond/csm/react-form-builder/node_modules/jest-circus/build/run.js:66:9)
          at run (/Users/pabloelisseo/repos/one-beyond/csm/react-form-builder/node_modules/jest-circus/build/run.js:25:3)
          at runAndTransformResultsToJestFormat (/Users/pabloelisseo/repos/one-beyond/csm/react-form-builder/node_modules/jest-circus/build/legacy-code-todo-rewrite/jestAdapterInit.js:170:21)
          at jestAdapter (/Users/pabloelisseo/repos/one-beyond/csm/react-form-builder/node_modules/jest-circus/build/legacy-code-todo-rewrite/jestAdapter.js:82:19)
          at runTestInternal (/Users/pabloelisseo/repos/one-beyond/csm/react-form-builder/node_modules/jest-runner/build/runTest.js:389:16)
          at runTest (/Users/pabloelisseo/repos/one-beyond/csm/react-form-builder/node_modules/jest-runner/build/runTest.js:475:34)
          at Object.worker (/Users/pabloelisseo/repos/one-beyond/csm/react-form-builder/node_modules/jest-runner/build/testWorker.js:133:12)

      at VirtualConsole.<anonymous> (node_modules/jsdom/lib/jsdom/virtual-console.js:29:45)
      at reportException (node_modules/jsdom/lib/jsdom/living/helpers/runtime-script-errors.js:70:28)
      at innerInvokeEventListeners (node_modules/jsdom/lib/jsdom/living/events/EventTarget-impl.js:341:9)
      at invokeEventListeners (node_modules/jsdom/lib/jsdom/living/events/EventTarget-impl.js:274:3)
      at HTMLUnknownElementImpl._dispatch (node_modules/jsdom/lib/jsdom/living/events/EventTarget-impl.js:221:9)
      at HTMLUnknownElementImpl.dispatchEvent (node_modules/jsdom/lib/jsdom/living/events/EventTarget-impl.js:94:17)
      at HTMLUnknownElement.dispatchEvent (node_modules/jsdom/lib/jsdom/living/generated/EventTarget.js:231:34)

    console.error
      The above error occurred in one of your React components:
      
          at Object.<anonymous>.exports.Controller (/Users/pabloelisseo/repos/one-beyond/csm/react-form-builder/node_modules/react-hook-form/src/form.tsx:37:9)
          at DatePicker (/Users/pabloelisseo/repos/one-beyond/csm/react-form-builder/src/Fields/Date/index.js:99:3)
          at /Users/pabloelisseo/repos/one-beyond/csm/react-form-builder/node_modules/@emotion/react/dist/emotion-element-48d2c2e4.cjs.dev.js:62:23
          at div
          at /Users/pabloelisseo/repos/one-beyond/csm/react-form-builder/node_modules/@emotion/react/dist/emotion-element-48d2c2e4.cjs.dev.js:62:23
          at QuestionDate (/Users/pabloelisseo/repos/one-beyond/csm/react-form-builder/src/Questions/Date/index.js:11:3)
      
      Consider adding an error boundary to your tree to customize error handling behavior.
      Visit https://reactjs.org/link/error-boundaries to learn more about error boundaries.

      at logCapturedError (node_modules/react-dom/cjs/react-dom.development.js:18687:23)
      at update.callback (node_modules/react-dom/cjs/react-dom.development.js:18720:5)
      at callCallback (node_modules/react-dom/cjs/react-dom.development.js:13923:12)
      at commitUpdateQueue (node_modules/react-dom/cjs/react-dom.development.js:13944:9)
      at commitLayoutEffectOnFiber (node_modules/react-dom/cjs/react-dom.development.js:23391:13)
      at commitLayoutMountEffects_complete (node_modules/react-dom/cjs/react-dom.development.js:24688:9)
      at commitLayoutEffects_begin (node_modules/react-dom/cjs/react-dom.development.js:24674:7)
      at commitLayoutEffects (node_modules/react-dom/cjs/react-dom.development.js:24612:3)

    console.error
      Error: Uncaught [TypeError: Cannot read properties of undefined (reading 'array')]
          at reportException (/Users/pabloelisseo/repos/one-beyond/csm/react-form-builder/node_modules/jsdom/lib/jsdom/living/helpers/runtime-script-errors.js:66:24)
          at innerInvokeEventListeners (/Users/pabloelisseo/repos/one-beyond/csm/react-form-builder/node_modules/jsdom/lib/jsdom/living/events/EventTarget-impl.js:341:9)
          at invokeEventListeners (/Users/pabloelisseo/repos/one-beyond/csm/react-form-builder/node_modules/jsdom/lib/jsdom/living/events/EventTarget-impl.js:274:3)
          at HTMLUnknownElementImpl._dispatch (/Users/pabloelisseo/repos/one-beyond/csm/react-form-builder/node_modules/jsdom/lib/jsdom/living/events/EventTarget-impl.js:221:9)
          at HTMLUnknownElementImpl.dispatchEvent (/Users/pabloelisseo/repos/one-beyond/csm/react-form-builder/node_modules/jsdom/lib/jsdom/living/events/EventTarget-impl.js:94:17)
          at HTMLUnknownElement.dispatchEvent (/Users/pabloelisseo/repos/one-beyond/csm/react-form-builder/node_modules/jsdom/lib/jsdom/living/generated/EventTarget.js:231:34)
          at Object.invokeGuardedCallbackDev (/Users/pabloelisseo/repos/one-beyond/csm/react-form-builder/node_modules/react-dom/cjs/react-dom.development.js:4213:16)
          at invokeGuardedCallback (/Users/pabloelisseo/repos/one-beyond/csm/react-form-builder/node_modules/react-dom/cjs/react-dom.development.js:4277:31)
          at beginWork$1 (/Users/pabloelisseo/repos/one-beyond/csm/react-form-builder/node_modules/react-dom/cjs/react-dom.development.js:27451:7)
          at performUnitOfWork (/Users/pabloelisseo/repos/one-beyond/csm/react-form-builder/node_modules/react-dom/cjs/react-dom.development.js:26560:12) TypeError: Cannot read properties of undefined (reading 'array')
          at control (/Users/pabloelisseo/repos/one-beyond/csm/react-form-builder/node_modules/react-hook-form/src/useController.ts:63:35)
          at Object.<anonymous>.exports.Controller (/Users/pabloelisseo/repos/one-beyond/csm/react-form-builder/node_modules/react-hook-form/src/form.tsx:38:5)
          at renderWithHooks (/Users/pabloelisseo/repos/one-beyond/csm/react-form-builder/node_modules/react-dom/cjs/react-dom.development.js:16305:18)
          at mountIndeterminateComponent (/Users/pabloelisseo/repos/one-beyond/csm/react-form-builder/node_modules/react-dom/cjs/react-dom.development.js:20074:13)
          at beginWork (/Users/pabloelisseo/repos/one-beyond/csm/react-form-builder/node_modules/react-dom/cjs/react-dom.development.js:21587:16)
          at HTMLUnknownElement.callCallback (/Users/pabloelisseo/repos/one-beyond/csm/react-form-builder/node_modules/react-dom/cjs/react-dom.development.js:4164:14)
          at HTMLUnknownElement.callTheUserObjectsOperation (/Users/pabloelisseo/repos/one-beyond/csm/react-form-builder/node_modules/jsdom/lib/jsdom/living/generated/EventListener.js:26:30)
          at innerInvokeEventListeners (/Users/pabloelisseo/repos/one-beyond/csm/react-form-builder/node_modules/jsdom/lib/jsdom/living/events/EventTarget-impl.js:338:25)
          at invokeEventListeners (/Users/pabloelisseo/repos/one-beyond/csm/react-form-builder/node_modules/jsdom/lib/jsdom/living/events/EventTarget-impl.js:274:3)
          at HTMLUnknownElementImpl._dispatch (/Users/pabloelisseo/repos/one-beyond/csm/react-form-builder/node_modules/jsdom/lib/jsdom/living/events/EventTarget-impl.js:221:9)
          at HTMLUnknownElementImpl.dispatchEvent (/Users/pabloelisseo/repos/one-beyond/csm/react-form-builder/node_modules/jsdom/lib/jsdom/living/events/EventTarget-impl.js:94:17)
          at HTMLUnknownElement.dispatchEvent (/Users/pabloelisseo/repos/one-beyond/csm/react-form-builder/node_modules/jsdom/lib/jsdom/living/generated/EventTarget.js:231:34)
          at Object.invokeGuardedCallbackDev (/Users/pabloelisseo/repos/one-beyond/csm/react-form-builder/node_modules/react-dom/cjs/react-dom.development.js:4213:16)
          at invokeGuardedCallback (/Users/pabloelisseo/repos/one-beyond/csm/react-form-builder/node_modules/react-dom/cjs/react-dom.development.js:4277:31)
          at beginWork$1 (/Users/pabloelisseo/repos/one-beyond/csm/react-form-builder/node_modules/react-dom/cjs/react-dom.development.js:27451:7)
          at performUnitOfWork (/Users/pabloelisseo/repos/one-beyond/csm/react-form-builder/node_modules/react-dom/cjs/react-dom.development.js:26560:12)
          at workLoopSync (/Users/pabloelisseo/repos/one-beyond/csm/react-form-builder/node_modules/react-dom/cjs/react-dom.development.js:26466:5)
          at renderRootSync (/Users/pabloelisseo/repos/one-beyond/csm/react-form-builder/node_modules/react-dom/cjs/react-dom.development.js:26434:7)
          at performConcurrentWorkOnRoot (/Users/pabloelisseo/repos/one-beyond/csm/react-form-builder/node_modules/react-dom/cjs/react-dom.development.js:25738:74)
          at flushActQueue (/Users/pabloelisseo/repos/one-beyond/csm/react-form-builder/node_modules/react/cjs/react.development.js:2667:24)
          at act (/Users/pabloelisseo/repos/one-beyond/csm/react-form-builder/node_modules/react/cjs/react.development.js:2582:11)
          at /Users/pabloelisseo/repos/one-beyond/csm/react-form-builder/node_modules/@testing-library/react/dist/act-compat.js:46:25
          at renderRoot (/Users/pabloelisseo/repos/one-beyond/csm/react-form-builder/node_modules/@testing-library/react/dist/pure.js:161:26)
          at render (/Users/pabloelisseo/repos/one-beyond/csm/react-form-builder/node_modules/@testing-library/react/dist/pure.js:247:10)
          at Object.<anonymous> (/Users/pabloelisseo/repos/one-beyond/csm/react-form-builder/src/Questions/Date/__tests__/date.test.js:159:31)
          at Promise.then.completed (/Users/pabloelisseo/repos/one-beyond/csm/react-form-builder/node_modules/jest-circus/build/utils.js:391:28)
          at new Promise (<anonymous>)
          at callAsyncCircusFn (/Users/pabloelisseo/repos/one-beyond/csm/react-form-builder/node_modules/jest-circus/build/utils.js:316:10)
          at _callCircusTest (/Users/pabloelisseo/repos/one-beyond/csm/react-form-builder/node_modules/jest-circus/build/run.js:218:40)
          at processTicksAndRejections (node:internal/process/task_queues:95:5)
          at _runTest (/Users/pabloelisseo/repos/one-beyond/csm/react-form-builder/node_modules/jest-circus/build/run.js:155:3)
          at _runTestsForDescribeBlock (/Users/pabloelisseo/repos/one-beyond/csm/react-form-builder/node_modules/jest-circus/build/run.js:66:9)
          at run (/Users/pabloelisseo/repos/one-beyond/csm/react-form-builder/node_modules/jest-circus/build/run.js:25:3)
          at runAndTransformResultsToJestFormat (/Users/pabloelisseo/repos/one-beyond/csm/react-form-builder/node_modules/jest-circus/build/legacy-code-todo-rewrite/jestAdapterInit.js:170:21)
          at jestAdapter (/Users/pabloelisseo/repos/one-beyond/csm/react-form-builder/node_modules/jest-circus/build/legacy-code-todo-rewrite/jestAdapter.js:82:19)
          at runTestInternal (/Users/pabloelisseo/repos/one-beyond/csm/react-form-builder/node_modules/jest-runner/build/runTest.js:389:16)
          at runTest (/Users/pabloelisseo/repos/one-beyond/csm/react-form-builder/node_modules/jest-runner/build/runTest.js:475:34)
          at Object.worker (/Users/pabloelisseo/repos/one-beyond/csm/react-form-builder/node_modules/jest-runner/build/testWorker.js:133:12)

      at VirtualConsole.<anonymous> (node_modules/jsdom/lib/jsdom/virtual-console.js:29:45)
      at reportException (node_modules/jsdom/lib/jsdom/living/helpers/runtime-script-errors.js:70:28)
      at innerInvokeEventListeners (node_modules/jsdom/lib/jsdom/living/events/EventTarget-impl.js:341:9)
      at invokeEventListeners (node_modules/jsdom/lib/jsdom/living/events/EventTarget-impl.js:274:3)
      at HTMLUnknownElementImpl._dispatch (node_modules/jsdom/lib/jsdom/living/events/EventTarget-impl.js:221:9)
      at HTMLUnknownElementImpl.dispatchEvent (node_modules/jsdom/lib/jsdom/living/events/EventTarget-impl.js:94:17)
      at HTMLUnknownElement.dispatchEvent (node_modules/jsdom/lib/jsdom/living/generated/EventTarget.js:231:34)

    console.error
      Error: Uncaught [TypeError: Cannot read properties of undefined (reading 'array')]
          at reportException (/Users/pabloelisseo/repos/one-beyond/csm/react-form-builder/node_modules/jsdom/lib/jsdom/living/helpers/runtime-script-errors.js:66:24)
          at innerInvokeEventListeners (/Users/pabloelisseo/repos/one-beyond/csm/react-form-builder/node_modules/jsdom/lib/jsdom/living/events/EventTarget-impl.js:341:9)
          at invokeEventListeners (/Users/pabloelisseo/repos/one-beyond/csm/react-form-builder/node_modules/jsdom/lib/jsdom/living/events/EventTarget-impl.js:274:3)
          at HTMLUnknownElementImpl._dispatch (/Users/pabloelisseo/repos/one-beyond/csm/react-form-builder/node_modules/jsdom/lib/jsdom/living/events/EventTarget-impl.js:221:9)
          at HTMLUnknownElementImpl.dispatchEvent (/Users/pabloelisseo/repos/one-beyond/csm/react-form-builder/node_modules/jsdom/lib/jsdom/living/events/EventTarget-impl.js:94:17)
          at HTMLUnknownElement.dispatchEvent (/Users/pabloelisseo/repos/one-beyond/csm/react-form-builder/node_modules/jsdom/lib/jsdom/living/generated/EventTarget.js:231:34)
          at Object.invokeGuardedCallbackDev (/Users/pabloelisseo/repos/one-beyond/csm/react-form-builder/node_modules/react-dom/cjs/react-dom.development.js:4213:16)
          at invokeGuardedCallback (/Users/pabloelisseo/repos/one-beyond/csm/react-form-builder/node_modules/react-dom/cjs/react-dom.development.js:4277:31)
          at beginWork$1 (/Users/pabloelisseo/repos/one-beyond/csm/react-form-builder/node_modules/react-dom/cjs/react-dom.development.js:27451:7)
          at performUnitOfWork (/Users/pabloelisseo/repos/one-beyond/csm/react-form-builder/node_modules/react-dom/cjs/react-dom.development.js:26560:12) TypeError: Cannot read properties of undefined (reading 'array')
          at control (/Users/pabloelisseo/repos/one-beyond/csm/react-form-builder/node_modules/react-hook-form/src/useController.ts:63:35)
          at Object.<anonymous>.exports.Controller (/Users/pabloelisseo/repos/one-beyond/csm/react-form-builder/node_modules/react-hook-form/src/form.tsx:38:5)
          at renderWithHooks (/Users/pabloelisseo/repos/one-beyond/csm/react-form-builder/node_modules/react-dom/cjs/react-dom.development.js:16305:18)
          at mountIndeterminateComponent (/Users/pabloelisseo/repos/one-beyond/csm/react-form-builder/node_modules/react-dom/cjs/react-dom.development.js:20074:13)
          at beginWork (/Users/pabloelisseo/repos/one-beyond/csm/react-form-builder/node_modules/react-dom/cjs/react-dom.development.js:21587:16)
          at HTMLUnknownElement.callCallback (/Users/pabloelisseo/repos/one-beyond/csm/react-form-builder/node_modules/react-dom/cjs/react-dom.development.js:4164:14)
          at HTMLUnknownElement.callTheUserObjectsOperation (/Users/pabloelisseo/repos/one-beyond/csm/react-form-builder/node_modules/jsdom/lib/jsdom/living/generated/EventListener.js:26:30)
          at innerInvokeEventListeners (/Users/pabloelisseo/repos/one-beyond/csm/react-form-builder/node_modules/jsdom/lib/jsdom/living/events/EventTarget-impl.js:338:25)
          at invokeEventListeners (/Users/pabloelisseo/repos/one-beyond/csm/react-form-builder/node_modules/jsdom/lib/jsdom/living/events/EventTarget-impl.js:274:3)
          at HTMLUnknownElementImpl._dispatch (/Users/pabloelisseo/repos/one-beyond/csm/react-form-builder/node_modules/jsdom/lib/jsdom/living/events/EventTarget-impl.js:221:9)
          at HTMLUnknownElementImpl.dispatchEvent (/Users/pabloelisseo/repos/one-beyond/csm/react-form-builder/node_modules/jsdom/lib/jsdom/living/events/EventTarget-impl.js:94:17)
          at HTMLUnknownElement.dispatchEvent (/Users/pabloelisseo/repos/one-beyond/csm/react-form-builder/node_modules/jsdom/lib/jsdom/living/generated/EventTarget.js:231:34)
          at Object.invokeGuardedCallbackDev (/Users/pabloelisseo/repos/one-beyond/csm/react-form-builder/node_modules/react-dom/cjs/react-dom.development.js:4213:16)
          at invokeGuardedCallback (/Users/pabloelisseo/repos/one-beyond/csm/react-form-builder/node_modules/react-dom/cjs/react-dom.development.js:4277:31)
          at beginWork$1 (/Users/pabloelisseo/repos/one-beyond/csm/react-form-builder/node_modules/react-dom/cjs/react-dom.development.js:27451:7)
          at performUnitOfWork (/Users/pabloelisseo/repos/one-beyond/csm/react-form-builder/node_modules/react-dom/cjs/react-dom.development.js:26560:12)
          at workLoopSync (/Users/pabloelisseo/repos/one-beyond/csm/react-form-builder/node_modules/react-dom/cjs/react-dom.development.js:26466:5)
          at renderRootSync (/Users/pabloelisseo/repos/one-beyond/csm/react-form-builder/node_modules/react-dom/cjs/react-dom.development.js:26434:7)
          at recoverFromConcurrentError (/Users/pabloelisseo/repos/one-beyond/csm/react-form-builder/node_modules/react-dom/cjs/react-dom.development.js:25850:20)
          at performConcurrentWorkOnRoot (/Users/pabloelisseo/repos/one-beyond/csm/react-form-builder/node_modules/react-dom/cjs/react-dom.development.js:25750:22)
          at flushActQueue (/Users/pabloelisseo/repos/one-beyond/csm/react-form-builder/node_modules/react/cjs/react.development.js:2667:24)
          at act (/Users/pabloelisseo/repos/one-beyond/csm/react-form-builder/node_modules/react/cjs/react.development.js:2582:11)
          at /Users/pabloelisseo/repos/one-beyond/csm/react-form-builder/node_modules/@testing-library/react/dist/act-compat.js:46:25
          at renderRoot (/Users/pabloelisseo/repos/one-beyond/csm/react-form-builder/node_modules/@testing-library/react/dist/pure.js:161:26)
          at render (/Users/pabloelisseo/repos/one-beyond/csm/react-form-builder/node_modules/@testing-library/react/dist/pure.js:247:10)
          at Object.<anonymous> (/Users/pabloelisseo/repos/one-beyond/csm/react-form-builder/src/Questions/Date/__tests__/date.test.js:159:31)
          at Promise.then.completed (/Users/pabloelisseo/repos/one-beyond/csm/react-form-builder/node_modules/jest-circus/build/utils.js:391:28)
          at new Promise (<anonymous>)
          at callAsyncCircusFn (/Users/pabloelisseo/repos/one-beyond/csm/react-form-builder/node_modules/jest-circus/build/utils.js:316:10)
          at _callCircusTest (/Users/pabloelisseo/repos/one-beyond/csm/react-form-builder/node_modules/jest-circus/build/run.js:218:40)
          at processTicksAndRejections (node:internal/process/task_queues:95:5)
          at _runTest (/Users/pabloelisseo/repos/one-beyond/csm/react-form-builder/node_modules/jest-circus/build/run.js:155:3)
          at _runTestsForDescribeBlock (/Users/pabloelisseo/repos/one-beyond/csm/react-form-builder/node_modules/jest-circus/build/run.js:66:9)
          at run (/Users/pabloelisseo/repos/one-beyond/csm/react-form-builder/node_modules/jest-circus/build/run.js:25:3)
          at runAndTransformResultsToJestFormat (/Users/pabloelisseo/repos/one-beyond/csm/react-form-builder/node_modules/jest-circus/build/legacy-code-todo-rewrite/jestAdapterInit.js:170:21)
          at jestAdapter (/Users/pabloelisseo/repos/one-beyond/csm/react-form-builder/node_modules/jest-circus/build/legacy-code-todo-rewrite/jestAdapter.js:82:19)
          at runTestInternal (/Users/pabloelisseo/repos/one-beyond/csm/react-form-builder/node_modules/jest-runner/build/runTest.js:389:16)
          at runTest (/Users/pabloelisseo/repos/one-beyond/csm/react-form-builder/node_modules/jest-runner/build/runTest.js:475:34)
          at Object.worker (/Users/pabloelisseo/repos/one-beyond/csm/react-form-builder/node_modules/jest-runner/build/testWorker.js:133:12)

      at VirtualConsole.<anonymous> (node_modules/jsdom/lib/jsdom/virtual-console.js:29:45)
      at reportException (node_modules/jsdom/lib/jsdom/living/helpers/runtime-script-errors.js:70:28)
      at innerInvokeEventListeners (node_modules/jsdom/lib/jsdom/living/events/EventTarget-impl.js:341:9)
      at invokeEventListeners (node_modules/jsdom/lib/jsdom/living/events/EventTarget-impl.js:274:3)
      at HTMLUnknownElementImpl._dispatch (node_modules/jsdom/lib/jsdom/living/events/EventTarget-impl.js:221:9)
      at HTMLUnknownElementImpl.dispatchEvent (node_modules/jsdom/lib/jsdom/living/events/EventTarget-impl.js:94:17)
      at HTMLUnknownElement.dispatchEvent (node_modules/jsdom/lib/jsdom/living/generated/EventTarget.js:231:34)

    console.error
      The above error occurred in one of your React components:
      
          at Object.<anonymous>.exports.Controller (/Users/pabloelisseo/repos/one-beyond/csm/react-form-builder/node_modules/react-hook-form/src/form.tsx:37:9)
          at DatePicker (/Users/pabloelisseo/repos/one-beyond/csm/react-form-builder/src/Fields/Date/index.js:99:3)
          at /Users/pabloelisseo/repos/one-beyond/csm/react-form-builder/node_modules/@emotion/react/dist/emotion-element-48d2c2e4.cjs.dev.js:62:23
          at div
          at /Users/pabloelisseo/repos/one-beyond/csm/react-form-builder/node_modules/@emotion/react/dist/emotion-element-48d2c2e4.cjs.dev.js:62:23
          at QuestionDate (/Users/pabloelisseo/repos/one-beyond/csm/react-form-builder/src/Questions/Date/index.js:11:3)
      
      Consider adding an error boundary to your tree to customize error handling behavior.
      Visit https://reactjs.org/link/error-boundaries to learn more about error boundaries.

      at logCapturedError (node_modules/react-dom/cjs/react-dom.development.js:18687:23)
      at update.callback (node_modules/react-dom/cjs/react-dom.development.js:18720:5)
      at callCallback (node_modules/react-dom/cjs/react-dom.development.js:13923:12)
      at commitUpdateQueue (node_modules/react-dom/cjs/react-dom.development.js:13944:9)
      at commitLayoutEffectOnFiber (node_modules/react-dom/cjs/react-dom.development.js:23391:13)
      at commitLayoutMountEffects_complete (node_modules/react-dom/cjs/react-dom.development.js:24688:9)
      at commitLayoutEffects_begin (node_modules/react-dom/cjs/react-dom.development.js:24674:7)
      at commitLayoutEffects (node_modules/react-dom/cjs/react-dom.development.js:24612:3)

    console.error
      Error: Uncaught [TypeError: Cannot read properties of undefined (reading 'array')]
          at reportException (/Users/pabloelisseo/repos/one-beyond/csm/react-form-builder/node_modules/jsdom/lib/jsdom/living/helpers/runtime-script-errors.js:66:24)
          at innerInvokeEventListeners (/Users/pabloelisseo/repos/one-beyond/csm/react-form-builder/node_modules/jsdom/lib/jsdom/living/events/EventTarget-impl.js:341:9)
          at invokeEventListeners (/Users/pabloelisseo/repos/one-beyond/csm/react-form-builder/node_modules/jsdom/lib/jsdom/living/events/EventTarget-impl.js:274:3)
          at HTMLUnknownElementImpl._dispatch (/Users/pabloelisseo/repos/one-beyond/csm/react-form-builder/node_modules/jsdom/lib/jsdom/living/events/EventTarget-impl.js:221:9)
          at HTMLUnknownElementImpl.dispatchEvent (/Users/pabloelisseo/repos/one-beyond/csm/react-form-builder/node_modules/jsdom/lib/jsdom/living/events/EventTarget-impl.js:94:17)
          at HTMLUnknownElement.dispatchEvent (/Users/pabloelisseo/repos/one-beyond/csm/react-form-builder/node_modules/jsdom/lib/jsdom/living/generated/EventTarget.js:231:34)
          at Object.invokeGuardedCallbackDev (/Users/pabloelisseo/repos/one-beyond/csm/react-form-builder/node_modules/react-dom/cjs/react-dom.development.js:4213:16)
          at invokeGuardedCallback (/Users/pabloelisseo/repos/one-beyond/csm/react-form-builder/node_modules/react-dom/cjs/react-dom.development.js:4277:31)
          at beginWork$1 (/Users/pabloelisseo/repos/one-beyond/csm/react-form-builder/node_modules/react-dom/cjs/react-dom.development.js:27451:7)
          at performUnitOfWork (/Users/pabloelisseo/repos/one-beyond/csm/react-form-builder/node_modules/react-dom/cjs/react-dom.development.js:26560:12) TypeError: Cannot read properties of undefined (reading 'array')
          at control (/Users/pabloelisseo/repos/one-beyond/csm/react-form-builder/node_modules/react-hook-form/src/useController.ts:63:35)
          at Object.<anonymous>.exports.Controller (/Users/pabloelisseo/repos/one-beyond/csm/react-form-builder/node_modules/react-hook-form/src/form.tsx:38:5)
          at renderWithHooks (/Users/pabloelisseo/repos/one-beyond/csm/react-form-builder/node_modules/react-dom/cjs/react-dom.development.js:16305:18)
          at mountIndeterminateComponent (/Users/pabloelisseo/repos/one-beyond/csm/react-form-builder/node_modules/react-dom/cjs/react-dom.development.js:20074:13)
          at beginWork (/Users/pabloelisseo/repos/one-beyond/csm/react-form-builder/node_modules/react-dom/cjs/react-dom.development.js:21587:16)
          at HTMLUnknownElement.callCallback (/Users/pabloelisseo/repos/one-beyond/csm/react-form-builder/node_modules/react-dom/cjs/react-dom.development.js:4164:14)
          at HTMLUnknownElement.callTheUserObjectsOperation (/Users/pabloelisseo/repos/one-beyond/csm/react-form-builder/node_modules/jsdom/lib/jsdom/living/generated/EventListener.js:26:30)
          at innerInvokeEventListeners (/Users/pabloelisseo/repos/one-beyond/csm/react-form-builder/node_modules/jsdom/lib/jsdom/living/events/EventTarget-impl.js:338:25)
          at invokeEventListeners (/Users/pabloelisseo/repos/one-beyond/csm/react-form-builder/node_modules/jsdom/lib/jsdom/living/events/EventTarget-impl.js:274:3)
          at HTMLUnknownElementImpl._dispatch (/Users/pabloelisseo/repos/one-beyond/csm/react-form-builder/node_modules/jsdom/lib/jsdom/living/events/EventTarget-impl.js:221:9)
          at HTMLUnknownElementImpl.dispatchEvent (/Users/pabloelisseo/repos/one-beyond/csm/react-form-builder/node_modules/jsdom/lib/jsdom/living/events/EventTarget-impl.js:94:17)
          at HTMLUnknownElement.dispatchEvent (/Users/pabloelisseo/repos/one-beyond/csm/react-form-builder/node_modules/jsdom/lib/jsdom/living/generated/EventTarget.js:231:34)
          at Object.invokeGuardedCallbackDev (/Users/pabloelisseo/repos/one-beyond/csm/react-form-builder/node_modules/react-dom/cjs/react-dom.development.js:4213:16)
          at invokeGuardedCallback (/Users/pabloelisseo/repos/one-beyond/csm/react-form-builder/node_modules/react-dom/cjs/react-dom.development.js:4277:31)
          at beginWork$1 (/Users/pabloelisseo/repos/one-beyond/csm/react-form-builder/node_modules/react-dom/cjs/react-dom.development.js:27451:7)
          at performUnitOfWork (/Users/pabloelisseo/repos/one-beyond/csm/react-form-builder/node_modules/react-dom/cjs/react-dom.development.js:26560:12)
          at workLoopSync (/Users/pabloelisseo/repos/one-beyond/csm/react-form-builder/node_modules/react-dom/cjs/react-dom.development.js:26466:5)
          at renderRootSync (/Users/pabloelisseo/repos/one-beyond/csm/react-form-builder/node_modules/react-dom/cjs/react-dom.development.js:26434:7)
          at performConcurrentWorkOnRoot (/Users/pabloelisseo/repos/one-beyond/csm/react-form-builder/node_modules/react-dom/cjs/react-dom.development.js:25738:74)
          at flushActQueue (/Users/pabloelisseo/repos/one-beyond/csm/react-form-builder/node_modules/react/cjs/react.development.js:2667:24)
          at act (/Users/pabloelisseo/repos/one-beyond/csm/react-form-builder/node_modules/react/cjs/react.development.js:2582:11)
          at /Users/pabloelisseo/repos/one-beyond/csm/react-form-builder/node_modules/@testing-library/react/dist/act-compat.js:46:25
          at renderRoot (/Users/pabloelisseo/repos/one-beyond/csm/react-form-builder/node_modules/@testing-library/react/dist/pure.js:161:26)
          at render (/Users/pabloelisseo/repos/one-beyond/csm/react-form-builder/node_modules/@testing-library/react/dist/pure.js:247:10)
          at Object.<anonymous> (/Users/pabloelisseo/repos/one-beyond/csm/react-form-builder/src/Questions/Date/__tests__/date.test.js:193:31)
          at Promise.then.completed (/Users/pabloelisseo/repos/one-beyond/csm/react-form-builder/node_modules/jest-circus/build/utils.js:391:28)
          at new Promise (<anonymous>)
          at callAsyncCircusFn (/Users/pabloelisseo/repos/one-beyond/csm/react-form-builder/node_modules/jest-circus/build/utils.js:316:10)
          at _callCircusTest (/Users/pabloelisseo/repos/one-beyond/csm/react-form-builder/node_modules/jest-circus/build/run.js:218:40)
          at processTicksAndRejections (node:internal/process/task_queues:95:5)
          at _runTest (/Users/pabloelisseo/repos/one-beyond/csm/react-form-builder/node_modules/jest-circus/build/run.js:155:3)
          at _runTestsForDescribeBlock (/Users/pabloelisseo/repos/one-beyond/csm/react-form-builder/node_modules/jest-circus/build/run.js:66:9)
          at run (/Users/pabloelisseo/repos/one-beyond/csm/react-form-builder/node_modules/jest-circus/build/run.js:25:3)
          at runAndTransformResultsToJestFormat (/Users/pabloelisseo/repos/one-beyond/csm/react-form-builder/node_modules/jest-circus/build/legacy-code-todo-rewrite/jestAdapterInit.js:170:21)
          at jestAdapter (/Users/pabloelisseo/repos/one-beyond/csm/react-form-builder/node_modules/jest-circus/build/legacy-code-todo-rewrite/jestAdapter.js:82:19)
          at runTestInternal (/Users/pabloelisseo/repos/one-beyond/csm/react-form-builder/node_modules/jest-runner/build/runTest.js:389:16)
          at runTest (/Users/pabloelisseo/repos/one-beyond/csm/react-form-builder/node_modules/jest-runner/build/runTest.js:475:34)
          at Object.worker (/Users/pabloelisseo/repos/one-beyond/csm/react-form-builder/node_modules/jest-runner/build/testWorker.js:133:12)

      at VirtualConsole.<anonymous> (node_modules/jsdom/lib/jsdom/virtual-console.js:29:45)
      at reportException (node_modules/jsdom/lib/jsdom/living/helpers/runtime-script-errors.js:70:28)
      at innerInvokeEventListeners (node_modules/jsdom/lib/jsdom/living/events/EventTarget-impl.js:341:9)
      at invokeEventListeners (node_modules/jsdom/lib/jsdom/living/events/EventTarget-impl.js:274:3)
      at HTMLUnknownElementImpl._dispatch (node_modules/jsdom/lib/jsdom/living/events/EventTarget-impl.js:221:9)
      at HTMLUnknownElementImpl.dispatchEvent (node_modules/jsdom/lib/jsdom/living/events/EventTarget-impl.js:94:17)
      at HTMLUnknownElement.dispatchEvent (node_modules/jsdom/lib/jsdom/living/generated/EventTarget.js:231:34)

    console.error
      Error: Uncaught [TypeError: Cannot read properties of undefined (reading 'array')]
          at reportException (/Users/pabloelisseo/repos/one-beyond/csm/react-form-builder/node_modules/jsdom/lib/jsdom/living/helpers/runtime-script-errors.js:66:24)
          at innerInvokeEventListeners (/Users/pabloelisseo/repos/one-beyond/csm/react-form-builder/node_modules/jsdom/lib/jsdom/living/events/EventTarget-impl.js:341:9)
          at invokeEventListeners (/Users/pabloelisseo/repos/one-beyond/csm/react-form-builder/node_modules/jsdom/lib/jsdom/living/events/EventTarget-impl.js:274:3)
          at HTMLUnknownElementImpl._dispatch (/Users/pabloelisseo/repos/one-beyond/csm/react-form-builder/node_modules/jsdom/lib/jsdom/living/events/EventTarget-impl.js:221:9)
          at HTMLUnknownElementImpl.dispatchEvent (/Users/pabloelisseo/repos/one-beyond/csm/react-form-builder/node_modules/jsdom/lib/jsdom/living/events/EventTarget-impl.js:94:17)
          at HTMLUnknownElement.dispatchEvent (/Users/pabloelisseo/repos/one-beyond/csm/react-form-builder/node_modules/jsdom/lib/jsdom/living/generated/EventTarget.js:231:34)
          at Object.invokeGuardedCallbackDev (/Users/pabloelisseo/repos/one-beyond/csm/react-form-builder/node_modules/react-dom/cjs/react-dom.development.js:4213:16)
          at invokeGuardedCallback (/Users/pabloelisseo/repos/one-beyond/csm/react-form-builder/node_modules/react-dom/cjs/react-dom.development.js:4277:31)
          at beginWork$1 (/Users/pabloelisseo/repos/one-beyond/csm/react-form-builder/node_modules/react-dom/cjs/react-dom.development.js:27451:7)
          at performUnitOfWork (/Users/pabloelisseo/repos/one-beyond/csm/react-form-builder/node_modules/react-dom/cjs/react-dom.development.js:26560:12) TypeError: Cannot read properties of undefined (reading 'array')
          at control (/Users/pabloelisseo/repos/one-beyond/csm/react-form-builder/node_modules/react-hook-form/src/useController.ts:63:35)
          at Object.<anonymous>.exports.Controller (/Users/pabloelisseo/repos/one-beyond/csm/react-form-builder/node_modules/react-hook-form/src/form.tsx:38:5)
          at renderWithHooks (/Users/pabloelisseo/repos/one-beyond/csm/react-form-builder/node_modules/react-dom/cjs/react-dom.development.js:16305:18)
          at mountIndeterminateComponent (/Users/pabloelisseo/repos/one-beyond/csm/react-form-builder/node_modules/react-dom/cjs/react-dom.development.js:20074:13)
          at beginWork (/Users/pabloelisseo/repos/one-beyond/csm/react-form-builder/node_modules/react-dom/cjs/react-dom.development.js:21587:16)
          at HTMLUnknownElement.callCallback (/Users/pabloelisseo/repos/one-beyond/csm/react-form-builder/node_modules/react-dom/cjs/react-dom.development.js:4164:14)
          at HTMLUnknownElement.callTheUserObjectsOperation (/Users/pabloelisseo/repos/one-beyond/csm/react-form-builder/node_modules/jsdom/lib/jsdom/living/generated/EventListener.js:26:30)
          at innerInvokeEventListeners (/Users/pabloelisseo/repos/one-beyond/csm/react-form-builder/node_modules/jsdom/lib/jsdom/living/events/EventTarget-impl.js:338:25)
          at invokeEventListeners (/Users/pabloelisseo/repos/one-beyond/csm/react-form-builder/node_modules/jsdom/lib/jsdom/living/events/EventTarget-impl.js:274:3)
          at HTMLUnknownElementImpl._dispatch (/Users/pabloelisseo/repos/one-beyond/csm/react-form-builder/node_modules/jsdom/lib/jsdom/living/events/EventTarget-impl.js:221:9)
          at HTMLUnknownElementImpl.dispatchEvent (/Users/pabloelisseo/repos/one-beyond/csm/react-form-builder/node_modules/jsdom/lib/jsdom/living/events/EventTarget-impl.js:94:17)
          at HTMLUnknownElement.dispatchEvent (/Users/pabloelisseo/repos/one-beyond/csm/react-form-builder/node_modules/jsdom/lib/jsdom/living/generated/EventTarget.js:231:34)
          at Object.invokeGuardedCallbackDev (/Users/pabloelisseo/repos/one-beyond/csm/react-form-builder/node_modules/react-dom/cjs/react-dom.development.js:4213:16)
          at invokeGuardedCallback (/Users/pabloelisseo/repos/one-beyond/csm/react-form-builder/node_modules/react-dom/cjs/react-dom.development.js:4277:31)
          at beginWork$1 (/Users/pabloelisseo/repos/one-beyond/csm/react-form-builder/node_modules/react-dom/cjs/react-dom.development.js:27451:7)
          at performUnitOfWork (/Users/pabloelisseo/repos/one-beyond/csm/react-form-builder/node_modules/react-dom/cjs/react-dom.development.js:26560:12)
          at workLoopSync (/Users/pabloelisseo/repos/one-beyond/csm/react-form-builder/node_modules/react-dom/cjs/react-dom.development.js:26466:5)
          at renderRootSync (/Users/pabloelisseo/repos/one-beyond/csm/react-form-builder/node_modules/react-dom/cjs/react-dom.development.js:26434:7)
          at recoverFromConcurrentError (/Users/pabloelisseo/repos/one-beyond/csm/react-form-builder/node_modules/react-dom/cjs/react-dom.development.js:25850:20)
          at performConcurrentWorkOnRoot (/Users/pabloelisseo/repos/one-beyond/csm/react-form-builder/node_modules/react-dom/cjs/react-dom.development.js:25750:22)
          at flushActQueue (/Users/pabloelisseo/repos/one-beyond/csm/react-form-builder/node_modules/react/cjs/react.development.js:2667:24)
          at act (/Users/pabloelisseo/repos/one-beyond/csm/react-form-builder/node_modules/react/cjs/react.development.js:2582:11)
          at /Users/pabloelisseo/repos/one-beyond/csm/react-form-builder/node_modules/@testing-library/react/dist/act-compat.js:46:25
          at renderRoot (/Users/pabloelisseo/repos/one-beyond/csm/react-form-builder/node_modules/@testing-library/react/dist/pure.js:161:26)
          at render (/Users/pabloelisseo/repos/one-beyond/csm/react-form-builder/node_modules/@testing-library/react/dist/pure.js:247:10)
          at Object.<anonymous> (/Users/pabloelisseo/repos/one-beyond/csm/react-form-builder/src/Questions/Date/__tests__/date.test.js:193:31)
          at Promise.then.completed (/Users/pabloelisseo/repos/one-beyond/csm/react-form-builder/node_modules/jest-circus/build/utils.js:391:28)
          at new Promise (<anonymous>)
          at callAsyncCircusFn (/Users/pabloelisseo/repos/one-beyond/csm/react-form-builder/node_modules/jest-circus/build/utils.js:316:10)
          at _callCircusTest (/Users/pabloelisseo/repos/one-beyond/csm/react-form-builder/node_modules/jest-circus/build/run.js:218:40)
          at processTicksAndRejections (node:internal/process/task_queues:95:5)
          at _runTest (/Users/pabloelisseo/repos/one-beyond/csm/react-form-builder/node_modules/jest-circus/build/run.js:155:3)
          at _runTestsForDescribeBlock (/Users/pabloelisseo/repos/one-beyond/csm/react-form-builder/node_modules/jest-circus/build/run.js:66:9)
          at run (/Users/pabloelisseo/repos/one-beyond/csm/react-form-builder/node_modules/jest-circus/build/run.js:25:3)
          at runAndTransformResultsToJestFormat (/Users/pabloelisseo/repos/one-beyond/csm/react-form-builder/node_modules/jest-circus/build/legacy-code-todo-rewrite/jestAdapterInit.js:170:21)
          at jestAdapter (/Users/pabloelisseo/repos/one-beyond/csm/react-form-builder/node_modules/jest-circus/build/legacy-code-todo-rewrite/jestAdapter.js:82:19)
          at runTestInternal (/Users/pabloelisseo/repos/one-beyond/csm/react-form-builder/node_modules/jest-runner/build/runTest.js:389:16)
          at runTest (/Users/pabloelisseo/repos/one-beyond/csm/react-form-builder/node_modules/jest-runner/build/runTest.js:475:34)
          at Object.worker (/Users/pabloelisseo/repos/one-beyond/csm/react-form-builder/node_modules/jest-runner/build/testWorker.js:133:12)

      at VirtualConsole.<anonymous> (node_modules/jsdom/lib/jsdom/virtual-console.js:29:45)
      at reportException (node_modules/jsdom/lib/jsdom/living/helpers/runtime-script-errors.js:70:28)
      at innerInvokeEventListeners (node_modules/jsdom/lib/jsdom/living/events/EventTarget-impl.js:341:9)
      at invokeEventListeners (node_modules/jsdom/lib/jsdom/living/events/EventTarget-impl.js:274:3)
      at HTMLUnknownElementImpl._dispatch (node_modules/jsdom/lib/jsdom/living/events/EventTarget-impl.js:221:9)
      at HTMLUnknownElementImpl.dispatchEvent (node_modules/jsdom/lib/jsdom/living/events/EventTarget-impl.js:94:17)
      at HTMLUnknownElement.dispatchEvent (node_modules/jsdom/lib/jsdom/living/generated/EventTarget.js:231:34)

    console.error
      The above error occurred in one of your React components:
      
          at Object.<anonymous>.exports.Controller (/Users/pabloelisseo/repos/one-beyond/csm/react-form-builder/node_modules/react-hook-form/src/form.tsx:37:9)
          at DatePicker (/Users/pabloelisseo/repos/one-beyond/csm/react-form-builder/src/Fields/Date/index.js:99:3)
          at /Users/pabloelisseo/repos/one-beyond/csm/react-form-builder/node_modules/@emotion/react/dist/emotion-element-48d2c2e4.cjs.dev.js:62:23
          at div
          at /Users/pabloelisseo/repos/one-beyond/csm/react-form-builder/node_modules/@emotion/react/dist/emotion-element-48d2c2e4.cjs.dev.js:62:23
          at QuestionDate (/Users/pabloelisseo/repos/one-beyond/csm/react-form-builder/src/Questions/Date/index.js:11:3)
      
      Consider adding an error boundary to your tree to customize error handling behavior.
      Visit https://reactjs.org/link/error-boundaries to learn more about error boundaries.

      at logCapturedError (node_modules/react-dom/cjs/react-dom.development.js:18687:23)
      at update.callback (node_modules/react-dom/cjs/react-dom.development.js:18720:5)
      at callCallback (node_modules/react-dom/cjs/react-dom.development.js:13923:12)
      at commitUpdateQueue (node_modules/react-dom/cjs/react-dom.development.js:13944:9)
      at commitLayoutEffectOnFiber (node_modules/react-dom/cjs/react-dom.development.js:23391:13)
      at commitLayoutMountEffects_complete (node_modules/react-dom/cjs/react-dom.development.js:24688:9)
      at commitLayoutEffects_begin (node_modules/react-dom/cjs/react-dom.development.js:24674:7)
      at commitLayoutEffects (node_modules/react-dom/cjs/react-dom.development.js:24612:3)

    console.error
      Error: Uncaught [TypeError: Cannot read properties of undefined (reading 'array')]
          at reportException (/Users/pabloelisseo/repos/one-beyond/csm/react-form-builder/node_modules/jsdom/lib/jsdom/living/helpers/runtime-script-errors.js:66:24)
          at innerInvokeEventListeners (/Users/pabloelisseo/repos/one-beyond/csm/react-form-builder/node_modules/jsdom/lib/jsdom/living/events/EventTarget-impl.js:341:9)
          at invokeEventListeners (/Users/pabloelisseo/repos/one-beyond/csm/react-form-builder/node_modules/jsdom/lib/jsdom/living/events/EventTarget-impl.js:274:3)
          at HTMLUnknownElementImpl._dispatch (/Users/pabloelisseo/repos/one-beyond/csm/react-form-builder/node_modules/jsdom/lib/jsdom/living/events/EventTarget-impl.js:221:9)
          at HTMLUnknownElementImpl.dispatchEvent (/Users/pabloelisseo/repos/one-beyond/csm/react-form-builder/node_modules/jsdom/lib/jsdom/living/events/EventTarget-impl.js:94:17)
          at HTMLUnknownElement.dispatchEvent (/Users/pabloelisseo/repos/one-beyond/csm/react-form-builder/node_modules/jsdom/lib/jsdom/living/generated/EventTarget.js:231:34)
          at Object.invokeGuardedCallbackDev (/Users/pabloelisseo/repos/one-beyond/csm/react-form-builder/node_modules/react-dom/cjs/react-dom.development.js:4213:16)
          at invokeGuardedCallback (/Users/pabloelisseo/repos/one-beyond/csm/react-form-builder/node_modules/react-dom/cjs/react-dom.development.js:4277:31)
          at beginWork$1 (/Users/pabloelisseo/repos/one-beyond/csm/react-form-builder/node_modules/react-dom/cjs/react-dom.development.js:27451:7)
          at performUnitOfWork (/Users/pabloelisseo/repos/one-beyond/csm/react-form-builder/node_modules/react-dom/cjs/react-dom.development.js:26560:12) TypeError: Cannot read properties of undefined (reading 'array')
          at control (/Users/pabloelisseo/repos/one-beyond/csm/react-form-builder/node_modules/react-hook-form/src/useController.ts:63:35)
          at Object.<anonymous>.exports.Controller (/Users/pabloelisseo/repos/one-beyond/csm/react-form-builder/node_modules/react-hook-form/src/form.tsx:38:5)
          at renderWithHooks (/Users/pabloelisseo/repos/one-beyond/csm/react-form-builder/node_modules/react-dom/cjs/react-dom.development.js:16305:18)
          at mountIndeterminateComponent (/Users/pabloelisseo/repos/one-beyond/csm/react-form-builder/node_modules/react-dom/cjs/react-dom.development.js:20074:13)
          at beginWork (/Users/pabloelisseo/repos/one-beyond/csm/react-form-builder/node_modules/react-dom/cjs/react-dom.development.js:21587:16)
          at HTMLUnknownElement.callCallback (/Users/pabloelisseo/repos/one-beyond/csm/react-form-builder/node_modules/react-dom/cjs/react-dom.development.js:4164:14)
          at HTMLUnknownElement.callTheUserObjectsOperation (/Users/pabloelisseo/repos/one-beyond/csm/react-form-builder/node_modules/jsdom/lib/jsdom/living/generated/EventListener.js:26:30)
          at innerInvokeEventListeners (/Users/pabloelisseo/repos/one-beyond/csm/react-form-builder/node_modules/jsdom/lib/jsdom/living/events/EventTarget-impl.js:338:25)
          at invokeEventListeners (/Users/pabloelisseo/repos/one-beyond/csm/react-form-builder/node_modules/jsdom/lib/jsdom/living/events/EventTarget-impl.js:274:3)
          at HTMLUnknownElementImpl._dispatch (/Users/pabloelisseo/repos/one-beyond/csm/react-form-builder/node_modules/jsdom/lib/jsdom/living/events/EventTarget-impl.js:221:9)
          at HTMLUnknownElementImpl.dispatchEvent (/Users/pabloelisseo/repos/one-beyond/csm/react-form-builder/node_modules/jsdom/lib/jsdom/living/events/EventTarget-impl.js:94:17)
          at HTMLUnknownElement.dispatchEvent (/Users/pabloelisseo/repos/one-beyond/csm/react-form-builder/node_modules/jsdom/lib/jsdom/living/generated/EventTarget.js:231:34)
          at Object.invokeGuardedCallbackDev (/Users/pabloelisseo/repos/one-beyond/csm/react-form-builder/node_modules/react-dom/cjs/react-dom.development.js:4213:16)
          at invokeGuardedCallback (/Users/pabloelisseo/repos/one-beyond/csm/react-form-builder/node_modules/react-dom/cjs/react-dom.development.js:4277:31)
          at beginWork$1 (/Users/pabloelisseo/repos/one-beyond/csm/react-form-builder/node_modules/react-dom/cjs/react-dom.development.js:27451:7)
          at performUnitOfWork (/Users/pabloelisseo/repos/one-beyond/csm/react-form-builder/node_modules/react-dom/cjs/react-dom.development.js:26560:12)
          at workLoopSync (/Users/pabloelisseo/repos/one-beyond/csm/react-form-builder/node_modules/react-dom/cjs/react-dom.development.js:26466:5)
          at renderRootSync (/Users/pabloelisseo/repos/one-beyond/csm/react-form-builder/node_modules/react-dom/cjs/react-dom.development.js:26434:7)
          at performConcurrentWorkOnRoot (/Users/pabloelisseo/repos/one-beyond/csm/react-form-builder/node_modules/react-dom/cjs/react-dom.development.js:25738:74)
          at flushActQueue (/Users/pabloelisseo/repos/one-beyond/csm/react-form-builder/node_modules/react/cjs/react.development.js:2667:24)
          at act (/Users/pabloelisseo/repos/one-beyond/csm/react-form-builder/node_modules/react/cjs/react.development.js:2582:11)
          at /Users/pabloelisseo/repos/one-beyond/csm/react-form-builder/node_modules/@testing-library/react/dist/act-compat.js:46:25
          at renderRoot (/Users/pabloelisseo/repos/one-beyond/csm/react-form-builder/node_modules/@testing-library/react/dist/pure.js:161:26)
          at render (/Users/pabloelisseo/repos/one-beyond/csm/react-form-builder/node_modules/@testing-library/react/dist/pure.js:247:10)
          at Object.<anonymous> (/Users/pabloelisseo/repos/one-beyond/csm/react-form-builder/src/Questions/Date/__tests__/date.test.js:229:31)
          at Promise.then.completed (/Users/pabloelisseo/repos/one-beyond/csm/react-form-builder/node_modules/jest-circus/build/utils.js:391:28)
          at new Promise (<anonymous>)
          at callAsyncCircusFn (/Users/pabloelisseo/repos/one-beyond/csm/react-form-builder/node_modules/jest-circus/build/utils.js:316:10)
          at _callCircusTest (/Users/pabloelisseo/repos/one-beyond/csm/react-form-builder/node_modules/jest-circus/build/run.js:218:40)
          at processTicksAndRejections (node:internal/process/task_queues:95:5)
          at _runTest (/Users/pabloelisseo/repos/one-beyond/csm/react-form-builder/node_modules/jest-circus/build/run.js:155:3)
          at _runTestsForDescribeBlock (/Users/pabloelisseo/repos/one-beyond/csm/react-form-builder/node_modules/jest-circus/build/run.js:66:9)
          at run (/Users/pabloelisseo/repos/one-beyond/csm/react-form-builder/node_modules/jest-circus/build/run.js:25:3)
          at runAndTransformResultsToJestFormat (/Users/pabloelisseo/repos/one-beyond/csm/react-form-builder/node_modules/jest-circus/build/legacy-code-todo-rewrite/jestAdapterInit.js:170:21)
          at jestAdapter (/Users/pabloelisseo/repos/one-beyond/csm/react-form-builder/node_modules/jest-circus/build/legacy-code-todo-rewrite/jestAdapter.js:82:19)
          at runTestInternal (/Users/pabloelisseo/repos/one-beyond/csm/react-form-builder/node_modules/jest-runner/build/runTest.js:389:16)
          at runTest (/Users/pabloelisseo/repos/one-beyond/csm/react-form-builder/node_modules/jest-runner/build/runTest.js:475:34)
          at Object.worker (/Users/pabloelisseo/repos/one-beyond/csm/react-form-builder/node_modules/jest-runner/build/testWorker.js:133:12)

      at VirtualConsole.<anonymous> (node_modules/jsdom/lib/jsdom/virtual-console.js:29:45)
      at reportException (node_modules/jsdom/lib/jsdom/living/helpers/runtime-script-errors.js:70:28)
      at innerInvokeEventListeners (node_modules/jsdom/lib/jsdom/living/events/EventTarget-impl.js:341:9)
      at invokeEventListeners (node_modules/jsdom/lib/jsdom/living/events/EventTarget-impl.js:274:3)
      at HTMLUnknownElementImpl._dispatch (node_modules/jsdom/lib/jsdom/living/events/EventTarget-impl.js:221:9)
      at HTMLUnknownElementImpl.dispatchEvent (node_modules/jsdom/lib/jsdom/living/events/EventTarget-impl.js:94:17)
      at HTMLUnknownElement.dispatchEvent (node_modules/jsdom/lib/jsdom/living/generated/EventTarget.js:231:34)

    console.error
      Error: Uncaught [TypeError: Cannot read properties of undefined (reading 'array')]
          at reportException (/Users/pabloelisseo/repos/one-beyond/csm/react-form-builder/node_modules/jsdom/lib/jsdom/living/helpers/runtime-script-errors.js:66:24)
          at innerInvokeEventListeners (/Users/pabloelisseo/repos/one-beyond/csm/react-form-builder/node_modules/jsdom/lib/jsdom/living/events/EventTarget-impl.js:341:9)
          at invokeEventListeners (/Users/pabloelisseo/repos/one-beyond/csm/react-form-builder/node_modules/jsdom/lib/jsdom/living/events/EventTarget-impl.js:274:3)
          at HTMLUnknownElementImpl._dispatch (/Users/pabloelisseo/repos/one-beyond/csm/react-form-builder/node_modules/jsdom/lib/jsdom/living/events/EventTarget-impl.js:221:9)
          at HTMLUnknownElementImpl.dispatchEvent (/Users/pabloelisseo/repos/one-beyond/csm/react-form-builder/node_modules/jsdom/lib/jsdom/living/events/EventTarget-impl.js:94:17)
          at HTMLUnknownElement.dispatchEvent (/Users/pabloelisseo/repos/one-beyond/csm/react-form-builder/node_modules/jsdom/lib/jsdom/living/generated/EventTarget.js:231:34)
          at Object.invokeGuardedCallbackDev (/Users/pabloelisseo/repos/one-beyond/csm/react-form-builder/node_modules/react-dom/cjs/react-dom.development.js:4213:16)
          at invokeGuardedCallback (/Users/pabloelisseo/repos/one-beyond/csm/react-form-builder/node_modules/react-dom/cjs/react-dom.development.js:4277:31)
          at beginWork$1 (/Users/pabloelisseo/repos/one-beyond/csm/react-form-builder/node_modules/react-dom/cjs/react-dom.development.js:27451:7)
          at performUnitOfWork (/Users/pabloelisseo/repos/one-beyond/csm/react-form-builder/node_modules/react-dom/cjs/react-dom.development.js:26560:12) TypeError: Cannot read properties of undefined (reading 'array')
          at control (/Users/pabloelisseo/repos/one-beyond/csm/react-form-builder/node_modules/react-hook-form/src/useController.ts:63:35)
          at Object.<anonymous>.exports.Controller (/Users/pabloelisseo/repos/one-beyond/csm/react-form-builder/node_modules/react-hook-form/src/form.tsx:38:5)
          at renderWithHooks (/Users/pabloelisseo/repos/one-beyond/csm/react-form-builder/node_modules/react-dom/cjs/react-dom.development.js:16305:18)
          at mountIndeterminateComponent (/Users/pabloelisseo/repos/one-beyond/csm/react-form-builder/node_modules/react-dom/cjs/react-dom.development.js:20074:13)
          at beginWork (/Users/pabloelisseo/repos/one-beyond/csm/react-form-builder/node_modules/react-dom/cjs/react-dom.development.js:21587:16)
          at HTMLUnknownElement.callCallback (/Users/pabloelisseo/repos/one-beyond/csm/react-form-builder/node_modules/react-dom/cjs/react-dom.development.js:4164:14)
          at HTMLUnknownElement.callTheUserObjectsOperation (/Users/pabloelisseo/repos/one-beyond/csm/react-form-builder/node_modules/jsdom/lib/jsdom/living/generated/EventListener.js:26:30)
          at innerInvokeEventListeners (/Users/pabloelisseo/repos/one-beyond/csm/react-form-builder/node_modules/jsdom/lib/jsdom/living/events/EventTarget-impl.js:338:25)
          at invokeEventListeners (/Users/pabloelisseo/repos/one-beyond/csm/react-form-builder/node_modules/jsdom/lib/jsdom/living/events/EventTarget-impl.js:274:3)
          at HTMLUnknownElementImpl._dispatch (/Users/pabloelisseo/repos/one-beyond/csm/react-form-builder/node_modules/jsdom/lib/jsdom/living/events/EventTarget-impl.js:221:9)
          at HTMLUnknownElementImpl.dispatchEvent (/Users/pabloelisseo/repos/one-beyond/csm/react-form-builder/node_modules/jsdom/lib/jsdom/living/events/EventTarget-impl.js:94:17)
          at HTMLUnknownElement.dispatchEvent (/Users/pabloelisseo/repos/one-beyond/csm/react-form-builder/node_modules/jsdom/lib/jsdom/living/generated/EventTarget.js:231:34)
          at Object.invokeGuardedCallbackDev (/Users/pabloelisseo/repos/one-beyond/csm/react-form-builder/node_modules/react-dom/cjs/react-dom.development.js:4213:16)
          at invokeGuardedCallback (/Users/pabloelisseo/repos/one-beyond/csm/react-form-builder/node_modules/react-dom/cjs/react-dom.development.js:4277:31)
          at beginWork$1 (/Users/pabloelisseo/repos/one-beyond/csm/react-form-builder/node_modules/react-dom/cjs/react-dom.development.js:27451:7)
          at performUnitOfWork (/Users/pabloelisseo/repos/one-beyond/csm/react-form-builder/node_modules/react-dom/cjs/react-dom.development.js:26560:12)
          at workLoopSync (/Users/pabloelisseo/repos/one-beyond/csm/react-form-builder/node_modules/react-dom/cjs/react-dom.development.js:26466:5)
          at renderRootSync (/Users/pabloelisseo/repos/one-beyond/csm/react-form-builder/node_modules/react-dom/cjs/react-dom.development.js:26434:7)
          at recoverFromConcurrentError (/Users/pabloelisseo/repos/one-beyond/csm/react-form-builder/node_modules/react-dom/cjs/react-dom.development.js:25850:20)
          at performConcurrentWorkOnRoot (/Users/pabloelisseo/repos/one-beyond/csm/react-form-builder/node_modules/react-dom/cjs/react-dom.development.js:25750:22)
          at flushActQueue (/Users/pabloelisseo/repos/one-beyond/csm/react-form-builder/node_modules/react/cjs/react.development.js:2667:24)
          at act (/Users/pabloelisseo/repos/one-beyond/csm/react-form-builder/node_modules/react/cjs/react.development.js:2582:11)
          at /Users/pabloelisseo/repos/one-beyond/csm/react-form-builder/node_modules/@testing-library/react/dist/act-compat.js:46:25
          at renderRoot (/Users/pabloelisseo/repos/one-beyond/csm/react-form-builder/node_modules/@testing-library/react/dist/pure.js:161:26)
          at render (/Users/pabloelisseo/repos/one-beyond/csm/react-form-builder/node_modules/@testing-library/react/dist/pure.js:247:10)
          at Object.<anonymous> (/Users/pabloelisseo/repos/one-beyond/csm/react-form-builder/src/Questions/Date/__tests__/date.test.js:229:31)
          at Promise.then.completed (/Users/pabloelisseo/repos/one-beyond/csm/react-form-builder/node_modules/jest-circus/build/utils.js:391:28)
          at new Promise (<anonymous>)
          at callAsyncCircusFn (/Users/pabloelisseo/repos/one-beyond/csm/react-form-builder/node_modules/jest-circus/build/utils.js:316:10)
          at _callCircusTest (/Users/pabloelisseo/repos/one-beyond/csm/react-form-builder/node_modules/jest-circus/build/run.js:218:40)
          at processTicksAndRejections (node:internal/process/task_queues:95:5)
          at _runTest (/Users/pabloelisseo/repos/one-beyond/csm/react-form-builder/node_modules/jest-circus/build/run.js:155:3)
          at _runTestsForDescribeBlock (/Users/pabloelisseo/repos/one-beyond/csm/react-form-builder/node_modules/jest-circus/build/run.js:66:9)
          at run (/Users/pabloelisseo/repos/one-beyond/csm/react-form-builder/node_modules/jest-circus/build/run.js:25:3)
          at runAndTransformResultsToJestFormat (/Users/pabloelisseo/repos/one-beyond/csm/react-form-builder/node_modules/jest-circus/build/legacy-code-todo-rewrite/jestAdapterInit.js:170:21)
          at jestAdapter (/Users/pabloelisseo/repos/one-beyond/csm/react-form-builder/node_modules/jest-circus/build/legacy-code-todo-rewrite/jestAdapter.js:82:19)
          at runTestInternal (/Users/pabloelisseo/repos/one-beyond/csm/react-form-builder/node_modules/jest-runner/build/runTest.js:389:16)
          at runTest (/Users/pabloelisseo/repos/one-beyond/csm/react-form-builder/node_modules/jest-runner/build/runTest.js:475:34)
          at Object.worker (/Users/pabloelisseo/repos/one-beyond/csm/react-form-builder/node_modules/jest-runner/build/testWorker.js:133:12)

      at VirtualConsole.<anonymous> (node_modules/jsdom/lib/jsdom/virtual-console.js:29:45)
      at reportException (node_modules/jsdom/lib/jsdom/living/helpers/runtime-script-errors.js:70:28)
      at innerInvokeEventListeners (node_modules/jsdom/lib/jsdom/living/events/EventTarget-impl.js:341:9)
      at invokeEventListeners (node_modules/jsdom/lib/jsdom/living/events/EventTarget-impl.js:274:3)
      at HTMLUnknownElementImpl._dispatch (node_modules/jsdom/lib/jsdom/living/events/EventTarget-impl.js:221:9)
      at HTMLUnknownElementImpl.dispatchEvent (node_modules/jsdom/lib/jsdom/living/events/EventTarget-impl.js:94:17)
      at HTMLUnknownElement.dispatchEvent (node_modules/jsdom/lib/jsdom/living/generated/EventTarget.js:231:34)

    console.error
      The above error occurred in one of your React components:
      
          at Object.<anonymous>.exports.Controller (/Users/pabloelisseo/repos/one-beyond/csm/react-form-builder/node_modules/react-hook-form/src/form.tsx:37:9)
          at DatePicker (/Users/pabloelisseo/repos/one-beyond/csm/react-form-builder/src/Fields/Date/index.js:99:3)
          at /Users/pabloelisseo/repos/one-beyond/csm/react-form-builder/node_modules/@emotion/react/dist/emotion-element-48d2c2e4.cjs.dev.js:62:23
          at div
          at /Users/pabloelisseo/repos/one-beyond/csm/react-form-builder/node_modules/@emotion/react/dist/emotion-element-48d2c2e4.cjs.dev.js:62:23
          at QuestionDate (/Users/pabloelisseo/repos/one-beyond/csm/react-form-builder/src/Questions/Date/index.js:11:3)
      
      Consider adding an error boundary to your tree to customize error handling behavior.
      Visit https://reactjs.org/link/error-boundaries to learn more about error boundaries.

      at logCapturedError (node_modules/react-dom/cjs/react-dom.development.js:18687:23)
      at update.callback (node_modules/react-dom/cjs/react-dom.development.js:18720:5)
      at callCallback (node_modules/react-dom/cjs/react-dom.development.js:13923:12)
      at commitUpdateQueue (node_modules/react-dom/cjs/react-dom.development.js:13944:9)
      at commitLayoutEffectOnFiber (node_modules/react-dom/cjs/react-dom.development.js:23391:13)
      at commitLayoutMountEffects_complete (node_modules/react-dom/cjs/react-dom.development.js:24688:9)
      at commitLayoutEffects_begin (node_modules/react-dom/cjs/react-dom.development.js:24674:7)
      at commitLayoutEffects (node_modules/react-dom/cjs/react-dom.development.js:24612:3)

    console.error
      Error: Uncaught [TypeError: Cannot read properties of undefined (reading 'array')]
          at reportException (/Users/pabloelisseo/repos/one-beyond/csm/react-form-builder/node_modules/jsdom/lib/jsdom/living/helpers/runtime-script-errors.js:66:24)
          at innerInvokeEventListeners (/Users/pabloelisseo/repos/one-beyond/csm/react-form-builder/node_modules/jsdom/lib/jsdom/living/events/EventTarget-impl.js:341:9)
          at invokeEventListeners (/Users/pabloelisseo/repos/one-beyond/csm/react-form-builder/node_modules/jsdom/lib/jsdom/living/events/EventTarget-impl.js:274:3)
          at HTMLUnknownElementImpl._dispatch (/Users/pabloelisseo/repos/one-beyond/csm/react-form-builder/node_modules/jsdom/lib/jsdom/living/events/EventTarget-impl.js:221:9)
          at HTMLUnknownElementImpl.dispatchEvent (/Users/pabloelisseo/repos/one-beyond/csm/react-form-builder/node_modules/jsdom/lib/jsdom/living/events/EventTarget-impl.js:94:17)
          at HTMLUnknownElement.dispatchEvent (/Users/pabloelisseo/repos/one-beyond/csm/react-form-builder/node_modules/jsdom/lib/jsdom/living/generated/EventTarget.js:231:34)
          at Object.invokeGuardedCallbackDev (/Users/pabloelisseo/repos/one-beyond/csm/react-form-builder/node_modules/react-dom/cjs/react-dom.development.js:4213:16)
          at invokeGuardedCallback (/Users/pabloelisseo/repos/one-beyond/csm/react-form-builder/node_modules/react-dom/cjs/react-dom.development.js:4277:31)
          at beginWork$1 (/Users/pabloelisseo/repos/one-beyond/csm/react-form-builder/node_modules/react-dom/cjs/react-dom.development.js:27451:7)
          at performUnitOfWork (/Users/pabloelisseo/repos/one-beyond/csm/react-form-builder/node_modules/react-dom/cjs/react-dom.development.js:26560:12) TypeError: Cannot read properties of undefined (reading 'array')
          at control (/Users/pabloelisseo/repos/one-beyond/csm/react-form-builder/node_modules/react-hook-form/src/useController.ts:63:35)
          at Object.<anonymous>.exports.Controller (/Users/pabloelisseo/repos/one-beyond/csm/react-form-builder/node_modules/react-hook-form/src/form.tsx:38:5)
          at renderWithHooks (/Users/pabloelisseo/repos/one-beyond/csm/react-form-builder/node_modules/react-dom/cjs/react-dom.development.js:16305:18)
          at mountIndeterminateComponent (/Users/pabloelisseo/repos/one-beyond/csm/react-form-builder/node_modules/react-dom/cjs/react-dom.development.js:20074:13)
          at beginWork (/Users/pabloelisseo/repos/one-beyond/csm/react-form-builder/node_modules/react-dom/cjs/react-dom.development.js:21587:16)
          at HTMLUnknownElement.callCallback (/Users/pabloelisseo/repos/one-beyond/csm/react-form-builder/node_modules/react-dom/cjs/react-dom.development.js:4164:14)
          at HTMLUnknownElement.callTheUserObjectsOperation (/Users/pabloelisseo/repos/one-beyond/csm/react-form-builder/node_modules/jsdom/lib/jsdom/living/generated/EventListener.js:26:30)
          at innerInvokeEventListeners (/Users/pabloelisseo/repos/one-beyond/csm/react-form-builder/node_modules/jsdom/lib/jsdom/living/events/EventTarget-impl.js:338:25)
          at invokeEventListeners (/Users/pabloelisseo/repos/one-beyond/csm/react-form-builder/node_modules/jsdom/lib/jsdom/living/events/EventTarget-impl.js:274:3)
          at HTMLUnknownElementImpl._dispatch (/Users/pabloelisseo/repos/one-beyond/csm/react-form-builder/node_modules/jsdom/lib/jsdom/living/events/EventTarget-impl.js:221:9)
          at HTMLUnknownElementImpl.dispatchEvent (/Users/pabloelisseo/repos/one-beyond/csm/react-form-builder/node_modules/jsdom/lib/jsdom/living/events/EventTarget-impl.js:94:17)
          at HTMLUnknownElement.dispatchEvent (/Users/pabloelisseo/repos/one-beyond/csm/react-form-builder/node_modules/jsdom/lib/jsdom/living/generated/EventTarget.js:231:34)
          at Object.invokeGuardedCallbackDev (/Users/pabloelisseo/repos/one-beyond/csm/react-form-builder/node_modules/react-dom/cjs/react-dom.development.js:4213:16)
          at invokeGuardedCallback (/Users/pabloelisseo/repos/one-beyond/csm/react-form-builder/node_modules/react-dom/cjs/react-dom.development.js:4277:31)
          at beginWork$1 (/Users/pabloelisseo/repos/one-beyond/csm/react-form-builder/node_modules/react-dom/cjs/react-dom.development.js:27451:7)
          at performUnitOfWork (/Users/pabloelisseo/repos/one-beyond/csm/react-form-builder/node_modules/react-dom/cjs/react-dom.development.js:26560:12)
          at workLoopSync (/Users/pabloelisseo/repos/one-beyond/csm/react-form-builder/node_modules/react-dom/cjs/react-dom.development.js:26466:5)
          at renderRootSync (/Users/pabloelisseo/repos/one-beyond/csm/react-form-builder/node_modules/react-dom/cjs/react-dom.development.js:26434:7)
          at performConcurrentWorkOnRoot (/Users/pabloelisseo/repos/one-beyond/csm/react-form-builder/node_modules/react-dom/cjs/react-dom.development.js:25738:74)
          at flushActQueue (/Users/pabloelisseo/repos/one-beyond/csm/react-form-builder/node_modules/react/cjs/react.development.js:2667:24)
          at act (/Users/pabloelisseo/repos/one-beyond/csm/react-form-builder/node_modules/react/cjs/react.development.js:2582:11)
          at /Users/pabloelisseo/repos/one-beyond/csm/react-form-builder/node_modules/@testing-library/react/dist/act-compat.js:46:25
          at renderRoot (/Users/pabloelisseo/repos/one-beyond/csm/react-form-builder/node_modules/@testing-library/react/dist/pure.js:161:26)
          at render (/Users/pabloelisseo/repos/one-beyond/csm/react-form-builder/node_modules/@testing-library/react/dist/pure.js:247:10)
          at Object.<anonymous> (/Users/pabloelisseo/repos/one-beyond/csm/react-form-builder/src/Questions/Date/__tests__/date.test.js:261:31)
          at Promise.then.completed (/Users/pabloelisseo/repos/one-beyond/csm/react-form-builder/node_modules/jest-circus/build/utils.js:391:28)
          at new Promise (<anonymous>)
          at callAsyncCircusFn (/Users/pabloelisseo/repos/one-beyond/csm/react-form-builder/node_modules/jest-circus/build/utils.js:316:10)
          at _callCircusTest (/Users/pabloelisseo/repos/one-beyond/csm/react-form-builder/node_modules/jest-circus/build/run.js:218:40)
          at processTicksAndRejections (node:internal/process/task_queues:95:5)
          at _runTest (/Users/pabloelisseo/repos/one-beyond/csm/react-form-builder/node_modules/jest-circus/build/run.js:155:3)
          at _runTestsForDescribeBlock (/Users/pabloelisseo/repos/one-beyond/csm/react-form-builder/node_modules/jest-circus/build/run.js:66:9)
          at run (/Users/pabloelisseo/repos/one-beyond/csm/react-form-builder/node_modules/jest-circus/build/run.js:25:3)
          at runAndTransformResultsToJestFormat (/Users/pabloelisseo/repos/one-beyond/csm/react-form-builder/node_modules/jest-circus/build/legacy-code-todo-rewrite/jestAdapterInit.js:170:21)
          at jestAdapter (/Users/pabloelisseo/repos/one-beyond/csm/react-form-builder/node_modules/jest-circus/build/legacy-code-todo-rewrite/jestAdapter.js:82:19)
          at runTestInternal (/Users/pabloelisseo/repos/one-beyond/csm/react-form-builder/node_modules/jest-runner/build/runTest.js:389:16)
          at runTest (/Users/pabloelisseo/repos/one-beyond/csm/react-form-builder/node_modules/jest-runner/build/runTest.js:475:34)
          at Object.worker (/Users/pabloelisseo/repos/one-beyond/csm/react-form-builder/node_modules/jest-runner/build/testWorker.js:133:12)

      at VirtualConsole.<anonymous> (node_modules/jsdom/lib/jsdom/virtual-console.js:29:45)
      at reportException (node_modules/jsdom/lib/jsdom/living/helpers/runtime-script-errors.js:70:28)
      at innerInvokeEventListeners (node_modules/jsdom/lib/jsdom/living/events/EventTarget-impl.js:341:9)
      at invokeEventListeners (node_modules/jsdom/lib/jsdom/living/events/EventTarget-impl.js:274:3)
      at HTMLUnknownElementImpl._dispatch (node_modules/jsdom/lib/jsdom/living/events/EventTarget-impl.js:221:9)
      at HTMLUnknownElementImpl.dispatchEvent (node_modules/jsdom/lib/jsdom/living/events/EventTarget-impl.js:94:17)
      at HTMLUnknownElement.dispatchEvent (node_modules/jsdom/lib/jsdom/living/generated/EventTarget.js:231:34)

    console.error
      Error: Uncaught [TypeError: Cannot read properties of undefined (reading 'array')]
          at reportException (/Users/pabloelisseo/repos/one-beyond/csm/react-form-builder/node_modules/jsdom/lib/jsdom/living/helpers/runtime-script-errors.js:66:24)
          at innerInvokeEventListeners (/Users/pabloelisseo/repos/one-beyond/csm/react-form-builder/node_modules/jsdom/lib/jsdom/living/events/EventTarget-impl.js:341:9)
          at invokeEventListeners (/Users/pabloelisseo/repos/one-beyond/csm/react-form-builder/node_modules/jsdom/lib/jsdom/living/events/EventTarget-impl.js:274:3)
          at HTMLUnknownElementImpl._dispatch (/Users/pabloelisseo/repos/one-beyond/csm/react-form-builder/node_modules/jsdom/lib/jsdom/living/events/EventTarget-impl.js:221:9)
          at HTMLUnknownElementImpl.dispatchEvent (/Users/pabloelisseo/repos/one-beyond/csm/react-form-builder/node_modules/jsdom/lib/jsdom/living/events/EventTarget-impl.js:94:17)
          at HTMLUnknownElement.dispatchEvent (/Users/pabloelisseo/repos/one-beyond/csm/react-form-builder/node_modules/jsdom/lib/jsdom/living/generated/EventTarget.js:231:34)
          at Object.invokeGuardedCallbackDev (/Users/pabloelisseo/repos/one-beyond/csm/react-form-builder/node_modules/react-dom/cjs/react-dom.development.js:4213:16)
          at invokeGuardedCallback (/Users/pabloelisseo/repos/one-beyond/csm/react-form-builder/node_modules/react-dom/cjs/react-dom.development.js:4277:31)
          at beginWork$1 (/Users/pabloelisseo/repos/one-beyond/csm/react-form-builder/node_modules/react-dom/cjs/react-dom.development.js:27451:7)
          at performUnitOfWork (/Users/pabloelisseo/repos/one-beyond/csm/react-form-builder/node_modules/react-dom/cjs/react-dom.development.js:26560:12) TypeError: Cannot read properties of undefined (reading 'array')
          at control (/Users/pabloelisseo/repos/one-beyond/csm/react-form-builder/node_modules/react-hook-form/src/useController.ts:63:35)
          at Object.<anonymous>.exports.Controller (/Users/pabloelisseo/repos/one-beyond/csm/react-form-builder/node_modules/react-hook-form/src/form.tsx:38:5)
          at renderWithHooks (/Users/pabloelisseo/repos/one-beyond/csm/react-form-builder/node_modules/react-dom/cjs/react-dom.development.js:16305:18)
          at mountIndeterminateComponent (/Users/pabloelisseo/repos/one-beyond/csm/react-form-builder/node_modules/react-dom/cjs/react-dom.development.js:20074:13)
          at beginWork (/Users/pabloelisseo/repos/one-beyond/csm/react-form-builder/node_modules/react-dom/cjs/react-dom.development.js:21587:16)
          at HTMLUnknownElement.callCallback (/Users/pabloelisseo/repos/one-beyond/csm/react-form-builder/node_modules/react-dom/cjs/react-dom.development.js:4164:14)
          at HTMLUnknownElement.callTheUserObjectsOperation (/Users/pabloelisseo/repos/one-beyond/csm/react-form-builder/node_modules/jsdom/lib/jsdom/living/generated/EventListener.js:26:30)
          at innerInvokeEventListeners (/Users/pabloelisseo/repos/one-beyond/csm/react-form-builder/node_modules/jsdom/lib/jsdom/living/events/EventTarget-impl.js:338:25)
          at invokeEventListeners (/Users/pabloelisseo/repos/one-beyond/csm/react-form-builder/node_modules/jsdom/lib/jsdom/living/events/EventTarget-impl.js:274:3)
          at HTMLUnknownElementImpl._dispatch (/Users/pabloelisseo/repos/one-beyond/csm/react-form-builder/node_modules/jsdom/lib/jsdom/living/events/EventTarget-impl.js:221:9)
          at HTMLUnknownElementImpl.dispatchEvent (/Users/pabloelisseo/repos/one-beyond/csm/react-form-builder/node_modules/jsdom/lib/jsdom/living/events/EventTarget-impl.js:94:17)
          at HTMLUnknownElement.dispatchEvent (/Users/pabloelisseo/repos/one-beyond/csm/react-form-builder/node_modules/jsdom/lib/jsdom/living/generated/EventTarget.js:231:34)
          at Object.invokeGuardedCallbackDev (/Users/pabloelisseo/repos/one-beyond/csm/react-form-builder/node_modules/react-dom/cjs/react-dom.development.js:4213:16)
          at invokeGuardedCallback (/Users/pabloelisseo/repos/one-beyond/csm/react-form-builder/node_modules/react-dom/cjs/react-dom.development.js:4277:31)
          at beginWork$1 (/Users/pabloelisseo/repos/one-beyond/csm/react-form-builder/node_modules/react-dom/cjs/react-dom.development.js:27451:7)
          at performUnitOfWork (/Users/pabloelisseo/repos/one-beyond/csm/react-form-builder/node_modules/react-dom/cjs/react-dom.development.js:26560:12)
          at workLoopSync (/Users/pabloelisseo/repos/one-beyond/csm/react-form-builder/node_modules/react-dom/cjs/react-dom.development.js:26466:5)
          at renderRootSync (/Users/pabloelisseo/repos/one-beyond/csm/react-form-builder/node_modules/react-dom/cjs/react-dom.development.js:26434:7)
          at recoverFromConcurrentError (/Users/pabloelisseo/repos/one-beyond/csm/react-form-builder/node_modules/react-dom/cjs/react-dom.development.js:25850:20)
          at performConcurrentWorkOnRoot (/Users/pabloelisseo/repos/one-beyond/csm/react-form-builder/node_modules/react-dom/cjs/react-dom.development.js:25750:22)
          at flushActQueue (/Users/pabloelisseo/repos/one-beyond/csm/react-form-builder/node_modules/react/cjs/react.development.js:2667:24)
          at act (/Users/pabloelisseo/repos/one-beyond/csm/react-form-builder/node_modules/react/cjs/react.development.js:2582:11)
          at /Users/pabloelisseo/repos/one-beyond/csm/react-form-builder/node_modules/@testing-library/react/dist/act-compat.js:46:25
          at renderRoot (/Users/pabloelisseo/repos/one-beyond/csm/react-form-builder/node_modules/@testing-library/react/dist/pure.js:161:26)
          at render (/Users/pabloelisseo/repos/one-beyond/csm/react-form-builder/node_modules/@testing-library/react/dist/pure.js:247:10)
          at Object.<anonymous> (/Users/pabloelisseo/repos/one-beyond/csm/react-form-builder/src/Questions/Date/__tests__/date.test.js:261:31)
          at Promise.then.completed (/Users/pabloelisseo/repos/one-beyond/csm/react-form-builder/node_modules/jest-circus/build/utils.js:391:28)
          at new Promise (<anonymous>)
          at callAsyncCircusFn (/Users/pabloelisseo/repos/one-beyond/csm/react-form-builder/node_modules/jest-circus/build/utils.js:316:10)
          at _callCircusTest (/Users/pabloelisseo/repos/one-beyond/csm/react-form-builder/node_modules/jest-circus/build/run.js:218:40)
          at processTicksAndRejections (node:internal/process/task_queues:95:5)
          at _runTest (/Users/pabloelisseo/repos/one-beyond/csm/react-form-builder/node_modules/jest-circus/build/run.js:155:3)
          at _runTestsForDescribeBlock (/Users/pabloelisseo/repos/one-beyond/csm/react-form-builder/node_modules/jest-circus/build/run.js:66:9)
          at run (/Users/pabloelisseo/repos/one-beyond/csm/react-form-builder/node_modules/jest-circus/build/run.js:25:3)
          at runAndTransformResultsToJestFormat (/Users/pabloelisseo/repos/one-beyond/csm/react-form-builder/node_modules/jest-circus/build/legacy-code-todo-rewrite/jestAdapterInit.js:170:21)
          at jestAdapter (/Users/pabloelisseo/repos/one-beyond/csm/react-form-builder/node_modules/jest-circus/build/legacy-code-todo-rewrite/jestAdapter.js:82:19)
          at runTestInternal (/Users/pabloelisseo/repos/one-beyond/csm/react-form-builder/node_modules/jest-runner/build/runTest.js:389:16)
          at runTest (/Users/pabloelisseo/repos/one-beyond/csm/react-form-builder/node_modules/jest-runner/build/runTest.js:475:34)
          at Object.worker (/Users/pabloelisseo/repos/one-beyond/csm/react-form-builder/node_modules/jest-runner/build/testWorker.js:133:12)

      at VirtualConsole.<anonymous> (node_modules/jsdom/lib/jsdom/virtual-console.js:29:45)
      at reportException (node_modules/jsdom/lib/jsdom/living/helpers/runtime-script-errors.js:70:28)
      at innerInvokeEventListeners (node_modules/jsdom/lib/jsdom/living/events/EventTarget-impl.js:341:9)
      at invokeEventListeners (node_modules/jsdom/lib/jsdom/living/events/EventTarget-impl.js:274:3)
      at HTMLUnknownElementImpl._dispatch (node_modules/jsdom/lib/jsdom/living/events/EventTarget-impl.js:221:9)
      at HTMLUnknownElementImpl.dispatchEvent (node_modules/jsdom/lib/jsdom/living/events/EventTarget-impl.js:94:17)
      at HTMLUnknownElement.dispatchEvent (node_modules/jsdom/lib/jsdom/living/generated/EventTarget.js:231:34)

    console.error
      The above error occurred in one of your React components:
      
          at Object.<anonymous>.exports.Controller (/Users/pabloelisseo/repos/one-beyond/csm/react-form-builder/node_modules/react-hook-form/src/form.tsx:37:9)
          at DatePicker (/Users/pabloelisseo/repos/one-beyond/csm/react-form-builder/src/Fields/Date/index.js:99:3)
          at /Users/pabloelisseo/repos/one-beyond/csm/react-form-builder/node_modules/@emotion/react/dist/emotion-element-48d2c2e4.cjs.dev.js:62:23
          at div
          at /Users/pabloelisseo/repos/one-beyond/csm/react-form-builder/node_modules/@emotion/react/dist/emotion-element-48d2c2e4.cjs.dev.js:62:23
          at QuestionDate (/Users/pabloelisseo/repos/one-beyond/csm/react-form-builder/src/Questions/Date/index.js:11:3)
      
      Consider adding an error boundary to your tree to customize error handling behavior.
      Visit https://reactjs.org/link/error-boundaries to learn more about error boundaries.

      at logCapturedError (node_modules/react-dom/cjs/react-dom.development.js:18687:23)
      at update.callback (node_modules/react-dom/cjs/react-dom.development.js:18720:5)
      at callCallback (node_modules/react-dom/cjs/react-dom.development.js:13923:12)
      at commitUpdateQueue (node_modules/react-dom/cjs/react-dom.development.js:13944:9)
      at commitLayoutEffectOnFiber (node_modules/react-dom/cjs/react-dom.development.js:23391:13)
      at commitLayoutMountEffects_complete (node_modules/react-dom/cjs/react-dom.development.js:24688:9)
      at commitLayoutEffects_begin (node_modules/react-dom/cjs/react-dom.development.js:24674:7)
      at commitLayoutEffects (node_modules/react-dom/cjs/react-dom.development.js:24612:3)

    console.error
      Error: Uncaught [TypeError: Cannot read properties of undefined (reading 'array')]
          at reportException (/Users/pabloelisseo/repos/one-beyond/csm/react-form-builder/node_modules/jsdom/lib/jsdom/living/helpers/runtime-script-errors.js:66:24)
          at innerInvokeEventListeners (/Users/pabloelisseo/repos/one-beyond/csm/react-form-builder/node_modules/jsdom/lib/jsdom/living/events/EventTarget-impl.js:341:9)
          at invokeEventListeners (/Users/pabloelisseo/repos/one-beyond/csm/react-form-builder/node_modules/jsdom/lib/jsdom/living/events/EventTarget-impl.js:274:3)
          at HTMLUnknownElementImpl._dispatch (/Users/pabloelisseo/repos/one-beyond/csm/react-form-builder/node_modules/jsdom/lib/jsdom/living/events/EventTarget-impl.js:221:9)
          at HTMLUnknownElementImpl.dispatchEvent (/Users/pabloelisseo/repos/one-beyond/csm/react-form-builder/node_modules/jsdom/lib/jsdom/living/events/EventTarget-impl.js:94:17)
          at HTMLUnknownElement.dispatchEvent (/Users/pabloelisseo/repos/one-beyond/csm/react-form-builder/node_modules/jsdom/lib/jsdom/living/generated/EventTarget.js:231:34)
          at Object.invokeGuardedCallbackDev (/Users/pabloelisseo/repos/one-beyond/csm/react-form-builder/node_modules/react-dom/cjs/react-dom.development.js:4213:16)
          at invokeGuardedCallback (/Users/pabloelisseo/repos/one-beyond/csm/react-form-builder/node_modules/react-dom/cjs/react-dom.development.js:4277:31)
          at beginWork$1 (/Users/pabloelisseo/repos/one-beyond/csm/react-form-builder/node_modules/react-dom/cjs/react-dom.development.js:27451:7)
          at performUnitOfWork (/Users/pabloelisseo/repos/one-beyond/csm/react-form-builder/node_modules/react-dom/cjs/react-dom.development.js:26560:12) TypeError: Cannot read properties of undefined (reading 'array')
          at control (/Users/pabloelisseo/repos/one-beyond/csm/react-form-builder/node_modules/react-hook-form/src/useController.ts:63:35)
          at Object.<anonymous>.exports.Controller (/Users/pabloelisseo/repos/one-beyond/csm/react-form-builder/node_modules/react-hook-form/src/form.tsx:38:5)
          at renderWithHooks (/Users/pabloelisseo/repos/one-beyond/csm/react-form-builder/node_modules/react-dom/cjs/react-dom.development.js:16305:18)
          at mountIndeterminateComponent (/Users/pabloelisseo/repos/one-beyond/csm/react-form-builder/node_modules/react-dom/cjs/react-dom.development.js:20074:13)
          at beginWork (/Users/pabloelisseo/repos/one-beyond/csm/react-form-builder/node_modules/react-dom/cjs/react-dom.development.js:21587:16)
          at HTMLUnknownElement.callCallback (/Users/pabloelisseo/repos/one-beyond/csm/react-form-builder/node_modules/react-dom/cjs/react-dom.development.js:4164:14)
          at HTMLUnknownElement.callTheUserObjectsOperation (/Users/pabloelisseo/repos/one-beyond/csm/react-form-builder/node_modules/jsdom/lib/jsdom/living/generated/EventListener.js:26:30)
          at innerInvokeEventListeners (/Users/pabloelisseo/repos/one-beyond/csm/react-form-builder/node_modules/jsdom/lib/jsdom/living/events/EventTarget-impl.js:338:25)
          at invokeEventListeners (/Users/pabloelisseo/repos/one-beyond/csm/react-form-builder/node_modules/jsdom/lib/jsdom/living/events/EventTarget-impl.js:274:3)
          at HTMLUnknownElementImpl._dispatch (/Users/pabloelisseo/repos/one-beyond/csm/react-form-builder/node_modules/jsdom/lib/jsdom/living/events/EventTarget-impl.js:221:9)
          at HTMLUnknownElementImpl.dispatchEvent (/Users/pabloelisseo/repos/one-beyond/csm/react-form-builder/node_modules/jsdom/lib/jsdom/living/events/EventTarget-impl.js:94:17)
          at HTMLUnknownElement.dispatchEvent (/Users/pabloelisseo/repos/one-beyond/csm/react-form-builder/node_modules/jsdom/lib/jsdom/living/generated/EventTarget.js:231:34)
          at Object.invokeGuardedCallbackDev (/Users/pabloelisseo/repos/one-beyond/csm/react-form-builder/node_modules/react-dom/cjs/react-dom.development.js:4213:16)
          at invokeGuardedCallback (/Users/pabloelisseo/repos/one-beyond/csm/react-form-builder/node_modules/react-dom/cjs/react-dom.development.js:4277:31)
          at beginWork$1 (/Users/pabloelisseo/repos/one-beyond/csm/react-form-builder/node_modules/react-dom/cjs/react-dom.development.js:27451:7)
          at performUnitOfWork (/Users/pabloelisseo/repos/one-beyond/csm/react-form-builder/node_modules/react-dom/cjs/react-dom.development.js:26560:12)
          at workLoopSync (/Users/pabloelisseo/repos/one-beyond/csm/react-form-builder/node_modules/react-dom/cjs/react-dom.development.js:26466:5)
          at renderRootSync (/Users/pabloelisseo/repos/one-beyond/csm/react-form-builder/node_modules/react-dom/cjs/react-dom.development.js:26434:7)
          at performConcurrentWorkOnRoot (/Users/pabloelisseo/repos/one-beyond/csm/react-form-builder/node_modules/react-dom/cjs/react-dom.development.js:25738:74)
          at flushActQueue (/Users/pabloelisseo/repos/one-beyond/csm/react-form-builder/node_modules/react/cjs/react.development.js:2667:24)
          at act (/Users/pabloelisseo/repos/one-beyond/csm/react-form-builder/node_modules/react/cjs/react.development.js:2582:11)
          at /Users/pabloelisseo/repos/one-beyond/csm/react-form-builder/node_modules/@testing-library/react/dist/act-compat.js:46:25
          at renderRoot (/Users/pabloelisseo/repos/one-beyond/csm/react-form-builder/node_modules/@testing-library/react/dist/pure.js:161:26)
          at render (/Users/pabloelisseo/repos/one-beyond/csm/react-form-builder/node_modules/@testing-library/react/dist/pure.js:247:10)
          at Object.<anonymous> (/Users/pabloelisseo/repos/one-beyond/csm/react-form-builder/src/Questions/Date/__tests__/date.test.js:281:31)
          at Promise.then.completed (/Users/pabloelisseo/repos/one-beyond/csm/react-form-builder/node_modules/jest-circus/build/utils.js:391:28)
          at new Promise (<anonymous>)
          at callAsyncCircusFn (/Users/pabloelisseo/repos/one-beyond/csm/react-form-builder/node_modules/jest-circus/build/utils.js:316:10)
          at _callCircusTest (/Users/pabloelisseo/repos/one-beyond/csm/react-form-builder/node_modules/jest-circus/build/run.js:218:40)
          at processTicksAndRejections (node:internal/process/task_queues:95:5)
          at _runTest (/Users/pabloelisseo/repos/one-beyond/csm/react-form-builder/node_modules/jest-circus/build/run.js:155:3)
          at _runTestsForDescribeBlock (/Users/pabloelisseo/repos/one-beyond/csm/react-form-builder/node_modules/jest-circus/build/run.js:66:9)
          at run (/Users/pabloelisseo/repos/one-beyond/csm/react-form-builder/node_modules/jest-circus/build/run.js:25:3)
          at runAndTransformResultsToJestFormat (/Users/pabloelisseo/repos/one-beyond/csm/react-form-builder/node_modules/jest-circus/build/legacy-code-todo-rewrite/jestAdapterInit.js:170:21)
          at jestAdapter (/Users/pabloelisseo/repos/one-beyond/csm/react-form-builder/node_modules/jest-circus/build/legacy-code-todo-rewrite/jestAdapter.js:82:19)
          at runTestInternal (/Users/pabloelisseo/repos/one-beyond/csm/react-form-builder/node_modules/jest-runner/build/runTest.js:389:16)
          at runTest (/Users/pabloelisseo/repos/one-beyond/csm/react-form-builder/node_modules/jest-runner/build/runTest.js:475:34)
          at Object.worker (/Users/pabloelisseo/repos/one-beyond/csm/react-form-builder/node_modules/jest-runner/build/testWorker.js:133:12)

      at VirtualConsole.<anonymous> (node_modules/jsdom/lib/jsdom/virtual-console.js:29:45)
      at reportException (node_modules/jsdom/lib/jsdom/living/helpers/runtime-script-errors.js:70:28)
      at innerInvokeEventListeners (node_modules/jsdom/lib/jsdom/living/events/EventTarget-impl.js:341:9)
      at invokeEventListeners (node_modules/jsdom/lib/jsdom/living/events/EventTarget-impl.js:274:3)
      at HTMLUnknownElementImpl._dispatch (node_modules/jsdom/lib/jsdom/living/events/EventTarget-impl.js:221:9)
      at HTMLUnknownElementImpl.dispatchEvent (node_modules/jsdom/lib/jsdom/living/events/EventTarget-impl.js:94:17)
      at HTMLUnknownElement.dispatchEvent (node_modules/jsdom/lib/jsdom/living/generated/EventTarget.js:231:34)

    console.error
      Error: Uncaught [TypeError: Cannot read properties of undefined (reading 'array')]
          at reportException (/Users/pabloelisseo/repos/one-beyond/csm/react-form-builder/node_modules/jsdom/lib/jsdom/living/helpers/runtime-script-errors.js:66:24)
          at innerInvokeEventListeners (/Users/pabloelisseo/repos/one-beyond/csm/react-form-builder/node_modules/jsdom/lib/jsdom/living/events/EventTarget-impl.js:341:9)
          at invokeEventListeners (/Users/pabloelisseo/repos/one-beyond/csm/react-form-builder/node_modules/jsdom/lib/jsdom/living/events/EventTarget-impl.js:274:3)
          at HTMLUnknownElementImpl._dispatch (/Users/pabloelisseo/repos/one-beyond/csm/react-form-builder/node_modules/jsdom/lib/jsdom/living/events/EventTarget-impl.js:221:9)
          at HTMLUnknownElementImpl.dispatchEvent (/Users/pabloelisseo/repos/one-beyond/csm/react-form-builder/node_modules/jsdom/lib/jsdom/living/events/EventTarget-impl.js:94:17)
          at HTMLUnknownElement.dispatchEvent (/Users/pabloelisseo/repos/one-beyond/csm/react-form-builder/node_modules/jsdom/lib/jsdom/living/generated/EventTarget.js:231:34)
          at Object.invokeGuardedCallbackDev (/Users/pabloelisseo/repos/one-beyond/csm/react-form-builder/node_modules/react-dom/cjs/react-dom.development.js:4213:16)
          at invokeGuardedCallback (/Users/pabloelisseo/repos/one-beyond/csm/react-form-builder/node_modules/react-dom/cjs/react-dom.development.js:4277:31)
          at beginWork$1 (/Users/pabloelisseo/repos/one-beyond/csm/react-form-builder/node_modules/react-dom/cjs/react-dom.development.js:27451:7)
          at performUnitOfWork (/Users/pabloelisseo/repos/one-beyond/csm/react-form-builder/node_modules/react-dom/cjs/react-dom.development.js:26560:12) TypeError: Cannot read properties of undefined (reading 'array')
          at control (/Users/pabloelisseo/repos/one-beyond/csm/react-form-builder/node_modules/react-hook-form/src/useController.ts:63:35)
          at Object.<anonymous>.exports.Controller (/Users/pabloelisseo/repos/one-beyond/csm/react-form-builder/node_modules/react-hook-form/src/form.tsx:38:5)
          at renderWithHooks (/Users/pabloelisseo/repos/one-beyond/csm/react-form-builder/node_modules/react-dom/cjs/react-dom.development.js:16305:18)
          at mountIndeterminateComponent (/Users/pabloelisseo/repos/one-beyond/csm/react-form-builder/node_modules/react-dom/cjs/react-dom.development.js:20074:13)
          at beginWork (/Users/pabloelisseo/repos/one-beyond/csm/react-form-builder/node_modules/react-dom/cjs/react-dom.development.js:21587:16)
          at HTMLUnknownElement.callCallback (/Users/pabloelisseo/repos/one-beyond/csm/react-form-builder/node_modules/react-dom/cjs/react-dom.development.js:4164:14)
          at HTMLUnknownElement.callTheUserObjectsOperation (/Users/pabloelisseo/repos/one-beyond/csm/react-form-builder/node_modules/jsdom/lib/jsdom/living/generated/EventListener.js:26:30)
          at innerInvokeEventListeners (/Users/pabloelisseo/repos/one-beyond/csm/react-form-builder/node_modules/jsdom/lib/jsdom/living/events/EventTarget-impl.js:338:25)
          at invokeEventListeners (/Users/pabloelisseo/repos/one-beyond/csm/react-form-builder/node_modules/jsdom/lib/jsdom/living/events/EventTarget-impl.js:274:3)
          at HTMLUnknownElementImpl._dispatch (/Users/pabloelisseo/repos/one-beyond/csm/react-form-builder/node_modules/jsdom/lib/jsdom/living/events/EventTarget-impl.js:221:9)
          at HTMLUnknownElementImpl.dispatchEvent (/Users/pabloelisseo/repos/one-beyond/csm/react-form-builder/node_modules/jsdom/lib/jsdom/living/events/EventTarget-impl.js:94:17)
          at HTMLUnknownElement.dispatchEvent (/Users/pabloelisseo/repos/one-beyond/csm/react-form-builder/node_modules/jsdom/lib/jsdom/living/generated/EventTarget.js:231:34)
          at Object.invokeGuardedCallbackDev (/Users/pabloelisseo/repos/one-beyond/csm/react-form-builder/node_modules/react-dom/cjs/react-dom.development.js:4213:16)
          at invokeGuardedCallback (/Users/pabloelisseo/repos/one-beyond/csm/react-form-builder/node_modules/react-dom/cjs/react-dom.development.js:4277:31)
          at beginWork$1 (/Users/pabloelisseo/repos/one-beyond/csm/react-form-builder/node_modules/react-dom/cjs/react-dom.development.js:27451:7)
          at performUnitOfWork (/Users/pabloelisseo/repos/one-beyond/csm/react-form-builder/node_modules/react-dom/cjs/react-dom.development.js:26560:12)
          at workLoopSync (/Users/pabloelisseo/repos/one-beyond/csm/react-form-builder/node_modules/react-dom/cjs/react-dom.development.js:26466:5)
          at renderRootSync (/Users/pabloelisseo/repos/one-beyond/csm/react-form-builder/node_modules/react-dom/cjs/react-dom.development.js:26434:7)
          at recoverFromConcurrentError (/Users/pabloelisseo/repos/one-beyond/csm/react-form-builder/node_modules/react-dom/cjs/react-dom.development.js:25850:20)
          at performConcurrentWorkOnRoot (/Users/pabloelisseo/repos/one-beyond/csm/react-form-builder/node_modules/react-dom/cjs/react-dom.development.js:25750:22)
          at flushActQueue (/Users/pabloelisseo/repos/one-beyond/csm/react-form-builder/node_modules/react/cjs/react.development.js:2667:24)
          at act (/Users/pabloelisseo/repos/one-beyond/csm/react-form-builder/node_modules/react/cjs/react.development.js:2582:11)
          at /Users/pabloelisseo/repos/one-beyond/csm/react-form-builder/node_modules/@testing-library/react/dist/act-compat.js:46:25
          at renderRoot (/Users/pabloelisseo/repos/one-beyond/csm/react-form-builder/node_modules/@testing-library/react/dist/pure.js:161:26)
          at render (/Users/pabloelisseo/repos/one-beyond/csm/react-form-builder/node_modules/@testing-library/react/dist/pure.js:247:10)
          at Object.<anonymous> (/Users/pabloelisseo/repos/one-beyond/csm/react-form-builder/src/Questions/Date/__tests__/date.test.js:281:31)
          at Promise.then.completed (/Users/pabloelisseo/repos/one-beyond/csm/react-form-builder/node_modules/jest-circus/build/utils.js:391:28)
          at new Promise (<anonymous>)
          at callAsyncCircusFn (/Users/pabloelisseo/repos/one-beyond/csm/react-form-builder/node_modules/jest-circus/build/utils.js:316:10)
          at _callCircusTest (/Users/pabloelisseo/repos/one-beyond/csm/react-form-builder/node_modules/jest-circus/build/run.js:218:40)
          at processTicksAndRejections (node:internal/process/task_queues:95:5)
          at _runTest (/Users/pabloelisseo/repos/one-beyond/csm/react-form-builder/node_modules/jest-circus/build/run.js:155:3)
          at _runTestsForDescribeBlock (/Users/pabloelisseo/repos/one-beyond/csm/react-form-builder/node_modules/jest-circus/build/run.js:66:9)
          at run (/Users/pabloelisseo/repos/one-beyond/csm/react-form-builder/node_modules/jest-circus/build/run.js:25:3)
          at runAndTransformResultsToJestFormat (/Users/pabloelisseo/repos/one-beyond/csm/react-form-builder/node_modules/jest-circus/build/legacy-code-todo-rewrite/jestAdapterInit.js:170:21)
          at jestAdapter (/Users/pabloelisseo/repos/one-beyond/csm/react-form-builder/node_modules/jest-circus/build/legacy-code-todo-rewrite/jestAdapter.js:82:19)
          at runTestInternal (/Users/pabloelisseo/repos/one-beyond/csm/react-form-builder/node_modules/jest-runner/build/runTest.js:389:16)
          at runTest (/Users/pabloelisseo/repos/one-beyond/csm/react-form-builder/node_modules/jest-runner/build/runTest.js:475:34)
          at Object.worker (/Users/pabloelisseo/repos/one-beyond/csm/react-form-builder/node_modules/jest-runner/build/testWorker.js:133:12)

      at VirtualConsole.<anonymous> (node_modules/jsdom/lib/jsdom/virtual-console.js:29:45)
      at reportException (node_modules/jsdom/lib/jsdom/living/helpers/runtime-script-errors.js:70:28)
      at innerInvokeEventListeners (node_modules/jsdom/lib/jsdom/living/events/EventTarget-impl.js:341:9)
      at invokeEventListeners (node_modules/jsdom/lib/jsdom/living/events/EventTarget-impl.js:274:3)
      at HTMLUnknownElementImpl._dispatch (node_modules/jsdom/lib/jsdom/living/events/EventTarget-impl.js:221:9)
      at HTMLUnknownElementImpl.dispatchEvent (node_modules/jsdom/lib/jsdom/living/events/EventTarget-impl.js:94:17)
      at HTMLUnknownElement.dispatchEvent (node_modules/jsdom/lib/jsdom/living/generated/EventTarget.js:231:34)

    console.error
      The above error occurred in one of your React components:
      
          at Object.<anonymous>.exports.Controller (/Users/pabloelisseo/repos/one-beyond/csm/react-form-builder/node_modules/react-hook-form/src/form.tsx:37:9)
          at DatePicker (/Users/pabloelisseo/repos/one-beyond/csm/react-form-builder/src/Fields/Date/index.js:99:3)
          at /Users/pabloelisseo/repos/one-beyond/csm/react-form-builder/node_modules/@emotion/react/dist/emotion-element-48d2c2e4.cjs.dev.js:62:23
          at div
          at /Users/pabloelisseo/repos/one-beyond/csm/react-form-builder/node_modules/@emotion/react/dist/emotion-element-48d2c2e4.cjs.dev.js:62:23
          at QuestionDate (/Users/pabloelisseo/repos/one-beyond/csm/react-form-builder/src/Questions/Date/index.js:11:3)
      
      Consider adding an error boundary to your tree to customize error handling behavior.
      Visit https://reactjs.org/link/error-boundaries to learn more about error boundaries.

      at logCapturedError (node_modules/react-dom/cjs/react-dom.development.js:18687:23)
      at update.callback (node_modules/react-dom/cjs/react-dom.development.js:18720:5)
      at callCallback (node_modules/react-dom/cjs/react-dom.development.js:13923:12)
      at commitUpdateQueue (node_modules/react-dom/cjs/react-dom.development.js:13944:9)
      at commitLayoutEffectOnFiber (node_modules/react-dom/cjs/react-dom.development.js:23391:13)
      at commitLayoutMountEffects_complete (node_modules/react-dom/cjs/react-dom.development.js:24688:9)
      at commitLayoutEffects_begin (node_modules/react-dom/cjs/react-dom.development.js:24674:7)
      at commitLayoutEffects (node_modules/react-dom/cjs/react-dom.development.js:24612:3)

    console.error
      Error: Uncaught [TypeError: Cannot read properties of undefined (reading 'array')]
          at reportException (/Users/pabloelisseo/repos/one-beyond/csm/react-form-builder/node_modules/jsdom/lib/jsdom/living/helpers/runtime-script-errors.js:66:24)
          at innerInvokeEventListeners (/Users/pabloelisseo/repos/one-beyond/csm/react-form-builder/node_modules/jsdom/lib/jsdom/living/events/EventTarget-impl.js:341:9)
          at invokeEventListeners (/Users/pabloelisseo/repos/one-beyond/csm/react-form-builder/node_modules/jsdom/lib/jsdom/living/events/EventTarget-impl.js:274:3)
          at HTMLUnknownElementImpl._dispatch (/Users/pabloelisseo/repos/one-beyond/csm/react-form-builder/node_modules/jsdom/lib/jsdom/living/events/EventTarget-impl.js:221:9)
          at HTMLUnknownElementImpl.dispatchEvent (/Users/pabloelisseo/repos/one-beyond/csm/react-form-builder/node_modules/jsdom/lib/jsdom/living/events/EventTarget-impl.js:94:17)
          at HTMLUnknownElement.dispatchEvent (/Users/pabloelisseo/repos/one-beyond/csm/react-form-builder/node_modules/jsdom/lib/jsdom/living/generated/EventTarget.js:231:34)
          at Object.invokeGuardedCallbackDev (/Users/pabloelisseo/repos/one-beyond/csm/react-form-builder/node_modules/react-dom/cjs/react-dom.development.js:4213:16)
          at invokeGuardedCallback (/Users/pabloelisseo/repos/one-beyond/csm/react-form-builder/node_modules/react-dom/cjs/react-dom.development.js:4277:31)
          at beginWork$1 (/Users/pabloelisseo/repos/one-beyond/csm/react-form-builder/node_modules/react-dom/cjs/react-dom.development.js:27451:7)
          at performUnitOfWork (/Users/pabloelisseo/repos/one-beyond/csm/react-form-builder/node_modules/react-dom/cjs/react-dom.development.js:26560:12) TypeError: Cannot read properties of undefined (reading 'array')
          at control (/Users/pabloelisseo/repos/one-beyond/csm/react-form-builder/node_modules/react-hook-form/src/useController.ts:63:35)
          at Object.<anonymous>.exports.Controller (/Users/pabloelisseo/repos/one-beyond/csm/react-form-builder/node_modules/react-hook-form/src/form.tsx:38:5)
          at renderWithHooks (/Users/pabloelisseo/repos/one-beyond/csm/react-form-builder/node_modules/react-dom/cjs/react-dom.development.js:16305:18)
          at mountIndeterminateComponent (/Users/pabloelisseo/repos/one-beyond/csm/react-form-builder/node_modules/react-dom/cjs/react-dom.development.js:20074:13)
          at beginWork (/Users/pabloelisseo/repos/one-beyond/csm/react-form-builder/node_modules/react-dom/cjs/react-dom.development.js:21587:16)
          at HTMLUnknownElement.callCallback (/Users/pabloelisseo/repos/one-beyond/csm/react-form-builder/node_modules/react-dom/cjs/react-dom.development.js:4164:14)
          at HTMLUnknownElement.callTheUserObjectsOperation (/Users/pabloelisseo/repos/one-beyond/csm/react-form-builder/node_modules/jsdom/lib/jsdom/living/generated/EventListener.js:26:30)
          at innerInvokeEventListeners (/Users/pabloelisseo/repos/one-beyond/csm/react-form-builder/node_modules/jsdom/lib/jsdom/living/events/EventTarget-impl.js:338:25)
          at invokeEventListeners (/Users/pabloelisseo/repos/one-beyond/csm/react-form-builder/node_modules/jsdom/lib/jsdom/living/events/EventTarget-impl.js:274:3)
          at HTMLUnknownElementImpl._dispatch (/Users/pabloelisseo/repos/one-beyond/csm/react-form-builder/node_modules/jsdom/lib/jsdom/living/events/EventTarget-impl.js:221:9)
          at HTMLUnknownElementImpl.dispatchEvent (/Users/pabloelisseo/repos/one-beyond/csm/react-form-builder/node_modules/jsdom/lib/jsdom/living/events/EventTarget-impl.js:94:17)
          at HTMLUnknownElement.dispatchEvent (/Users/pabloelisseo/repos/one-beyond/csm/react-form-builder/node_modules/jsdom/lib/jsdom/living/generated/EventTarget.js:231:34)
          at Object.invokeGuardedCallbackDev (/Users/pabloelisseo/repos/one-beyond/csm/react-form-builder/node_modules/react-dom/cjs/react-dom.development.js:4213:16)
          at invokeGuardedCallback (/Users/pabloelisseo/repos/one-beyond/csm/react-form-builder/node_modules/react-dom/cjs/react-dom.development.js:4277:31)
          at beginWork$1 (/Users/pabloelisseo/repos/one-beyond/csm/react-form-builder/node_modules/react-dom/cjs/react-dom.development.js:27451:7)
          at performUnitOfWork (/Users/pabloelisseo/repos/one-beyond/csm/react-form-builder/node_modules/react-dom/cjs/react-dom.development.js:26560:12)
          at workLoopSync (/Users/pabloelisseo/repos/one-beyond/csm/react-form-builder/node_modules/react-dom/cjs/react-dom.development.js:26466:5)
          at renderRootSync (/Users/pabloelisseo/repos/one-beyond/csm/react-form-builder/node_modules/react-dom/cjs/react-dom.development.js:26434:7)
          at performConcurrentWorkOnRoot (/Users/pabloelisseo/repos/one-beyond/csm/react-form-builder/node_modules/react-dom/cjs/react-dom.development.js:25738:74)
          at flushActQueue (/Users/pabloelisseo/repos/one-beyond/csm/react-form-builder/node_modules/react/cjs/react.development.js:2667:24)
          at act (/Users/pabloelisseo/repos/one-beyond/csm/react-form-builder/node_modules/react/cjs/react.development.js:2582:11)
          at /Users/pabloelisseo/repos/one-beyond/csm/react-form-builder/node_modules/@testing-library/react/dist/act-compat.js:46:25
          at renderRoot (/Users/pabloelisseo/repos/one-beyond/csm/react-form-builder/node_modules/@testing-library/react/dist/pure.js:161:26)
          at render (/Users/pabloelisseo/repos/one-beyond/csm/react-form-builder/node_modules/@testing-library/react/dist/pure.js:247:10)
          at Object.<anonymous> (/Users/pabloelisseo/repos/one-beyond/csm/react-form-builder/src/Questions/Date/__tests__/date.test.js:301:31)
          at Promise.then.completed (/Users/pabloelisseo/repos/one-beyond/csm/react-form-builder/node_modules/jest-circus/build/utils.js:391:28)
          at new Promise (<anonymous>)
          at callAsyncCircusFn (/Users/pabloelisseo/repos/one-beyond/csm/react-form-builder/node_modules/jest-circus/build/utils.js:316:10)
          at _callCircusTest (/Users/pabloelisseo/repos/one-beyond/csm/react-form-builder/node_modules/jest-circus/build/run.js:218:40)
          at processTicksAndRejections (node:internal/process/task_queues:95:5)
          at _runTest (/Users/pabloelisseo/repos/one-beyond/csm/react-form-builder/node_modules/jest-circus/build/run.js:155:3)
          at _runTestsForDescribeBlock (/Users/pabloelisseo/repos/one-beyond/csm/react-form-builder/node_modules/jest-circus/build/run.js:66:9)
          at run (/Users/pabloelisseo/repos/one-beyond/csm/react-form-builder/node_modules/jest-circus/build/run.js:25:3)
          at runAndTransformResultsToJestFormat (/Users/pabloelisseo/repos/one-beyond/csm/react-form-builder/node_modules/jest-circus/build/legacy-code-todo-rewrite/jestAdapterInit.js:170:21)
          at jestAdapter (/Users/pabloelisseo/repos/one-beyond/csm/react-form-builder/node_modules/jest-circus/build/legacy-code-todo-rewrite/jestAdapter.js:82:19)
          at runTestInternal (/Users/pabloelisseo/repos/one-beyond/csm/react-form-builder/node_modules/jest-runner/build/runTest.js:389:16)
          at runTest (/Users/pabloelisseo/repos/one-beyond/csm/react-form-builder/node_modules/jest-runner/build/runTest.js:475:34)
          at Object.worker (/Users/pabloelisseo/repos/one-beyond/csm/react-form-builder/node_modules/jest-runner/build/testWorker.js:133:12)

      at VirtualConsole.<anonymous> (node_modules/jsdom/lib/jsdom/virtual-console.js:29:45)
      at reportException (node_modules/jsdom/lib/jsdom/living/helpers/runtime-script-errors.js:70:28)
      at innerInvokeEventListeners (node_modules/jsdom/lib/jsdom/living/events/EventTarget-impl.js:341:9)
      at invokeEventListeners (node_modules/jsdom/lib/jsdom/living/events/EventTarget-impl.js:274:3)
      at HTMLUnknownElementImpl._dispatch (node_modules/jsdom/lib/jsdom/living/events/EventTarget-impl.js:221:9)
      at HTMLUnknownElementImpl.dispatchEvent (node_modules/jsdom/lib/jsdom/living/events/EventTarget-impl.js:94:17)
      at HTMLUnknownElement.dispatchEvent (node_modules/jsdom/lib/jsdom/living/generated/EventTarget.js:231:34)

    console.error
      Error: Uncaught [TypeError: Cannot read properties of undefined (reading 'array')]
          at reportException (/Users/pabloelisseo/repos/one-beyond/csm/react-form-builder/node_modules/jsdom/lib/jsdom/living/helpers/runtime-script-errors.js:66:24)
          at innerInvokeEventListeners (/Users/pabloelisseo/repos/one-beyond/csm/react-form-builder/node_modules/jsdom/lib/jsdom/living/events/EventTarget-impl.js:341:9)
          at invokeEventListeners (/Users/pabloelisseo/repos/one-beyond/csm/react-form-builder/node_modules/jsdom/lib/jsdom/living/events/EventTarget-impl.js:274:3)
          at HTMLUnknownElementImpl._dispatch (/Users/pabloelisseo/repos/one-beyond/csm/react-form-builder/node_modules/jsdom/lib/jsdom/living/events/EventTarget-impl.js:221:9)
          at HTMLUnknownElementImpl.dispatchEvent (/Users/pabloelisseo/repos/one-beyond/csm/react-form-builder/node_modules/jsdom/lib/jsdom/living/events/EventTarget-impl.js:94:17)
          at HTMLUnknownElement.dispatchEvent (/Users/pabloelisseo/repos/one-beyond/csm/react-form-builder/node_modules/jsdom/lib/jsdom/living/generated/EventTarget.js:231:34)
          at Object.invokeGuardedCallbackDev (/Users/pabloelisseo/repos/one-beyond/csm/react-form-builder/node_modules/react-dom/cjs/react-dom.development.js:4213:16)
          at invokeGuardedCallback (/Users/pabloelisseo/repos/one-beyond/csm/react-form-builder/node_modules/react-dom/cjs/react-dom.development.js:4277:31)
          at beginWork$1 (/Users/pabloelisseo/repos/one-beyond/csm/react-form-builder/node_modules/react-dom/cjs/react-dom.development.js:27451:7)
          at performUnitOfWork (/Users/pabloelisseo/repos/one-beyond/csm/react-form-builder/node_modules/react-dom/cjs/react-dom.development.js:26560:12) TypeError: Cannot read properties of undefined (reading 'array')
          at control (/Users/pabloelisseo/repos/one-beyond/csm/react-form-builder/node_modules/react-hook-form/src/useController.ts:63:35)
          at Object.<anonymous>.exports.Controller (/Users/pabloelisseo/repos/one-beyond/csm/react-form-builder/node_modules/react-hook-form/src/form.tsx:38:5)
          at renderWithHooks (/Users/pabloelisseo/repos/one-beyond/csm/react-form-builder/node_modules/react-dom/cjs/react-dom.development.js:16305:18)
          at mountIndeterminateComponent (/Users/pabloelisseo/repos/one-beyond/csm/react-form-builder/node_modules/react-dom/cjs/react-dom.development.js:20074:13)
          at beginWork (/Users/pabloelisseo/repos/one-beyond/csm/react-form-builder/node_modules/react-dom/cjs/react-dom.development.js:21587:16)
          at HTMLUnknownElement.callCallback (/Users/pabloelisseo/repos/one-beyond/csm/react-form-builder/node_modules/react-dom/cjs/react-dom.development.js:4164:14)
          at HTMLUnknownElement.callTheUserObjectsOperation (/Users/pabloelisseo/repos/one-beyond/csm/react-form-builder/node_modules/jsdom/lib/jsdom/living/generated/EventListener.js:26:30)
          at innerInvokeEventListeners (/Users/pabloelisseo/repos/one-beyond/csm/react-form-builder/node_modules/jsdom/lib/jsdom/living/events/EventTarget-impl.js:338:25)
          at invokeEventListeners (/Users/pabloelisseo/repos/one-beyond/csm/react-form-builder/node_modules/jsdom/lib/jsdom/living/events/EventTarget-impl.js:274:3)
          at HTMLUnknownElementImpl._dispatch (/Users/pabloelisseo/repos/one-beyond/csm/react-form-builder/node_modules/jsdom/lib/jsdom/living/events/EventTarget-impl.js:221:9)
          at HTMLUnknownElementImpl.dispatchEvent (/Users/pabloelisseo/repos/one-beyond/csm/react-form-builder/node_modules/jsdom/lib/jsdom/living/events/EventTarget-impl.js:94:17)
          at HTMLUnknownElement.dispatchEvent (/Users/pabloelisseo/repos/one-beyond/csm/react-form-builder/node_modules/jsdom/lib/jsdom/living/generated/EventTarget.js:231:34)
          at Object.invokeGuardedCallbackDev (/Users/pabloelisseo/repos/one-beyond/csm/react-form-builder/node_modules/react-dom/cjs/react-dom.development.js:4213:16)
          at invokeGuardedCallback (/Users/pabloelisseo/repos/one-beyond/csm/react-form-builder/node_modules/react-dom/cjs/react-dom.development.js:4277:31)
          at beginWork$1 (/Users/pabloelisseo/repos/one-beyond/csm/react-form-builder/node_modules/react-dom/cjs/react-dom.development.js:27451:7)
          at performUnitOfWork (/Users/pabloelisseo/repos/one-beyond/csm/react-form-builder/node_modules/react-dom/cjs/react-dom.development.js:26560:12)
          at workLoopSync (/Users/pabloelisseo/repos/one-beyond/csm/react-form-builder/node_modules/react-dom/cjs/react-dom.development.js:26466:5)
          at renderRootSync (/Users/pabloelisseo/repos/one-beyond/csm/react-form-builder/node_modules/react-dom/cjs/react-dom.development.js:26434:7)
          at recoverFromConcurrentError (/Users/pabloelisseo/repos/one-beyond/csm/react-form-builder/node_modules/react-dom/cjs/react-dom.development.js:25850:20)
          at performConcurrentWorkOnRoot (/Users/pabloelisseo/repos/one-beyond/csm/react-form-builder/node_modules/react-dom/cjs/react-dom.development.js:25750:22)
          at flushActQueue (/Users/pabloelisseo/repos/one-beyond/csm/react-form-builder/node_modules/react/cjs/react.development.js:2667:24)
          at act (/Users/pabloelisseo/repos/one-beyond/csm/react-form-builder/node_modules/react/cjs/react.development.js:2582:11)
          at /Users/pabloelisseo/repos/one-beyond/csm/react-form-builder/node_modules/@testing-library/react/dist/act-compat.js:46:25
          at renderRoot (/Users/pabloelisseo/repos/one-beyond/csm/react-form-builder/node_modules/@testing-library/react/dist/pure.js:161:26)
          at render (/Users/pabloelisseo/repos/one-beyond/csm/react-form-builder/node_modules/@testing-library/react/dist/pure.js:247:10)
          at Object.<anonymous> (/Users/pabloelisseo/repos/one-beyond/csm/react-form-builder/src/Questions/Date/__tests__/date.test.js:301:31)
          at Promise.then.completed (/Users/pabloelisseo/repos/one-beyond/csm/react-form-builder/node_modules/jest-circus/build/utils.js:391:28)
          at new Promise (<anonymous>)
          at callAsyncCircusFn (/Users/pabloelisseo/repos/one-beyond/csm/react-form-builder/node_modules/jest-circus/build/utils.js:316:10)
          at _callCircusTest (/Users/pabloelisseo/repos/one-beyond/csm/react-form-builder/node_modules/jest-circus/build/run.js:218:40)
          at processTicksAndRejections (node:internal/process/task_queues:95:5)
          at _runTest (/Users/pabloelisseo/repos/one-beyond/csm/react-form-builder/node_modules/jest-circus/build/run.js:155:3)
          at _runTestsForDescribeBlock (/Users/pabloelisseo/repos/one-beyond/csm/react-form-builder/node_modules/jest-circus/build/run.js:66:9)
          at run (/Users/pabloelisseo/repos/one-beyond/csm/react-form-builder/node_modules/jest-circus/build/run.js:25:3)
          at runAndTransformResultsToJestFormat (/Users/pabloelisseo/repos/one-beyond/csm/react-form-builder/node_modules/jest-circus/build/legacy-code-todo-rewrite/jestAdapterInit.js:170:21)
          at jestAdapter (/Users/pabloelisseo/repos/one-beyond/csm/react-form-builder/node_modules/jest-circus/build/legacy-code-todo-rewrite/jestAdapter.js:82:19)
          at runTestInternal (/Users/pabloelisseo/repos/one-beyond/csm/react-form-builder/node_modules/jest-runner/build/runTest.js:389:16)
          at runTest (/Users/pabloelisseo/repos/one-beyond/csm/react-form-builder/node_modules/jest-runner/build/runTest.js:475:34)
          at Object.worker (/Users/pabloelisseo/repos/one-beyond/csm/react-form-builder/node_modules/jest-runner/build/testWorker.js:133:12)

      at VirtualConsole.<anonymous> (node_modules/jsdom/lib/jsdom/virtual-console.js:29:45)
      at reportException (node_modules/jsdom/lib/jsdom/living/helpers/runtime-script-errors.js:70:28)
      at innerInvokeEventListeners (node_modules/jsdom/lib/jsdom/living/events/EventTarget-impl.js:341:9)
      at invokeEventListeners (node_modules/jsdom/lib/jsdom/living/events/EventTarget-impl.js:274:3)
      at HTMLUnknownElementImpl._dispatch (node_modules/jsdom/lib/jsdom/living/events/EventTarget-impl.js:221:9)
      at HTMLUnknownElementImpl.dispatchEvent (node_modules/jsdom/lib/jsdom/living/events/EventTarget-impl.js:94:17)
      at HTMLUnknownElement.dispatchEvent (node_modules/jsdom/lib/jsdom/living/generated/EventTarget.js:231:34)

    console.error
      The above error occurred in one of your React components:
      
          at Object.<anonymous>.exports.Controller (/Users/pabloelisseo/repos/one-beyond/csm/react-form-builder/node_modules/react-hook-form/src/form.tsx:37:9)
          at DatePicker (/Users/pabloelisseo/repos/one-beyond/csm/react-form-builder/src/Fields/Date/index.js:99:3)
          at /Users/pabloelisseo/repos/one-beyond/csm/react-form-builder/node_modules/@emotion/react/dist/emotion-element-48d2c2e4.cjs.dev.js:62:23
          at div
          at /Users/pabloelisseo/repos/one-beyond/csm/react-form-builder/node_modules/@emotion/react/dist/emotion-element-48d2c2e4.cjs.dev.js:62:23
          at QuestionDate (/Users/pabloelisseo/repos/one-beyond/csm/react-form-builder/src/Questions/Date/index.js:11:3)
      
      Consider adding an error boundary to your tree to customize error handling behavior.
      Visit https://reactjs.org/link/error-boundaries to learn more about error boundaries.

      at logCapturedError (node_modules/react-dom/cjs/react-dom.development.js:18687:23)
      at update.callback (node_modules/react-dom/cjs/react-dom.development.js:18720:5)
      at callCallback (node_modules/react-dom/cjs/react-dom.development.js:13923:12)
      at commitUpdateQueue (node_modules/react-dom/cjs/react-dom.development.js:13944:9)
      at commitLayoutEffectOnFiber (node_modules/react-dom/cjs/react-dom.development.js:23391:13)
      at commitLayoutMountEffects_complete (node_modules/react-dom/cjs/react-dom.development.js:24688:9)
      at commitLayoutEffects_begin (node_modules/react-dom/cjs/react-dom.development.js:24674:7)
      at commitLayoutEffects (node_modules/react-dom/cjs/react-dom.development.js:24612:3)

    console.error
      Error: Uncaught [TypeError: Cannot read properties of undefined (reading 'array')]
          at reportException (/Users/pabloelisseo/repos/one-beyond/csm/react-form-builder/node_modules/jsdom/lib/jsdom/living/helpers/runtime-script-errors.js:66:24)
          at innerInvokeEventListeners (/Users/pabloelisseo/repos/one-beyond/csm/react-form-builder/node_modules/jsdom/lib/jsdom/living/events/EventTarget-impl.js:341:9)
          at invokeEventListeners (/Users/pabloelisseo/repos/one-beyond/csm/react-form-builder/node_modules/jsdom/lib/jsdom/living/events/EventTarget-impl.js:274:3)
          at HTMLUnknownElementImpl._dispatch (/Users/pabloelisseo/repos/one-beyond/csm/react-form-builder/node_modules/jsdom/lib/jsdom/living/events/EventTarget-impl.js:221:9)
          at HTMLUnknownElementImpl.dispatchEvent (/Users/pabloelisseo/repos/one-beyond/csm/react-form-builder/node_modules/jsdom/lib/jsdom/living/events/EventTarget-impl.js:94:17)
          at HTMLUnknownElement.dispatchEvent (/Users/pabloelisseo/repos/one-beyond/csm/react-form-builder/node_modules/jsdom/lib/jsdom/living/generated/EventTarget.js:231:34)
          at Object.invokeGuardedCallbackDev (/Users/pabloelisseo/repos/one-beyond/csm/react-form-builder/node_modules/react-dom/cjs/react-dom.development.js:4213:16)
          at invokeGuardedCallback (/Users/pabloelisseo/repos/one-beyond/csm/react-form-builder/node_modules/react-dom/cjs/react-dom.development.js:4277:31)
          at beginWork$1 (/Users/pabloelisseo/repos/one-beyond/csm/react-form-builder/node_modules/react-dom/cjs/react-dom.development.js:27451:7)
          at performUnitOfWork (/Users/pabloelisseo/repos/one-beyond/csm/react-form-builder/node_modules/react-dom/cjs/react-dom.development.js:26560:12) TypeError: Cannot read properties of undefined (reading 'array')
          at control (/Users/pabloelisseo/repos/one-beyond/csm/react-form-builder/node_modules/react-hook-form/src/useController.ts:63:35)
          at Object.<anonymous>.exports.Controller (/Users/pabloelisseo/repos/one-beyond/csm/react-form-builder/node_modules/react-hook-form/src/form.tsx:38:5)
          at renderWithHooks (/Users/pabloelisseo/repos/one-beyond/csm/react-form-builder/node_modules/react-dom/cjs/react-dom.development.js:16305:18)
          at mountIndeterminateComponent (/Users/pabloelisseo/repos/one-beyond/csm/react-form-builder/node_modules/react-dom/cjs/react-dom.development.js:20074:13)
          at beginWork (/Users/pabloelisseo/repos/one-beyond/csm/react-form-builder/node_modules/react-dom/cjs/react-dom.development.js:21587:16)
          at HTMLUnknownElement.callCallback (/Users/pabloelisseo/repos/one-beyond/csm/react-form-builder/node_modules/react-dom/cjs/react-dom.development.js:4164:14)
          at HTMLUnknownElement.callTheUserObjectsOperation (/Users/pabloelisseo/repos/one-beyond/csm/react-form-builder/node_modules/jsdom/lib/jsdom/living/generated/EventListener.js:26:30)
          at innerInvokeEventListeners (/Users/pabloelisseo/repos/one-beyond/csm/react-form-builder/node_modules/jsdom/lib/jsdom/living/events/EventTarget-impl.js:338:25)
          at invokeEventListeners (/Users/pabloelisseo/repos/one-beyond/csm/react-form-builder/node_modules/jsdom/lib/jsdom/living/events/EventTarget-impl.js:274:3)
          at HTMLUnknownElementImpl._dispatch (/Users/pabloelisseo/repos/one-beyond/csm/react-form-builder/node_modules/jsdom/lib/jsdom/living/events/EventTarget-impl.js:221:9)
          at HTMLUnknownElementImpl.dispatchEvent (/Users/pabloelisseo/repos/one-beyond/csm/react-form-builder/node_modules/jsdom/lib/jsdom/living/events/EventTarget-impl.js:94:17)
          at HTMLUnknownElement.dispatchEvent (/Users/pabloelisseo/repos/one-beyond/csm/react-form-builder/node_modules/jsdom/lib/jsdom/living/generated/EventTarget.js:231:34)
          at Object.invokeGuardedCallbackDev (/Users/pabloelisseo/repos/one-beyond/csm/react-form-builder/node_modules/react-dom/cjs/react-dom.development.js:4213:16)
          at invokeGuardedCallback (/Users/pabloelisseo/repos/one-beyond/csm/react-form-builder/node_modules/react-dom/cjs/react-dom.development.js:4277:31)
          at beginWork$1 (/Users/pabloelisseo/repos/one-beyond/csm/react-form-builder/node_modules/react-dom/cjs/react-dom.development.js:27451:7)
          at performUnitOfWork (/Users/pabloelisseo/repos/one-beyond/csm/react-form-builder/node_modules/react-dom/cjs/react-dom.development.js:26560:12)
          at workLoopSync (/Users/pabloelisseo/repos/one-beyond/csm/react-form-builder/node_modules/react-dom/cjs/react-dom.development.js:26466:5)
          at renderRootSync (/Users/pabloelisseo/repos/one-beyond/csm/react-form-builder/node_modules/react-dom/cjs/react-dom.development.js:26434:7)
          at performConcurrentWorkOnRoot (/Users/pabloelisseo/repos/one-beyond/csm/react-form-builder/node_modules/react-dom/cjs/react-dom.development.js:25738:74)
          at flushActQueue (/Users/pabloelisseo/repos/one-beyond/csm/react-form-builder/node_modules/react/cjs/react.development.js:2667:24)
          at act (/Users/pabloelisseo/repos/one-beyond/csm/react-form-builder/node_modules/react/cjs/react.development.js:2582:11)
          at /Users/pabloelisseo/repos/one-beyond/csm/react-form-builder/node_modules/@testing-library/react/dist/act-compat.js:46:25
          at renderRoot (/Users/pabloelisseo/repos/one-beyond/csm/react-form-builder/node_modules/@testing-library/react/dist/pure.js:161:26)
          at render (/Users/pabloelisseo/repos/one-beyond/csm/react-form-builder/node_modules/@testing-library/react/dist/pure.js:247:10)
          at Object.<anonymous> (/Users/pabloelisseo/repos/one-beyond/csm/react-form-builder/src/Questions/Date/__tests__/date.test.js:321:31)
          at Promise.then.completed (/Users/pabloelisseo/repos/one-beyond/csm/react-form-builder/node_modules/jest-circus/build/utils.js:391:28)
          at new Promise (<anonymous>)
          at callAsyncCircusFn (/Users/pabloelisseo/repos/one-beyond/csm/react-form-builder/node_modules/jest-circus/build/utils.js:316:10)
          at _callCircusTest (/Users/pabloelisseo/repos/one-beyond/csm/react-form-builder/node_modules/jest-circus/build/run.js:218:40)
          at processTicksAndRejections (node:internal/process/task_queues:95:5)
          at _runTest (/Users/pabloelisseo/repos/one-beyond/csm/react-form-builder/node_modules/jest-circus/build/run.js:155:3)
          at _runTestsForDescribeBlock (/Users/pabloelisseo/repos/one-beyond/csm/react-form-builder/node_modules/jest-circus/build/run.js:66:9)
          at run (/Users/pabloelisseo/repos/one-beyond/csm/react-form-builder/node_modules/jest-circus/build/run.js:25:3)
          at runAndTransformResultsToJestFormat (/Users/pabloelisseo/repos/one-beyond/csm/react-form-builder/node_modules/jest-circus/build/legacy-code-todo-rewrite/jestAdapterInit.js:170:21)
          at jestAdapter (/Users/pabloelisseo/repos/one-beyond/csm/react-form-builder/node_modules/jest-circus/build/legacy-code-todo-rewrite/jestAdapter.js:82:19)
          at runTestInternal (/Users/pabloelisseo/repos/one-beyond/csm/react-form-builder/node_modules/jest-runner/build/runTest.js:389:16)
          at runTest (/Users/pabloelisseo/repos/one-beyond/csm/react-form-builder/node_modules/jest-runner/build/runTest.js:475:34)
          at Object.worker (/Users/pabloelisseo/repos/one-beyond/csm/react-form-builder/node_modules/jest-runner/build/testWorker.js:133:12)

      at VirtualConsole.<anonymous> (node_modules/jsdom/lib/jsdom/virtual-console.js:29:45)
      at reportException (node_modules/jsdom/lib/jsdom/living/helpers/runtime-script-errors.js:70:28)
      at innerInvokeEventListeners (node_modules/jsdom/lib/jsdom/living/events/EventTarget-impl.js:341:9)
      at invokeEventListeners (node_modules/jsdom/lib/jsdom/living/events/EventTarget-impl.js:274:3)
      at HTMLUnknownElementImpl._dispatch (node_modules/jsdom/lib/jsdom/living/events/EventTarget-impl.js:221:9)
      at HTMLUnknownElementImpl.dispatchEvent (node_modules/jsdom/lib/jsdom/living/events/EventTarget-impl.js:94:17)
      at HTMLUnknownElement.dispatchEvent (node_modules/jsdom/lib/jsdom/living/generated/EventTarget.js:231:34)

    console.error
      Error: Uncaught [TypeError: Cannot read properties of undefined (reading 'array')]
          at reportException (/Users/pabloelisseo/repos/one-beyond/csm/react-form-builder/node_modules/jsdom/lib/jsdom/living/helpers/runtime-script-errors.js:66:24)
          at innerInvokeEventListeners (/Users/pabloelisseo/repos/one-beyond/csm/react-form-builder/node_modules/jsdom/lib/jsdom/living/events/EventTarget-impl.js:341:9)
          at invokeEventListeners (/Users/pabloelisseo/repos/one-beyond/csm/react-form-builder/node_modules/jsdom/lib/jsdom/living/events/EventTarget-impl.js:274:3)
          at HTMLUnknownElementImpl._dispatch (/Users/pabloelisseo/repos/one-beyond/csm/react-form-builder/node_modules/jsdom/lib/jsdom/living/events/EventTarget-impl.js:221:9)
          at HTMLUnknownElementImpl.dispatchEvent (/Users/pabloelisseo/repos/one-beyond/csm/react-form-builder/node_modules/jsdom/lib/jsdom/living/events/EventTarget-impl.js:94:17)
          at HTMLUnknownElement.dispatchEvent (/Users/pabloelisseo/repos/one-beyond/csm/react-form-builder/node_modules/jsdom/lib/jsdom/living/generated/EventTarget.js:231:34)
          at Object.invokeGuardedCallbackDev (/Users/pabloelisseo/repos/one-beyond/csm/react-form-builder/node_modules/react-dom/cjs/react-dom.development.js:4213:16)
          at invokeGuardedCallback (/Users/pabloelisseo/repos/one-beyond/csm/react-form-builder/node_modules/react-dom/cjs/react-dom.development.js:4277:31)
          at beginWork$1 (/Users/pabloelisseo/repos/one-beyond/csm/react-form-builder/node_modules/react-dom/cjs/react-dom.development.js:27451:7)
          at performUnitOfWork (/Users/pabloelisseo/repos/one-beyond/csm/react-form-builder/node_modules/react-dom/cjs/react-dom.development.js:26560:12) TypeError: Cannot read properties of undefined (reading 'array')
          at control (/Users/pabloelisseo/repos/one-beyond/csm/react-form-builder/node_modules/react-hook-form/src/useController.ts:63:35)
          at Object.<anonymous>.exports.Controller (/Users/pabloelisseo/repos/one-beyond/csm/react-form-builder/node_modules/react-hook-form/src/form.tsx:38:5)
          at renderWithHooks (/Users/pabloelisseo/repos/one-beyond/csm/react-form-builder/node_modules/react-dom/cjs/react-dom.development.js:16305:18)
          at mountIndeterminateComponent (/Users/pabloelisseo/repos/one-beyond/csm/react-form-builder/node_modules/react-dom/cjs/react-dom.development.js:20074:13)
          at beginWork (/Users/pabloelisseo/repos/one-beyond/csm/react-form-builder/node_modules/react-dom/cjs/react-dom.development.js:21587:16)
          at HTMLUnknownElement.callCallback (/Users/pabloelisseo/repos/one-beyond/csm/react-form-builder/node_modules/react-dom/cjs/react-dom.development.js:4164:14)
          at HTMLUnknownElement.callTheUserObjectsOperation (/Users/pabloelisseo/repos/one-beyond/csm/react-form-builder/node_modules/jsdom/lib/jsdom/living/generated/EventListener.js:26:30)
          at innerInvokeEventListeners (/Users/pabloelisseo/repos/one-beyond/csm/react-form-builder/node_modules/jsdom/lib/jsdom/living/events/EventTarget-impl.js:338:25)
          at invokeEventListeners (/Users/pabloelisseo/repos/one-beyond/csm/react-form-builder/node_modules/jsdom/lib/jsdom/living/events/EventTarget-impl.js:274:3)
          at HTMLUnknownElementImpl._dispatch (/Users/pabloelisseo/repos/one-beyond/csm/react-form-builder/node_modules/jsdom/lib/jsdom/living/events/EventTarget-impl.js:221:9)
          at HTMLUnknownElementImpl.dispatchEvent (/Users/pabloelisseo/repos/one-beyond/csm/react-form-builder/node_modules/jsdom/lib/jsdom/living/events/EventTarget-impl.js:94:17)
          at HTMLUnknownElement.dispatchEvent (/Users/pabloelisseo/repos/one-beyond/csm/react-form-builder/node_modules/jsdom/lib/jsdom/living/generated/EventTarget.js:231:34)
          at Object.invokeGuardedCallbackDev (/Users/pabloelisseo/repos/one-beyond/csm/react-form-builder/node_modules/react-dom/cjs/react-dom.development.js:4213:16)
          at invokeGuardedCallback (/Users/pabloelisseo/repos/one-beyond/csm/react-form-builder/node_modules/react-dom/cjs/react-dom.development.js:4277:31)
          at beginWork$1 (/Users/pabloelisseo/repos/one-beyond/csm/react-form-builder/node_modules/react-dom/cjs/react-dom.development.js:27451:7)
          at performUnitOfWork (/Users/pabloelisseo/repos/one-beyond/csm/react-form-builder/node_modules/react-dom/cjs/react-dom.development.js:26560:12)
          at workLoopSync (/Users/pabloelisseo/repos/one-beyond/csm/react-form-builder/node_modules/react-dom/cjs/react-dom.development.js:26466:5)
          at renderRootSync (/Users/pabloelisseo/repos/one-beyond/csm/react-form-builder/node_modules/react-dom/cjs/react-dom.development.js:26434:7)
          at recoverFromConcurrentError (/Users/pabloelisseo/repos/one-beyond/csm/react-form-builder/node_modules/react-dom/cjs/react-dom.development.js:25850:20)
          at performConcurrentWorkOnRoot (/Users/pabloelisseo/repos/one-beyond/csm/react-form-builder/node_modules/react-dom/cjs/react-dom.development.js:25750:22)
          at flushActQueue (/Users/pabloelisseo/repos/one-beyond/csm/react-form-builder/node_modules/react/cjs/react.development.js:2667:24)
          at act (/Users/pabloelisseo/repos/one-beyond/csm/react-form-builder/node_modules/react/cjs/react.development.js:2582:11)
          at /Users/pabloelisseo/repos/one-beyond/csm/react-form-builder/node_modules/@testing-library/react/dist/act-compat.js:46:25
          at renderRoot (/Users/pabloelisseo/repos/one-beyond/csm/react-form-builder/node_modules/@testing-library/react/dist/pure.js:161:26)
          at render (/Users/pabloelisseo/repos/one-beyond/csm/react-form-builder/node_modules/@testing-library/react/dist/pure.js:247:10)
          at Object.<anonymous> (/Users/pabloelisseo/repos/one-beyond/csm/react-form-builder/src/Questions/Date/__tests__/date.test.js:321:31)
          at Promise.then.completed (/Users/pabloelisseo/repos/one-beyond/csm/react-form-builder/node_modules/jest-circus/build/utils.js:391:28)
          at new Promise (<anonymous>)
          at callAsyncCircusFn (/Users/pabloelisseo/repos/one-beyond/csm/react-form-builder/node_modules/jest-circus/build/utils.js:316:10)
          at _callCircusTest (/Users/pabloelisseo/repos/one-beyond/csm/react-form-builder/node_modules/jest-circus/build/run.js:218:40)
          at processTicksAndRejections (node:internal/process/task_queues:95:5)
          at _runTest (/Users/pabloelisseo/repos/one-beyond/csm/react-form-builder/node_modules/jest-circus/build/run.js:155:3)
          at _runTestsForDescribeBlock (/Users/pabloelisseo/repos/one-beyond/csm/react-form-builder/node_modules/jest-circus/build/run.js:66:9)
          at run (/Users/pabloelisseo/repos/one-beyond/csm/react-form-builder/node_modules/jest-circus/build/run.js:25:3)
          at runAndTransformResultsToJestFormat (/Users/pabloelisseo/repos/one-beyond/csm/react-form-builder/node_modules/jest-circus/build/legacy-code-todo-rewrite/jestAdapterInit.js:170:21)
          at jestAdapter (/Users/pabloelisseo/repos/one-beyond/csm/react-form-builder/node_modules/jest-circus/build/legacy-code-todo-rewrite/jestAdapter.js:82:19)
          at runTestInternal (/Users/pabloelisseo/repos/one-beyond/csm/react-form-builder/node_modules/jest-runner/build/runTest.js:389:16)
          at runTest (/Users/pabloelisseo/repos/one-beyond/csm/react-form-builder/node_modules/jest-runner/build/runTest.js:475:34)
          at Object.worker (/Users/pabloelisseo/repos/one-beyond/csm/react-form-builder/node_modules/jest-runner/build/testWorker.js:133:12)

      at VirtualConsole.<anonymous> (node_modules/jsdom/lib/jsdom/virtual-console.js:29:45)
      at reportException (node_modules/jsdom/lib/jsdom/living/helpers/runtime-script-errors.js:70:28)
      at innerInvokeEventListeners (node_modules/jsdom/lib/jsdom/living/events/EventTarget-impl.js:341:9)
      at invokeEventListeners (node_modules/jsdom/lib/jsdom/living/events/EventTarget-impl.js:274:3)
      at HTMLUnknownElementImpl._dispatch (node_modules/jsdom/lib/jsdom/living/events/EventTarget-impl.js:221:9)
      at HTMLUnknownElementImpl.dispatchEvent (node_modules/jsdom/lib/jsdom/living/events/EventTarget-impl.js:94:17)
      at HTMLUnknownElement.dispatchEvent (node_modules/jsdom/lib/jsdom/living/generated/EventTarget.js:231:34)

    console.error
      The above error occurred in one of your React components:
      
          at Object.<anonymous>.exports.Controller (/Users/pabloelisseo/repos/one-beyond/csm/react-form-builder/node_modules/react-hook-form/src/form.tsx:37:9)
          at DatePicker (/Users/pabloelisseo/repos/one-beyond/csm/react-form-builder/src/Fields/Date/index.js:99:3)
          at /Users/pabloelisseo/repos/one-beyond/csm/react-form-builder/node_modules/@emotion/react/dist/emotion-element-48d2c2e4.cjs.dev.js:62:23
          at div
          at /Users/pabloelisseo/repos/one-beyond/csm/react-form-builder/node_modules/@emotion/react/dist/emotion-element-48d2c2e4.cjs.dev.js:62:23
          at QuestionDate (/Users/pabloelisseo/repos/one-beyond/csm/react-form-builder/src/Questions/Date/index.js:11:3)
      
      Consider adding an error boundary to your tree to customize error handling behavior.
      Visit https://reactjs.org/link/error-boundaries to learn more about error boundaries.

      at logCapturedError (node_modules/react-dom/cjs/react-dom.development.js:18687:23)
      at update.callback (node_modules/react-dom/cjs/react-dom.development.js:18720:5)
      at callCallback (node_modules/react-dom/cjs/react-dom.development.js:13923:12)
      at commitUpdateQueue (node_modules/react-dom/cjs/react-dom.development.js:13944:9)
      at commitLayoutEffectOnFiber (node_modules/react-dom/cjs/react-dom.development.js:23391:13)
      at commitLayoutMountEffects_complete (node_modules/react-dom/cjs/react-dom.development.js:24688:9)
      at commitLayoutEffects_begin (node_modules/react-dom/cjs/react-dom.development.js:24674:7)
      at commitLayoutEffects (node_modules/react-dom/cjs/react-dom.development.js:24612:3)

  ● required error is displayed

    TypeError: Cannot read properties of undefined (reading 'array')

      44 |
      45 | test('required error is displayed', () => {
    > 46 |   const { getByText } = render(
         |                               ^
      47 |     <QuestionDate
      48 |       question={question}
      49 |       useForm={{

      at control (node_modules/react-hook-form/src/useController.ts:63:35)
      at Object.<anonymous>.exports.Controller (node_modules/react-hook-form/src/form.tsx:38:5)
      at renderWithHooks (node_modules/react-dom/cjs/react-dom.development.js:16305:18)
      at mountIndeterminateComponent (node_modules/react-dom/cjs/react-dom.development.js:20074:13)
      at beginWork (node_modules/react-dom/cjs/react-dom.development.js:21587:16)
      at beginWork$1 (node_modules/react-dom/cjs/react-dom.development.js:27426:14)
      at performUnitOfWork (node_modules/react-dom/cjs/react-dom.development.js:26560:12)
      at workLoopSync (node_modules/react-dom/cjs/react-dom.development.js:26466:5)
      at renderRootSync (node_modules/react-dom/cjs/react-dom.development.js:26434:7)
      at recoverFromConcurrentError (node_modules/react-dom/cjs/react-dom.development.js:25850:20)
      at performConcurrentWorkOnRoot (node_modules/react-dom/cjs/react-dom.development.js:25750:22)
      at flushActQueue (node_modules/react/cjs/react.development.js:2667:24)
      at act (node_modules/react/cjs/react.development.js:2582:11)
      at node_modules/@testing-library/react/dist/act-compat.js:46:25
      at renderRoot (node_modules/@testing-library/react/dist/pure.js:161:26)
      at render (node_modules/@testing-library/react/dist/pure.js:247:10)
      at Object.<anonymous> (src/Questions/Date/__tests__/date.test.js:46:31)

  ● under-age error error is displayed

    TypeError: Cannot read properties of undefined (reading 'array')

      66 |
      67 | test('under-age error error is displayed', () => {
    > 68 |   const { getByText } = render(
         |                               ^
      69 |     <QuestionDate
      70 |       question={question}
      71 |       useForm={{

      at control (node_modules/react-hook-form/src/useController.ts:63:35)
      at Object.<anonymous>.exports.Controller (node_modules/react-hook-form/src/form.tsx:38:5)
      at renderWithHooks (node_modules/react-dom/cjs/react-dom.development.js:16305:18)
      at mountIndeterminateComponent (node_modules/react-dom/cjs/react-dom.development.js:20074:13)
      at beginWork (node_modules/react-dom/cjs/react-dom.development.js:21587:16)
      at beginWork$1 (node_modules/react-dom/cjs/react-dom.development.js:27426:14)
      at performUnitOfWork (node_modules/react-dom/cjs/react-dom.development.js:26560:12)
      at workLoopSync (node_modules/react-dom/cjs/react-dom.development.js:26466:5)
      at renderRootSync (node_modules/react-dom/cjs/react-dom.development.js:26434:7)
      at recoverFromConcurrentError (node_modules/react-dom/cjs/react-dom.development.js:25850:20)
      at performConcurrentWorkOnRoot (node_modules/react-dom/cjs/react-dom.development.js:25750:22)
      at flushActQueue (node_modules/react/cjs/react.development.js:2667:24)
      at act (node_modules/react/cjs/react.development.js:2582:11)
      at node_modules/@testing-library/react/dist/act-compat.js:46:25
      at renderRoot (node_modules/@testing-library/react/dist/pure.js:161:26)
      at render (node_modules/@testing-library/react/dist/pure.js:247:10)
      at Object.<anonymous> (src/Questions/Date/__tests__/date.test.js:68:31)

  ● Select day dropdown is opened in the right date

    TypeError: Cannot read properties of undefined (reading 'array')

      88 |
      89 | test('Select day dropdown is opened in the right date', () => {
    > 90 |   const { container } = render(
         |                               ^
      91 |     <QuestionDate
      92 |       question={question}
      93 |       useForm={{

      at control (node_modules/react-hook-form/src/useController.ts:63:35)
      at Object.<anonymous>.exports.Controller (node_modules/react-hook-form/src/form.tsx:38:5)
      at renderWithHooks (node_modules/react-dom/cjs/react-dom.development.js:16305:18)
      at mountIndeterminateComponent (node_modules/react-dom/cjs/react-dom.development.js:20074:13)
      at beginWork (node_modules/react-dom/cjs/react-dom.development.js:21587:16)
      at beginWork$1 (node_modules/react-dom/cjs/react-dom.development.js:27426:14)
      at performUnitOfWork (node_modules/react-dom/cjs/react-dom.development.js:26560:12)
      at workLoopSync (node_modules/react-dom/cjs/react-dom.development.js:26466:5)
      at renderRootSync (node_modules/react-dom/cjs/react-dom.development.js:26434:7)
      at recoverFromConcurrentError (node_modules/react-dom/cjs/react-dom.development.js:25850:20)
      at performConcurrentWorkOnRoot (node_modules/react-dom/cjs/react-dom.development.js:25750:22)
      at flushActQueue (node_modules/react/cjs/react.development.js:2667:24)
      at act (node_modules/react/cjs/react.development.js:2582:11)
      at node_modules/@testing-library/react/dist/act-compat.js:46:25
      at renderRoot (node_modules/@testing-library/react/dist/pure.js:161:26)
      at render (node_modules/@testing-library/react/dist/pure.js:247:10)
      at Object.<anonymous> (src/Questions/Date/__tests__/date.test.js:90:31)

  ● Select month dropdown is opened in the right date

    TypeError: Cannot read properties of undefined (reading 'array')

      107 |
      108 | test('Select month dropdown is opened in the right date', () => {
    > 109 |   const { container } = render(
          |                               ^
      110 |     <QuestionDate
      111 |       question={question}
      112 |       useForm={{

      at control (node_modules/react-hook-form/src/useController.ts:63:35)
      at Object.<anonymous>.exports.Controller (node_modules/react-hook-form/src/form.tsx:38:5)
      at renderWithHooks (node_modules/react-dom/cjs/react-dom.development.js:16305:18)
      at mountIndeterminateComponent (node_modules/react-dom/cjs/react-dom.development.js:20074:13)
      at beginWork (node_modules/react-dom/cjs/react-dom.development.js:21587:16)
      at beginWork$1 (node_modules/react-dom/cjs/react-dom.development.js:27426:14)
      at performUnitOfWork (node_modules/react-dom/cjs/react-dom.development.js:26560:12)
      at workLoopSync (node_modules/react-dom/cjs/react-dom.development.js:26466:5)
      at renderRootSync (node_modules/react-dom/cjs/react-dom.development.js:26434:7)
      at recoverFromConcurrentError (node_modules/react-dom/cjs/react-dom.development.js:25850:20)
      at performConcurrentWorkOnRoot (node_modules/react-dom/cjs/react-dom.development.js:25750:22)
      at flushActQueue (node_modules/react/cjs/react.development.js:2667:24)
      at act (node_modules/react/cjs/react.development.js:2582:11)
      at node_modules/@testing-library/react/dist/act-compat.js:46:25
      at renderRoot (node_modules/@testing-library/react/dist/pure.js:161:26)
      at render (node_modules/@testing-library/react/dist/pure.js:247:10)
      at Object.<anonymous> (src/Questions/Date/__tests__/date.test.js:109:31)

  ● Select year dropdown is opened in the right date

    TypeError: Cannot read properties of undefined (reading 'array')

      126 |
      127 | test('Select year dropdown is opened in the right date', () => {
    > 128 |   const { container } = render(
          |                               ^
      129 |     <QuestionDate
      130 |       question={question}
      131 |       useForm={{

      at control (node_modules/react-hook-form/src/useController.ts:63:35)
      at Object.<anonymous>.exports.Controller (node_modules/react-hook-form/src/form.tsx:38:5)
      at renderWithHooks (node_modules/react-dom/cjs/react-dom.development.js:16305:18)
      at mountIndeterminateComponent (node_modules/react-dom/cjs/react-dom.development.js:20074:13)
      at beginWork (node_modules/react-dom/cjs/react-dom.development.js:21587:16)
      at beginWork$1 (node_modules/react-dom/cjs/react-dom.development.js:27426:14)
      at performUnitOfWork (node_modules/react-dom/cjs/react-dom.development.js:26560:12)
      at workLoopSync (node_modules/react-dom/cjs/react-dom.development.js:26466:5)
      at renderRootSync (node_modules/react-dom/cjs/react-dom.development.js:26434:7)
      at recoverFromConcurrentError (node_modules/react-dom/cjs/react-dom.development.js:25850:20)
      at performConcurrentWorkOnRoot (node_modules/react-dom/cjs/react-dom.development.js:25750:22)
      at flushActQueue (node_modules/react/cjs/react.development.js:2667:24)
      at act (node_modules/react/cjs/react.development.js:2582:11)
      at node_modules/@testing-library/react/dist/act-compat.js:46:25
      at renderRoot (node_modules/@testing-library/react/dist/pure.js:161:26)
      at render (node_modules/@testing-library/react/dist/pure.js:247:10)
      at Object.<anonymous> (src/Questions/Date/__tests__/date.test.js:128:31)

  ● calendar is opened minAge years ago

    TypeError: Cannot read properties of undefined (reading 'array')

      157 |     }
      158 |   }
    > 159 |   const { container } = render(
          |                               ^
      160 |     <QuestionDate
      161 |       question={question}
      162 |       useForm={{

      at control (node_modules/react-hook-form/src/useController.ts:63:35)
      at Object.<anonymous>.exports.Controller (node_modules/react-hook-form/src/form.tsx:38:5)
      at renderWithHooks (node_modules/react-dom/cjs/react-dom.development.js:16305:18)
      at mountIndeterminateComponent (node_modules/react-dom/cjs/react-dom.development.js:20074:13)
      at beginWork (node_modules/react-dom/cjs/react-dom.development.js:21587:16)
      at beginWork$1 (node_modules/react-dom/cjs/react-dom.development.js:27426:14)
      at performUnitOfWork (node_modules/react-dom/cjs/react-dom.development.js:26560:12)
      at workLoopSync (node_modules/react-dom/cjs/react-dom.development.js:26466:5)
      at renderRootSync (node_modules/react-dom/cjs/react-dom.development.js:26434:7)
      at recoverFromConcurrentError (node_modules/react-dom/cjs/react-dom.development.js:25850:20)
      at performConcurrentWorkOnRoot (node_modules/react-dom/cjs/react-dom.development.js:25750:22)
      at flushActQueue (node_modules/react/cjs/react.development.js:2667:24)
      at act (node_modules/react/cjs/react.development.js:2582:11)
      at node_modules/@testing-library/react/dist/act-compat.js:46:25
      at renderRoot (node_modules/@testing-library/react/dist/pure.js:161:26)
      at render (node_modules/@testing-library/react/dist/pure.js:247:10)
      at Object.<anonymous> (src/Questions/Date/__tests__/date.test.js:159:31)

  ● calendar is opened in new Date

    TypeError: Cannot read properties of undefined (reading 'array')

      191 |     }
      192 |   }
    > 193 |   const { container } = render(
          |                               ^
      194 |     <QuestionDate
      195 |       question={question}
      196 |       useForm={{

      at control (node_modules/react-hook-form/src/useController.ts:63:35)
      at Object.<anonymous>.exports.Controller (node_modules/react-hook-form/src/form.tsx:38:5)
      at renderWithHooks (node_modules/react-dom/cjs/react-dom.development.js:16305:18)
      at mountIndeterminateComponent (node_modules/react-dom/cjs/react-dom.development.js:20074:13)
      at beginWork (node_modules/react-dom/cjs/react-dom.development.js:21587:16)
      at beginWork$1 (node_modules/react-dom/cjs/react-dom.development.js:27426:14)
      at performUnitOfWork (node_modules/react-dom/cjs/react-dom.development.js:26560:12)
      at workLoopSync (node_modules/react-dom/cjs/react-dom.development.js:26466:5)
      at renderRootSync (node_modules/react-dom/cjs/react-dom.development.js:26434:7)
      at recoverFromConcurrentError (node_modules/react-dom/cjs/react-dom.development.js:25850:20)
      at performConcurrentWorkOnRoot (node_modules/react-dom/cjs/react-dom.development.js:25750:22)
      at flushActQueue (node_modules/react/cjs/react.development.js:2667:24)
      at act (node_modules/react/cjs/react.development.js:2582:11)
      at node_modules/@testing-library/react/dist/act-compat.js:46:25
      at renderRoot (node_modules/@testing-library/react/dist/pure.js:161:26)
      at render (node_modules/@testing-library/react/dist/pure.js:247:10)
      at Object.<anonymous> (src/Questions/Date/__tests__/date.test.js:193:31)

  ● dateformat is applied

    TypeError: Cannot read properties of undefined (reading 'array')

      227 |   }
      228 |
    > 229 |   const { container } = render(
          |                               ^
      230 |     <QuestionDate
      231 |       question={question}
      232 |       useForm={{

      at control (node_modules/react-hook-form/src/useController.ts:63:35)
      at Object.<anonymous>.exports.Controller (node_modules/react-hook-form/src/form.tsx:38:5)
      at renderWithHooks (node_modules/react-dom/cjs/react-dom.development.js:16305:18)
      at mountIndeterminateComponent (node_modules/react-dom/cjs/react-dom.development.js:20074:13)
      at beginWork (node_modules/react-dom/cjs/react-dom.development.js:21587:16)
      at beginWork$1 (node_modules/react-dom/cjs/react-dom.development.js:27426:14)
      at performUnitOfWork (node_modules/react-dom/cjs/react-dom.development.js:26560:12)
      at workLoopSync (node_modules/react-dom/cjs/react-dom.development.js:26466:5)
      at renderRootSync (node_modules/react-dom/cjs/react-dom.development.js:26434:7)
      at recoverFromConcurrentError (node_modules/react-dom/cjs/react-dom.development.js:25850:20)
      at performConcurrentWorkOnRoot (node_modules/react-dom/cjs/react-dom.development.js:25750:22)
      at flushActQueue (node_modules/react/cjs/react.development.js:2667:24)
      at act (node_modules/react/cjs/react.development.js:2582:11)
      at node_modules/@testing-library/react/dist/act-compat.js:46:25
      at renderRoot (node_modules/@testing-library/react/dist/pure.js:161:26)
      at render (node_modules/@testing-library/react/dist/pure.js:247:10)
      at Object.<anonymous> (src/Questions/Date/__tests__/date.test.js:229:31)

  ● calendar is in spanish

    TypeError: Cannot read properties of undefined (reading 'array')

      259 |
      260 | test('calendar is in spanish', () => {
    > 261 |   const { container } = render(
          |                               ^
      262 |     <QuestionDate
      263 |       question={question}
      264 |       language='es'

      at control (node_modules/react-hook-form/src/useController.ts:63:35)
      at Object.<anonymous>.exports.Controller (node_modules/react-hook-form/src/form.tsx:38:5)
      at renderWithHooks (node_modules/react-dom/cjs/react-dom.development.js:16305:18)
      at mountIndeterminateComponent (node_modules/react-dom/cjs/react-dom.development.js:20074:13)
      at beginWork (node_modules/react-dom/cjs/react-dom.development.js:21587:16)
      at beginWork$1 (node_modules/react-dom/cjs/react-dom.development.js:27426:14)
      at performUnitOfWork (node_modules/react-dom/cjs/react-dom.development.js:26560:12)
      at workLoopSync (node_modules/react-dom/cjs/react-dom.development.js:26466:5)
      at renderRootSync (node_modules/react-dom/cjs/react-dom.development.js:26434:7)
      at recoverFromConcurrentError (node_modules/react-dom/cjs/react-dom.development.js:25850:20)
      at performConcurrentWorkOnRoot (node_modules/react-dom/cjs/react-dom.development.js:25750:22)
      at flushActQueue (node_modules/react/cjs/react.development.js:2667:24)
      at act (node_modules/react/cjs/react.development.js:2582:11)
      at node_modules/@testing-library/react/dist/act-compat.js:46:25
      at renderRoot (node_modules/@testing-library/react/dist/pure.js:161:26)
      at render (node_modules/@testing-library/react/dist/pure.js:247:10)
      at Object.<anonymous> (src/Questions/Date/__tests__/date.test.js:261:31)

  ● calendar is in french

    TypeError: Cannot read properties of undefined (reading 'array')

      279 |
      280 | test('calendar is in french', () => {
    > 281 |   const { container } = render(
          |                               ^
      282 |     <QuestionDate
      283 |       question={question}
      284 |       language='fr'

      at control (node_modules/react-hook-form/src/useController.ts:63:35)
      at Object.<anonymous>.exports.Controller (node_modules/react-hook-form/src/form.tsx:38:5)
      at renderWithHooks (node_modules/react-dom/cjs/react-dom.development.js:16305:18)
      at mountIndeterminateComponent (node_modules/react-dom/cjs/react-dom.development.js:20074:13)
      at beginWork (node_modules/react-dom/cjs/react-dom.development.js:21587:16)
      at beginWork$1 (node_modules/react-dom/cjs/react-dom.development.js:27426:14)
      at performUnitOfWork (node_modules/react-dom/cjs/react-dom.development.js:26560:12)
      at workLoopSync (node_modules/react-dom/cjs/react-dom.development.js:26466:5)
      at renderRootSync (node_modules/react-dom/cjs/react-dom.development.js:26434:7)
      at recoverFromConcurrentError (node_modules/react-dom/cjs/react-dom.development.js:25850:20)
      at performConcurrentWorkOnRoot (node_modules/react-dom/cjs/react-dom.development.js:25750:22)
      at flushActQueue (node_modules/react/cjs/react.development.js:2667:24)
      at act (node_modules/react/cjs/react.development.js:2582:11)
      at node_modules/@testing-library/react/dist/act-compat.js:46:25
      at renderRoot (node_modules/@testing-library/react/dist/pure.js:161:26)
      at render (node_modules/@testing-library/react/dist/pure.js:247:10)
      at Object.<anonymous> (src/Questions/Date/__tests__/date.test.js:281:31)

  ● calendar is in german

    TypeError: Cannot read properties of undefined (reading 'array')

      299 |
      300 | test('calendar is in german', () => {
    > 301 |   const { container } = render(
          |                               ^
      302 |     <QuestionDate
      303 |       question={question}
      304 |       language='de'

      at control (node_modules/react-hook-form/src/useController.ts:63:35)
      at Object.<anonymous>.exports.Controller (node_modules/react-hook-form/src/form.tsx:38:5)
      at renderWithHooks (node_modules/react-dom/cjs/react-dom.development.js:16305:18)
      at mountIndeterminateComponent (node_modules/react-dom/cjs/react-dom.development.js:20074:13)
      at beginWork (node_modules/react-dom/cjs/react-dom.development.js:21587:16)
      at beginWork$1 (node_modules/react-dom/cjs/react-dom.development.js:27426:14)
      at performUnitOfWork (node_modules/react-dom/cjs/react-dom.development.js:26560:12)
      at workLoopSync (node_modules/react-dom/cjs/react-dom.development.js:26466:5)
      at renderRootSync (node_modules/react-dom/cjs/react-dom.development.js:26434:7)
      at recoverFromConcurrentError (node_modules/react-dom/cjs/react-dom.development.js:25850:20)
      at performConcurrentWorkOnRoot (node_modules/react-dom/cjs/react-dom.development.js:25750:22)
      at flushActQueue (node_modules/react/cjs/react.development.js:2667:24)
      at act (node_modules/react/cjs/react.development.js:2582:11)
      at node_modules/@testing-library/react/dist/act-compat.js:46:25
      at renderRoot (node_modules/@testing-library/react/dist/pure.js:161:26)
      at render (node_modules/@testing-library/react/dist/pure.js:247:10)
      at Object.<anonymous> (src/Questions/Date/__tests__/date.test.js:301:31)

  ● calendar sending no-valid language

    TypeError: Cannot read properties of undefined (reading 'array')

      319 |
      320 | test('calendar sending no-valid language', () => {
    > 321 |   const { container } = render(
          |                               ^
      322 |     <QuestionDate
      323 |       question={question}
      324 |       language='qwerty'

      at control (node_modules/react-hook-form/src/useController.ts:63:35)
      at Object.<anonymous>.exports.Controller (node_modules/react-hook-form/src/form.tsx:38:5)
      at renderWithHooks (node_modules/react-dom/cjs/react-dom.development.js:16305:18)
      at mountIndeterminateComponent (node_modules/react-dom/cjs/react-dom.development.js:20074:13)
      at beginWork (node_modules/react-dom/cjs/react-dom.development.js:21587:16)
      at beginWork$1 (node_modules/react-dom/cjs/react-dom.development.js:27426:14)
      at performUnitOfWork (node_modules/react-dom/cjs/react-dom.development.js:26560:12)
      at workLoopSync (node_modules/react-dom/cjs/react-dom.development.js:26466:5)
      at renderRootSync (node_modules/react-dom/cjs/react-dom.development.js:26434:7)
      at recoverFromConcurrentError (node_modules/react-dom/cjs/react-dom.development.js:25850:20)
      at performConcurrentWorkOnRoot (node_modules/react-dom/cjs/react-dom.development.js:25750:22)
      at flushActQueue (node_modules/react/cjs/react.development.js:2667:24)
      at act (node_modules/react/cjs/react.development.js:2582:11)
      at node_modules/@testing-library/react/dist/act-compat.js:46:25
      at renderRoot (node_modules/@testing-library/react/dist/pure.js:161:26)
      at render (node_modules/@testing-library/react/dist/pure.js:247:10)
      at Object.<anonymous> (src/Questions/Date/__tests__/date.test.js:321:31)

FAIL src/Questions/Select/__tests__/select.test.js
  ● Console

    console.error
      Error: Uncaught [TypeError: Cannot read properties of undefined (reading 'array')]
          at reportException (/Users/pabloelisseo/repos/one-beyond/csm/react-form-builder/node_modules/jsdom/lib/jsdom/living/helpers/runtime-script-errors.js:66:24)
          at innerInvokeEventListeners (/Users/pabloelisseo/repos/one-beyond/csm/react-form-builder/node_modules/jsdom/lib/jsdom/living/events/EventTarget-impl.js:341:9)
          at invokeEventListeners (/Users/pabloelisseo/repos/one-beyond/csm/react-form-builder/node_modules/jsdom/lib/jsdom/living/events/EventTarget-impl.js:274:3)
          at HTMLUnknownElementImpl._dispatch (/Users/pabloelisseo/repos/one-beyond/csm/react-form-builder/node_modules/jsdom/lib/jsdom/living/events/EventTarget-impl.js:221:9)
          at HTMLUnknownElementImpl.dispatchEvent (/Users/pabloelisseo/repos/one-beyond/csm/react-form-builder/node_modules/jsdom/lib/jsdom/living/events/EventTarget-impl.js:94:17)
          at HTMLUnknownElement.dispatchEvent (/Users/pabloelisseo/repos/one-beyond/csm/react-form-builder/node_modules/jsdom/lib/jsdom/living/generated/EventTarget.js:231:34)
          at Object.invokeGuardedCallbackDev (/Users/pabloelisseo/repos/one-beyond/csm/react-form-builder/node_modules/react-dom/cjs/react-dom.development.js:4213:16)
          at invokeGuardedCallback (/Users/pabloelisseo/repos/one-beyond/csm/react-form-builder/node_modules/react-dom/cjs/react-dom.development.js:4277:31)
          at beginWork$1 (/Users/pabloelisseo/repos/one-beyond/csm/react-form-builder/node_modules/react-dom/cjs/react-dom.development.js:27451:7)
          at performUnitOfWork (/Users/pabloelisseo/repos/one-beyond/csm/react-form-builder/node_modules/react-dom/cjs/react-dom.development.js:26560:12) TypeError: Cannot read properties of undefined (reading 'array')
          at control (/Users/pabloelisseo/repos/one-beyond/csm/react-form-builder/node_modules/react-hook-form/src/useController.ts:63:35)
          at Object.<anonymous>.exports.Controller (/Users/pabloelisseo/repos/one-beyond/csm/react-form-builder/node_modules/react-hook-form/src/form.tsx:38:5)
          at renderWithHooks (/Users/pabloelisseo/repos/one-beyond/csm/react-form-builder/node_modules/react-dom/cjs/react-dom.development.js:16305:18)
          at mountIndeterminateComponent (/Users/pabloelisseo/repos/one-beyond/csm/react-form-builder/node_modules/react-dom/cjs/react-dom.development.js:20074:13)
          at beginWork (/Users/pabloelisseo/repos/one-beyond/csm/react-form-builder/node_modules/react-dom/cjs/react-dom.development.js:21587:16)
          at HTMLUnknownElement.callCallback (/Users/pabloelisseo/repos/one-beyond/csm/react-form-builder/node_modules/react-dom/cjs/react-dom.development.js:4164:14)
          at HTMLUnknownElement.callTheUserObjectsOperation (/Users/pabloelisseo/repos/one-beyond/csm/react-form-builder/node_modules/jsdom/lib/jsdom/living/generated/EventListener.js:26:30)
          at innerInvokeEventListeners (/Users/pabloelisseo/repos/one-beyond/csm/react-form-builder/node_modules/jsdom/lib/jsdom/living/events/EventTarget-impl.js:338:25)
          at invokeEventListeners (/Users/pabloelisseo/repos/one-beyond/csm/react-form-builder/node_modules/jsdom/lib/jsdom/living/events/EventTarget-impl.js:274:3)
          at HTMLUnknownElementImpl._dispatch (/Users/pabloelisseo/repos/one-beyond/csm/react-form-builder/node_modules/jsdom/lib/jsdom/living/events/EventTarget-impl.js:221:9)
          at HTMLUnknownElementImpl.dispatchEvent (/Users/pabloelisseo/repos/one-beyond/csm/react-form-builder/node_modules/jsdom/lib/jsdom/living/events/EventTarget-impl.js:94:17)
          at HTMLUnknownElement.dispatchEvent (/Users/pabloelisseo/repos/one-beyond/csm/react-form-builder/node_modules/jsdom/lib/jsdom/living/generated/EventTarget.js:231:34)
          at Object.invokeGuardedCallbackDev (/Users/pabloelisseo/repos/one-beyond/csm/react-form-builder/node_modules/react-dom/cjs/react-dom.development.js:4213:16)
          at invokeGuardedCallback (/Users/pabloelisseo/repos/one-beyond/csm/react-form-builder/node_modules/react-dom/cjs/react-dom.development.js:4277:31)
          at beginWork$1 (/Users/pabloelisseo/repos/one-beyond/csm/react-form-builder/node_modules/react-dom/cjs/react-dom.development.js:27451:7)
          at performUnitOfWork (/Users/pabloelisseo/repos/one-beyond/csm/react-form-builder/node_modules/react-dom/cjs/react-dom.development.js:26560:12)
          at workLoopSync (/Users/pabloelisseo/repos/one-beyond/csm/react-form-builder/node_modules/react-dom/cjs/react-dom.development.js:26466:5)
          at renderRootSync (/Users/pabloelisseo/repos/one-beyond/csm/react-form-builder/node_modules/react-dom/cjs/react-dom.development.js:26434:7)
          at performConcurrentWorkOnRoot (/Users/pabloelisseo/repos/one-beyond/csm/react-form-builder/node_modules/react-dom/cjs/react-dom.development.js:25738:74)
          at flushActQueue (/Users/pabloelisseo/repos/one-beyond/csm/react-form-builder/node_modules/react/cjs/react.development.js:2667:24)
          at act (/Users/pabloelisseo/repos/one-beyond/csm/react-form-builder/node_modules/react/cjs/react.development.js:2582:11)
          at /Users/pabloelisseo/repos/one-beyond/csm/react-form-builder/node_modules/@testing-library/react/dist/act-compat.js:46:25
          at renderRoot (/Users/pabloelisseo/repos/one-beyond/csm/react-form-builder/node_modules/@testing-library/react/dist/pure.js:161:26)
          at render (/Users/pabloelisseo/repos/one-beyond/csm/react-form-builder/node_modules/@testing-library/react/dist/pure.js:247:10)
          at customRender (/Users/pabloelisseo/repos/one-beyond/csm/react-form-builder/src/Questions/Select/__tests__/select.test.js:39:9)
          at Object.<anonymous> (/Users/pabloelisseo/repos/one-beyond/csm/react-form-builder/src/Questions/Select/__tests__/select.test.js:55:10)
          at Promise.then.completed (/Users/pabloelisseo/repos/one-beyond/csm/react-form-builder/node_modules/jest-circus/build/utils.js:391:28)
          at new Promise (<anonymous>)
          at callAsyncCircusFn (/Users/pabloelisseo/repos/one-beyond/csm/react-form-builder/node_modules/jest-circus/build/utils.js:316:10)
          at _callCircusTest (/Users/pabloelisseo/repos/one-beyond/csm/react-form-builder/node_modules/jest-circus/build/run.js:218:40)
          at processTicksAndRejections (node:internal/process/task_queues:95:5)
          at _runTest (/Users/pabloelisseo/repos/one-beyond/csm/react-form-builder/node_modules/jest-circus/build/run.js:155:3)
          at _runTestsForDescribeBlock (/Users/pabloelisseo/repos/one-beyond/csm/react-form-builder/node_modules/jest-circus/build/run.js:66:9)
          at run (/Users/pabloelisseo/repos/one-beyond/csm/react-form-builder/node_modules/jest-circus/build/run.js:25:3)
          at runAndTransformResultsToJestFormat (/Users/pabloelisseo/repos/one-beyond/csm/react-form-builder/node_modules/jest-circus/build/legacy-code-todo-rewrite/jestAdapterInit.js:170:21)
          at jestAdapter (/Users/pabloelisseo/repos/one-beyond/csm/react-form-builder/node_modules/jest-circus/build/legacy-code-todo-rewrite/jestAdapter.js:82:19)
          at runTestInternal (/Users/pabloelisseo/repos/one-beyond/csm/react-form-builder/node_modules/jest-runner/build/runTest.js:389:16)
          at runTest (/Users/pabloelisseo/repos/one-beyond/csm/react-form-builder/node_modules/jest-runner/build/runTest.js:475:34)
          at Object.worker (/Users/pabloelisseo/repos/one-beyond/csm/react-form-builder/node_modules/jest-runner/build/testWorker.js:133:12)

      at VirtualConsole.<anonymous> (node_modules/jsdom/lib/jsdom/virtual-console.js:29:45)
      at reportException (node_modules/jsdom/lib/jsdom/living/helpers/runtime-script-errors.js:70:28)
      at innerInvokeEventListeners (node_modules/jsdom/lib/jsdom/living/events/EventTarget-impl.js:341:9)
      at invokeEventListeners (node_modules/jsdom/lib/jsdom/living/events/EventTarget-impl.js:274:3)
      at HTMLUnknownElementImpl._dispatch (node_modules/jsdom/lib/jsdom/living/events/EventTarget-impl.js:221:9)
      at HTMLUnknownElementImpl.dispatchEvent (node_modules/jsdom/lib/jsdom/living/events/EventTarget-impl.js:94:17)
      at HTMLUnknownElement.dispatchEvent (node_modules/jsdom/lib/jsdom/living/generated/EventTarget.js:231:34)

    console.error
      Error: Uncaught [TypeError: Cannot read properties of undefined (reading 'array')]
          at reportException (/Users/pabloelisseo/repos/one-beyond/csm/react-form-builder/node_modules/jsdom/lib/jsdom/living/helpers/runtime-script-errors.js:66:24)
          at innerInvokeEventListeners (/Users/pabloelisseo/repos/one-beyond/csm/react-form-builder/node_modules/jsdom/lib/jsdom/living/events/EventTarget-impl.js:341:9)
          at invokeEventListeners (/Users/pabloelisseo/repos/one-beyond/csm/react-form-builder/node_modules/jsdom/lib/jsdom/living/events/EventTarget-impl.js:274:3)
          at HTMLUnknownElementImpl._dispatch (/Users/pabloelisseo/repos/one-beyond/csm/react-form-builder/node_modules/jsdom/lib/jsdom/living/events/EventTarget-impl.js:221:9)
          at HTMLUnknownElementImpl.dispatchEvent (/Users/pabloelisseo/repos/one-beyond/csm/react-form-builder/node_modules/jsdom/lib/jsdom/living/events/EventTarget-impl.js:94:17)
          at HTMLUnknownElement.dispatchEvent (/Users/pabloelisseo/repos/one-beyond/csm/react-form-builder/node_modules/jsdom/lib/jsdom/living/generated/EventTarget.js:231:34)
          at Object.invokeGuardedCallbackDev (/Users/pabloelisseo/repos/one-beyond/csm/react-form-builder/node_modules/react-dom/cjs/react-dom.development.js:4213:16)
          at invokeGuardedCallback (/Users/pabloelisseo/repos/one-beyond/csm/react-form-builder/node_modules/react-dom/cjs/react-dom.development.js:4277:31)
          at beginWork$1 (/Users/pabloelisseo/repos/one-beyond/csm/react-form-builder/node_modules/react-dom/cjs/react-dom.development.js:27451:7)
          at performUnitOfWork (/Users/pabloelisseo/repos/one-beyond/csm/react-form-builder/node_modules/react-dom/cjs/react-dom.development.js:26560:12) TypeError: Cannot read properties of undefined (reading 'array')
          at control (/Users/pabloelisseo/repos/one-beyond/csm/react-form-builder/node_modules/react-hook-form/src/useController.ts:63:35)
          at Object.<anonymous>.exports.Controller (/Users/pabloelisseo/repos/one-beyond/csm/react-form-builder/node_modules/react-hook-form/src/form.tsx:38:5)
          at renderWithHooks (/Users/pabloelisseo/repos/one-beyond/csm/react-form-builder/node_modules/react-dom/cjs/react-dom.development.js:16305:18)
          at mountIndeterminateComponent (/Users/pabloelisseo/repos/one-beyond/csm/react-form-builder/node_modules/react-dom/cjs/react-dom.development.js:20074:13)
          at beginWork (/Users/pabloelisseo/repos/one-beyond/csm/react-form-builder/node_modules/react-dom/cjs/react-dom.development.js:21587:16)
          at HTMLUnknownElement.callCallback (/Users/pabloelisseo/repos/one-beyond/csm/react-form-builder/node_modules/react-dom/cjs/react-dom.development.js:4164:14)
          at HTMLUnknownElement.callTheUserObjectsOperation (/Users/pabloelisseo/repos/one-beyond/csm/react-form-builder/node_modules/jsdom/lib/jsdom/living/generated/EventListener.js:26:30)
          at innerInvokeEventListeners (/Users/pabloelisseo/repos/one-beyond/csm/react-form-builder/node_modules/jsdom/lib/jsdom/living/events/EventTarget-impl.js:338:25)
          at invokeEventListeners (/Users/pabloelisseo/repos/one-beyond/csm/react-form-builder/node_modules/jsdom/lib/jsdom/living/events/EventTarget-impl.js:274:3)
          at HTMLUnknownElementImpl._dispatch (/Users/pabloelisseo/repos/one-beyond/csm/react-form-builder/node_modules/jsdom/lib/jsdom/living/events/EventTarget-impl.js:221:9)
          at HTMLUnknownElementImpl.dispatchEvent (/Users/pabloelisseo/repos/one-beyond/csm/react-form-builder/node_modules/jsdom/lib/jsdom/living/events/EventTarget-impl.js:94:17)
          at HTMLUnknownElement.dispatchEvent (/Users/pabloelisseo/repos/one-beyond/csm/react-form-builder/node_modules/jsdom/lib/jsdom/living/generated/EventTarget.js:231:34)
          at Object.invokeGuardedCallbackDev (/Users/pabloelisseo/repos/one-beyond/csm/react-form-builder/node_modules/react-dom/cjs/react-dom.development.js:4213:16)
          at invokeGuardedCallback (/Users/pabloelisseo/repos/one-beyond/csm/react-form-builder/node_modules/react-dom/cjs/react-dom.development.js:4277:31)
          at beginWork$1 (/Users/pabloelisseo/repos/one-beyond/csm/react-form-builder/node_modules/react-dom/cjs/react-dom.development.js:27451:7)
          at performUnitOfWork (/Users/pabloelisseo/repos/one-beyond/csm/react-form-builder/node_modules/react-dom/cjs/react-dom.development.js:26560:12)
          at workLoopSync (/Users/pabloelisseo/repos/one-beyond/csm/react-form-builder/node_modules/react-dom/cjs/react-dom.development.js:26466:5)
          at renderRootSync (/Users/pabloelisseo/repos/one-beyond/csm/react-form-builder/node_modules/react-dom/cjs/react-dom.development.js:26434:7)
          at recoverFromConcurrentError (/Users/pabloelisseo/repos/one-beyond/csm/react-form-builder/node_modules/react-dom/cjs/react-dom.development.js:25850:20)
          at performConcurrentWorkOnRoot (/Users/pabloelisseo/repos/one-beyond/csm/react-form-builder/node_modules/react-dom/cjs/react-dom.development.js:25750:22)
          at flushActQueue (/Users/pabloelisseo/repos/one-beyond/csm/react-form-builder/node_modules/react/cjs/react.development.js:2667:24)
          at act (/Users/pabloelisseo/repos/one-beyond/csm/react-form-builder/node_modules/react/cjs/react.development.js:2582:11)
          at /Users/pabloelisseo/repos/one-beyond/csm/react-form-builder/node_modules/@testing-library/react/dist/act-compat.js:46:25
          at renderRoot (/Users/pabloelisseo/repos/one-beyond/csm/react-form-builder/node_modules/@testing-library/react/dist/pure.js:161:26)
          at render (/Users/pabloelisseo/repos/one-beyond/csm/react-form-builder/node_modules/@testing-library/react/dist/pure.js:247:10)
          at customRender (/Users/pabloelisseo/repos/one-beyond/csm/react-form-builder/src/Questions/Select/__tests__/select.test.js:39:9)
          at Object.<anonymous> (/Users/pabloelisseo/repos/one-beyond/csm/react-form-builder/src/Questions/Select/__tests__/select.test.js:55:10)
          at Promise.then.completed (/Users/pabloelisseo/repos/one-beyond/csm/react-form-builder/node_modules/jest-circus/build/utils.js:391:28)
          at new Promise (<anonymous>)
          at callAsyncCircusFn (/Users/pabloelisseo/repos/one-beyond/csm/react-form-builder/node_modules/jest-circus/build/utils.js:316:10)
          at _callCircusTest (/Users/pabloelisseo/repos/one-beyond/csm/react-form-builder/node_modules/jest-circus/build/run.js:218:40)
          at processTicksAndRejections (node:internal/process/task_queues:95:5)
          at _runTest (/Users/pabloelisseo/repos/one-beyond/csm/react-form-builder/node_modules/jest-circus/build/run.js:155:3)
          at _runTestsForDescribeBlock (/Users/pabloelisseo/repos/one-beyond/csm/react-form-builder/node_modules/jest-circus/build/run.js:66:9)
          at run (/Users/pabloelisseo/repos/one-beyond/csm/react-form-builder/node_modules/jest-circus/build/run.js:25:3)
          at runAndTransformResultsToJestFormat (/Users/pabloelisseo/repos/one-beyond/csm/react-form-builder/node_modules/jest-circus/build/legacy-code-todo-rewrite/jestAdapterInit.js:170:21)
          at jestAdapter (/Users/pabloelisseo/repos/one-beyond/csm/react-form-builder/node_modules/jest-circus/build/legacy-code-todo-rewrite/jestAdapter.js:82:19)
          at runTestInternal (/Users/pabloelisseo/repos/one-beyond/csm/react-form-builder/node_modules/jest-runner/build/runTest.js:389:16)
          at runTest (/Users/pabloelisseo/repos/one-beyond/csm/react-form-builder/node_modules/jest-runner/build/runTest.js:475:34)
          at Object.worker (/Users/pabloelisseo/repos/one-beyond/csm/react-form-builder/node_modules/jest-runner/build/testWorker.js:133:12)

      at VirtualConsole.<anonymous> (node_modules/jsdom/lib/jsdom/virtual-console.js:29:45)
      at reportException (node_modules/jsdom/lib/jsdom/living/helpers/runtime-script-errors.js:70:28)
      at innerInvokeEventListeners (node_modules/jsdom/lib/jsdom/living/events/EventTarget-impl.js:341:9)
      at invokeEventListeners (node_modules/jsdom/lib/jsdom/living/events/EventTarget-impl.js:274:3)
      at HTMLUnknownElementImpl._dispatch (node_modules/jsdom/lib/jsdom/living/events/EventTarget-impl.js:221:9)
      at HTMLUnknownElementImpl.dispatchEvent (node_modules/jsdom/lib/jsdom/living/events/EventTarget-impl.js:94:17)
      at HTMLUnknownElement.dispatchEvent (node_modules/jsdom/lib/jsdom/living/generated/EventTarget.js:231:34)

    console.error
      The above error occurred in one of your React components:
      
          at Object.<anonymous>.exports.Controller (/Users/pabloelisseo/repos/one-beyond/csm/react-form-builder/node_modules/react-hook-form/src/form.tsx:37:9)
          at Select (/Users/pabloelisseo/repos/one-beyond/csm/react-form-builder/src/Fields/Select/index.js:10:3)
          at div
          at /Users/pabloelisseo/repos/one-beyond/csm/react-form-builder/node_modules/@emotion/react/dist/emotion-element-48d2c2e4.cjs.dev.js:62:23
          at QuestionSelect (/Users/pabloelisseo/repos/one-beyond/csm/react-form-builder/src/Questions/Select/index.js:33:27)
      
      Consider adding an error boundary to your tree to customize error handling behavior.
      Visit https://reactjs.org/link/error-boundaries to learn more about error boundaries.

      at logCapturedError (node_modules/react-dom/cjs/react-dom.development.js:18687:23)
      at update.callback (node_modules/react-dom/cjs/react-dom.development.js:18720:5)
      at callCallback (node_modules/react-dom/cjs/react-dom.development.js:13923:12)
      at commitUpdateQueue (node_modules/react-dom/cjs/react-dom.development.js:13944:9)
      at commitLayoutEffectOnFiber (node_modules/react-dom/cjs/react-dom.development.js:23391:13)
      at commitLayoutMountEffects_complete (node_modules/react-dom/cjs/react-dom.development.js:24688:9)
      at commitLayoutEffects_begin (node_modules/react-dom/cjs/react-dom.development.js:24674:7)
      at commitLayoutEffects (node_modules/react-dom/cjs/react-dom.development.js:24612:3)

    console.error
      Error: Uncaught [TypeError: Cannot read properties of undefined (reading 'array')]
          at reportException (/Users/pabloelisseo/repos/one-beyond/csm/react-form-builder/node_modules/jsdom/lib/jsdom/living/helpers/runtime-script-errors.js:66:24)
          at innerInvokeEventListeners (/Users/pabloelisseo/repos/one-beyond/csm/react-form-builder/node_modules/jsdom/lib/jsdom/living/events/EventTarget-impl.js:341:9)
          at invokeEventListeners (/Users/pabloelisseo/repos/one-beyond/csm/react-form-builder/node_modules/jsdom/lib/jsdom/living/events/EventTarget-impl.js:274:3)
          at HTMLUnknownElementImpl._dispatch (/Users/pabloelisseo/repos/one-beyond/csm/react-form-builder/node_modules/jsdom/lib/jsdom/living/events/EventTarget-impl.js:221:9)
          at HTMLUnknownElementImpl.dispatchEvent (/Users/pabloelisseo/repos/one-beyond/csm/react-form-builder/node_modules/jsdom/lib/jsdom/living/events/EventTarget-impl.js:94:17)
          at HTMLUnknownElement.dispatchEvent (/Users/pabloelisseo/repos/one-beyond/csm/react-form-builder/node_modules/jsdom/lib/jsdom/living/generated/EventTarget.js:231:34)
          at Object.invokeGuardedCallbackDev (/Users/pabloelisseo/repos/one-beyond/csm/react-form-builder/node_modules/react-dom/cjs/react-dom.development.js:4213:16)
          at invokeGuardedCallback (/Users/pabloelisseo/repos/one-beyond/csm/react-form-builder/node_modules/react-dom/cjs/react-dom.development.js:4277:31)
          at beginWork$1 (/Users/pabloelisseo/repos/one-beyond/csm/react-form-builder/node_modules/react-dom/cjs/react-dom.development.js:27451:7)
          at performUnitOfWork (/Users/pabloelisseo/repos/one-beyond/csm/react-form-builder/node_modules/react-dom/cjs/react-dom.development.js:26560:12) TypeError: Cannot read properties of undefined (reading 'array')
          at control (/Users/pabloelisseo/repos/one-beyond/csm/react-form-builder/node_modules/react-hook-form/src/useController.ts:63:35)
          at Object.<anonymous>.exports.Controller (/Users/pabloelisseo/repos/one-beyond/csm/react-form-builder/node_modules/react-hook-form/src/form.tsx:38:5)
          at renderWithHooks (/Users/pabloelisseo/repos/one-beyond/csm/react-form-builder/node_modules/react-dom/cjs/react-dom.development.js:16305:18)
          at mountIndeterminateComponent (/Users/pabloelisseo/repos/one-beyond/csm/react-form-builder/node_modules/react-dom/cjs/react-dom.development.js:20074:13)
          at beginWork (/Users/pabloelisseo/repos/one-beyond/csm/react-form-builder/node_modules/react-dom/cjs/react-dom.development.js:21587:16)
          at HTMLUnknownElement.callCallback (/Users/pabloelisseo/repos/one-beyond/csm/react-form-builder/node_modules/react-dom/cjs/react-dom.development.js:4164:14)
          at HTMLUnknownElement.callTheUserObjectsOperation (/Users/pabloelisseo/repos/one-beyond/csm/react-form-builder/node_modules/jsdom/lib/jsdom/living/generated/EventListener.js:26:30)
          at innerInvokeEventListeners (/Users/pabloelisseo/repos/one-beyond/csm/react-form-builder/node_modules/jsdom/lib/jsdom/living/events/EventTarget-impl.js:338:25)
          at invokeEventListeners (/Users/pabloelisseo/repos/one-beyond/csm/react-form-builder/node_modules/jsdom/lib/jsdom/living/events/EventTarget-impl.js:274:3)
          at HTMLUnknownElementImpl._dispatch (/Users/pabloelisseo/repos/one-beyond/csm/react-form-builder/node_modules/jsdom/lib/jsdom/living/events/EventTarget-impl.js:221:9)
          at HTMLUnknownElementImpl.dispatchEvent (/Users/pabloelisseo/repos/one-beyond/csm/react-form-builder/node_modules/jsdom/lib/jsdom/living/events/EventTarget-impl.js:94:17)
          at HTMLUnknownElement.dispatchEvent (/Users/pabloelisseo/repos/one-beyond/csm/react-form-builder/node_modules/jsdom/lib/jsdom/living/generated/EventTarget.js:231:34)
          at Object.invokeGuardedCallbackDev (/Users/pabloelisseo/repos/one-beyond/csm/react-form-builder/node_modules/react-dom/cjs/react-dom.development.js:4213:16)
          at invokeGuardedCallback (/Users/pabloelisseo/repos/one-beyond/csm/react-form-builder/node_modules/react-dom/cjs/react-dom.development.js:4277:31)
          at beginWork$1 (/Users/pabloelisseo/repos/one-beyond/csm/react-form-builder/node_modules/react-dom/cjs/react-dom.development.js:27451:7)
          at performUnitOfWork (/Users/pabloelisseo/repos/one-beyond/csm/react-form-builder/node_modules/react-dom/cjs/react-dom.development.js:26560:12)
          at workLoopSync (/Users/pabloelisseo/repos/one-beyond/csm/react-form-builder/node_modules/react-dom/cjs/react-dom.development.js:26466:5)
          at renderRootSync (/Users/pabloelisseo/repos/one-beyond/csm/react-form-builder/node_modules/react-dom/cjs/react-dom.development.js:26434:7)
          at performConcurrentWorkOnRoot (/Users/pabloelisseo/repos/one-beyond/csm/react-form-builder/node_modules/react-dom/cjs/react-dom.development.js:25738:74)
          at flushActQueue (/Users/pabloelisseo/repos/one-beyond/csm/react-form-builder/node_modules/react/cjs/react.development.js:2667:24)
          at act (/Users/pabloelisseo/repos/one-beyond/csm/react-form-builder/node_modules/react/cjs/react.development.js:2582:11)
          at /Users/pabloelisseo/repos/one-beyond/csm/react-form-builder/node_modules/@testing-library/react/dist/act-compat.js:46:25
          at renderRoot (/Users/pabloelisseo/repos/one-beyond/csm/react-form-builder/node_modules/@testing-library/react/dist/pure.js:161:26)
          at render (/Users/pabloelisseo/repos/one-beyond/csm/react-form-builder/node_modules/@testing-library/react/dist/pure.js:247:10)
          at customRender (/Users/pabloelisseo/repos/one-beyond/csm/react-form-builder/src/Questions/Select/__tests__/select.test.js:39:9)
          at Object.<anonymous> (/Users/pabloelisseo/repos/one-beyond/csm/react-form-builder/src/Questions/Select/__tests__/select.test.js:59:3)
          at Promise.then.completed (/Users/pabloelisseo/repos/one-beyond/csm/react-form-builder/node_modules/jest-circus/build/utils.js:391:28)
          at new Promise (<anonymous>)
          at callAsyncCircusFn (/Users/pabloelisseo/repos/one-beyond/csm/react-form-builder/node_modules/jest-circus/build/utils.js:316:10)
          at _callCircusTest (/Users/pabloelisseo/repos/one-beyond/csm/react-form-builder/node_modules/jest-circus/build/run.js:218:40)
          at processTicksAndRejections (node:internal/process/task_queues:95:5)
          at _runTest (/Users/pabloelisseo/repos/one-beyond/csm/react-form-builder/node_modules/jest-circus/build/run.js:155:3)
          at _runTestsForDescribeBlock (/Users/pabloelisseo/repos/one-beyond/csm/react-form-builder/node_modules/jest-circus/build/run.js:66:9)
          at run (/Users/pabloelisseo/repos/one-beyond/csm/react-form-builder/node_modules/jest-circus/build/run.js:25:3)
          at runAndTransformResultsToJestFormat (/Users/pabloelisseo/repos/one-beyond/csm/react-form-builder/node_modules/jest-circus/build/legacy-code-todo-rewrite/jestAdapterInit.js:170:21)
          at jestAdapter (/Users/pabloelisseo/repos/one-beyond/csm/react-form-builder/node_modules/jest-circus/build/legacy-code-todo-rewrite/jestAdapter.js:82:19)
          at runTestInternal (/Users/pabloelisseo/repos/one-beyond/csm/react-form-builder/node_modules/jest-runner/build/runTest.js:389:16)
          at runTest (/Users/pabloelisseo/repos/one-beyond/csm/react-form-builder/node_modules/jest-runner/build/runTest.js:475:34)
          at Object.worker (/Users/pabloelisseo/repos/one-beyond/csm/react-form-builder/node_modules/jest-runner/build/testWorker.js:133:12)

      at VirtualConsole.<anonymous> (node_modules/jsdom/lib/jsdom/virtual-console.js:29:45)
      at reportException (node_modules/jsdom/lib/jsdom/living/helpers/runtime-script-errors.js:70:28)
      at innerInvokeEventListeners (node_modules/jsdom/lib/jsdom/living/events/EventTarget-impl.js:341:9)
      at invokeEventListeners (node_modules/jsdom/lib/jsdom/living/events/EventTarget-impl.js:274:3)
      at HTMLUnknownElementImpl._dispatch (node_modules/jsdom/lib/jsdom/living/events/EventTarget-impl.js:221:9)
      at HTMLUnknownElementImpl.dispatchEvent (node_modules/jsdom/lib/jsdom/living/events/EventTarget-impl.js:94:17)
      at HTMLUnknownElement.dispatchEvent (node_modules/jsdom/lib/jsdom/living/generated/EventTarget.js:231:34)

    console.error
      Error: Uncaught [TypeError: Cannot read properties of undefined (reading 'array')]
          at reportException (/Users/pabloelisseo/repos/one-beyond/csm/react-form-builder/node_modules/jsdom/lib/jsdom/living/helpers/runtime-script-errors.js:66:24)
          at innerInvokeEventListeners (/Users/pabloelisseo/repos/one-beyond/csm/react-form-builder/node_modules/jsdom/lib/jsdom/living/events/EventTarget-impl.js:341:9)
          at invokeEventListeners (/Users/pabloelisseo/repos/one-beyond/csm/react-form-builder/node_modules/jsdom/lib/jsdom/living/events/EventTarget-impl.js:274:3)
          at HTMLUnknownElementImpl._dispatch (/Users/pabloelisseo/repos/one-beyond/csm/react-form-builder/node_modules/jsdom/lib/jsdom/living/events/EventTarget-impl.js:221:9)
          at HTMLUnknownElementImpl.dispatchEvent (/Users/pabloelisseo/repos/one-beyond/csm/react-form-builder/node_modules/jsdom/lib/jsdom/living/events/EventTarget-impl.js:94:17)
          at HTMLUnknownElement.dispatchEvent (/Users/pabloelisseo/repos/one-beyond/csm/react-form-builder/node_modules/jsdom/lib/jsdom/living/generated/EventTarget.js:231:34)
          at Object.invokeGuardedCallbackDev (/Users/pabloelisseo/repos/one-beyond/csm/react-form-builder/node_modules/react-dom/cjs/react-dom.development.js:4213:16)
          at invokeGuardedCallback (/Users/pabloelisseo/repos/one-beyond/csm/react-form-builder/node_modules/react-dom/cjs/react-dom.development.js:4277:31)
          at beginWork$1 (/Users/pabloelisseo/repos/one-beyond/csm/react-form-builder/node_modules/react-dom/cjs/react-dom.development.js:27451:7)
          at performUnitOfWork (/Users/pabloelisseo/repos/one-beyond/csm/react-form-builder/node_modules/react-dom/cjs/react-dom.development.js:26560:12) TypeError: Cannot read properties of undefined (reading 'array')
          at control (/Users/pabloelisseo/repos/one-beyond/csm/react-form-builder/node_modules/react-hook-form/src/useController.ts:63:35)
          at Object.<anonymous>.exports.Controller (/Users/pabloelisseo/repos/one-beyond/csm/react-form-builder/node_modules/react-hook-form/src/form.tsx:38:5)
          at renderWithHooks (/Users/pabloelisseo/repos/one-beyond/csm/react-form-builder/node_modules/react-dom/cjs/react-dom.development.js:16305:18)
          at mountIndeterminateComponent (/Users/pabloelisseo/repos/one-beyond/csm/react-form-builder/node_modules/react-dom/cjs/react-dom.development.js:20074:13)
          at beginWork (/Users/pabloelisseo/repos/one-beyond/csm/react-form-builder/node_modules/react-dom/cjs/react-dom.development.js:21587:16)
          at HTMLUnknownElement.callCallback (/Users/pabloelisseo/repos/one-beyond/csm/react-form-builder/node_modules/react-dom/cjs/react-dom.development.js:4164:14)
          at HTMLUnknownElement.callTheUserObjectsOperation (/Users/pabloelisseo/repos/one-beyond/csm/react-form-builder/node_modules/jsdom/lib/jsdom/living/generated/EventListener.js:26:30)
          at innerInvokeEventListeners (/Users/pabloelisseo/repos/one-beyond/csm/react-form-builder/node_modules/jsdom/lib/jsdom/living/events/EventTarget-impl.js:338:25)
          at invokeEventListeners (/Users/pabloelisseo/repos/one-beyond/csm/react-form-builder/node_modules/jsdom/lib/jsdom/living/events/EventTarget-impl.js:274:3)
          at HTMLUnknownElementImpl._dispatch (/Users/pabloelisseo/repos/one-beyond/csm/react-form-builder/node_modules/jsdom/lib/jsdom/living/events/EventTarget-impl.js:221:9)
          at HTMLUnknownElementImpl.dispatchEvent (/Users/pabloelisseo/repos/one-beyond/csm/react-form-builder/node_modules/jsdom/lib/jsdom/living/events/EventTarget-impl.js:94:17)
          at HTMLUnknownElement.dispatchEvent (/Users/pabloelisseo/repos/one-beyond/csm/react-form-builder/node_modules/jsdom/lib/jsdom/living/generated/EventTarget.js:231:34)
          at Object.invokeGuardedCallbackDev (/Users/pabloelisseo/repos/one-beyond/csm/react-form-builder/node_modules/react-dom/cjs/react-dom.development.js:4213:16)
          at invokeGuardedCallback (/Users/pabloelisseo/repos/one-beyond/csm/react-form-builder/node_modules/react-dom/cjs/react-dom.development.js:4277:31)
          at beginWork$1 (/Users/pabloelisseo/repos/one-beyond/csm/react-form-builder/node_modules/react-dom/cjs/react-dom.development.js:27451:7)
          at performUnitOfWork (/Users/pabloelisseo/repos/one-beyond/csm/react-form-builder/node_modules/react-dom/cjs/react-dom.development.js:26560:12)
          at workLoopSync (/Users/pabloelisseo/repos/one-beyond/csm/react-form-builder/node_modules/react-dom/cjs/react-dom.development.js:26466:5)
          at renderRootSync (/Users/pabloelisseo/repos/one-beyond/csm/react-form-builder/node_modules/react-dom/cjs/react-dom.development.js:26434:7)
          at recoverFromConcurrentError (/Users/pabloelisseo/repos/one-beyond/csm/react-form-builder/node_modules/react-dom/cjs/react-dom.development.js:25850:20)
          at performConcurrentWorkOnRoot (/Users/pabloelisseo/repos/one-beyond/csm/react-form-builder/node_modules/react-dom/cjs/react-dom.development.js:25750:22)
          at flushActQueue (/Users/pabloelisseo/repos/one-beyond/csm/react-form-builder/node_modules/react/cjs/react.development.js:2667:24)
          at act (/Users/pabloelisseo/repos/one-beyond/csm/react-form-builder/node_modules/react/cjs/react.development.js:2582:11)
          at /Users/pabloelisseo/repos/one-beyond/csm/react-form-builder/node_modules/@testing-library/react/dist/act-compat.js:46:25
          at renderRoot (/Users/pabloelisseo/repos/one-beyond/csm/react-form-builder/node_modules/@testing-library/react/dist/pure.js:161:26)
          at render (/Users/pabloelisseo/repos/one-beyond/csm/react-form-builder/node_modules/@testing-library/react/dist/pure.js:247:10)
          at customRender (/Users/pabloelisseo/repos/one-beyond/csm/react-form-builder/src/Questions/Select/__tests__/select.test.js:39:9)
          at Object.<anonymous> (/Users/pabloelisseo/repos/one-beyond/csm/react-form-builder/src/Questions/Select/__tests__/select.test.js:59:3)
          at Promise.then.completed (/Users/pabloelisseo/repos/one-beyond/csm/react-form-builder/node_modules/jest-circus/build/utils.js:391:28)
          at new Promise (<anonymous>)
          at callAsyncCircusFn (/Users/pabloelisseo/repos/one-beyond/csm/react-form-builder/node_modules/jest-circus/build/utils.js:316:10)
          at _callCircusTest (/Users/pabloelisseo/repos/one-beyond/csm/react-form-builder/node_modules/jest-circus/build/run.js:218:40)
          at processTicksAndRejections (node:internal/process/task_queues:95:5)
          at _runTest (/Users/pabloelisseo/repos/one-beyond/csm/react-form-builder/node_modules/jest-circus/build/run.js:155:3)
          at _runTestsForDescribeBlock (/Users/pabloelisseo/repos/one-beyond/csm/react-form-builder/node_modules/jest-circus/build/run.js:66:9)
          at run (/Users/pabloelisseo/repos/one-beyond/csm/react-form-builder/node_modules/jest-circus/build/run.js:25:3)
          at runAndTransformResultsToJestFormat (/Users/pabloelisseo/repos/one-beyond/csm/react-form-builder/node_modules/jest-circus/build/legacy-code-todo-rewrite/jestAdapterInit.js:170:21)
          at jestAdapter (/Users/pabloelisseo/repos/one-beyond/csm/react-form-builder/node_modules/jest-circus/build/legacy-code-todo-rewrite/jestAdapter.js:82:19)
          at runTestInternal (/Users/pabloelisseo/repos/one-beyond/csm/react-form-builder/node_modules/jest-runner/build/runTest.js:389:16)
          at runTest (/Users/pabloelisseo/repos/one-beyond/csm/react-form-builder/node_modules/jest-runner/build/runTest.js:475:34)
          at Object.worker (/Users/pabloelisseo/repos/one-beyond/csm/react-form-builder/node_modules/jest-runner/build/testWorker.js:133:12)

      at VirtualConsole.<anonymous> (node_modules/jsdom/lib/jsdom/virtual-console.js:29:45)
      at reportException (node_modules/jsdom/lib/jsdom/living/helpers/runtime-script-errors.js:70:28)
      at innerInvokeEventListeners (node_modules/jsdom/lib/jsdom/living/events/EventTarget-impl.js:341:9)
      at invokeEventListeners (node_modules/jsdom/lib/jsdom/living/events/EventTarget-impl.js:274:3)
      at HTMLUnknownElementImpl._dispatch (node_modules/jsdom/lib/jsdom/living/events/EventTarget-impl.js:221:9)
      at HTMLUnknownElementImpl.dispatchEvent (node_modules/jsdom/lib/jsdom/living/events/EventTarget-impl.js:94:17)
      at HTMLUnknownElement.dispatchEvent (node_modules/jsdom/lib/jsdom/living/generated/EventTarget.js:231:34)

    console.error
      The above error occurred in one of your React components:
      
          at Object.<anonymous>.exports.Controller (/Users/pabloelisseo/repos/one-beyond/csm/react-form-builder/node_modules/react-hook-form/src/form.tsx:37:9)
          at Select (/Users/pabloelisseo/repos/one-beyond/csm/react-form-builder/src/Fields/Select/index.js:10:3)
          at div
          at /Users/pabloelisseo/repos/one-beyond/csm/react-form-builder/node_modules/@emotion/react/dist/emotion-element-48d2c2e4.cjs.dev.js:62:23
          at QuestionSelect (/Users/pabloelisseo/repos/one-beyond/csm/react-form-builder/src/Questions/Select/index.js:33:27)
      
      Consider adding an error boundary to your tree to customize error handling behavior.
      Visit https://reactjs.org/link/error-boundaries to learn more about error boundaries.

      at logCapturedError (node_modules/react-dom/cjs/react-dom.development.js:18687:23)
      at update.callback (node_modules/react-dom/cjs/react-dom.development.js:18720:5)
      at callCallback (node_modules/react-dom/cjs/react-dom.development.js:13923:12)
      at commitUpdateQueue (node_modules/react-dom/cjs/react-dom.development.js:13944:9)
      at commitLayoutEffectOnFiber (node_modules/react-dom/cjs/react-dom.development.js:23391:13)
      at commitLayoutMountEffects_complete (node_modules/react-dom/cjs/react-dom.development.js:24688:9)
      at commitLayoutEffects_begin (node_modules/react-dom/cjs/react-dom.development.js:24674:7)
      at commitLayoutEffects (node_modules/react-dom/cjs/react-dom.development.js:24612:3)

    console.error
      Error: Uncaught [TypeError: Cannot read properties of undefined (reading 'array')]
          at reportException (/Users/pabloelisseo/repos/one-beyond/csm/react-form-builder/node_modules/jsdom/lib/jsdom/living/helpers/runtime-script-errors.js:66:24)
          at innerInvokeEventListeners (/Users/pabloelisseo/repos/one-beyond/csm/react-form-builder/node_modules/jsdom/lib/jsdom/living/events/EventTarget-impl.js:341:9)
          at invokeEventListeners (/Users/pabloelisseo/repos/one-beyond/csm/react-form-builder/node_modules/jsdom/lib/jsdom/living/events/EventTarget-impl.js:274:3)
          at HTMLUnknownElementImpl._dispatch (/Users/pabloelisseo/repos/one-beyond/csm/react-form-builder/node_modules/jsdom/lib/jsdom/living/events/EventTarget-impl.js:221:9)
          at HTMLUnknownElementImpl.dispatchEvent (/Users/pabloelisseo/repos/one-beyond/csm/react-form-builder/node_modules/jsdom/lib/jsdom/living/events/EventTarget-impl.js:94:17)
          at HTMLUnknownElement.dispatchEvent (/Users/pabloelisseo/repos/one-beyond/csm/react-form-builder/node_modules/jsdom/lib/jsdom/living/generated/EventTarget.js:231:34)
          at Object.invokeGuardedCallbackDev (/Users/pabloelisseo/repos/one-beyond/csm/react-form-builder/node_modules/react-dom/cjs/react-dom.development.js:4213:16)
          at invokeGuardedCallback (/Users/pabloelisseo/repos/one-beyond/csm/react-form-builder/node_modules/react-dom/cjs/react-dom.development.js:4277:31)
          at beginWork$1 (/Users/pabloelisseo/repos/one-beyond/csm/react-form-builder/node_modules/react-dom/cjs/react-dom.development.js:27451:7)
          at performUnitOfWork (/Users/pabloelisseo/repos/one-beyond/csm/react-form-builder/node_modules/react-dom/cjs/react-dom.development.js:26560:12) TypeError: Cannot read properties of undefined (reading 'array')
          at control (/Users/pabloelisseo/repos/one-beyond/csm/react-form-builder/node_modules/react-hook-form/src/useController.ts:63:35)
          at Object.<anonymous>.exports.Controller (/Users/pabloelisseo/repos/one-beyond/csm/react-form-builder/node_modules/react-hook-form/src/form.tsx:38:5)
          at renderWithHooks (/Users/pabloelisseo/repos/one-beyond/csm/react-form-builder/node_modules/react-dom/cjs/react-dom.development.js:16305:18)
          at mountIndeterminateComponent (/Users/pabloelisseo/repos/one-beyond/csm/react-form-builder/node_modules/react-dom/cjs/react-dom.development.js:20074:13)
          at beginWork (/Users/pabloelisseo/repos/one-beyond/csm/react-form-builder/node_modules/react-dom/cjs/react-dom.development.js:21587:16)
          at HTMLUnknownElement.callCallback (/Users/pabloelisseo/repos/one-beyond/csm/react-form-builder/node_modules/react-dom/cjs/react-dom.development.js:4164:14)
          at HTMLUnknownElement.callTheUserObjectsOperation (/Users/pabloelisseo/repos/one-beyond/csm/react-form-builder/node_modules/jsdom/lib/jsdom/living/generated/EventListener.js:26:30)
          at innerInvokeEventListeners (/Users/pabloelisseo/repos/one-beyond/csm/react-form-builder/node_modules/jsdom/lib/jsdom/living/events/EventTarget-impl.js:338:25)
          at invokeEventListeners (/Users/pabloelisseo/repos/one-beyond/csm/react-form-builder/node_modules/jsdom/lib/jsdom/living/events/EventTarget-impl.js:274:3)
          at HTMLUnknownElementImpl._dispatch (/Users/pabloelisseo/repos/one-beyond/csm/react-form-builder/node_modules/jsdom/lib/jsdom/living/events/EventTarget-impl.js:221:9)
          at HTMLUnknownElementImpl.dispatchEvent (/Users/pabloelisseo/repos/one-beyond/csm/react-form-builder/node_modules/jsdom/lib/jsdom/living/events/EventTarget-impl.js:94:17)
          at HTMLUnknownElement.dispatchEvent (/Users/pabloelisseo/repos/one-beyond/csm/react-form-builder/node_modules/jsdom/lib/jsdom/living/generated/EventTarget.js:231:34)
          at Object.invokeGuardedCallbackDev (/Users/pabloelisseo/repos/one-beyond/csm/react-form-builder/node_modules/react-dom/cjs/react-dom.development.js:4213:16)
          at invokeGuardedCallback (/Users/pabloelisseo/repos/one-beyond/csm/react-form-builder/node_modules/react-dom/cjs/react-dom.development.js:4277:31)
          at beginWork$1 (/Users/pabloelisseo/repos/one-beyond/csm/react-form-builder/node_modules/react-dom/cjs/react-dom.development.js:27451:7)
          at performUnitOfWork (/Users/pabloelisseo/repos/one-beyond/csm/react-form-builder/node_modules/react-dom/cjs/react-dom.development.js:26560:12)
          at workLoopSync (/Users/pabloelisseo/repos/one-beyond/csm/react-form-builder/node_modules/react-dom/cjs/react-dom.development.js:26466:5)
          at renderRootSync (/Users/pabloelisseo/repos/one-beyond/csm/react-form-builder/node_modules/react-dom/cjs/react-dom.development.js:26434:7)
          at performConcurrentWorkOnRoot (/Users/pabloelisseo/repos/one-beyond/csm/react-form-builder/node_modules/react-dom/cjs/react-dom.development.js:25738:74)
          at flushActQueue (/Users/pabloelisseo/repos/one-beyond/csm/react-form-builder/node_modules/react/cjs/react.development.js:2667:24)
          at act (/Users/pabloelisseo/repos/one-beyond/csm/react-form-builder/node_modules/react/cjs/react.development.js:2582:11)
          at /Users/pabloelisseo/repos/one-beyond/csm/react-form-builder/node_modules/@testing-library/react/dist/act-compat.js:46:25
          at renderRoot (/Users/pabloelisseo/repos/one-beyond/csm/react-form-builder/node_modules/@testing-library/react/dist/pure.js:161:26)
          at render (/Users/pabloelisseo/repos/one-beyond/csm/react-form-builder/node_modules/@testing-library/react/dist/pure.js:247:10)
          at customRender (/Users/pabloelisseo/repos/one-beyond/csm/react-form-builder/src/Questions/Select/__tests__/select.test.js:39:9)
          at Object.<anonymous> (/Users/pabloelisseo/repos/one-beyond/csm/react-form-builder/src/Questions/Select/__tests__/select.test.js:63:3)
          at Promise.then.completed (/Users/pabloelisseo/repos/one-beyond/csm/react-form-builder/node_modules/jest-circus/build/utils.js:391:28)
          at new Promise (<anonymous>)
          at callAsyncCircusFn (/Users/pabloelisseo/repos/one-beyond/csm/react-form-builder/node_modules/jest-circus/build/utils.js:316:10)
          at _callCircusTest (/Users/pabloelisseo/repos/one-beyond/csm/react-form-builder/node_modules/jest-circus/build/run.js:218:40)
          at processTicksAndRejections (node:internal/process/task_queues:95:5)
          at _runTest (/Users/pabloelisseo/repos/one-beyond/csm/react-form-builder/node_modules/jest-circus/build/run.js:155:3)
          at _runTestsForDescribeBlock (/Users/pabloelisseo/repos/one-beyond/csm/react-form-builder/node_modules/jest-circus/build/run.js:66:9)
          at run (/Users/pabloelisseo/repos/one-beyond/csm/react-form-builder/node_modules/jest-circus/build/run.js:25:3)
          at runAndTransformResultsToJestFormat (/Users/pabloelisseo/repos/one-beyond/csm/react-form-builder/node_modules/jest-circus/build/legacy-code-todo-rewrite/jestAdapterInit.js:170:21)
          at jestAdapter (/Users/pabloelisseo/repos/one-beyond/csm/react-form-builder/node_modules/jest-circus/build/legacy-code-todo-rewrite/jestAdapter.js:82:19)
          at runTestInternal (/Users/pabloelisseo/repos/one-beyond/csm/react-form-builder/node_modules/jest-runner/build/runTest.js:389:16)
          at runTest (/Users/pabloelisseo/repos/one-beyond/csm/react-form-builder/node_modules/jest-runner/build/runTest.js:475:34)
          at Object.worker (/Users/pabloelisseo/repos/one-beyond/csm/react-form-builder/node_modules/jest-runner/build/testWorker.js:133:12)

      at VirtualConsole.<anonymous> (node_modules/jsdom/lib/jsdom/virtual-console.js:29:45)
      at reportException (node_modules/jsdom/lib/jsdom/living/helpers/runtime-script-errors.js:70:28)
      at innerInvokeEventListeners (node_modules/jsdom/lib/jsdom/living/events/EventTarget-impl.js:341:9)
      at invokeEventListeners (node_modules/jsdom/lib/jsdom/living/events/EventTarget-impl.js:274:3)
      at HTMLUnknownElementImpl._dispatch (node_modules/jsdom/lib/jsdom/living/events/EventTarget-impl.js:221:9)
      at HTMLUnknownElementImpl.dispatchEvent (node_modules/jsdom/lib/jsdom/living/events/EventTarget-impl.js:94:17)
      at HTMLUnknownElement.dispatchEvent (node_modules/jsdom/lib/jsdom/living/generated/EventTarget.js:231:34)

    console.error
      Error: Uncaught [TypeError: Cannot read properties of undefined (reading 'array')]
          at reportException (/Users/pabloelisseo/repos/one-beyond/csm/react-form-builder/node_modules/jsdom/lib/jsdom/living/helpers/runtime-script-errors.js:66:24)
          at innerInvokeEventListeners (/Users/pabloelisseo/repos/one-beyond/csm/react-form-builder/node_modules/jsdom/lib/jsdom/living/events/EventTarget-impl.js:341:9)
          at invokeEventListeners (/Users/pabloelisseo/repos/one-beyond/csm/react-form-builder/node_modules/jsdom/lib/jsdom/living/events/EventTarget-impl.js:274:3)
          at HTMLUnknownElementImpl._dispatch (/Users/pabloelisseo/repos/one-beyond/csm/react-form-builder/node_modules/jsdom/lib/jsdom/living/events/EventTarget-impl.js:221:9)
          at HTMLUnknownElementImpl.dispatchEvent (/Users/pabloelisseo/repos/one-beyond/csm/react-form-builder/node_modules/jsdom/lib/jsdom/living/events/EventTarget-impl.js:94:17)
          at HTMLUnknownElement.dispatchEvent (/Users/pabloelisseo/repos/one-beyond/csm/react-form-builder/node_modules/jsdom/lib/jsdom/living/generated/EventTarget.js:231:34)
          at Object.invokeGuardedCallbackDev (/Users/pabloelisseo/repos/one-beyond/csm/react-form-builder/node_modules/react-dom/cjs/react-dom.development.js:4213:16)
          at invokeGuardedCallback (/Users/pabloelisseo/repos/one-beyond/csm/react-form-builder/node_modules/react-dom/cjs/react-dom.development.js:4277:31)
          at beginWork$1 (/Users/pabloelisseo/repos/one-beyond/csm/react-form-builder/node_modules/react-dom/cjs/react-dom.development.js:27451:7)
          at performUnitOfWork (/Users/pabloelisseo/repos/one-beyond/csm/react-form-builder/node_modules/react-dom/cjs/react-dom.development.js:26560:12) TypeError: Cannot read properties of undefined (reading 'array')
          at control (/Users/pabloelisseo/repos/one-beyond/csm/react-form-builder/node_modules/react-hook-form/src/useController.ts:63:35)
          at Object.<anonymous>.exports.Controller (/Users/pabloelisseo/repos/one-beyond/csm/react-form-builder/node_modules/react-hook-form/src/form.tsx:38:5)
          at renderWithHooks (/Users/pabloelisseo/repos/one-beyond/csm/react-form-builder/node_modules/react-dom/cjs/react-dom.development.js:16305:18)
          at mountIndeterminateComponent (/Users/pabloelisseo/repos/one-beyond/csm/react-form-builder/node_modules/react-dom/cjs/react-dom.development.js:20074:13)
          at beginWork (/Users/pabloelisseo/repos/one-beyond/csm/react-form-builder/node_modules/react-dom/cjs/react-dom.development.js:21587:16)
          at HTMLUnknownElement.callCallback (/Users/pabloelisseo/repos/one-beyond/csm/react-form-builder/node_modules/react-dom/cjs/react-dom.development.js:4164:14)
          at HTMLUnknownElement.callTheUserObjectsOperation (/Users/pabloelisseo/repos/one-beyond/csm/react-form-builder/node_modules/jsdom/lib/jsdom/living/generated/EventListener.js:26:30)
          at innerInvokeEventListeners (/Users/pabloelisseo/repos/one-beyond/csm/react-form-builder/node_modules/jsdom/lib/jsdom/living/events/EventTarget-impl.js:338:25)
          at invokeEventListeners (/Users/pabloelisseo/repos/one-beyond/csm/react-form-builder/node_modules/jsdom/lib/jsdom/living/events/EventTarget-impl.js:274:3)
          at HTMLUnknownElementImpl._dispatch (/Users/pabloelisseo/repos/one-beyond/csm/react-form-builder/node_modules/jsdom/lib/jsdom/living/events/EventTarget-impl.js:221:9)
          at HTMLUnknownElementImpl.dispatchEvent (/Users/pabloelisseo/repos/one-beyond/csm/react-form-builder/node_modules/jsdom/lib/jsdom/living/events/EventTarget-impl.js:94:17)
          at HTMLUnknownElement.dispatchEvent (/Users/pabloelisseo/repos/one-beyond/csm/react-form-builder/node_modules/jsdom/lib/jsdom/living/generated/EventTarget.js:231:34)
          at Object.invokeGuardedCallbackDev (/Users/pabloelisseo/repos/one-beyond/csm/react-form-builder/node_modules/react-dom/cjs/react-dom.development.js:4213:16)
          at invokeGuardedCallback (/Users/pabloelisseo/repos/one-beyond/csm/react-form-builder/node_modules/react-dom/cjs/react-dom.development.js:4277:31)
          at beginWork$1 (/Users/pabloelisseo/repos/one-beyond/csm/react-form-builder/node_modules/react-dom/cjs/react-dom.development.js:27451:7)
          at performUnitOfWork (/Users/pabloelisseo/repos/one-beyond/csm/react-form-builder/node_modules/react-dom/cjs/react-dom.development.js:26560:12)
          at workLoopSync (/Users/pabloelisseo/repos/one-beyond/csm/react-form-builder/node_modules/react-dom/cjs/react-dom.development.js:26466:5)
          at renderRootSync (/Users/pabloelisseo/repos/one-beyond/csm/react-form-builder/node_modules/react-dom/cjs/react-dom.development.js:26434:7)
          at recoverFromConcurrentError (/Users/pabloelisseo/repos/one-beyond/csm/react-form-builder/node_modules/react-dom/cjs/react-dom.development.js:25850:20)
          at performConcurrentWorkOnRoot (/Users/pabloelisseo/repos/one-beyond/csm/react-form-builder/node_modules/react-dom/cjs/react-dom.development.js:25750:22)
          at flushActQueue (/Users/pabloelisseo/repos/one-beyond/csm/react-form-builder/node_modules/react/cjs/react.development.js:2667:24)
          at act (/Users/pabloelisseo/repos/one-beyond/csm/react-form-builder/node_modules/react/cjs/react.development.js:2582:11)
          at /Users/pabloelisseo/repos/one-beyond/csm/react-form-builder/node_modules/@testing-library/react/dist/act-compat.js:46:25
          at renderRoot (/Users/pabloelisseo/repos/one-beyond/csm/react-form-builder/node_modules/@testing-library/react/dist/pure.js:161:26)
          at render (/Users/pabloelisseo/repos/one-beyond/csm/react-form-builder/node_modules/@testing-library/react/dist/pure.js:247:10)
          at customRender (/Users/pabloelisseo/repos/one-beyond/csm/react-form-builder/src/Questions/Select/__tests__/select.test.js:39:9)
          at Object.<anonymous> (/Users/pabloelisseo/repos/one-beyond/csm/react-form-builder/src/Questions/Select/__tests__/select.test.js:63:3)
          at Promise.then.completed (/Users/pabloelisseo/repos/one-beyond/csm/react-form-builder/node_modules/jest-circus/build/utils.js:391:28)
          at new Promise (<anonymous>)
          at callAsyncCircusFn (/Users/pabloelisseo/repos/one-beyond/csm/react-form-builder/node_modules/jest-circus/build/utils.js:316:10)
          at _callCircusTest (/Users/pabloelisseo/repos/one-beyond/csm/react-form-builder/node_modules/jest-circus/build/run.js:218:40)
          at processTicksAndRejections (node:internal/process/task_queues:95:5)
          at _runTest (/Users/pabloelisseo/repos/one-beyond/csm/react-form-builder/node_modules/jest-circus/build/run.js:155:3)
          at _runTestsForDescribeBlock (/Users/pabloelisseo/repos/one-beyond/csm/react-form-builder/node_modules/jest-circus/build/run.js:66:9)
          at run (/Users/pabloelisseo/repos/one-beyond/csm/react-form-builder/node_modules/jest-circus/build/run.js:25:3)
          at runAndTransformResultsToJestFormat (/Users/pabloelisseo/repos/one-beyond/csm/react-form-builder/node_modules/jest-circus/build/legacy-code-todo-rewrite/jestAdapterInit.js:170:21)
          at jestAdapter (/Users/pabloelisseo/repos/one-beyond/csm/react-form-builder/node_modules/jest-circus/build/legacy-code-todo-rewrite/jestAdapter.js:82:19)
          at runTestInternal (/Users/pabloelisseo/repos/one-beyond/csm/react-form-builder/node_modules/jest-runner/build/runTest.js:389:16)
          at runTest (/Users/pabloelisseo/repos/one-beyond/csm/react-form-builder/node_modules/jest-runner/build/runTest.js:475:34)
          at Object.worker (/Users/pabloelisseo/repos/one-beyond/csm/react-form-builder/node_modules/jest-runner/build/testWorker.js:133:12)

      at VirtualConsole.<anonymous> (node_modules/jsdom/lib/jsdom/virtual-console.js:29:45)
      at reportException (node_modules/jsdom/lib/jsdom/living/helpers/runtime-script-errors.js:70:28)
      at innerInvokeEventListeners (node_modules/jsdom/lib/jsdom/living/events/EventTarget-impl.js:341:9)
      at invokeEventListeners (node_modules/jsdom/lib/jsdom/living/events/EventTarget-impl.js:274:3)
      at HTMLUnknownElementImpl._dispatch (node_modules/jsdom/lib/jsdom/living/events/EventTarget-impl.js:221:9)
      at HTMLUnknownElementImpl.dispatchEvent (node_modules/jsdom/lib/jsdom/living/events/EventTarget-impl.js:94:17)
      at HTMLUnknownElement.dispatchEvent (node_modules/jsdom/lib/jsdom/living/generated/EventTarget.js:231:34)

    console.error
      The above error occurred in one of your React components:
      
          at Object.<anonymous>.exports.Controller (/Users/pabloelisseo/repos/one-beyond/csm/react-form-builder/node_modules/react-hook-form/src/form.tsx:37:9)
          at Select (/Users/pabloelisseo/repos/one-beyond/csm/react-form-builder/src/Fields/Select/index.js:10:3)
          at div
          at /Users/pabloelisseo/repos/one-beyond/csm/react-form-builder/node_modules/@emotion/react/dist/emotion-element-48d2c2e4.cjs.dev.js:62:23
          at QuestionSelect (/Users/pabloelisseo/repos/one-beyond/csm/react-form-builder/src/Questions/Select/index.js:33:27)
      
      Consider adding an error boundary to your tree to customize error handling behavior.
      Visit https://reactjs.org/link/error-boundaries to learn more about error boundaries.

      at logCapturedError (node_modules/react-dom/cjs/react-dom.development.js:18687:23)
      at update.callback (node_modules/react-dom/cjs/react-dom.development.js:18720:5)
      at callCallback (node_modules/react-dom/cjs/react-dom.development.js:13923:12)
      at commitUpdateQueue (node_modules/react-dom/cjs/react-dom.development.js:13944:9)
      at commitLayoutEffectOnFiber (node_modules/react-dom/cjs/react-dom.development.js:23391:13)
      at commitLayoutMountEffects_complete (node_modules/react-dom/cjs/react-dom.development.js:24688:9)
      at commitLayoutEffects_begin (node_modules/react-dom/cjs/react-dom.development.js:24674:7)
      at commitLayoutEffects (node_modules/react-dom/cjs/react-dom.development.js:24612:3)

    console.error
      Error: Uncaught [TypeError: Cannot read properties of undefined (reading 'array')]
          at reportException (/Users/pabloelisseo/repos/one-beyond/csm/react-form-builder/node_modules/jsdom/lib/jsdom/living/helpers/runtime-script-errors.js:66:24)
          at innerInvokeEventListeners (/Users/pabloelisseo/repos/one-beyond/csm/react-form-builder/node_modules/jsdom/lib/jsdom/living/events/EventTarget-impl.js:341:9)
          at invokeEventListeners (/Users/pabloelisseo/repos/one-beyond/csm/react-form-builder/node_modules/jsdom/lib/jsdom/living/events/EventTarget-impl.js:274:3)
          at HTMLUnknownElementImpl._dispatch (/Users/pabloelisseo/repos/one-beyond/csm/react-form-builder/node_modules/jsdom/lib/jsdom/living/events/EventTarget-impl.js:221:9)
          at HTMLUnknownElementImpl.dispatchEvent (/Users/pabloelisseo/repos/one-beyond/csm/react-form-builder/node_modules/jsdom/lib/jsdom/living/events/EventTarget-impl.js:94:17)
          at HTMLUnknownElement.dispatchEvent (/Users/pabloelisseo/repos/one-beyond/csm/react-form-builder/node_modules/jsdom/lib/jsdom/living/generated/EventTarget.js:231:34)
          at Object.invokeGuardedCallbackDev (/Users/pabloelisseo/repos/one-beyond/csm/react-form-builder/node_modules/react-dom/cjs/react-dom.development.js:4213:16)
          at invokeGuardedCallback (/Users/pabloelisseo/repos/one-beyond/csm/react-form-builder/node_modules/react-dom/cjs/react-dom.development.js:4277:31)
          at beginWork$1 (/Users/pabloelisseo/repos/one-beyond/csm/react-form-builder/node_modules/react-dom/cjs/react-dom.development.js:27451:7)
          at performUnitOfWork (/Users/pabloelisseo/repos/one-beyond/csm/react-form-builder/node_modules/react-dom/cjs/react-dom.development.js:26560:12) TypeError: Cannot read properties of undefined (reading 'array')
          at control (/Users/pabloelisseo/repos/one-beyond/csm/react-form-builder/node_modules/react-hook-form/src/useController.ts:63:35)
          at Object.<anonymous>.exports.Controller (/Users/pabloelisseo/repos/one-beyond/csm/react-form-builder/node_modules/react-hook-form/src/form.tsx:38:5)
          at renderWithHooks (/Users/pabloelisseo/repos/one-beyond/csm/react-form-builder/node_modules/react-dom/cjs/react-dom.development.js:16305:18)
          at mountIndeterminateComponent (/Users/pabloelisseo/repos/one-beyond/csm/react-form-builder/node_modules/react-dom/cjs/react-dom.development.js:20074:13)
          at beginWork (/Users/pabloelisseo/repos/one-beyond/csm/react-form-builder/node_modules/react-dom/cjs/react-dom.development.js:21587:16)
          at HTMLUnknownElement.callCallback (/Users/pabloelisseo/repos/one-beyond/csm/react-form-builder/node_modules/react-dom/cjs/react-dom.development.js:4164:14)
          at HTMLUnknownElement.callTheUserObjectsOperation (/Users/pabloelisseo/repos/one-beyond/csm/react-form-builder/node_modules/jsdom/lib/jsdom/living/generated/EventListener.js:26:30)
          at innerInvokeEventListeners (/Users/pabloelisseo/repos/one-beyond/csm/react-form-builder/node_modules/jsdom/lib/jsdom/living/events/EventTarget-impl.js:338:25)
          at invokeEventListeners (/Users/pabloelisseo/repos/one-beyond/csm/react-form-builder/node_modules/jsdom/lib/jsdom/living/events/EventTarget-impl.js:274:3)
          at HTMLUnknownElementImpl._dispatch (/Users/pabloelisseo/repos/one-beyond/csm/react-form-builder/node_modules/jsdom/lib/jsdom/living/events/EventTarget-impl.js:221:9)
          at HTMLUnknownElementImpl.dispatchEvent (/Users/pabloelisseo/repos/one-beyond/csm/react-form-builder/node_modules/jsdom/lib/jsdom/living/events/EventTarget-impl.js:94:17)
          at HTMLUnknownElement.dispatchEvent (/Users/pabloelisseo/repos/one-beyond/csm/react-form-builder/node_modules/jsdom/lib/jsdom/living/generated/EventTarget.js:231:34)
          at Object.invokeGuardedCallbackDev (/Users/pabloelisseo/repos/one-beyond/csm/react-form-builder/node_modules/react-dom/cjs/react-dom.development.js:4213:16)
          at invokeGuardedCallback (/Users/pabloelisseo/repos/one-beyond/csm/react-form-builder/node_modules/react-dom/cjs/react-dom.development.js:4277:31)
          at beginWork$1 (/Users/pabloelisseo/repos/one-beyond/csm/react-form-builder/node_modules/react-dom/cjs/react-dom.development.js:27451:7)
          at performUnitOfWork (/Users/pabloelisseo/repos/one-beyond/csm/react-form-builder/node_modules/react-dom/cjs/react-dom.development.js:26560:12)
          at workLoopSync (/Users/pabloelisseo/repos/one-beyond/csm/react-form-builder/node_modules/react-dom/cjs/react-dom.development.js:26466:5)
          at renderRootSync (/Users/pabloelisseo/repos/one-beyond/csm/react-form-builder/node_modules/react-dom/cjs/react-dom.development.js:26434:7)
          at performConcurrentWorkOnRoot (/Users/pabloelisseo/repos/one-beyond/csm/react-form-builder/node_modules/react-dom/cjs/react-dom.development.js:25738:74)
          at flushActQueue (/Users/pabloelisseo/repos/one-beyond/csm/react-form-builder/node_modules/react/cjs/react.development.js:2667:24)
          at act (/Users/pabloelisseo/repos/one-beyond/csm/react-form-builder/node_modules/react/cjs/react.development.js:2582:11)
          at /Users/pabloelisseo/repos/one-beyond/csm/react-form-builder/node_modules/@testing-library/react/dist/act-compat.js:46:25
          at renderRoot (/Users/pabloelisseo/repos/one-beyond/csm/react-form-builder/node_modules/@testing-library/react/dist/pure.js:161:26)
          at render (/Users/pabloelisseo/repos/one-beyond/csm/react-form-builder/node_modules/@testing-library/react/dist/pure.js:247:10)
          at customRender (/Users/pabloelisseo/repos/one-beyond/csm/react-form-builder/src/Questions/Select/__tests__/select.test.js:39:9)
          at Object.<anonymous> (/Users/pabloelisseo/repos/one-beyond/csm/react-form-builder/src/Questions/Select/__tests__/select.test.js:67:3)
          at Promise.then.completed (/Users/pabloelisseo/repos/one-beyond/csm/react-form-builder/node_modules/jest-circus/build/utils.js:391:28)
          at new Promise (<anonymous>)
          at callAsyncCircusFn (/Users/pabloelisseo/repos/one-beyond/csm/react-form-builder/node_modules/jest-circus/build/utils.js:316:10)
          at _callCircusTest (/Users/pabloelisseo/repos/one-beyond/csm/react-form-builder/node_modules/jest-circus/build/run.js:218:40)
          at processTicksAndRejections (node:internal/process/task_queues:95:5)
          at _runTest (/Users/pabloelisseo/repos/one-beyond/csm/react-form-builder/node_modules/jest-circus/build/run.js:155:3)
          at _runTestsForDescribeBlock (/Users/pabloelisseo/repos/one-beyond/csm/react-form-builder/node_modules/jest-circus/build/run.js:66:9)
          at run (/Users/pabloelisseo/repos/one-beyond/csm/react-form-builder/node_modules/jest-circus/build/run.js:25:3)
          at runAndTransformResultsToJestFormat (/Users/pabloelisseo/repos/one-beyond/csm/react-form-builder/node_modules/jest-circus/build/legacy-code-todo-rewrite/jestAdapterInit.js:170:21)
          at jestAdapter (/Users/pabloelisseo/repos/one-beyond/csm/react-form-builder/node_modules/jest-circus/build/legacy-code-todo-rewrite/jestAdapter.js:82:19)
          at runTestInternal (/Users/pabloelisseo/repos/one-beyond/csm/react-form-builder/node_modules/jest-runner/build/runTest.js:389:16)
          at runTest (/Users/pabloelisseo/repos/one-beyond/csm/react-form-builder/node_modules/jest-runner/build/runTest.js:475:34)
          at Object.worker (/Users/pabloelisseo/repos/one-beyond/csm/react-form-builder/node_modules/jest-runner/build/testWorker.js:133:12)

      at VirtualConsole.<anonymous> (node_modules/jsdom/lib/jsdom/virtual-console.js:29:45)
      at reportException (node_modules/jsdom/lib/jsdom/living/helpers/runtime-script-errors.js:70:28)
      at innerInvokeEventListeners (node_modules/jsdom/lib/jsdom/living/events/EventTarget-impl.js:341:9)
      at invokeEventListeners (node_modules/jsdom/lib/jsdom/living/events/EventTarget-impl.js:274:3)
      at HTMLUnknownElementImpl._dispatch (node_modules/jsdom/lib/jsdom/living/events/EventTarget-impl.js:221:9)
      at HTMLUnknownElementImpl.dispatchEvent (node_modules/jsdom/lib/jsdom/living/events/EventTarget-impl.js:94:17)
      at HTMLUnknownElement.dispatchEvent (node_modules/jsdom/lib/jsdom/living/generated/EventTarget.js:231:34)

    console.error
      Error: Uncaught [TypeError: Cannot read properties of undefined (reading 'array')]
          at reportException (/Users/pabloelisseo/repos/one-beyond/csm/react-form-builder/node_modules/jsdom/lib/jsdom/living/helpers/runtime-script-errors.js:66:24)
          at innerInvokeEventListeners (/Users/pabloelisseo/repos/one-beyond/csm/react-form-builder/node_modules/jsdom/lib/jsdom/living/events/EventTarget-impl.js:341:9)
          at invokeEventListeners (/Users/pabloelisseo/repos/one-beyond/csm/react-form-builder/node_modules/jsdom/lib/jsdom/living/events/EventTarget-impl.js:274:3)
          at HTMLUnknownElementImpl._dispatch (/Users/pabloelisseo/repos/one-beyond/csm/react-form-builder/node_modules/jsdom/lib/jsdom/living/events/EventTarget-impl.js:221:9)
          at HTMLUnknownElementImpl.dispatchEvent (/Users/pabloelisseo/repos/one-beyond/csm/react-form-builder/node_modules/jsdom/lib/jsdom/living/events/EventTarget-impl.js:94:17)
          at HTMLUnknownElement.dispatchEvent (/Users/pabloelisseo/repos/one-beyond/csm/react-form-builder/node_modules/jsdom/lib/jsdom/living/generated/EventTarget.js:231:34)
          at Object.invokeGuardedCallbackDev (/Users/pabloelisseo/repos/one-beyond/csm/react-form-builder/node_modules/react-dom/cjs/react-dom.development.js:4213:16)
          at invokeGuardedCallback (/Users/pabloelisseo/repos/one-beyond/csm/react-form-builder/node_modules/react-dom/cjs/react-dom.development.js:4277:31)
          at beginWork$1 (/Users/pabloelisseo/repos/one-beyond/csm/react-form-builder/node_modules/react-dom/cjs/react-dom.development.js:27451:7)
          at performUnitOfWork (/Users/pabloelisseo/repos/one-beyond/csm/react-form-builder/node_modules/react-dom/cjs/react-dom.development.js:26560:12) TypeError: Cannot read properties of undefined (reading 'array')
          at control (/Users/pabloelisseo/repos/one-beyond/csm/react-form-builder/node_modules/react-hook-form/src/useController.ts:63:35)
          at Object.<anonymous>.exports.Controller (/Users/pabloelisseo/repos/one-beyond/csm/react-form-builder/node_modules/react-hook-form/src/form.tsx:38:5)
          at renderWithHooks (/Users/pabloelisseo/repos/one-beyond/csm/react-form-builder/node_modules/react-dom/cjs/react-dom.development.js:16305:18)
          at mountIndeterminateComponent (/Users/pabloelisseo/repos/one-beyond/csm/react-form-builder/node_modules/react-dom/cjs/react-dom.development.js:20074:13)
          at beginWork (/Users/pabloelisseo/repos/one-beyond/csm/react-form-builder/node_modules/react-dom/cjs/react-dom.development.js:21587:16)
          at HTMLUnknownElement.callCallback (/Users/pabloelisseo/repos/one-beyond/csm/react-form-builder/node_modules/react-dom/cjs/react-dom.development.js:4164:14)
          at HTMLUnknownElement.callTheUserObjectsOperation (/Users/pabloelisseo/repos/one-beyond/csm/react-form-builder/node_modules/jsdom/lib/jsdom/living/generated/EventListener.js:26:30)
          at innerInvokeEventListeners (/Users/pabloelisseo/repos/one-beyond/csm/react-form-builder/node_modules/jsdom/lib/jsdom/living/events/EventTarget-impl.js:338:25)
          at invokeEventListeners (/Users/pabloelisseo/repos/one-beyond/csm/react-form-builder/node_modules/jsdom/lib/jsdom/living/events/EventTarget-impl.js:274:3)
          at HTMLUnknownElementImpl._dispatch (/Users/pabloelisseo/repos/one-beyond/csm/react-form-builder/node_modules/jsdom/lib/jsdom/living/events/EventTarget-impl.js:221:9)
          at HTMLUnknownElementImpl.dispatchEvent (/Users/pabloelisseo/repos/one-beyond/csm/react-form-builder/node_modules/jsdom/lib/jsdom/living/events/EventTarget-impl.js:94:17)
          at HTMLUnknownElement.dispatchEvent (/Users/pabloelisseo/repos/one-beyond/csm/react-form-builder/node_modules/jsdom/lib/jsdom/living/generated/EventTarget.js:231:34)
          at Object.invokeGuardedCallbackDev (/Users/pabloelisseo/repos/one-beyond/csm/react-form-builder/node_modules/react-dom/cjs/react-dom.development.js:4213:16)
          at invokeGuardedCallback (/Users/pabloelisseo/repos/one-beyond/csm/react-form-builder/node_modules/react-dom/cjs/react-dom.development.js:4277:31)
          at beginWork$1 (/Users/pabloelisseo/repos/one-beyond/csm/react-form-builder/node_modules/react-dom/cjs/react-dom.development.js:27451:7)
          at performUnitOfWork (/Users/pabloelisseo/repos/one-beyond/csm/react-form-builder/node_modules/react-dom/cjs/react-dom.development.js:26560:12)
          at workLoopSync (/Users/pabloelisseo/repos/one-beyond/csm/react-form-builder/node_modules/react-dom/cjs/react-dom.development.js:26466:5)
          at renderRootSync (/Users/pabloelisseo/repos/one-beyond/csm/react-form-builder/node_modules/react-dom/cjs/react-dom.development.js:26434:7)
          at recoverFromConcurrentError (/Users/pabloelisseo/repos/one-beyond/csm/react-form-builder/node_modules/react-dom/cjs/react-dom.development.js:25850:20)
          at performConcurrentWorkOnRoot (/Users/pabloelisseo/repos/one-beyond/csm/react-form-builder/node_modules/react-dom/cjs/react-dom.development.js:25750:22)
          at flushActQueue (/Users/pabloelisseo/repos/one-beyond/csm/react-form-builder/node_modules/react/cjs/react.development.js:2667:24)
          at act (/Users/pabloelisseo/repos/one-beyond/csm/react-form-builder/node_modules/react/cjs/react.development.js:2582:11)
          at /Users/pabloelisseo/repos/one-beyond/csm/react-form-builder/node_modules/@testing-library/react/dist/act-compat.js:46:25
          at renderRoot (/Users/pabloelisseo/repos/one-beyond/csm/react-form-builder/node_modules/@testing-library/react/dist/pure.js:161:26)
          at render (/Users/pabloelisseo/repos/one-beyond/csm/react-form-builder/node_modules/@testing-library/react/dist/pure.js:247:10)
          at customRender (/Users/pabloelisseo/repos/one-beyond/csm/react-form-builder/src/Questions/Select/__tests__/select.test.js:39:9)
          at Object.<anonymous> (/Users/pabloelisseo/repos/one-beyond/csm/react-form-builder/src/Questions/Select/__tests__/select.test.js:67:3)
          at Promise.then.completed (/Users/pabloelisseo/repos/one-beyond/csm/react-form-builder/node_modules/jest-circus/build/utils.js:391:28)
          at new Promise (<anonymous>)
          at callAsyncCircusFn (/Users/pabloelisseo/repos/one-beyond/csm/react-form-builder/node_modules/jest-circus/build/utils.js:316:10)
          at _callCircusTest (/Users/pabloelisseo/repos/one-beyond/csm/react-form-builder/node_modules/jest-circus/build/run.js:218:40)
          at processTicksAndRejections (node:internal/process/task_queues:95:5)
          at _runTest (/Users/pabloelisseo/repos/one-beyond/csm/react-form-builder/node_modules/jest-circus/build/run.js:155:3)
          at _runTestsForDescribeBlock (/Users/pabloelisseo/repos/one-beyond/csm/react-form-builder/node_modules/jest-circus/build/run.js:66:9)
          at run (/Users/pabloelisseo/repos/one-beyond/csm/react-form-builder/node_modules/jest-circus/build/run.js:25:3)
          at runAndTransformResultsToJestFormat (/Users/pabloelisseo/repos/one-beyond/csm/react-form-builder/node_modules/jest-circus/build/legacy-code-todo-rewrite/jestAdapterInit.js:170:21)
          at jestAdapter (/Users/pabloelisseo/repos/one-beyond/csm/react-form-builder/node_modules/jest-circus/build/legacy-code-todo-rewrite/jestAdapter.js:82:19)
          at runTestInternal (/Users/pabloelisseo/repos/one-beyond/csm/react-form-builder/node_modules/jest-runner/build/runTest.js:389:16)
          at runTest (/Users/pabloelisseo/repos/one-beyond/csm/react-form-builder/node_modules/jest-runner/build/runTest.js:475:34)
          at Object.worker (/Users/pabloelisseo/repos/one-beyond/csm/react-form-builder/node_modules/jest-runner/build/testWorker.js:133:12)

      at VirtualConsole.<anonymous> (node_modules/jsdom/lib/jsdom/virtual-console.js:29:45)
      at reportException (node_modules/jsdom/lib/jsdom/living/helpers/runtime-script-errors.js:70:28)
      at innerInvokeEventListeners (node_modules/jsdom/lib/jsdom/living/events/EventTarget-impl.js:341:9)
      at invokeEventListeners (node_modules/jsdom/lib/jsdom/living/events/EventTarget-impl.js:274:3)
      at HTMLUnknownElementImpl._dispatch (node_modules/jsdom/lib/jsdom/living/events/EventTarget-impl.js:221:9)
      at HTMLUnknownElementImpl.dispatchEvent (node_modules/jsdom/lib/jsdom/living/events/EventTarget-impl.js:94:17)
      at HTMLUnknownElement.dispatchEvent (node_modules/jsdom/lib/jsdom/living/generated/EventTarget.js:231:34)

    console.error
      The above error occurred in one of your React components:
      
          at Object.<anonymous>.exports.Controller (/Users/pabloelisseo/repos/one-beyond/csm/react-form-builder/node_modules/react-hook-form/src/form.tsx:37:9)
          at Select (/Users/pabloelisseo/repos/one-beyond/csm/react-form-builder/src/Fields/Select/index.js:10:3)
          at div
          at /Users/pabloelisseo/repos/one-beyond/csm/react-form-builder/node_modules/@emotion/react/dist/emotion-element-48d2c2e4.cjs.dev.js:62:23
          at QuestionSelect (/Users/pabloelisseo/repos/one-beyond/csm/react-form-builder/src/Questions/Select/index.js:33:27)
      
      Consider adding an error boundary to your tree to customize error handling behavior.
      Visit https://reactjs.org/link/error-boundaries to learn more about error boundaries.

      at logCapturedError (node_modules/react-dom/cjs/react-dom.development.js:18687:23)
      at update.callback (node_modules/react-dom/cjs/react-dom.development.js:18720:5)
      at callCallback (node_modules/react-dom/cjs/react-dom.development.js:13923:12)
      at commitUpdateQueue (node_modules/react-dom/cjs/react-dom.development.js:13944:9)
      at commitLayoutEffectOnFiber (node_modules/react-dom/cjs/react-dom.development.js:23391:13)
      at commitLayoutMountEffects_complete (node_modules/react-dom/cjs/react-dom.development.js:24688:9)
      at commitLayoutEffects_begin (node_modules/react-dom/cjs/react-dom.development.js:24674:7)
      at commitLayoutEffects (node_modules/react-dom/cjs/react-dom.development.js:24612:3)

    console.error
      Error: Uncaught [TypeError: Cannot read properties of undefined (reading 'array')]
          at reportException (/Users/pabloelisseo/repos/one-beyond/csm/react-form-builder/node_modules/jsdom/lib/jsdom/living/helpers/runtime-script-errors.js:66:24)
          at innerInvokeEventListeners (/Users/pabloelisseo/repos/one-beyond/csm/react-form-builder/node_modules/jsdom/lib/jsdom/living/events/EventTarget-impl.js:341:9)
          at invokeEventListeners (/Users/pabloelisseo/repos/one-beyond/csm/react-form-builder/node_modules/jsdom/lib/jsdom/living/events/EventTarget-impl.js:274:3)
          at HTMLUnknownElementImpl._dispatch (/Users/pabloelisseo/repos/one-beyond/csm/react-form-builder/node_modules/jsdom/lib/jsdom/living/events/EventTarget-impl.js:221:9)
          at HTMLUnknownElementImpl.dispatchEvent (/Users/pabloelisseo/repos/one-beyond/csm/react-form-builder/node_modules/jsdom/lib/jsdom/living/events/EventTarget-impl.js:94:17)
          at HTMLUnknownElement.dispatchEvent (/Users/pabloelisseo/repos/one-beyond/csm/react-form-builder/node_modules/jsdom/lib/jsdom/living/generated/EventTarget.js:231:34)
          at Object.invokeGuardedCallbackDev (/Users/pabloelisseo/repos/one-beyond/csm/react-form-builder/node_modules/react-dom/cjs/react-dom.development.js:4213:16)
          at invokeGuardedCallback (/Users/pabloelisseo/repos/one-beyond/csm/react-form-builder/node_modules/react-dom/cjs/react-dom.development.js:4277:31)
          at beginWork$1 (/Users/pabloelisseo/repos/one-beyond/csm/react-form-builder/node_modules/react-dom/cjs/react-dom.development.js:27451:7)
          at performUnitOfWork (/Users/pabloelisseo/repos/one-beyond/csm/react-form-builder/node_modules/react-dom/cjs/react-dom.development.js:26560:12) TypeError: Cannot read properties of undefined (reading 'array')
          at control (/Users/pabloelisseo/repos/one-beyond/csm/react-form-builder/node_modules/react-hook-form/src/useController.ts:63:35)
          at Object.<anonymous>.exports.Controller (/Users/pabloelisseo/repos/one-beyond/csm/react-form-builder/node_modules/react-hook-form/src/form.tsx:38:5)
          at renderWithHooks (/Users/pabloelisseo/repos/one-beyond/csm/react-form-builder/node_modules/react-dom/cjs/react-dom.development.js:16305:18)
          at mountIndeterminateComponent (/Users/pabloelisseo/repos/one-beyond/csm/react-form-builder/node_modules/react-dom/cjs/react-dom.development.js:20074:13)
          at beginWork (/Users/pabloelisseo/repos/one-beyond/csm/react-form-builder/node_modules/react-dom/cjs/react-dom.development.js:21587:16)
          at HTMLUnknownElement.callCallback (/Users/pabloelisseo/repos/one-beyond/csm/react-form-builder/node_modules/react-dom/cjs/react-dom.development.js:4164:14)
          at HTMLUnknownElement.callTheUserObjectsOperation (/Users/pabloelisseo/repos/one-beyond/csm/react-form-builder/node_modules/jsdom/lib/jsdom/living/generated/EventListener.js:26:30)
          at innerInvokeEventListeners (/Users/pabloelisseo/repos/one-beyond/csm/react-form-builder/node_modules/jsdom/lib/jsdom/living/events/EventTarget-impl.js:338:25)
          at invokeEventListeners (/Users/pabloelisseo/repos/one-beyond/csm/react-form-builder/node_modules/jsdom/lib/jsdom/living/events/EventTarget-impl.js:274:3)
          at HTMLUnknownElementImpl._dispatch (/Users/pabloelisseo/repos/one-beyond/csm/react-form-builder/node_modules/jsdom/lib/jsdom/living/events/EventTarget-impl.js:221:9)
          at HTMLUnknownElementImpl.dispatchEvent (/Users/pabloelisseo/repos/one-beyond/csm/react-form-builder/node_modules/jsdom/lib/jsdom/living/events/EventTarget-impl.js:94:17)
          at HTMLUnknownElement.dispatchEvent (/Users/pabloelisseo/repos/one-beyond/csm/react-form-builder/node_modules/jsdom/lib/jsdom/living/generated/EventTarget.js:231:34)
          at Object.invokeGuardedCallbackDev (/Users/pabloelisseo/repos/one-beyond/csm/react-form-builder/node_modules/react-dom/cjs/react-dom.development.js:4213:16)
          at invokeGuardedCallback (/Users/pabloelisseo/repos/one-beyond/csm/react-form-builder/node_modules/react-dom/cjs/react-dom.development.js:4277:31)
          at beginWork$1 (/Users/pabloelisseo/repos/one-beyond/csm/react-form-builder/node_modules/react-dom/cjs/react-dom.development.js:27451:7)
          at performUnitOfWork (/Users/pabloelisseo/repos/one-beyond/csm/react-form-builder/node_modules/react-dom/cjs/react-dom.development.js:26560:12)
          at workLoopSync (/Users/pabloelisseo/repos/one-beyond/csm/react-form-builder/node_modules/react-dom/cjs/react-dom.development.js:26466:5)
          at renderRootSync (/Users/pabloelisseo/repos/one-beyond/csm/react-form-builder/node_modules/react-dom/cjs/react-dom.development.js:26434:7)
          at performConcurrentWorkOnRoot (/Users/pabloelisseo/repos/one-beyond/csm/react-form-builder/node_modules/react-dom/cjs/react-dom.development.js:25738:74)
          at flushActQueue (/Users/pabloelisseo/repos/one-beyond/csm/react-form-builder/node_modules/react/cjs/react.development.js:2667:24)
          at act (/Users/pabloelisseo/repos/one-beyond/csm/react-form-builder/node_modules/react/cjs/react.development.js:2582:11)
          at /Users/pabloelisseo/repos/one-beyond/csm/react-form-builder/node_modules/@testing-library/react/dist/act-compat.js:46:25
          at renderRoot (/Users/pabloelisseo/repos/one-beyond/csm/react-form-builder/node_modules/@testing-library/react/dist/pure.js:161:26)
          at render (/Users/pabloelisseo/repos/one-beyond/csm/react-form-builder/node_modules/@testing-library/react/dist/pure.js:247:10)
          at customRender (/Users/pabloelisseo/repos/one-beyond/csm/react-form-builder/src/Questions/Select/__tests__/select.test.js:39:9)
          at Object.<anonymous> (/Users/pabloelisseo/repos/one-beyond/csm/react-form-builder/src/Questions/Select/__tests__/select.test.js:77:54)
          at Promise.then.completed (/Users/pabloelisseo/repos/one-beyond/csm/react-form-builder/node_modules/jest-circus/build/utils.js:391:28)
          at new Promise (<anonymous>)
          at callAsyncCircusFn (/Users/pabloelisseo/repos/one-beyond/csm/react-form-builder/node_modules/jest-circus/build/utils.js:316:10)
          at _callCircusTest (/Users/pabloelisseo/repos/one-beyond/csm/react-form-builder/node_modules/jest-circus/build/run.js:218:40)
          at processTicksAndRejections (node:internal/process/task_queues:95:5)
          at _runTest (/Users/pabloelisseo/repos/one-beyond/csm/react-form-builder/node_modules/jest-circus/build/run.js:155:3)
          at _runTestsForDescribeBlock (/Users/pabloelisseo/repos/one-beyond/csm/react-form-builder/node_modules/jest-circus/build/run.js:66:9)
          at run (/Users/pabloelisseo/repos/one-beyond/csm/react-form-builder/node_modules/jest-circus/build/run.js:25:3)
          at runAndTransformResultsToJestFormat (/Users/pabloelisseo/repos/one-beyond/csm/react-form-builder/node_modules/jest-circus/build/legacy-code-todo-rewrite/jestAdapterInit.js:170:21)
          at jestAdapter (/Users/pabloelisseo/repos/one-beyond/csm/react-form-builder/node_modules/jest-circus/build/legacy-code-todo-rewrite/jestAdapter.js:82:19)
          at runTestInternal (/Users/pabloelisseo/repos/one-beyond/csm/react-form-builder/node_modules/jest-runner/build/runTest.js:389:16)
          at runTest (/Users/pabloelisseo/repos/one-beyond/csm/react-form-builder/node_modules/jest-runner/build/runTest.js:475:34)
          at Object.worker (/Users/pabloelisseo/repos/one-beyond/csm/react-form-builder/node_modules/jest-runner/build/testWorker.js:133:12)

      at VirtualConsole.<anonymous> (node_modules/jsdom/lib/jsdom/virtual-console.js:29:45)
      at reportException (node_modules/jsdom/lib/jsdom/living/helpers/runtime-script-errors.js:70:28)
      at innerInvokeEventListeners (node_modules/jsdom/lib/jsdom/living/events/EventTarget-impl.js:341:9)
      at invokeEventListeners (node_modules/jsdom/lib/jsdom/living/events/EventTarget-impl.js:274:3)
      at HTMLUnknownElementImpl._dispatch (node_modules/jsdom/lib/jsdom/living/events/EventTarget-impl.js:221:9)
      at HTMLUnknownElementImpl.dispatchEvent (node_modules/jsdom/lib/jsdom/living/events/EventTarget-impl.js:94:17)
      at HTMLUnknownElement.dispatchEvent (node_modules/jsdom/lib/jsdom/living/generated/EventTarget.js:231:34)

    console.error
      Error: Uncaught [TypeError: Cannot read properties of undefined (reading 'array')]
          at reportException (/Users/pabloelisseo/repos/one-beyond/csm/react-form-builder/node_modules/jsdom/lib/jsdom/living/helpers/runtime-script-errors.js:66:24)
          at innerInvokeEventListeners (/Users/pabloelisseo/repos/one-beyond/csm/react-form-builder/node_modules/jsdom/lib/jsdom/living/events/EventTarget-impl.js:341:9)
          at invokeEventListeners (/Users/pabloelisseo/repos/one-beyond/csm/react-form-builder/node_modules/jsdom/lib/jsdom/living/events/EventTarget-impl.js:274:3)
          at HTMLUnknownElementImpl._dispatch (/Users/pabloelisseo/repos/one-beyond/csm/react-form-builder/node_modules/jsdom/lib/jsdom/living/events/EventTarget-impl.js:221:9)
          at HTMLUnknownElementImpl.dispatchEvent (/Users/pabloelisseo/repos/one-beyond/csm/react-form-builder/node_modules/jsdom/lib/jsdom/living/events/EventTarget-impl.js:94:17)
          at HTMLUnknownElement.dispatchEvent (/Users/pabloelisseo/repos/one-beyond/csm/react-form-builder/node_modules/jsdom/lib/jsdom/living/generated/EventTarget.js:231:34)
          at Object.invokeGuardedCallbackDev (/Users/pabloelisseo/repos/one-beyond/csm/react-form-builder/node_modules/react-dom/cjs/react-dom.development.js:4213:16)
          at invokeGuardedCallback (/Users/pabloelisseo/repos/one-beyond/csm/react-form-builder/node_modules/react-dom/cjs/react-dom.development.js:4277:31)
          at beginWork$1 (/Users/pabloelisseo/repos/one-beyond/csm/react-form-builder/node_modules/react-dom/cjs/react-dom.development.js:27451:7)
          at performUnitOfWork (/Users/pabloelisseo/repos/one-beyond/csm/react-form-builder/node_modules/react-dom/cjs/react-dom.development.js:26560:12) TypeError: Cannot read properties of undefined (reading 'array')
          at control (/Users/pabloelisseo/repos/one-beyond/csm/react-form-builder/node_modules/react-hook-form/src/useController.ts:63:35)
          at Object.<anonymous>.exports.Controller (/Users/pabloelisseo/repos/one-beyond/csm/react-form-builder/node_modules/react-hook-form/src/form.tsx:38:5)
          at renderWithHooks (/Users/pabloelisseo/repos/one-beyond/csm/react-form-builder/node_modules/react-dom/cjs/react-dom.development.js:16305:18)
          at mountIndeterminateComponent (/Users/pabloelisseo/repos/one-beyond/csm/react-form-builder/node_modules/react-dom/cjs/react-dom.development.js:20074:13)
          at beginWork (/Users/pabloelisseo/repos/one-beyond/csm/react-form-builder/node_modules/react-dom/cjs/react-dom.development.js:21587:16)
          at HTMLUnknownElement.callCallback (/Users/pabloelisseo/repos/one-beyond/csm/react-form-builder/node_modules/react-dom/cjs/react-dom.development.js:4164:14)
          at HTMLUnknownElement.callTheUserObjectsOperation (/Users/pabloelisseo/repos/one-beyond/csm/react-form-builder/node_modules/jsdom/lib/jsdom/living/generated/EventListener.js:26:30)
          at innerInvokeEventListeners (/Users/pabloelisseo/repos/one-beyond/csm/react-form-builder/node_modules/jsdom/lib/jsdom/living/events/EventTarget-impl.js:338:25)
          at invokeEventListeners (/Users/pabloelisseo/repos/one-beyond/csm/react-form-builder/node_modules/jsdom/lib/jsdom/living/events/EventTarget-impl.js:274:3)
          at HTMLUnknownElementImpl._dispatch (/Users/pabloelisseo/repos/one-beyond/csm/react-form-builder/node_modules/jsdom/lib/jsdom/living/events/EventTarget-impl.js:221:9)
          at HTMLUnknownElementImpl.dispatchEvent (/Users/pabloelisseo/repos/one-beyond/csm/react-form-builder/node_modules/jsdom/lib/jsdom/living/events/EventTarget-impl.js:94:17)
          at HTMLUnknownElement.dispatchEvent (/Users/pabloelisseo/repos/one-beyond/csm/react-form-builder/node_modules/jsdom/lib/jsdom/living/generated/EventTarget.js:231:34)
          at Object.invokeGuardedCallbackDev (/Users/pabloelisseo/repos/one-beyond/csm/react-form-builder/node_modules/react-dom/cjs/react-dom.development.js:4213:16)
          at invokeGuardedCallback (/Users/pabloelisseo/repos/one-beyond/csm/react-form-builder/node_modules/react-dom/cjs/react-dom.development.js:4277:31)
          at beginWork$1 (/Users/pabloelisseo/repos/one-beyond/csm/react-form-builder/node_modules/react-dom/cjs/react-dom.development.js:27451:7)
          at performUnitOfWork (/Users/pabloelisseo/repos/one-beyond/csm/react-form-builder/node_modules/react-dom/cjs/react-dom.development.js:26560:12)
          at workLoopSync (/Users/pabloelisseo/repos/one-beyond/csm/react-form-builder/node_modules/react-dom/cjs/react-dom.development.js:26466:5)
          at renderRootSync (/Users/pabloelisseo/repos/one-beyond/csm/react-form-builder/node_modules/react-dom/cjs/react-dom.development.js:26434:7)
          at recoverFromConcurrentError (/Users/pabloelisseo/repos/one-beyond/csm/react-form-builder/node_modules/react-dom/cjs/react-dom.development.js:25850:20)
          at performConcurrentWorkOnRoot (/Users/pabloelisseo/repos/one-beyond/csm/react-form-builder/node_modules/react-dom/cjs/react-dom.development.js:25750:22)
          at flushActQueue (/Users/pabloelisseo/repos/one-beyond/csm/react-form-builder/node_modules/react/cjs/react.development.js:2667:24)
          at act (/Users/pabloelisseo/repos/one-beyond/csm/react-form-builder/node_modules/react/cjs/react.development.js:2582:11)
          at /Users/pabloelisseo/repos/one-beyond/csm/react-form-builder/node_modules/@testing-library/react/dist/act-compat.js:46:25
          at renderRoot (/Users/pabloelisseo/repos/one-beyond/csm/react-form-builder/node_modules/@testing-library/react/dist/pure.js:161:26)
          at render (/Users/pabloelisseo/repos/one-beyond/csm/react-form-builder/node_modules/@testing-library/react/dist/pure.js:247:10)
          at customRender (/Users/pabloelisseo/repos/one-beyond/csm/react-form-builder/src/Questions/Select/__tests__/select.test.js:39:9)
          at Object.<anonymous> (/Users/pabloelisseo/repos/one-beyond/csm/react-form-builder/src/Questions/Select/__tests__/select.test.js:77:54)
          at Promise.then.completed (/Users/pabloelisseo/repos/one-beyond/csm/react-form-builder/node_modules/jest-circus/build/utils.js:391:28)
          at new Promise (<anonymous>)
          at callAsyncCircusFn (/Users/pabloelisseo/repos/one-beyond/csm/react-form-builder/node_modules/jest-circus/build/utils.js:316:10)
          at _callCircusTest (/Users/pabloelisseo/repos/one-beyond/csm/react-form-builder/node_modules/jest-circus/build/run.js:218:40)
          at processTicksAndRejections (node:internal/process/task_queues:95:5)
          at _runTest (/Users/pabloelisseo/repos/one-beyond/csm/react-form-builder/node_modules/jest-circus/build/run.js:155:3)
          at _runTestsForDescribeBlock (/Users/pabloelisseo/repos/one-beyond/csm/react-form-builder/node_modules/jest-circus/build/run.js:66:9)
          at run (/Users/pabloelisseo/repos/one-beyond/csm/react-form-builder/node_modules/jest-circus/build/run.js:25:3)
          at runAndTransformResultsToJestFormat (/Users/pabloelisseo/repos/one-beyond/csm/react-form-builder/node_modules/jest-circus/build/legacy-code-todo-rewrite/jestAdapterInit.js:170:21)
          at jestAdapter (/Users/pabloelisseo/repos/one-beyond/csm/react-form-builder/node_modules/jest-circus/build/legacy-code-todo-rewrite/jestAdapter.js:82:19)
          at runTestInternal (/Users/pabloelisseo/repos/one-beyond/csm/react-form-builder/node_modules/jest-runner/build/runTest.js:389:16)
          at runTest (/Users/pabloelisseo/repos/one-beyond/csm/react-form-builder/node_modules/jest-runner/build/runTest.js:475:34)
          at Object.worker (/Users/pabloelisseo/repos/one-beyond/csm/react-form-builder/node_modules/jest-runner/build/testWorker.js:133:12)

      at VirtualConsole.<anonymous> (node_modules/jsdom/lib/jsdom/virtual-console.js:29:45)
      at reportException (node_modules/jsdom/lib/jsdom/living/helpers/runtime-script-errors.js:70:28)
      at innerInvokeEventListeners (node_modules/jsdom/lib/jsdom/living/events/EventTarget-impl.js:341:9)
      at invokeEventListeners (node_modules/jsdom/lib/jsdom/living/events/EventTarget-impl.js:274:3)
      at HTMLUnknownElementImpl._dispatch (node_modules/jsdom/lib/jsdom/living/events/EventTarget-impl.js:221:9)
      at HTMLUnknownElementImpl.dispatchEvent (node_modules/jsdom/lib/jsdom/living/events/EventTarget-impl.js:94:17)
      at HTMLUnknownElement.dispatchEvent (node_modules/jsdom/lib/jsdom/living/generated/EventTarget.js:231:34)

    console.error
      The above error occurred in one of your React components:
      
          at Object.<anonymous>.exports.Controller (/Users/pabloelisseo/repos/one-beyond/csm/react-form-builder/node_modules/react-hook-form/src/form.tsx:37:9)
          at Select (/Users/pabloelisseo/repos/one-beyond/csm/react-form-builder/src/Fields/Select/index.js:10:3)
          at div
          at /Users/pabloelisseo/repos/one-beyond/csm/react-form-builder/node_modules/@emotion/react/dist/emotion-element-48d2c2e4.cjs.dev.js:62:23
          at QuestionSelect (/Users/pabloelisseo/repos/one-beyond/csm/react-form-builder/src/Questions/Select/index.js:33:27)
      
      Consider adding an error boundary to your tree to customize error handling behavior.
      Visit https://reactjs.org/link/error-boundaries to learn more about error boundaries.

      at logCapturedError (node_modules/react-dom/cjs/react-dom.development.js:18687:23)
      at update.callback (node_modules/react-dom/cjs/react-dom.development.js:18720:5)
      at callCallback (node_modules/react-dom/cjs/react-dom.development.js:13923:12)
      at commitUpdateQueue (node_modules/react-dom/cjs/react-dom.development.js:13944:9)
      at commitLayoutEffectOnFiber (node_modules/react-dom/cjs/react-dom.development.js:23391:13)
      at commitLayoutMountEffects_complete (node_modules/react-dom/cjs/react-dom.development.js:24688:9)
      at commitLayoutEffects_begin (node_modules/react-dom/cjs/react-dom.development.js:24674:7)
      at commitLayoutEffects (node_modules/react-dom/cjs/react-dom.development.js:24612:3)

  ● check if component is rendered

    TypeError: Cannot read properties of undefined (reading 'array')

      37 |
      38 | const customRender = (options) =>
    > 39 |   render(
         |         ^
      40 |     <QuestionSelect
      41 |       question={question}
      42 |       useForm={{

      at control (node_modules/react-hook-form/src/useController.ts:63:35)
      at Object.<anonymous>.exports.Controller (node_modules/react-hook-form/src/form.tsx:38:5)
      at renderWithHooks (node_modules/react-dom/cjs/react-dom.development.js:16305:18)
      at mountIndeterminateComponent (node_modules/react-dom/cjs/react-dom.development.js:20074:13)
      at beginWork (node_modules/react-dom/cjs/react-dom.development.js:21587:16)
      at beginWork$1 (node_modules/react-dom/cjs/react-dom.development.js:27426:14)
      at performUnitOfWork (node_modules/react-dom/cjs/react-dom.development.js:26560:12)
      at workLoopSync (node_modules/react-dom/cjs/react-dom.development.js:26466:5)
      at renderRootSync (node_modules/react-dom/cjs/react-dom.development.js:26434:7)
      at recoverFromConcurrentError (node_modules/react-dom/cjs/react-dom.development.js:25850:20)
      at performConcurrentWorkOnRoot (node_modules/react-dom/cjs/react-dom.development.js:25750:22)
      at flushActQueue (node_modules/react/cjs/react.development.js:2667:24)
      at act (node_modules/react/cjs/react.development.js:2582:11)
      at node_modules/@testing-library/react/dist/act-compat.js:46:25
      at renderRoot (node_modules/@testing-library/react/dist/pure.js:161:26)
      at render (node_modules/@testing-library/react/dist/pure.js:247:10)
      at customRender (src/Questions/Select/__tests__/select.test.js:39:9)
      at Object.<anonymous> (src/Questions/Select/__tests__/select.test.js:55:10)

  ● check if placeholder exists

    TypeError: Cannot read properties of undefined (reading 'array')

      37 |
      38 | const customRender = (options) =>
    > 39 |   render(
         |         ^
      40 |     <QuestionSelect
      41 |       question={question}
      42 |       useForm={{

      at control (node_modules/react-hook-form/src/useController.ts:63:35)
      at Object.<anonymous>.exports.Controller (node_modules/react-hook-form/src/form.tsx:38:5)
      at renderWithHooks (node_modules/react-dom/cjs/react-dom.development.js:16305:18)
      at mountIndeterminateComponent (node_modules/react-dom/cjs/react-dom.development.js:20074:13)
      at beginWork (node_modules/react-dom/cjs/react-dom.development.js:21587:16)
      at beginWork$1 (node_modules/react-dom/cjs/react-dom.development.js:27426:14)
      at performUnitOfWork (node_modules/react-dom/cjs/react-dom.development.js:26560:12)
      at workLoopSync (node_modules/react-dom/cjs/react-dom.development.js:26466:5)
      at renderRootSync (node_modules/react-dom/cjs/react-dom.development.js:26434:7)
      at recoverFromConcurrentError (node_modules/react-dom/cjs/react-dom.development.js:25850:20)
      at performConcurrentWorkOnRoot (node_modules/react-dom/cjs/react-dom.development.js:25750:22)
      at flushActQueue (node_modules/react/cjs/react.development.js:2667:24)
      at act (node_modules/react/cjs/react.development.js:2582:11)
      at node_modules/@testing-library/react/dist/act-compat.js:46:25
      at renderRoot (node_modules/@testing-library/react/dist/pure.js:161:26)
      at render (node_modules/@testing-library/react/dist/pure.js:247:10)
      at customRender (src/Questions/Select/__tests__/select.test.js:39:9)
      at Object.<anonymous> (src/Questions/Select/__tests__/select.test.js:59:3)

  ● check if label exists

    TypeError: Cannot read properties of undefined (reading 'array')

      37 |
      38 | const customRender = (options) =>
    > 39 |   render(
         |         ^
      40 |     <QuestionSelect
      41 |       question={question}
      42 |       useForm={{

      at control (node_modules/react-hook-form/src/useController.ts:63:35)
      at Object.<anonymous>.exports.Controller (node_modules/react-hook-form/src/form.tsx:38:5)
      at renderWithHooks (node_modules/react-dom/cjs/react-dom.development.js:16305:18)
      at mountIndeterminateComponent (node_modules/react-dom/cjs/react-dom.development.js:20074:13)
      at beginWork (node_modules/react-dom/cjs/react-dom.development.js:21587:16)
      at beginWork$1 (node_modules/react-dom/cjs/react-dom.development.js:27426:14)
      at performUnitOfWork (node_modules/react-dom/cjs/react-dom.development.js:26560:12)
      at workLoopSync (node_modules/react-dom/cjs/react-dom.development.js:26466:5)
      at renderRootSync (node_modules/react-dom/cjs/react-dom.development.js:26434:7)
      at recoverFromConcurrentError (node_modules/react-dom/cjs/react-dom.development.js:25850:20)
      at performConcurrentWorkOnRoot (node_modules/react-dom/cjs/react-dom.development.js:25750:22)
      at flushActQueue (node_modules/react/cjs/react.development.js:2667:24)
      at act (node_modules/react/cjs/react.development.js:2582:11)
      at node_modules/@testing-library/react/dist/act-compat.js:46:25
      at renderRoot (node_modules/@testing-library/react/dist/pure.js:161:26)
      at render (node_modules/@testing-library/react/dist/pure.js:247:10)
      at customRender (src/Questions/Select/__tests__/select.test.js:39:9)
      at Object.<anonymous> (src/Questions/Select/__tests__/select.test.js:63:3)

  ● check if error exists

    TypeError: Cannot read properties of undefined (reading 'array')

      37 |
      38 | const customRender = (options) =>
    > 39 |   render(
         |         ^
      40 |     <QuestionSelect
      41 |       question={question}
      42 |       useForm={{

      at control (node_modules/react-hook-form/src/useController.ts:63:35)
      at Object.<anonymous>.exports.Controller (node_modules/react-hook-form/src/form.tsx:38:5)
      at renderWithHooks (node_modules/react-dom/cjs/react-dom.development.js:16305:18)
      at mountIndeterminateComponent (node_modules/react-dom/cjs/react-dom.development.js:20074:13)
      at beginWork (node_modules/react-dom/cjs/react-dom.development.js:21587:16)
      at beginWork$1 (node_modules/react-dom/cjs/react-dom.development.js:27426:14)
      at performUnitOfWork (node_modules/react-dom/cjs/react-dom.development.js:26560:12)
      at workLoopSync (node_modules/react-dom/cjs/react-dom.development.js:26466:5)
      at renderRootSync (node_modules/react-dom/cjs/react-dom.development.js:26434:7)
      at recoverFromConcurrentError (node_modules/react-dom/cjs/react-dom.development.js:25850:20)
      at performConcurrentWorkOnRoot (node_modules/react-dom/cjs/react-dom.development.js:25750:22)
      at flushActQueue (node_modules/react/cjs/react.development.js:2667:24)
      at act (node_modules/react/cjs/react.development.js:2582:11)
      at node_modules/@testing-library/react/dist/act-compat.js:46:25
      at renderRoot (node_modules/@testing-library/react/dist/pure.js:161:26)
      at render (node_modules/@testing-library/react/dist/pure.js:247:10)
      at customRender (src/Questions/Select/__tests__/select.test.js:39:9)
      at Object.<anonymous> (src/Questions/Select/__tests__/select.test.js:67:3)

  ● check if option labels exist

    TypeError: Cannot read properties of undefined (reading 'array')

      37 |
      38 | const customRender = (options) =>
    > 39 |   render(
         |         ^
      40 |     <QuestionSelect
      41 |       question={question}
      42 |       useForm={{

      at control (node_modules/react-hook-form/src/useController.ts:63:35)
      at Object.<anonymous>.exports.Controller (node_modules/react-hook-form/src/form.tsx:38:5)
      at renderWithHooks (node_modules/react-dom/cjs/react-dom.development.js:16305:18)
      at mountIndeterminateComponent (node_modules/react-dom/cjs/react-dom.development.js:20074:13)
      at beginWork (node_modules/react-dom/cjs/react-dom.development.js:21587:16)
      at beginWork$1 (node_modules/react-dom/cjs/react-dom.development.js:27426:14)
      at performUnitOfWork (node_modules/react-dom/cjs/react-dom.development.js:26560:12)
      at workLoopSync (node_modules/react-dom/cjs/react-dom.development.js:26466:5)
      at renderRootSync (node_modules/react-dom/cjs/react-dom.development.js:26434:7)
      at recoverFromConcurrentError (node_modules/react-dom/cjs/react-dom.development.js:25850:20)
      at performConcurrentWorkOnRoot (node_modules/react-dom/cjs/react-dom.development.js:25750:22)
      at flushActQueue (node_modules/react/cjs/react.development.js:2667:24)
      at act (node_modules/react/cjs/react.development.js:2582:11)
      at node_modules/@testing-library/react/dist/act-compat.js:46:25
      at renderRoot (node_modules/@testing-library/react/dist/pure.js:161:26)
      at render (node_modules/@testing-library/react/dist/pure.js:247:10)
      at customRender (src/Questions/Select/__tests__/select.test.js:39:9)
      at Object.<anonymous> (src/Questions/Select/__tests__/select.test.js:77:54)

FAIL src/Questions/Autocomplete/__tests__/autocomplete.test.js
  ● Console

    console.error
      Error: Uncaught [TypeError: Cannot read properties of undefined (reading 'array')]
          at reportException (/Users/pabloelisseo/repos/one-beyond/csm/react-form-builder/node_modules/jsdom/lib/jsdom/living/helpers/runtime-script-errors.js:66:24)
          at innerInvokeEventListeners (/Users/pabloelisseo/repos/one-beyond/csm/react-form-builder/node_modules/jsdom/lib/jsdom/living/events/EventTarget-impl.js:341:9)
          at invokeEventListeners (/Users/pabloelisseo/repos/one-beyond/csm/react-form-builder/node_modules/jsdom/lib/jsdom/living/events/EventTarget-impl.js:274:3)
          at HTMLUnknownElementImpl._dispatch (/Users/pabloelisseo/repos/one-beyond/csm/react-form-builder/node_modules/jsdom/lib/jsdom/living/events/EventTarget-impl.js:221:9)
          at HTMLUnknownElementImpl.dispatchEvent (/Users/pabloelisseo/repos/one-beyond/csm/react-form-builder/node_modules/jsdom/lib/jsdom/living/events/EventTarget-impl.js:94:17)
          at HTMLUnknownElement.dispatchEvent (/Users/pabloelisseo/repos/one-beyond/csm/react-form-builder/node_modules/jsdom/lib/jsdom/living/generated/EventTarget.js:231:34)
          at Object.invokeGuardedCallbackDev (/Users/pabloelisseo/repos/one-beyond/csm/react-form-builder/node_modules/react-dom/cjs/react-dom.development.js:4213:16)
          at invokeGuardedCallback (/Users/pabloelisseo/repos/one-beyond/csm/react-form-builder/node_modules/react-dom/cjs/react-dom.development.js:4277:31)
          at beginWork$1 (/Users/pabloelisseo/repos/one-beyond/csm/react-form-builder/node_modules/react-dom/cjs/react-dom.development.js:27451:7)
          at performUnitOfWork (/Users/pabloelisseo/repos/one-beyond/csm/react-form-builder/node_modules/react-dom/cjs/react-dom.development.js:26560:12) TypeError: Cannot read properties of undefined (reading 'array')
          at control (/Users/pabloelisseo/repos/one-beyond/csm/react-form-builder/node_modules/react-hook-form/src/useController.ts:63:35)
          at Object.<anonymous>.exports.Controller (/Users/pabloelisseo/repos/one-beyond/csm/react-form-builder/node_modules/react-hook-form/src/form.tsx:38:5)
          at renderWithHooks (/Users/pabloelisseo/repos/one-beyond/csm/react-form-builder/node_modules/react-dom/cjs/react-dom.development.js:16305:18)
          at mountIndeterminateComponent (/Users/pabloelisseo/repos/one-beyond/csm/react-form-builder/node_modules/react-dom/cjs/react-dom.development.js:20074:13)
          at beginWork (/Users/pabloelisseo/repos/one-beyond/csm/react-form-builder/node_modules/react-dom/cjs/react-dom.development.js:21587:16)
          at HTMLUnknownElement.callCallback (/Users/pabloelisseo/repos/one-beyond/csm/react-form-builder/node_modules/react-dom/cjs/react-dom.development.js:4164:14)
          at HTMLUnknownElement.callTheUserObjectsOperation (/Users/pabloelisseo/repos/one-beyond/csm/react-form-builder/node_modules/jsdom/lib/jsdom/living/generated/EventListener.js:26:30)
          at innerInvokeEventListeners (/Users/pabloelisseo/repos/one-beyond/csm/react-form-builder/node_modules/jsdom/lib/jsdom/living/events/EventTarget-impl.js:338:25)
          at invokeEventListeners (/Users/pabloelisseo/repos/one-beyond/csm/react-form-builder/node_modules/jsdom/lib/jsdom/living/events/EventTarget-impl.js:274:3)
          at HTMLUnknownElementImpl._dispatch (/Users/pabloelisseo/repos/one-beyond/csm/react-form-builder/node_modules/jsdom/lib/jsdom/living/events/EventTarget-impl.js:221:9)
          at HTMLUnknownElementImpl.dispatchEvent (/Users/pabloelisseo/repos/one-beyond/csm/react-form-builder/node_modules/jsdom/lib/jsdom/living/events/EventTarget-impl.js:94:17)
          at HTMLUnknownElement.dispatchEvent (/Users/pabloelisseo/repos/one-beyond/csm/react-form-builder/node_modules/jsdom/lib/jsdom/living/generated/EventTarget.js:231:34)
          at Object.invokeGuardedCallbackDev (/Users/pabloelisseo/repos/one-beyond/csm/react-form-builder/node_modules/react-dom/cjs/react-dom.development.js:4213:16)
          at invokeGuardedCallback (/Users/pabloelisseo/repos/one-beyond/csm/react-form-builder/node_modules/react-dom/cjs/react-dom.development.js:4277:31)
          at beginWork$1 (/Users/pabloelisseo/repos/one-beyond/csm/react-form-builder/node_modules/react-dom/cjs/react-dom.development.js:27451:7)
          at performUnitOfWork (/Users/pabloelisseo/repos/one-beyond/csm/react-form-builder/node_modules/react-dom/cjs/react-dom.development.js:26560:12)
          at workLoopSync (/Users/pabloelisseo/repos/one-beyond/csm/react-form-builder/node_modules/react-dom/cjs/react-dom.development.js:26466:5)
          at renderRootSync (/Users/pabloelisseo/repos/one-beyond/csm/react-form-builder/node_modules/react-dom/cjs/react-dom.development.js:26434:7)
          at performConcurrentWorkOnRoot (/Users/pabloelisseo/repos/one-beyond/csm/react-form-builder/node_modules/react-dom/cjs/react-dom.development.js:25738:74)
          at flushActQueue (/Users/pabloelisseo/repos/one-beyond/csm/react-form-builder/node_modules/react/cjs/react.development.js:2667:24)
          at act (/Users/pabloelisseo/repos/one-beyond/csm/react-form-builder/node_modules/react/cjs/react.development.js:2582:11)
          at /Users/pabloelisseo/repos/one-beyond/csm/react-form-builder/node_modules/@testing-library/react/dist/act-compat.js:46:25
          at renderRoot (/Users/pabloelisseo/repos/one-beyond/csm/react-form-builder/node_modules/@testing-library/react/dist/pure.js:161:26)
          at render (/Users/pabloelisseo/repos/one-beyond/csm/react-form-builder/node_modules/@testing-library/react/dist/pure.js:247:10)
          at setup (/Users/pabloelisseo/repos/one-beyond/csm/react-form-builder/src/Questions/Autocomplete/__tests__/autocomplete.test.js:59:33)
          at Object.<anonymous> (/Users/pabloelisseo/repos/one-beyond/csm/react-form-builder/src/Questions/Autocomplete/__tests__/autocomplete.test.js:76:37)
          at Promise.then.completed (/Users/pabloelisseo/repos/one-beyond/csm/react-form-builder/node_modules/jest-circus/build/utils.js:391:28)
          at new Promise (<anonymous>)
          at callAsyncCircusFn (/Users/pabloelisseo/repos/one-beyond/csm/react-form-builder/node_modules/jest-circus/build/utils.js:316:10)
          at _callCircusTest (/Users/pabloelisseo/repos/one-beyond/csm/react-form-builder/node_modules/jest-circus/build/run.js:218:40)
          at processTicksAndRejections (node:internal/process/task_queues:95:5)
          at _runTest (/Users/pabloelisseo/repos/one-beyond/csm/react-form-builder/node_modules/jest-circus/build/run.js:155:3)
          at _runTestsForDescribeBlock (/Users/pabloelisseo/repos/one-beyond/csm/react-form-builder/node_modules/jest-circus/build/run.js:66:9)
          at run (/Users/pabloelisseo/repos/one-beyond/csm/react-form-builder/node_modules/jest-circus/build/run.js:25:3)
          at runAndTransformResultsToJestFormat (/Users/pabloelisseo/repos/one-beyond/csm/react-form-builder/node_modules/jest-circus/build/legacy-code-todo-rewrite/jestAdapterInit.js:170:21)
          at jestAdapter (/Users/pabloelisseo/repos/one-beyond/csm/react-form-builder/node_modules/jest-circus/build/legacy-code-todo-rewrite/jestAdapter.js:82:19)
          at runTestInternal (/Users/pabloelisseo/repos/one-beyond/csm/react-form-builder/node_modules/jest-runner/build/runTest.js:389:16)
          at runTest (/Users/pabloelisseo/repos/one-beyond/csm/react-form-builder/node_modules/jest-runner/build/runTest.js:475:34)
          at Object.worker (/Users/pabloelisseo/repos/one-beyond/csm/react-form-builder/node_modules/jest-runner/build/testWorker.js:133:12)

      at VirtualConsole.<anonymous> (node_modules/jsdom/lib/jsdom/virtual-console.js:29:45)
      at reportException (node_modules/jsdom/lib/jsdom/living/helpers/runtime-script-errors.js:70:28)
      at innerInvokeEventListeners (node_modules/jsdom/lib/jsdom/living/events/EventTarget-impl.js:341:9)
      at invokeEventListeners (node_modules/jsdom/lib/jsdom/living/events/EventTarget-impl.js:274:3)
      at HTMLUnknownElementImpl._dispatch (node_modules/jsdom/lib/jsdom/living/events/EventTarget-impl.js:221:9)
      at HTMLUnknownElementImpl.dispatchEvent (node_modules/jsdom/lib/jsdom/living/events/EventTarget-impl.js:94:17)
      at HTMLUnknownElement.dispatchEvent (node_modules/jsdom/lib/jsdom/living/generated/EventTarget.js:231:34)

    console.error
      Error: Uncaught [TypeError: Cannot read properties of undefined (reading 'array')]
          at reportException (/Users/pabloelisseo/repos/one-beyond/csm/react-form-builder/node_modules/jsdom/lib/jsdom/living/helpers/runtime-script-errors.js:66:24)
          at innerInvokeEventListeners (/Users/pabloelisseo/repos/one-beyond/csm/react-form-builder/node_modules/jsdom/lib/jsdom/living/events/EventTarget-impl.js:341:9)
          at invokeEventListeners (/Users/pabloelisseo/repos/one-beyond/csm/react-form-builder/node_modules/jsdom/lib/jsdom/living/events/EventTarget-impl.js:274:3)
          at HTMLUnknownElementImpl._dispatch (/Users/pabloelisseo/repos/one-beyond/csm/react-form-builder/node_modules/jsdom/lib/jsdom/living/events/EventTarget-impl.js:221:9)
          at HTMLUnknownElementImpl.dispatchEvent (/Users/pabloelisseo/repos/one-beyond/csm/react-form-builder/node_modules/jsdom/lib/jsdom/living/events/EventTarget-impl.js:94:17)
          at HTMLUnknownElement.dispatchEvent (/Users/pabloelisseo/repos/one-beyond/csm/react-form-builder/node_modules/jsdom/lib/jsdom/living/generated/EventTarget.js:231:34)
          at Object.invokeGuardedCallbackDev (/Users/pabloelisseo/repos/one-beyond/csm/react-form-builder/node_modules/react-dom/cjs/react-dom.development.js:4213:16)
          at invokeGuardedCallback (/Users/pabloelisseo/repos/one-beyond/csm/react-form-builder/node_modules/react-dom/cjs/react-dom.development.js:4277:31)
          at beginWork$1 (/Users/pabloelisseo/repos/one-beyond/csm/react-form-builder/node_modules/react-dom/cjs/react-dom.development.js:27451:7)
          at performUnitOfWork (/Users/pabloelisseo/repos/one-beyond/csm/react-form-builder/node_modules/react-dom/cjs/react-dom.development.js:26560:12) TypeError: Cannot read properties of undefined (reading 'array')
          at control (/Users/pabloelisseo/repos/one-beyond/csm/react-form-builder/node_modules/react-hook-form/src/useController.ts:63:35)
          at Object.<anonymous>.exports.Controller (/Users/pabloelisseo/repos/one-beyond/csm/react-form-builder/node_modules/react-hook-form/src/form.tsx:38:5)
          at renderWithHooks (/Users/pabloelisseo/repos/one-beyond/csm/react-form-builder/node_modules/react-dom/cjs/react-dom.development.js:16305:18)
          at mountIndeterminateComponent (/Users/pabloelisseo/repos/one-beyond/csm/react-form-builder/node_modules/react-dom/cjs/react-dom.development.js:20074:13)
          at beginWork (/Users/pabloelisseo/repos/one-beyond/csm/react-form-builder/node_modules/react-dom/cjs/react-dom.development.js:21587:16)
          at HTMLUnknownElement.callCallback (/Users/pabloelisseo/repos/one-beyond/csm/react-form-builder/node_modules/react-dom/cjs/react-dom.development.js:4164:14)
          at HTMLUnknownElement.callTheUserObjectsOperation (/Users/pabloelisseo/repos/one-beyond/csm/react-form-builder/node_modules/jsdom/lib/jsdom/living/generated/EventListener.js:26:30)
          at innerInvokeEventListeners (/Users/pabloelisseo/repos/one-beyond/csm/react-form-builder/node_modules/jsdom/lib/jsdom/living/events/EventTarget-impl.js:338:25)
          at invokeEventListeners (/Users/pabloelisseo/repos/one-beyond/csm/react-form-builder/node_modules/jsdom/lib/jsdom/living/events/EventTarget-impl.js:274:3)
          at HTMLUnknownElementImpl._dispatch (/Users/pabloelisseo/repos/one-beyond/csm/react-form-builder/node_modules/jsdom/lib/jsdom/living/events/EventTarget-impl.js:221:9)
          at HTMLUnknownElementImpl.dispatchEvent (/Users/pabloelisseo/repos/one-beyond/csm/react-form-builder/node_modules/jsdom/lib/jsdom/living/events/EventTarget-impl.js:94:17)
          at HTMLUnknownElement.dispatchEvent (/Users/pabloelisseo/repos/one-beyond/csm/react-form-builder/node_modules/jsdom/lib/jsdom/living/generated/EventTarget.js:231:34)
          at Object.invokeGuardedCallbackDev (/Users/pabloelisseo/repos/one-beyond/csm/react-form-builder/node_modules/react-dom/cjs/react-dom.development.js:4213:16)
          at invokeGuardedCallback (/Users/pabloelisseo/repos/one-beyond/csm/react-form-builder/node_modules/react-dom/cjs/react-dom.development.js:4277:31)
          at beginWork$1 (/Users/pabloelisseo/repos/one-beyond/csm/react-form-builder/node_modules/react-dom/cjs/react-dom.development.js:27451:7)
          at performUnitOfWork (/Users/pabloelisseo/repos/one-beyond/csm/react-form-builder/node_modules/react-dom/cjs/react-dom.development.js:26560:12)
          at workLoopSync (/Users/pabloelisseo/repos/one-beyond/csm/react-form-builder/node_modules/react-dom/cjs/react-dom.development.js:26466:5)
          at renderRootSync (/Users/pabloelisseo/repos/one-beyond/csm/react-form-builder/node_modules/react-dom/cjs/react-dom.development.js:26434:7)
          at recoverFromConcurrentError (/Users/pabloelisseo/repos/one-beyond/csm/react-form-builder/node_modules/react-dom/cjs/react-dom.development.js:25850:20)
          at performConcurrentWorkOnRoot (/Users/pabloelisseo/repos/one-beyond/csm/react-form-builder/node_modules/react-dom/cjs/react-dom.development.js:25750:22)
          at flushActQueue (/Users/pabloelisseo/repos/one-beyond/csm/react-form-builder/node_modules/react/cjs/react.development.js:2667:24)
          at act (/Users/pabloelisseo/repos/one-beyond/csm/react-form-builder/node_modules/react/cjs/react.development.js:2582:11)
          at /Users/pabloelisseo/repos/one-beyond/csm/react-form-builder/node_modules/@testing-library/react/dist/act-compat.js:46:25
          at renderRoot (/Users/pabloelisseo/repos/one-beyond/csm/react-form-builder/node_modules/@testing-library/react/dist/pure.js:161:26)
          at render (/Users/pabloelisseo/repos/one-beyond/csm/react-form-builder/node_modules/@testing-library/react/dist/pure.js:247:10)
          at setup (/Users/pabloelisseo/repos/one-beyond/csm/react-form-builder/src/Questions/Autocomplete/__tests__/autocomplete.test.js:59:33)
          at Object.<anonymous> (/Users/pabloelisseo/repos/one-beyond/csm/react-form-builder/src/Questions/Autocomplete/__tests__/autocomplete.test.js:76:37)
          at Promise.then.completed (/Users/pabloelisseo/repos/one-beyond/csm/react-form-builder/node_modules/jest-circus/build/utils.js:391:28)
          at new Promise (<anonymous>)
          at callAsyncCircusFn (/Users/pabloelisseo/repos/one-beyond/csm/react-form-builder/node_modules/jest-circus/build/utils.js:316:10)
          at _callCircusTest (/Users/pabloelisseo/repos/one-beyond/csm/react-form-builder/node_modules/jest-circus/build/run.js:218:40)
          at processTicksAndRejections (node:internal/process/task_queues:95:5)
          at _runTest (/Users/pabloelisseo/repos/one-beyond/csm/react-form-builder/node_modules/jest-circus/build/run.js:155:3)
          at _runTestsForDescribeBlock (/Users/pabloelisseo/repos/one-beyond/csm/react-form-builder/node_modules/jest-circus/build/run.js:66:9)
          at run (/Users/pabloelisseo/repos/one-beyond/csm/react-form-builder/node_modules/jest-circus/build/run.js:25:3)
          at runAndTransformResultsToJestFormat (/Users/pabloelisseo/repos/one-beyond/csm/react-form-builder/node_modules/jest-circus/build/legacy-code-todo-rewrite/jestAdapterInit.js:170:21)
          at jestAdapter (/Users/pabloelisseo/repos/one-beyond/csm/react-form-builder/node_modules/jest-circus/build/legacy-code-todo-rewrite/jestAdapter.js:82:19)
          at runTestInternal (/Users/pabloelisseo/repos/one-beyond/csm/react-form-builder/node_modules/jest-runner/build/runTest.js:389:16)
          at runTest (/Users/pabloelisseo/repos/one-beyond/csm/react-form-builder/node_modules/jest-runner/build/runTest.js:475:34)
          at Object.worker (/Users/pabloelisseo/repos/one-beyond/csm/react-form-builder/node_modules/jest-runner/build/testWorker.js:133:12)

      at VirtualConsole.<anonymous> (node_modules/jsdom/lib/jsdom/virtual-console.js:29:45)
      at reportException (node_modules/jsdom/lib/jsdom/living/helpers/runtime-script-errors.js:70:28)
      at innerInvokeEventListeners (node_modules/jsdom/lib/jsdom/living/events/EventTarget-impl.js:341:9)
      at invokeEventListeners (node_modules/jsdom/lib/jsdom/living/events/EventTarget-impl.js:274:3)
      at HTMLUnknownElementImpl._dispatch (node_modules/jsdom/lib/jsdom/living/events/EventTarget-impl.js:221:9)
      at HTMLUnknownElementImpl.dispatchEvent (node_modules/jsdom/lib/jsdom/living/events/EventTarget-impl.js:94:17)
      at HTMLUnknownElement.dispatchEvent (node_modules/jsdom/lib/jsdom/living/generated/EventTarget.js:231:34)

    console.error
      The above error occurred in one of your React components:
      
          at Object.<anonymous>.exports.Controller (/Users/pabloelisseo/repos/one-beyond/csm/react-form-builder/node_modules/react-hook-form/src/form.tsx:37:9)
          at Select (/Users/pabloelisseo/repos/one-beyond/csm/react-form-builder/src/Fields/AsyncReactSelect/index.js:10:3)
          at div
          at /Users/pabloelisseo/repos/one-beyond/csm/react-form-builder/node_modules/@emotion/react/dist/emotion-element-48d2c2e4.cjs.dev.js:62:23
          at QuestionAutocomplete (/Users/pabloelisseo/repos/one-beyond/csm/react-form-builder/src/Questions/Autocomplete/index.js:11:33)
      
      Consider adding an error boundary to your tree to customize error handling behavior.
      Visit https://reactjs.org/link/error-boundaries to learn more about error boundaries.

      at logCapturedError (node_modules/react-dom/cjs/react-dom.development.js:18687:23)
      at update.callback (node_modules/react-dom/cjs/react-dom.development.js:18720:5)
      at callCallback (node_modules/react-dom/cjs/react-dom.development.js:13923:12)
      at commitUpdateQueue (node_modules/react-dom/cjs/react-dom.development.js:13944:9)
      at commitLayoutEffectOnFiber (node_modules/react-dom/cjs/react-dom.development.js:23391:13)
      at commitLayoutMountEffects_complete (node_modules/react-dom/cjs/react-dom.development.js:24688:9)
      at commitLayoutEffects_begin (node_modules/react-dom/cjs/react-dom.development.js:24674:7)
      at commitLayoutEffects (node_modules/react-dom/cjs/react-dom.development.js:24612:3)

    console.error
      Error: Uncaught [TypeError: Cannot read properties of undefined (reading 'array')]
          at reportException (/Users/pabloelisseo/repos/one-beyond/csm/react-form-builder/node_modules/jsdom/lib/jsdom/living/helpers/runtime-script-errors.js:66:24)
          at innerInvokeEventListeners (/Users/pabloelisseo/repos/one-beyond/csm/react-form-builder/node_modules/jsdom/lib/jsdom/living/events/EventTarget-impl.js:341:9)
          at invokeEventListeners (/Users/pabloelisseo/repos/one-beyond/csm/react-form-builder/node_modules/jsdom/lib/jsdom/living/events/EventTarget-impl.js:274:3)
          at HTMLUnknownElementImpl._dispatch (/Users/pabloelisseo/repos/one-beyond/csm/react-form-builder/node_modules/jsdom/lib/jsdom/living/events/EventTarget-impl.js:221:9)
          at HTMLUnknownElementImpl.dispatchEvent (/Users/pabloelisseo/repos/one-beyond/csm/react-form-builder/node_modules/jsdom/lib/jsdom/living/events/EventTarget-impl.js:94:17)
          at HTMLUnknownElement.dispatchEvent (/Users/pabloelisseo/repos/one-beyond/csm/react-form-builder/node_modules/jsdom/lib/jsdom/living/generated/EventTarget.js:231:34)
          at Object.invokeGuardedCallbackDev (/Users/pabloelisseo/repos/one-beyond/csm/react-form-builder/node_modules/react-dom/cjs/react-dom.development.js:4213:16)
          at invokeGuardedCallback (/Users/pabloelisseo/repos/one-beyond/csm/react-form-builder/node_modules/react-dom/cjs/react-dom.development.js:4277:31)
          at beginWork$1 (/Users/pabloelisseo/repos/one-beyond/csm/react-form-builder/node_modules/react-dom/cjs/react-dom.development.js:27451:7)
          at performUnitOfWork (/Users/pabloelisseo/repos/one-beyond/csm/react-form-builder/node_modules/react-dom/cjs/react-dom.development.js:26560:12) TypeError: Cannot read properties of undefined (reading 'array')
          at control (/Users/pabloelisseo/repos/one-beyond/csm/react-form-builder/node_modules/react-hook-form/src/useController.ts:63:35)
          at Object.<anonymous>.exports.Controller (/Users/pabloelisseo/repos/one-beyond/csm/react-form-builder/node_modules/react-hook-form/src/form.tsx:38:5)
          at renderWithHooks (/Users/pabloelisseo/repos/one-beyond/csm/react-form-builder/node_modules/react-dom/cjs/react-dom.development.js:16305:18)
          at mountIndeterminateComponent (/Users/pabloelisseo/repos/one-beyond/csm/react-form-builder/node_modules/react-dom/cjs/react-dom.development.js:20074:13)
          at beginWork (/Users/pabloelisseo/repos/one-beyond/csm/react-form-builder/node_modules/react-dom/cjs/react-dom.development.js:21587:16)
          at HTMLUnknownElement.callCallback (/Users/pabloelisseo/repos/one-beyond/csm/react-form-builder/node_modules/react-dom/cjs/react-dom.development.js:4164:14)
          at HTMLUnknownElement.callTheUserObjectsOperation (/Users/pabloelisseo/repos/one-beyond/csm/react-form-builder/node_modules/jsdom/lib/jsdom/living/generated/EventListener.js:26:30)
          at innerInvokeEventListeners (/Users/pabloelisseo/repos/one-beyond/csm/react-form-builder/node_modules/jsdom/lib/jsdom/living/events/EventTarget-impl.js:338:25)
          at invokeEventListeners (/Users/pabloelisseo/repos/one-beyond/csm/react-form-builder/node_modules/jsdom/lib/jsdom/living/events/EventTarget-impl.js:274:3)
          at HTMLUnknownElementImpl._dispatch (/Users/pabloelisseo/repos/one-beyond/csm/react-form-builder/node_modules/jsdom/lib/jsdom/living/events/EventTarget-impl.js:221:9)
          at HTMLUnknownElementImpl.dispatchEvent (/Users/pabloelisseo/repos/one-beyond/csm/react-form-builder/node_modules/jsdom/lib/jsdom/living/events/EventTarget-impl.js:94:17)
          at HTMLUnknownElement.dispatchEvent (/Users/pabloelisseo/repos/one-beyond/csm/react-form-builder/node_modules/jsdom/lib/jsdom/living/generated/EventTarget.js:231:34)
          at Object.invokeGuardedCallbackDev (/Users/pabloelisseo/repos/one-beyond/csm/react-form-builder/node_modules/react-dom/cjs/react-dom.development.js:4213:16)
          at invokeGuardedCallback (/Users/pabloelisseo/repos/one-beyond/csm/react-form-builder/node_modules/react-dom/cjs/react-dom.development.js:4277:31)
          at beginWork$1 (/Users/pabloelisseo/repos/one-beyond/csm/react-form-builder/node_modules/react-dom/cjs/react-dom.development.js:27451:7)
          at performUnitOfWork (/Users/pabloelisseo/repos/one-beyond/csm/react-form-builder/node_modules/react-dom/cjs/react-dom.development.js:26560:12)
          at workLoopSync (/Users/pabloelisseo/repos/one-beyond/csm/react-form-builder/node_modules/react-dom/cjs/react-dom.development.js:26466:5)
          at renderRootSync (/Users/pabloelisseo/repos/one-beyond/csm/react-form-builder/node_modules/react-dom/cjs/react-dom.development.js:26434:7)
          at performConcurrentWorkOnRoot (/Users/pabloelisseo/repos/one-beyond/csm/react-form-builder/node_modules/react-dom/cjs/react-dom.development.js:25738:74)
          at flushActQueue (/Users/pabloelisseo/repos/one-beyond/csm/react-form-builder/node_modules/react/cjs/react.development.js:2667:24)
          at act (/Users/pabloelisseo/repos/one-beyond/csm/react-form-builder/node_modules/react/cjs/react.development.js:2582:11)
          at /Users/pabloelisseo/repos/one-beyond/csm/react-form-builder/node_modules/@testing-library/react/dist/act-compat.js:46:25
          at renderRoot (/Users/pabloelisseo/repos/one-beyond/csm/react-form-builder/node_modules/@testing-library/react/dist/pure.js:161:26)
          at render (/Users/pabloelisseo/repos/one-beyond/csm/react-form-builder/node_modules/@testing-library/react/dist/pure.js:247:10)
          at setup (/Users/pabloelisseo/repos/one-beyond/csm/react-form-builder/src/Questions/Autocomplete/__tests__/autocomplete.test.js:59:33)
          at Object.<anonymous> (/Users/pabloelisseo/repos/one-beyond/csm/react-form-builder/src/Questions/Autocomplete/__tests__/autocomplete.test.js:81:37)
          at Promise.then.completed (/Users/pabloelisseo/repos/one-beyond/csm/react-form-builder/node_modules/jest-circus/build/utils.js:391:28)
          at new Promise (<anonymous>)
          at callAsyncCircusFn (/Users/pabloelisseo/repos/one-beyond/csm/react-form-builder/node_modules/jest-circus/build/utils.js:316:10)
          at _callCircusTest (/Users/pabloelisseo/repos/one-beyond/csm/react-form-builder/node_modules/jest-circus/build/run.js:218:40)
          at processTicksAndRejections (node:internal/process/task_queues:95:5)
          at _runTest (/Users/pabloelisseo/repos/one-beyond/csm/react-form-builder/node_modules/jest-circus/build/run.js:155:3)
          at _runTestsForDescribeBlock (/Users/pabloelisseo/repos/one-beyond/csm/react-form-builder/node_modules/jest-circus/build/run.js:66:9)
          at run (/Users/pabloelisseo/repos/one-beyond/csm/react-form-builder/node_modules/jest-circus/build/run.js:25:3)
          at runAndTransformResultsToJestFormat (/Users/pabloelisseo/repos/one-beyond/csm/react-form-builder/node_modules/jest-circus/build/legacy-code-todo-rewrite/jestAdapterInit.js:170:21)
          at jestAdapter (/Users/pabloelisseo/repos/one-beyond/csm/react-form-builder/node_modules/jest-circus/build/legacy-code-todo-rewrite/jestAdapter.js:82:19)
          at runTestInternal (/Users/pabloelisseo/repos/one-beyond/csm/react-form-builder/node_modules/jest-runner/build/runTest.js:389:16)
          at runTest (/Users/pabloelisseo/repos/one-beyond/csm/react-form-builder/node_modules/jest-runner/build/runTest.js:475:34)
          at Object.worker (/Users/pabloelisseo/repos/one-beyond/csm/react-form-builder/node_modules/jest-runner/build/testWorker.js:133:12)

      at VirtualConsole.<anonymous> (node_modules/jsdom/lib/jsdom/virtual-console.js:29:45)
      at reportException (node_modules/jsdom/lib/jsdom/living/helpers/runtime-script-errors.js:70:28)
      at innerInvokeEventListeners (node_modules/jsdom/lib/jsdom/living/events/EventTarget-impl.js:341:9)
      at invokeEventListeners (node_modules/jsdom/lib/jsdom/living/events/EventTarget-impl.js:274:3)
      at HTMLUnknownElementImpl._dispatch (node_modules/jsdom/lib/jsdom/living/events/EventTarget-impl.js:221:9)
      at HTMLUnknownElementImpl.dispatchEvent (node_modules/jsdom/lib/jsdom/living/events/EventTarget-impl.js:94:17)
      at HTMLUnknownElement.dispatchEvent (node_modules/jsdom/lib/jsdom/living/generated/EventTarget.js:231:34)

    console.error
      Error: Uncaught [TypeError: Cannot read properties of undefined (reading 'array')]
          at reportException (/Users/pabloelisseo/repos/one-beyond/csm/react-form-builder/node_modules/jsdom/lib/jsdom/living/helpers/runtime-script-errors.js:66:24)
          at innerInvokeEventListeners (/Users/pabloelisseo/repos/one-beyond/csm/react-form-builder/node_modules/jsdom/lib/jsdom/living/events/EventTarget-impl.js:341:9)
          at invokeEventListeners (/Users/pabloelisseo/repos/one-beyond/csm/react-form-builder/node_modules/jsdom/lib/jsdom/living/events/EventTarget-impl.js:274:3)
          at HTMLUnknownElementImpl._dispatch (/Users/pabloelisseo/repos/one-beyond/csm/react-form-builder/node_modules/jsdom/lib/jsdom/living/events/EventTarget-impl.js:221:9)
          at HTMLUnknownElementImpl.dispatchEvent (/Users/pabloelisseo/repos/one-beyond/csm/react-form-builder/node_modules/jsdom/lib/jsdom/living/events/EventTarget-impl.js:94:17)
          at HTMLUnknownElement.dispatchEvent (/Users/pabloelisseo/repos/one-beyond/csm/react-form-builder/node_modules/jsdom/lib/jsdom/living/generated/EventTarget.js:231:34)
          at Object.invokeGuardedCallbackDev (/Users/pabloelisseo/repos/one-beyond/csm/react-form-builder/node_modules/react-dom/cjs/react-dom.development.js:4213:16)
          at invokeGuardedCallback (/Users/pabloelisseo/repos/one-beyond/csm/react-form-builder/node_modules/react-dom/cjs/react-dom.development.js:4277:31)
          at beginWork$1 (/Users/pabloelisseo/repos/one-beyond/csm/react-form-builder/node_modules/react-dom/cjs/react-dom.development.js:27451:7)
          at performUnitOfWork (/Users/pabloelisseo/repos/one-beyond/csm/react-form-builder/node_modules/react-dom/cjs/react-dom.development.js:26560:12) TypeError: Cannot read properties of undefined (reading 'array')
          at control (/Users/pabloelisseo/repos/one-beyond/csm/react-form-builder/node_modules/react-hook-form/src/useController.ts:63:35)
          at Object.<anonymous>.exports.Controller (/Users/pabloelisseo/repos/one-beyond/csm/react-form-builder/node_modules/react-hook-form/src/form.tsx:38:5)
          at renderWithHooks (/Users/pabloelisseo/repos/one-beyond/csm/react-form-builder/node_modules/react-dom/cjs/react-dom.development.js:16305:18)
          at mountIndeterminateComponent (/Users/pabloelisseo/repos/one-beyond/csm/react-form-builder/node_modules/react-dom/cjs/react-dom.development.js:20074:13)
          at beginWork (/Users/pabloelisseo/repos/one-beyond/csm/react-form-builder/node_modules/react-dom/cjs/react-dom.development.js:21587:16)
          at HTMLUnknownElement.callCallback (/Users/pabloelisseo/repos/one-beyond/csm/react-form-builder/node_modules/react-dom/cjs/react-dom.development.js:4164:14)
          at HTMLUnknownElement.callTheUserObjectsOperation (/Users/pabloelisseo/repos/one-beyond/csm/react-form-builder/node_modules/jsdom/lib/jsdom/living/generated/EventListener.js:26:30)
          at innerInvokeEventListeners (/Users/pabloelisseo/repos/one-beyond/csm/react-form-builder/node_modules/jsdom/lib/jsdom/living/events/EventTarget-impl.js:338:25)
          at invokeEventListeners (/Users/pabloelisseo/repos/one-beyond/csm/react-form-builder/node_modules/jsdom/lib/jsdom/living/events/EventTarget-impl.js:274:3)
          at HTMLUnknownElementImpl._dispatch (/Users/pabloelisseo/repos/one-beyond/csm/react-form-builder/node_modules/jsdom/lib/jsdom/living/events/EventTarget-impl.js:221:9)
          at HTMLUnknownElementImpl.dispatchEvent (/Users/pabloelisseo/repos/one-beyond/csm/react-form-builder/node_modules/jsdom/lib/jsdom/living/events/EventTarget-impl.js:94:17)
          at HTMLUnknownElement.dispatchEvent (/Users/pabloelisseo/repos/one-beyond/csm/react-form-builder/node_modules/jsdom/lib/jsdom/living/generated/EventTarget.js:231:34)
          at Object.invokeGuardedCallbackDev (/Users/pabloelisseo/repos/one-beyond/csm/react-form-builder/node_modules/react-dom/cjs/react-dom.development.js:4213:16)
          at invokeGuardedCallback (/Users/pabloelisseo/repos/one-beyond/csm/react-form-builder/node_modules/react-dom/cjs/react-dom.development.js:4277:31)
          at beginWork$1 (/Users/pabloelisseo/repos/one-beyond/csm/react-form-builder/node_modules/react-dom/cjs/react-dom.development.js:27451:7)
          at performUnitOfWork (/Users/pabloelisseo/repos/one-beyond/csm/react-form-builder/node_modules/react-dom/cjs/react-dom.development.js:26560:12)
          at workLoopSync (/Users/pabloelisseo/repos/one-beyond/csm/react-form-builder/node_modules/react-dom/cjs/react-dom.development.js:26466:5)
          at renderRootSync (/Users/pabloelisseo/repos/one-beyond/csm/react-form-builder/node_modules/react-dom/cjs/react-dom.development.js:26434:7)
          at recoverFromConcurrentError (/Users/pabloelisseo/repos/one-beyond/csm/react-form-builder/node_modules/react-dom/cjs/react-dom.development.js:25850:20)
          at performConcurrentWorkOnRoot (/Users/pabloelisseo/repos/one-beyond/csm/react-form-builder/node_modules/react-dom/cjs/react-dom.development.js:25750:22)
          at flushActQueue (/Users/pabloelisseo/repos/one-beyond/csm/react-form-builder/node_modules/react/cjs/react.development.js:2667:24)
          at act (/Users/pabloelisseo/repos/one-beyond/csm/react-form-builder/node_modules/react/cjs/react.development.js:2582:11)
          at /Users/pabloelisseo/repos/one-beyond/csm/react-form-builder/node_modules/@testing-library/react/dist/act-compat.js:46:25
          at renderRoot (/Users/pabloelisseo/repos/one-beyond/csm/react-form-builder/node_modules/@testing-library/react/dist/pure.js:161:26)
          at render (/Users/pabloelisseo/repos/one-beyond/csm/react-form-builder/node_modules/@testing-library/react/dist/pure.js:247:10)
          at setup (/Users/pabloelisseo/repos/one-beyond/csm/react-form-builder/src/Questions/Autocomplete/__tests__/autocomplete.test.js:59:33)
          at Object.<anonymous> (/Users/pabloelisseo/repos/one-beyond/csm/react-form-builder/src/Questions/Autocomplete/__tests__/autocomplete.test.js:81:37)
          at Promise.then.completed (/Users/pabloelisseo/repos/one-beyond/csm/react-form-builder/node_modules/jest-circus/build/utils.js:391:28)
          at new Promise (<anonymous>)
          at callAsyncCircusFn (/Users/pabloelisseo/repos/one-beyond/csm/react-form-builder/node_modules/jest-circus/build/utils.js:316:10)
          at _callCircusTest (/Users/pabloelisseo/repos/one-beyond/csm/react-form-builder/node_modules/jest-circus/build/run.js:218:40)
          at processTicksAndRejections (node:internal/process/task_queues:95:5)
          at _runTest (/Users/pabloelisseo/repos/one-beyond/csm/react-form-builder/node_modules/jest-circus/build/run.js:155:3)
          at _runTestsForDescribeBlock (/Users/pabloelisseo/repos/one-beyond/csm/react-form-builder/node_modules/jest-circus/build/run.js:66:9)
          at run (/Users/pabloelisseo/repos/one-beyond/csm/react-form-builder/node_modules/jest-circus/build/run.js:25:3)
          at runAndTransformResultsToJestFormat (/Users/pabloelisseo/repos/one-beyond/csm/react-form-builder/node_modules/jest-circus/build/legacy-code-todo-rewrite/jestAdapterInit.js:170:21)
          at jestAdapter (/Users/pabloelisseo/repos/one-beyond/csm/react-form-builder/node_modules/jest-circus/build/legacy-code-todo-rewrite/jestAdapter.js:82:19)
          at runTestInternal (/Users/pabloelisseo/repos/one-beyond/csm/react-form-builder/node_modules/jest-runner/build/runTest.js:389:16)
          at runTest (/Users/pabloelisseo/repos/one-beyond/csm/react-form-builder/node_modules/jest-runner/build/runTest.js:475:34)
          at Object.worker (/Users/pabloelisseo/repos/one-beyond/csm/react-form-builder/node_modules/jest-runner/build/testWorker.js:133:12)

      at VirtualConsole.<anonymous> (node_modules/jsdom/lib/jsdom/virtual-console.js:29:45)
      at reportException (node_modules/jsdom/lib/jsdom/living/helpers/runtime-script-errors.js:70:28)
      at innerInvokeEventListeners (node_modules/jsdom/lib/jsdom/living/events/EventTarget-impl.js:341:9)
      at invokeEventListeners (node_modules/jsdom/lib/jsdom/living/events/EventTarget-impl.js:274:3)
      at HTMLUnknownElementImpl._dispatch (node_modules/jsdom/lib/jsdom/living/events/EventTarget-impl.js:221:9)
      at HTMLUnknownElementImpl.dispatchEvent (node_modules/jsdom/lib/jsdom/living/events/EventTarget-impl.js:94:17)
      at HTMLUnknownElement.dispatchEvent (node_modules/jsdom/lib/jsdom/living/generated/EventTarget.js:231:34)

    console.error
      The above error occurred in one of your React components:
      
          at Object.<anonymous>.exports.Controller (/Users/pabloelisseo/repos/one-beyond/csm/react-form-builder/node_modules/react-hook-form/src/form.tsx:37:9)
          at Select (/Users/pabloelisseo/repos/one-beyond/csm/react-form-builder/src/Fields/AsyncReactSelect/index.js:10:3)
          at div
          at /Users/pabloelisseo/repos/one-beyond/csm/react-form-builder/node_modules/@emotion/react/dist/emotion-element-48d2c2e4.cjs.dev.js:62:23
          at QuestionAutocomplete (/Users/pabloelisseo/repos/one-beyond/csm/react-form-builder/src/Questions/Autocomplete/index.js:11:33)
      
      Consider adding an error boundary to your tree to customize error handling behavior.
      Visit https://reactjs.org/link/error-boundaries to learn more about error boundaries.

      at logCapturedError (node_modules/react-dom/cjs/react-dom.development.js:18687:23)
      at update.callback (node_modules/react-dom/cjs/react-dom.development.js:18720:5)
      at callCallback (node_modules/react-dom/cjs/react-dom.development.js:13923:12)
      at commitUpdateQueue (node_modules/react-dom/cjs/react-dom.development.js:13944:9)
      at commitLayoutEffectOnFiber (node_modules/react-dom/cjs/react-dom.development.js:23391:13)
      at commitLayoutMountEffects_complete (node_modules/react-dom/cjs/react-dom.development.js:24688:9)
      at commitLayoutEffects_begin (node_modules/react-dom/cjs/react-dom.development.js:24674:7)
      at commitLayoutEffects (node_modules/react-dom/cjs/react-dom.development.js:24612:3)

    console.error
      Error: Uncaught [TypeError: Cannot read properties of undefined (reading 'array')]
          at reportException (/Users/pabloelisseo/repos/one-beyond/csm/react-form-builder/node_modules/jsdom/lib/jsdom/living/helpers/runtime-script-errors.js:66:24)
          at innerInvokeEventListeners (/Users/pabloelisseo/repos/one-beyond/csm/react-form-builder/node_modules/jsdom/lib/jsdom/living/events/EventTarget-impl.js:341:9)
          at invokeEventListeners (/Users/pabloelisseo/repos/one-beyond/csm/react-form-builder/node_modules/jsdom/lib/jsdom/living/events/EventTarget-impl.js:274:3)
          at HTMLUnknownElementImpl._dispatch (/Users/pabloelisseo/repos/one-beyond/csm/react-form-builder/node_modules/jsdom/lib/jsdom/living/events/EventTarget-impl.js:221:9)
          at HTMLUnknownElementImpl.dispatchEvent (/Users/pabloelisseo/repos/one-beyond/csm/react-form-builder/node_modules/jsdom/lib/jsdom/living/events/EventTarget-impl.js:94:17)
          at HTMLUnknownElement.dispatchEvent (/Users/pabloelisseo/repos/one-beyond/csm/react-form-builder/node_modules/jsdom/lib/jsdom/living/generated/EventTarget.js:231:34)
          at Object.invokeGuardedCallbackDev (/Users/pabloelisseo/repos/one-beyond/csm/react-form-builder/node_modules/react-dom/cjs/react-dom.development.js:4213:16)
          at invokeGuardedCallback (/Users/pabloelisseo/repos/one-beyond/csm/react-form-builder/node_modules/react-dom/cjs/react-dom.development.js:4277:31)
          at beginWork$1 (/Users/pabloelisseo/repos/one-beyond/csm/react-form-builder/node_modules/react-dom/cjs/react-dom.development.js:27451:7)
          at performUnitOfWork (/Users/pabloelisseo/repos/one-beyond/csm/react-form-builder/node_modules/react-dom/cjs/react-dom.development.js:26560:12) TypeError: Cannot read properties of undefined (reading 'array')
          at control (/Users/pabloelisseo/repos/one-beyond/csm/react-form-builder/node_modules/react-hook-form/src/useController.ts:63:35)
          at Object.<anonymous>.exports.Controller (/Users/pabloelisseo/repos/one-beyond/csm/react-form-builder/node_modules/react-hook-form/src/form.tsx:38:5)
          at renderWithHooks (/Users/pabloelisseo/repos/one-beyond/csm/react-form-builder/node_modules/react-dom/cjs/react-dom.development.js:16305:18)
          at mountIndeterminateComponent (/Users/pabloelisseo/repos/one-beyond/csm/react-form-builder/node_modules/react-dom/cjs/react-dom.development.js:20074:13)
          at beginWork (/Users/pabloelisseo/repos/one-beyond/csm/react-form-builder/node_modules/react-dom/cjs/react-dom.development.js:21587:16)
          at HTMLUnknownElement.callCallback (/Users/pabloelisseo/repos/one-beyond/csm/react-form-builder/node_modules/react-dom/cjs/react-dom.development.js:4164:14)
          at HTMLUnknownElement.callTheUserObjectsOperation (/Users/pabloelisseo/repos/one-beyond/csm/react-form-builder/node_modules/jsdom/lib/jsdom/living/generated/EventListener.js:26:30)
          at innerInvokeEventListeners (/Users/pabloelisseo/repos/one-beyond/csm/react-form-builder/node_modules/jsdom/lib/jsdom/living/events/EventTarget-impl.js:338:25)
          at invokeEventListeners (/Users/pabloelisseo/repos/one-beyond/csm/react-form-builder/node_modules/jsdom/lib/jsdom/living/events/EventTarget-impl.js:274:3)
          at HTMLUnknownElementImpl._dispatch (/Users/pabloelisseo/repos/one-beyond/csm/react-form-builder/node_modules/jsdom/lib/jsdom/living/events/EventTarget-impl.js:221:9)
          at HTMLUnknownElementImpl.dispatchEvent (/Users/pabloelisseo/repos/one-beyond/csm/react-form-builder/node_modules/jsdom/lib/jsdom/living/events/EventTarget-impl.js:94:17)
          at HTMLUnknownElement.dispatchEvent (/Users/pabloelisseo/repos/one-beyond/csm/react-form-builder/node_modules/jsdom/lib/jsdom/living/generated/EventTarget.js:231:34)
          at Object.invokeGuardedCallbackDev (/Users/pabloelisseo/repos/one-beyond/csm/react-form-builder/node_modules/react-dom/cjs/react-dom.development.js:4213:16)
          at invokeGuardedCallback (/Users/pabloelisseo/repos/one-beyond/csm/react-form-builder/node_modules/react-dom/cjs/react-dom.development.js:4277:31)
          at beginWork$1 (/Users/pabloelisseo/repos/one-beyond/csm/react-form-builder/node_modules/react-dom/cjs/react-dom.development.js:27451:7)
          at performUnitOfWork (/Users/pabloelisseo/repos/one-beyond/csm/react-form-builder/node_modules/react-dom/cjs/react-dom.development.js:26560:12)
          at workLoopSync (/Users/pabloelisseo/repos/one-beyond/csm/react-form-builder/node_modules/react-dom/cjs/react-dom.development.js:26466:5)
          at renderRootSync (/Users/pabloelisseo/repos/one-beyond/csm/react-form-builder/node_modules/react-dom/cjs/react-dom.development.js:26434:7)
          at performConcurrentWorkOnRoot (/Users/pabloelisseo/repos/one-beyond/csm/react-form-builder/node_modules/react-dom/cjs/react-dom.development.js:25738:74)
          at flushActQueue (/Users/pabloelisseo/repos/one-beyond/csm/react-form-builder/node_modules/react/cjs/react.development.js:2667:24)
          at act (/Users/pabloelisseo/repos/one-beyond/csm/react-form-builder/node_modules/react/cjs/react.development.js:2582:11)
          at /Users/pabloelisseo/repos/one-beyond/csm/react-form-builder/node_modules/@testing-library/react/dist/act-compat.js:46:25
          at renderRoot (/Users/pabloelisseo/repos/one-beyond/csm/react-form-builder/node_modules/@testing-library/react/dist/pure.js:161:26)
          at render (/Users/pabloelisseo/repos/one-beyond/csm/react-form-builder/node_modules/@testing-library/react/dist/pure.js:247:10)
          at setup (/Users/pabloelisseo/repos/one-beyond/csm/react-form-builder/src/Questions/Autocomplete/__tests__/autocomplete.test.js:59:33)
          at Object.<anonymous> (/Users/pabloelisseo/repos/one-beyond/csm/react-form-builder/src/Questions/Autocomplete/__tests__/autocomplete.test.js:86:37)
          at Promise.then.completed (/Users/pabloelisseo/repos/one-beyond/csm/react-form-builder/node_modules/jest-circus/build/utils.js:391:28)
          at new Promise (<anonymous>)
          at callAsyncCircusFn (/Users/pabloelisseo/repos/one-beyond/csm/react-form-builder/node_modules/jest-circus/build/utils.js:316:10)
          at _callCircusTest (/Users/pabloelisseo/repos/one-beyond/csm/react-form-builder/node_modules/jest-circus/build/run.js:218:40)
          at processTicksAndRejections (node:internal/process/task_queues:95:5)
          at _runTest (/Users/pabloelisseo/repos/one-beyond/csm/react-form-builder/node_modules/jest-circus/build/run.js:155:3)
          at _runTestsForDescribeBlock (/Users/pabloelisseo/repos/one-beyond/csm/react-form-builder/node_modules/jest-circus/build/run.js:66:9)
          at run (/Users/pabloelisseo/repos/one-beyond/csm/react-form-builder/node_modules/jest-circus/build/run.js:25:3)
          at runAndTransformResultsToJestFormat (/Users/pabloelisseo/repos/one-beyond/csm/react-form-builder/node_modules/jest-circus/build/legacy-code-todo-rewrite/jestAdapterInit.js:170:21)
          at jestAdapter (/Users/pabloelisseo/repos/one-beyond/csm/react-form-builder/node_modules/jest-circus/build/legacy-code-todo-rewrite/jestAdapter.js:82:19)
          at runTestInternal (/Users/pabloelisseo/repos/one-beyond/csm/react-form-builder/node_modules/jest-runner/build/runTest.js:389:16)
          at runTest (/Users/pabloelisseo/repos/one-beyond/csm/react-form-builder/node_modules/jest-runner/build/runTest.js:475:34)
          at Object.worker (/Users/pabloelisseo/repos/one-beyond/csm/react-form-builder/node_modules/jest-runner/build/testWorker.js:133:12)

      at VirtualConsole.<anonymous> (node_modules/jsdom/lib/jsdom/virtual-console.js:29:45)
      at reportException (node_modules/jsdom/lib/jsdom/living/helpers/runtime-script-errors.js:70:28)
      at innerInvokeEventListeners (node_modules/jsdom/lib/jsdom/living/events/EventTarget-impl.js:341:9)
      at invokeEventListeners (node_modules/jsdom/lib/jsdom/living/events/EventTarget-impl.js:274:3)
      at HTMLUnknownElementImpl._dispatch (node_modules/jsdom/lib/jsdom/living/events/EventTarget-impl.js:221:9)
      at HTMLUnknownElementImpl.dispatchEvent (node_modules/jsdom/lib/jsdom/living/events/EventTarget-impl.js:94:17)
      at HTMLUnknownElement.dispatchEvent (node_modules/jsdom/lib/jsdom/living/generated/EventTarget.js:231:34)

    console.error
      Error: Uncaught [TypeError: Cannot read properties of undefined (reading 'array')]
          at reportException (/Users/pabloelisseo/repos/one-beyond/csm/react-form-builder/node_modules/jsdom/lib/jsdom/living/helpers/runtime-script-errors.js:66:24)
          at innerInvokeEventListeners (/Users/pabloelisseo/repos/one-beyond/csm/react-form-builder/node_modules/jsdom/lib/jsdom/living/events/EventTarget-impl.js:341:9)
          at invokeEventListeners (/Users/pabloelisseo/repos/one-beyond/csm/react-form-builder/node_modules/jsdom/lib/jsdom/living/events/EventTarget-impl.js:274:3)
          at HTMLUnknownElementImpl._dispatch (/Users/pabloelisseo/repos/one-beyond/csm/react-form-builder/node_modules/jsdom/lib/jsdom/living/events/EventTarget-impl.js:221:9)
          at HTMLUnknownElementImpl.dispatchEvent (/Users/pabloelisseo/repos/one-beyond/csm/react-form-builder/node_modules/jsdom/lib/jsdom/living/events/EventTarget-impl.js:94:17)
          at HTMLUnknownElement.dispatchEvent (/Users/pabloelisseo/repos/one-beyond/csm/react-form-builder/node_modules/jsdom/lib/jsdom/living/generated/EventTarget.js:231:34)
          at Object.invokeGuardedCallbackDev (/Users/pabloelisseo/repos/one-beyond/csm/react-form-builder/node_modules/react-dom/cjs/react-dom.development.js:4213:16)
          at invokeGuardedCallback (/Users/pabloelisseo/repos/one-beyond/csm/react-form-builder/node_modules/react-dom/cjs/react-dom.development.js:4277:31)
          at beginWork$1 (/Users/pabloelisseo/repos/one-beyond/csm/react-form-builder/node_modules/react-dom/cjs/react-dom.development.js:27451:7)
          at performUnitOfWork (/Users/pabloelisseo/repos/one-beyond/csm/react-form-builder/node_modules/react-dom/cjs/react-dom.development.js:26560:12) TypeError: Cannot read properties of undefined (reading 'array')
          at control (/Users/pabloelisseo/repos/one-beyond/csm/react-form-builder/node_modules/react-hook-form/src/useController.ts:63:35)
          at Object.<anonymous>.exports.Controller (/Users/pabloelisseo/repos/one-beyond/csm/react-form-builder/node_modules/react-hook-form/src/form.tsx:38:5)
          at renderWithHooks (/Users/pabloelisseo/repos/one-beyond/csm/react-form-builder/node_modules/react-dom/cjs/react-dom.development.js:16305:18)
          at mountIndeterminateComponent (/Users/pabloelisseo/repos/one-beyond/csm/react-form-builder/node_modules/react-dom/cjs/react-dom.development.js:20074:13)
          at beginWork (/Users/pabloelisseo/repos/one-beyond/csm/react-form-builder/node_modules/react-dom/cjs/react-dom.development.js:21587:16)
          at HTMLUnknownElement.callCallback (/Users/pabloelisseo/repos/one-beyond/csm/react-form-builder/node_modules/react-dom/cjs/react-dom.development.js:4164:14)
          at HTMLUnknownElement.callTheUserObjectsOperation (/Users/pabloelisseo/repos/one-beyond/csm/react-form-builder/node_modules/jsdom/lib/jsdom/living/generated/EventListener.js:26:30)
          at innerInvokeEventListeners (/Users/pabloelisseo/repos/one-beyond/csm/react-form-builder/node_modules/jsdom/lib/jsdom/living/events/EventTarget-impl.js:338:25)
          at invokeEventListeners (/Users/pabloelisseo/repos/one-beyond/csm/react-form-builder/node_modules/jsdom/lib/jsdom/living/events/EventTarget-impl.js:274:3)
          at HTMLUnknownElementImpl._dispatch (/Users/pabloelisseo/repos/one-beyond/csm/react-form-builder/node_modules/jsdom/lib/jsdom/living/events/EventTarget-impl.js:221:9)
          at HTMLUnknownElementImpl.dispatchEvent (/Users/pabloelisseo/repos/one-beyond/csm/react-form-builder/node_modules/jsdom/lib/jsdom/living/events/EventTarget-impl.js:94:17)
          at HTMLUnknownElement.dispatchEvent (/Users/pabloelisseo/repos/one-beyond/csm/react-form-builder/node_modules/jsdom/lib/jsdom/living/generated/EventTarget.js:231:34)
          at Object.invokeGuardedCallbackDev (/Users/pabloelisseo/repos/one-beyond/csm/react-form-builder/node_modules/react-dom/cjs/react-dom.development.js:4213:16)
          at invokeGuardedCallback (/Users/pabloelisseo/repos/one-beyond/csm/react-form-builder/node_modules/react-dom/cjs/react-dom.development.js:4277:31)
          at beginWork$1 (/Users/pabloelisseo/repos/one-beyond/csm/react-form-builder/node_modules/react-dom/cjs/react-dom.development.js:27451:7)
          at performUnitOfWork (/Users/pabloelisseo/repos/one-beyond/csm/react-form-builder/node_modules/react-dom/cjs/react-dom.development.js:26560:12)
          at workLoopSync (/Users/pabloelisseo/repos/one-beyond/csm/react-form-builder/node_modules/react-dom/cjs/react-dom.development.js:26466:5)
          at renderRootSync (/Users/pabloelisseo/repos/one-beyond/csm/react-form-builder/node_modules/react-dom/cjs/react-dom.development.js:26434:7)
          at recoverFromConcurrentError (/Users/pabloelisseo/repos/one-beyond/csm/react-form-builder/node_modules/react-dom/cjs/react-dom.development.js:25850:20)
          at performConcurrentWorkOnRoot (/Users/pabloelisseo/repos/one-beyond/csm/react-form-builder/node_modules/react-dom/cjs/react-dom.development.js:25750:22)
          at flushActQueue (/Users/pabloelisseo/repos/one-beyond/csm/react-form-builder/node_modules/react/cjs/react.development.js:2667:24)
          at act (/Users/pabloelisseo/repos/one-beyond/csm/react-form-builder/node_modules/react/cjs/react.development.js:2582:11)
          at /Users/pabloelisseo/repos/one-beyond/csm/react-form-builder/node_modules/@testing-library/react/dist/act-compat.js:46:25
          at renderRoot (/Users/pabloelisseo/repos/one-beyond/csm/react-form-builder/node_modules/@testing-library/react/dist/pure.js:161:26)
          at render (/Users/pabloelisseo/repos/one-beyond/csm/react-form-builder/node_modules/@testing-library/react/dist/pure.js:247:10)
          at setup (/Users/pabloelisseo/repos/one-beyond/csm/react-form-builder/src/Questions/Autocomplete/__tests__/autocomplete.test.js:59:33)
          at Object.<anonymous> (/Users/pabloelisseo/repos/one-beyond/csm/react-form-builder/src/Questions/Autocomplete/__tests__/autocomplete.test.js:86:37)
          at Promise.then.completed (/Users/pabloelisseo/repos/one-beyond/csm/react-form-builder/node_modules/jest-circus/build/utils.js:391:28)
          at new Promise (<anonymous>)
          at callAsyncCircusFn (/Users/pabloelisseo/repos/one-beyond/csm/react-form-builder/node_modules/jest-circus/build/utils.js:316:10)
          at _callCircusTest (/Users/pabloelisseo/repos/one-beyond/csm/react-form-builder/node_modules/jest-circus/build/run.js:218:40)
          at processTicksAndRejections (node:internal/process/task_queues:95:5)
          at _runTest (/Users/pabloelisseo/repos/one-beyond/csm/react-form-builder/node_modules/jest-circus/build/run.js:155:3)
          at _runTestsForDescribeBlock (/Users/pabloelisseo/repos/one-beyond/csm/react-form-builder/node_modules/jest-circus/build/run.js:66:9)
          at run (/Users/pabloelisseo/repos/one-beyond/csm/react-form-builder/node_modules/jest-circus/build/run.js:25:3)
          at runAndTransformResultsToJestFormat (/Users/pabloelisseo/repos/one-beyond/csm/react-form-builder/node_modules/jest-circus/build/legacy-code-todo-rewrite/jestAdapterInit.js:170:21)
          at jestAdapter (/Users/pabloelisseo/repos/one-beyond/csm/react-form-builder/node_modules/jest-circus/build/legacy-code-todo-rewrite/jestAdapter.js:82:19)
          at runTestInternal (/Users/pabloelisseo/repos/one-beyond/csm/react-form-builder/node_modules/jest-runner/build/runTest.js:389:16)
          at runTest (/Users/pabloelisseo/repos/one-beyond/csm/react-form-builder/node_modules/jest-runner/build/runTest.js:475:34)
          at Object.worker (/Users/pabloelisseo/repos/one-beyond/csm/react-form-builder/node_modules/jest-runner/build/testWorker.js:133:12)

      at VirtualConsole.<anonymous> (node_modules/jsdom/lib/jsdom/virtual-console.js:29:45)
      at reportException (node_modules/jsdom/lib/jsdom/living/helpers/runtime-script-errors.js:70:28)
      at innerInvokeEventListeners (node_modules/jsdom/lib/jsdom/living/events/EventTarget-impl.js:341:9)
      at invokeEventListeners (node_modules/jsdom/lib/jsdom/living/events/EventTarget-impl.js:274:3)
      at HTMLUnknownElementImpl._dispatch (node_modules/jsdom/lib/jsdom/living/events/EventTarget-impl.js:221:9)
      at HTMLUnknownElementImpl.dispatchEvent (node_modules/jsdom/lib/jsdom/living/events/EventTarget-impl.js:94:17)
      at HTMLUnknownElement.dispatchEvent (node_modules/jsdom/lib/jsdom/living/generated/EventTarget.js:231:34)

    console.error
      The above error occurred in one of your React components:
      
          at Object.<anonymous>.exports.Controller (/Users/pabloelisseo/repos/one-beyond/csm/react-form-builder/node_modules/react-hook-form/src/form.tsx:37:9)
          at Select (/Users/pabloelisseo/repos/one-beyond/csm/react-form-builder/src/Fields/AsyncReactSelect/index.js:10:3)
          at div
          at /Users/pabloelisseo/repos/one-beyond/csm/react-form-builder/node_modules/@emotion/react/dist/emotion-element-48d2c2e4.cjs.dev.js:62:23
          at QuestionAutocomplete (/Users/pabloelisseo/repos/one-beyond/csm/react-form-builder/src/Questions/Autocomplete/index.js:11:33)
      
      Consider adding an error boundary to your tree to customize error handling behavior.
      Visit https://reactjs.org/link/error-boundaries to learn more about error boundaries.

      at logCapturedError (node_modules/react-dom/cjs/react-dom.development.js:18687:23)
      at update.callback (node_modules/react-dom/cjs/react-dom.development.js:18720:5)
      at callCallback (node_modules/react-dom/cjs/react-dom.development.js:13923:12)
      at commitUpdateQueue (node_modules/react-dom/cjs/react-dom.development.js:13944:9)
      at commitLayoutEffectOnFiber (node_modules/react-dom/cjs/react-dom.development.js:23391:13)
      at commitLayoutMountEffects_complete (node_modules/react-dom/cjs/react-dom.development.js:24688:9)
      at commitLayoutEffects_begin (node_modules/react-dom/cjs/react-dom.development.js:24674:7)
      at commitLayoutEffects (node_modules/react-dom/cjs/react-dom.development.js:24612:3)

    console.error
      Error: Uncaught [TypeError: Cannot read properties of undefined (reading 'array')]
          at reportException (/Users/pabloelisseo/repos/one-beyond/csm/react-form-builder/node_modules/jsdom/lib/jsdom/living/helpers/runtime-script-errors.js:66:24)
          at innerInvokeEventListeners (/Users/pabloelisseo/repos/one-beyond/csm/react-form-builder/node_modules/jsdom/lib/jsdom/living/events/EventTarget-impl.js:341:9)
          at invokeEventListeners (/Users/pabloelisseo/repos/one-beyond/csm/react-form-builder/node_modules/jsdom/lib/jsdom/living/events/EventTarget-impl.js:274:3)
          at HTMLUnknownElementImpl._dispatch (/Users/pabloelisseo/repos/one-beyond/csm/react-form-builder/node_modules/jsdom/lib/jsdom/living/events/EventTarget-impl.js:221:9)
          at HTMLUnknownElementImpl.dispatchEvent (/Users/pabloelisseo/repos/one-beyond/csm/react-form-builder/node_modules/jsdom/lib/jsdom/living/events/EventTarget-impl.js:94:17)
          at HTMLUnknownElement.dispatchEvent (/Users/pabloelisseo/repos/one-beyond/csm/react-form-builder/node_modules/jsdom/lib/jsdom/living/generated/EventTarget.js:231:34)
          at Object.invokeGuardedCallbackDev (/Users/pabloelisseo/repos/one-beyond/csm/react-form-builder/node_modules/react-dom/cjs/react-dom.development.js:4213:16)
          at invokeGuardedCallback (/Users/pabloelisseo/repos/one-beyond/csm/react-form-builder/node_modules/react-dom/cjs/react-dom.development.js:4277:31)
          at beginWork$1 (/Users/pabloelisseo/repos/one-beyond/csm/react-form-builder/node_modules/react-dom/cjs/react-dom.development.js:27451:7)
          at performUnitOfWork (/Users/pabloelisseo/repos/one-beyond/csm/react-form-builder/node_modules/react-dom/cjs/react-dom.development.js:26560:12) TypeError: Cannot read properties of undefined (reading 'array')
          at control (/Users/pabloelisseo/repos/one-beyond/csm/react-form-builder/node_modules/react-hook-form/src/useController.ts:63:35)
          at Object.<anonymous>.exports.Controller (/Users/pabloelisseo/repos/one-beyond/csm/react-form-builder/node_modules/react-hook-form/src/form.tsx:38:5)
          at renderWithHooks (/Users/pabloelisseo/repos/one-beyond/csm/react-form-builder/node_modules/react-dom/cjs/react-dom.development.js:16305:18)
          at mountIndeterminateComponent (/Users/pabloelisseo/repos/one-beyond/csm/react-form-builder/node_modules/react-dom/cjs/react-dom.development.js:20074:13)
          at beginWork (/Users/pabloelisseo/repos/one-beyond/csm/react-form-builder/node_modules/react-dom/cjs/react-dom.development.js:21587:16)
          at HTMLUnknownElement.callCallback (/Users/pabloelisseo/repos/one-beyond/csm/react-form-builder/node_modules/react-dom/cjs/react-dom.development.js:4164:14)
          at HTMLUnknownElement.callTheUserObjectsOperation (/Users/pabloelisseo/repos/one-beyond/csm/react-form-builder/node_modules/jsdom/lib/jsdom/living/generated/EventListener.js:26:30)
          at innerInvokeEventListeners (/Users/pabloelisseo/repos/one-beyond/csm/react-form-builder/node_modules/jsdom/lib/jsdom/living/events/EventTarget-impl.js:338:25)
          at invokeEventListeners (/Users/pabloelisseo/repos/one-beyond/csm/react-form-builder/node_modules/jsdom/lib/jsdom/living/events/EventTarget-impl.js:274:3)
          at HTMLUnknownElementImpl._dispatch (/Users/pabloelisseo/repos/one-beyond/csm/react-form-builder/node_modules/jsdom/lib/jsdom/living/events/EventTarget-impl.js:221:9)
          at HTMLUnknownElementImpl.dispatchEvent (/Users/pabloelisseo/repos/one-beyond/csm/react-form-builder/node_modules/jsdom/lib/jsdom/living/events/EventTarget-impl.js:94:17)
          at HTMLUnknownElement.dispatchEvent (/Users/pabloelisseo/repos/one-beyond/csm/react-form-builder/node_modules/jsdom/lib/jsdom/living/generated/EventTarget.js:231:34)
          at Object.invokeGuardedCallbackDev (/Users/pabloelisseo/repos/one-beyond/csm/react-form-builder/node_modules/react-dom/cjs/react-dom.development.js:4213:16)
          at invokeGuardedCallback (/Users/pabloelisseo/repos/one-beyond/csm/react-form-builder/node_modules/react-dom/cjs/react-dom.development.js:4277:31)
          at beginWork$1 (/Users/pabloelisseo/repos/one-beyond/csm/react-form-builder/node_modules/react-dom/cjs/react-dom.development.js:27451:7)
          at performUnitOfWork (/Users/pabloelisseo/repos/one-beyond/csm/react-form-builder/node_modules/react-dom/cjs/react-dom.development.js:26560:12)
          at workLoopSync (/Users/pabloelisseo/repos/one-beyond/csm/react-form-builder/node_modules/react-dom/cjs/react-dom.development.js:26466:5)
          at renderRootSync (/Users/pabloelisseo/repos/one-beyond/csm/react-form-builder/node_modules/react-dom/cjs/react-dom.development.js:26434:7)
          at performConcurrentWorkOnRoot (/Users/pabloelisseo/repos/one-beyond/csm/react-form-builder/node_modules/react-dom/cjs/react-dom.development.js:25738:74)
          at flushActQueue (/Users/pabloelisseo/repos/one-beyond/csm/react-form-builder/node_modules/react/cjs/react.development.js:2667:24)
          at act (/Users/pabloelisseo/repos/one-beyond/csm/react-form-builder/node_modules/react/cjs/react.development.js:2582:11)
          at /Users/pabloelisseo/repos/one-beyond/csm/react-form-builder/node_modules/@testing-library/react/dist/act-compat.js:46:25
          at renderRoot (/Users/pabloelisseo/repos/one-beyond/csm/react-form-builder/node_modules/@testing-library/react/dist/pure.js:161:26)
          at render (/Users/pabloelisseo/repos/one-beyond/csm/react-form-builder/node_modules/@testing-library/react/dist/pure.js:247:10)
          at Object.<anonymous> (/Users/pabloelisseo/repos/one-beyond/csm/react-form-builder/src/Questions/Autocomplete/__tests__/autocomplete.test.js:93:9)
          at Promise.then.completed (/Users/pabloelisseo/repos/one-beyond/csm/react-form-builder/node_modules/jest-circus/build/utils.js:391:28)
          at new Promise (<anonymous>)
          at callAsyncCircusFn (/Users/pabloelisseo/repos/one-beyond/csm/react-form-builder/node_modules/jest-circus/build/utils.js:316:10)
          at _callCircusTest (/Users/pabloelisseo/repos/one-beyond/csm/react-form-builder/node_modules/jest-circus/build/run.js:218:40)
          at processTicksAndRejections (node:internal/process/task_queues:95:5)
          at _runTest (/Users/pabloelisseo/repos/one-beyond/csm/react-form-builder/node_modules/jest-circus/build/run.js:155:3)
          at _runTestsForDescribeBlock (/Users/pabloelisseo/repos/one-beyond/csm/react-form-builder/node_modules/jest-circus/build/run.js:66:9)
          at run (/Users/pabloelisseo/repos/one-beyond/csm/react-form-builder/node_modules/jest-circus/build/run.js:25:3)
          at runAndTransformResultsToJestFormat (/Users/pabloelisseo/repos/one-beyond/csm/react-form-builder/node_modules/jest-circus/build/legacy-code-todo-rewrite/jestAdapterInit.js:170:21)
          at jestAdapter (/Users/pabloelisseo/repos/one-beyond/csm/react-form-builder/node_modules/jest-circus/build/legacy-code-todo-rewrite/jestAdapter.js:82:19)
          at runTestInternal (/Users/pabloelisseo/repos/one-beyond/csm/react-form-builder/node_modules/jest-runner/build/runTest.js:389:16)
          at runTest (/Users/pabloelisseo/repos/one-beyond/csm/react-form-builder/node_modules/jest-runner/build/runTest.js:475:34)
          at Object.worker (/Users/pabloelisseo/repos/one-beyond/csm/react-form-builder/node_modules/jest-runner/build/testWorker.js:133:12)

      at VirtualConsole.<anonymous> (node_modules/jsdom/lib/jsdom/virtual-console.js:29:45)
      at reportException (node_modules/jsdom/lib/jsdom/living/helpers/runtime-script-errors.js:70:28)
      at innerInvokeEventListeners (node_modules/jsdom/lib/jsdom/living/events/EventTarget-impl.js:341:9)
      at invokeEventListeners (node_modules/jsdom/lib/jsdom/living/events/EventTarget-impl.js:274:3)
      at HTMLUnknownElementImpl._dispatch (node_modules/jsdom/lib/jsdom/living/events/EventTarget-impl.js:221:9)
      at HTMLUnknownElementImpl.dispatchEvent (node_modules/jsdom/lib/jsdom/living/events/EventTarget-impl.js:94:17)
      at HTMLUnknownElement.dispatchEvent (node_modules/jsdom/lib/jsdom/living/generated/EventTarget.js:231:34)

    console.error
      Error: Uncaught [TypeError: Cannot read properties of undefined (reading 'array')]
          at reportException (/Users/pabloelisseo/repos/one-beyond/csm/react-form-builder/node_modules/jsdom/lib/jsdom/living/helpers/runtime-script-errors.js:66:24)
          at innerInvokeEventListeners (/Users/pabloelisseo/repos/one-beyond/csm/react-form-builder/node_modules/jsdom/lib/jsdom/living/events/EventTarget-impl.js:341:9)
          at invokeEventListeners (/Users/pabloelisseo/repos/one-beyond/csm/react-form-builder/node_modules/jsdom/lib/jsdom/living/events/EventTarget-impl.js:274:3)
          at HTMLUnknownElementImpl._dispatch (/Users/pabloelisseo/repos/one-beyond/csm/react-form-builder/node_modules/jsdom/lib/jsdom/living/events/EventTarget-impl.js:221:9)
          at HTMLUnknownElementImpl.dispatchEvent (/Users/pabloelisseo/repos/one-beyond/csm/react-form-builder/node_modules/jsdom/lib/jsdom/living/events/EventTarget-impl.js:94:17)
          at HTMLUnknownElement.dispatchEvent (/Users/pabloelisseo/repos/one-beyond/csm/react-form-builder/node_modules/jsdom/lib/jsdom/living/generated/EventTarget.js:231:34)
          at Object.invokeGuardedCallbackDev (/Users/pabloelisseo/repos/one-beyond/csm/react-form-builder/node_modules/react-dom/cjs/react-dom.development.js:4213:16)
          at invokeGuardedCallback (/Users/pabloelisseo/repos/one-beyond/csm/react-form-builder/node_modules/react-dom/cjs/react-dom.development.js:4277:31)
          at beginWork$1 (/Users/pabloelisseo/repos/one-beyond/csm/react-form-builder/node_modules/react-dom/cjs/react-dom.development.js:27451:7)
          at performUnitOfWork (/Users/pabloelisseo/repos/one-beyond/csm/react-form-builder/node_modules/react-dom/cjs/react-dom.development.js:26560:12) TypeError: Cannot read properties of undefined (reading 'array')
          at control (/Users/pabloelisseo/repos/one-beyond/csm/react-form-builder/node_modules/react-hook-form/src/useController.ts:63:35)
          at Object.<anonymous>.exports.Controller (/Users/pabloelisseo/repos/one-beyond/csm/react-form-builder/node_modules/react-hook-form/src/form.tsx:38:5)
          at renderWithHooks (/Users/pabloelisseo/repos/one-beyond/csm/react-form-builder/node_modules/react-dom/cjs/react-dom.development.js:16305:18)
          at mountIndeterminateComponent (/Users/pabloelisseo/repos/one-beyond/csm/react-form-builder/node_modules/react-dom/cjs/react-dom.development.js:20074:13)
          at beginWork (/Users/pabloelisseo/repos/one-beyond/csm/react-form-builder/node_modules/react-dom/cjs/react-dom.development.js:21587:16)
          at HTMLUnknownElement.callCallback (/Users/pabloelisseo/repos/one-beyond/csm/react-form-builder/node_modules/react-dom/cjs/react-dom.development.js:4164:14)
          at HTMLUnknownElement.callTheUserObjectsOperation (/Users/pabloelisseo/repos/one-beyond/csm/react-form-builder/node_modules/jsdom/lib/jsdom/living/generated/EventListener.js:26:30)
          at innerInvokeEventListeners (/Users/pabloelisseo/repos/one-beyond/csm/react-form-builder/node_modules/jsdom/lib/jsdom/living/events/EventTarget-impl.js:338:25)
          at invokeEventListeners (/Users/pabloelisseo/repos/one-beyond/csm/react-form-builder/node_modules/jsdom/lib/jsdom/living/events/EventTarget-impl.js:274:3)
          at HTMLUnknownElementImpl._dispatch (/Users/pabloelisseo/repos/one-beyond/csm/react-form-builder/node_modules/jsdom/lib/jsdom/living/events/EventTarget-impl.js:221:9)
          at HTMLUnknownElementImpl.dispatchEvent (/Users/pabloelisseo/repos/one-beyond/csm/react-form-builder/node_modules/jsdom/lib/jsdom/living/events/EventTarget-impl.js:94:17)
          at HTMLUnknownElement.dispatchEvent (/Users/pabloelisseo/repos/one-beyond/csm/react-form-builder/node_modules/jsdom/lib/jsdom/living/generated/EventTarget.js:231:34)
          at Object.invokeGuardedCallbackDev (/Users/pabloelisseo/repos/one-beyond/csm/react-form-builder/node_modules/react-dom/cjs/react-dom.development.js:4213:16)
          at invokeGuardedCallback (/Users/pabloelisseo/repos/one-beyond/csm/react-form-builder/node_modules/react-dom/cjs/react-dom.development.js:4277:31)
          at beginWork$1 (/Users/pabloelisseo/repos/one-beyond/csm/react-form-builder/node_modules/react-dom/cjs/react-dom.development.js:27451:7)
          at performUnitOfWork (/Users/pabloelisseo/repos/one-beyond/csm/react-form-builder/node_modules/react-dom/cjs/react-dom.development.js:26560:12)
          at workLoopSync (/Users/pabloelisseo/repos/one-beyond/csm/react-form-builder/node_modules/react-dom/cjs/react-dom.development.js:26466:5)
          at renderRootSync (/Users/pabloelisseo/repos/one-beyond/csm/react-form-builder/node_modules/react-dom/cjs/react-dom.development.js:26434:7)
          at recoverFromConcurrentError (/Users/pabloelisseo/repos/one-beyond/csm/react-form-builder/node_modules/react-dom/cjs/react-dom.development.js:25850:20)
          at performConcurrentWorkOnRoot (/Users/pabloelisseo/repos/one-beyond/csm/react-form-builder/node_modules/react-dom/cjs/react-dom.development.js:25750:22)
          at flushActQueue (/Users/pabloelisseo/repos/one-beyond/csm/react-form-builder/node_modules/react/cjs/react.development.js:2667:24)
          at act (/Users/pabloelisseo/repos/one-beyond/csm/react-form-builder/node_modules/react/cjs/react.development.js:2582:11)
          at /Users/pabloelisseo/repos/one-beyond/csm/react-form-builder/node_modules/@testing-library/react/dist/act-compat.js:46:25
          at renderRoot (/Users/pabloelisseo/repos/one-beyond/csm/react-form-builder/node_modules/@testing-library/react/dist/pure.js:161:26)
          at render (/Users/pabloelisseo/repos/one-beyond/csm/react-form-builder/node_modules/@testing-library/react/dist/pure.js:247:10)
          at Object.<anonymous> (/Users/pabloelisseo/repos/one-beyond/csm/react-form-builder/src/Questions/Autocomplete/__tests__/autocomplete.test.js:93:9)
          at Promise.then.completed (/Users/pabloelisseo/repos/one-beyond/csm/react-form-builder/node_modules/jest-circus/build/utils.js:391:28)
          at new Promise (<anonymous>)
          at callAsyncCircusFn (/Users/pabloelisseo/repos/one-beyond/csm/react-form-builder/node_modules/jest-circus/build/utils.js:316:10)
          at _callCircusTest (/Users/pabloelisseo/repos/one-beyond/csm/react-form-builder/node_modules/jest-circus/build/run.js:218:40)
          at processTicksAndRejections (node:internal/process/task_queues:95:5)
          at _runTest (/Users/pabloelisseo/repos/one-beyond/csm/react-form-builder/node_modules/jest-circus/build/run.js:155:3)
          at _runTestsForDescribeBlock (/Users/pabloelisseo/repos/one-beyond/csm/react-form-builder/node_modules/jest-circus/build/run.js:66:9)
          at run (/Users/pabloelisseo/repos/one-beyond/csm/react-form-builder/node_modules/jest-circus/build/run.js:25:3)
          at runAndTransformResultsToJestFormat (/Users/pabloelisseo/repos/one-beyond/csm/react-form-builder/node_modules/jest-circus/build/legacy-code-todo-rewrite/jestAdapterInit.js:170:21)
          at jestAdapter (/Users/pabloelisseo/repos/one-beyond/csm/react-form-builder/node_modules/jest-circus/build/legacy-code-todo-rewrite/jestAdapter.js:82:19)
          at runTestInternal (/Users/pabloelisseo/repos/one-beyond/csm/react-form-builder/node_modules/jest-runner/build/runTest.js:389:16)
          at runTest (/Users/pabloelisseo/repos/one-beyond/csm/react-form-builder/node_modules/jest-runner/build/runTest.js:475:34)
          at Object.worker (/Users/pabloelisseo/repos/one-beyond/csm/react-form-builder/node_modules/jest-runner/build/testWorker.js:133:12)

      at VirtualConsole.<anonymous> (node_modules/jsdom/lib/jsdom/virtual-console.js:29:45)
      at reportException (node_modules/jsdom/lib/jsdom/living/helpers/runtime-script-errors.js:70:28)
      at innerInvokeEventListeners (node_modules/jsdom/lib/jsdom/living/events/EventTarget-impl.js:341:9)
      at invokeEventListeners (node_modules/jsdom/lib/jsdom/living/events/EventTarget-impl.js:274:3)
      at HTMLUnknownElementImpl._dispatch (node_modules/jsdom/lib/jsdom/living/events/EventTarget-impl.js:221:9)
      at HTMLUnknownElementImpl.dispatchEvent (node_modules/jsdom/lib/jsdom/living/events/EventTarget-impl.js:94:17)
      at HTMLUnknownElement.dispatchEvent (node_modules/jsdom/lib/jsdom/living/generated/EventTarget.js:231:34)

    console.error
      The above error occurred in one of your React components:
      
          at Object.<anonymous>.exports.Controller (/Users/pabloelisseo/repos/one-beyond/csm/react-form-builder/node_modules/react-hook-form/src/form.tsx:37:9)
          at Select (/Users/pabloelisseo/repos/one-beyond/csm/react-form-builder/src/Fields/AsyncReactSelect/index.js:10:3)
          at div
          at /Users/pabloelisseo/repos/one-beyond/csm/react-form-builder/node_modules/@emotion/react/dist/emotion-element-48d2c2e4.cjs.dev.js:62:23
          at QuestionAutocomplete (/Users/pabloelisseo/repos/one-beyond/csm/react-form-builder/src/Questions/Autocomplete/index.js:11:33)
      
      Consider adding an error boundary to your tree to customize error handling behavior.
      Visit https://reactjs.org/link/error-boundaries to learn more about error boundaries.

      at logCapturedError (node_modules/react-dom/cjs/react-dom.development.js:18687:23)
      at update.callback (node_modules/react-dom/cjs/react-dom.development.js:18720:5)
      at callCallback (node_modules/react-dom/cjs/react-dom.development.js:13923:12)
      at commitUpdateQueue (node_modules/react-dom/cjs/react-dom.development.js:13944:9)
      at commitLayoutEffectOnFiber (node_modules/react-dom/cjs/react-dom.development.js:23391:13)
      at commitLayoutMountEffects_complete (node_modules/react-dom/cjs/react-dom.development.js:24688:9)
      at commitLayoutEffects_begin (node_modules/react-dom/cjs/react-dom.development.js:24674:7)
      at commitLayoutEffects (node_modules/react-dom/cjs/react-dom.development.js:24612:3)

    console.error
      Error: Uncaught [TypeError: Cannot read properties of undefined (reading 'array')]
          at reportException (/Users/pabloelisseo/repos/one-beyond/csm/react-form-builder/node_modules/jsdom/lib/jsdom/living/helpers/runtime-script-errors.js:66:24)
          at innerInvokeEventListeners (/Users/pabloelisseo/repos/one-beyond/csm/react-form-builder/node_modules/jsdom/lib/jsdom/living/events/EventTarget-impl.js:341:9)
          at invokeEventListeners (/Users/pabloelisseo/repos/one-beyond/csm/react-form-builder/node_modules/jsdom/lib/jsdom/living/events/EventTarget-impl.js:274:3)
          at HTMLUnknownElementImpl._dispatch (/Users/pabloelisseo/repos/one-beyond/csm/react-form-builder/node_modules/jsdom/lib/jsdom/living/events/EventTarget-impl.js:221:9)
          at HTMLUnknownElementImpl.dispatchEvent (/Users/pabloelisseo/repos/one-beyond/csm/react-form-builder/node_modules/jsdom/lib/jsdom/living/events/EventTarget-impl.js:94:17)
          at HTMLUnknownElement.dispatchEvent (/Users/pabloelisseo/repos/one-beyond/csm/react-form-builder/node_modules/jsdom/lib/jsdom/living/generated/EventTarget.js:231:34)
          at Object.invokeGuardedCallbackDev (/Users/pabloelisseo/repos/one-beyond/csm/react-form-builder/node_modules/react-dom/cjs/react-dom.development.js:4213:16)
          at invokeGuardedCallback (/Users/pabloelisseo/repos/one-beyond/csm/react-form-builder/node_modules/react-dom/cjs/react-dom.development.js:4277:31)
          at beginWork$1 (/Users/pabloelisseo/repos/one-beyond/csm/react-form-builder/node_modules/react-dom/cjs/react-dom.development.js:27451:7)
          at performUnitOfWork (/Users/pabloelisseo/repos/one-beyond/csm/react-form-builder/node_modules/react-dom/cjs/react-dom.development.js:26560:12) TypeError: Cannot read properties of undefined (reading 'array')
          at control (/Users/pabloelisseo/repos/one-beyond/csm/react-form-builder/node_modules/react-hook-form/src/useController.ts:63:35)
          at Object.<anonymous>.exports.Controller (/Users/pabloelisseo/repos/one-beyond/csm/react-form-builder/node_modules/react-hook-form/src/form.tsx:38:5)
          at renderWithHooks (/Users/pabloelisseo/repos/one-beyond/csm/react-form-builder/node_modules/react-dom/cjs/react-dom.development.js:16305:18)
          at mountIndeterminateComponent (/Users/pabloelisseo/repos/one-beyond/csm/react-form-builder/node_modules/react-dom/cjs/react-dom.development.js:20074:13)
          at beginWork (/Users/pabloelisseo/repos/one-beyond/csm/react-form-builder/node_modules/react-dom/cjs/react-dom.development.js:21587:16)
          at HTMLUnknownElement.callCallback (/Users/pabloelisseo/repos/one-beyond/csm/react-form-builder/node_modules/react-dom/cjs/react-dom.development.js:4164:14)
          at HTMLUnknownElement.callTheUserObjectsOperation (/Users/pabloelisseo/repos/one-beyond/csm/react-form-builder/node_modules/jsdom/lib/jsdom/living/generated/EventListener.js:26:30)
          at innerInvokeEventListeners (/Users/pabloelisseo/repos/one-beyond/csm/react-form-builder/node_modules/jsdom/lib/jsdom/living/events/EventTarget-impl.js:338:25)
          at invokeEventListeners (/Users/pabloelisseo/repos/one-beyond/csm/react-form-builder/node_modules/jsdom/lib/jsdom/living/events/EventTarget-impl.js:274:3)
          at HTMLUnknownElementImpl._dispatch (/Users/pabloelisseo/repos/one-beyond/csm/react-form-builder/node_modules/jsdom/lib/jsdom/living/events/EventTarget-impl.js:221:9)
          at HTMLUnknownElementImpl.dispatchEvent (/Users/pabloelisseo/repos/one-beyond/csm/react-form-builder/node_modules/jsdom/lib/jsdom/living/events/EventTarget-impl.js:94:17)
          at HTMLUnknownElement.dispatchEvent (/Users/pabloelisseo/repos/one-beyond/csm/react-form-builder/node_modules/jsdom/lib/jsdom/living/generated/EventTarget.js:231:34)
          at Object.invokeGuardedCallbackDev (/Users/pabloelisseo/repos/one-beyond/csm/react-form-builder/node_modules/react-dom/cjs/react-dom.development.js:4213:16)
          at invokeGuardedCallback (/Users/pabloelisseo/repos/one-beyond/csm/react-form-builder/node_modules/react-dom/cjs/react-dom.development.js:4277:31)
          at beginWork$1 (/Users/pabloelisseo/repos/one-beyond/csm/react-form-builder/node_modules/react-dom/cjs/react-dom.development.js:27451:7)
          at performUnitOfWork (/Users/pabloelisseo/repos/one-beyond/csm/react-form-builder/node_modules/react-dom/cjs/react-dom.development.js:26560:12)
          at workLoopSync (/Users/pabloelisseo/repos/one-beyond/csm/react-form-builder/node_modules/react-dom/cjs/react-dom.development.js:26466:5)
          at renderRootSync (/Users/pabloelisseo/repos/one-beyond/csm/react-form-builder/node_modules/react-dom/cjs/react-dom.development.js:26434:7)
          at performConcurrentWorkOnRoot (/Users/pabloelisseo/repos/one-beyond/csm/react-form-builder/node_modules/react-dom/cjs/react-dom.development.js:25738:74)
          at flushActQueue (/Users/pabloelisseo/repos/one-beyond/csm/react-form-builder/node_modules/react/cjs/react.development.js:2667:24)
          at act (/Users/pabloelisseo/repos/one-beyond/csm/react-form-builder/node_modules/react/cjs/react.development.js:2582:11)
          at /Users/pabloelisseo/repos/one-beyond/csm/react-form-builder/node_modules/@testing-library/react/dist/act-compat.js:46:25
          at renderRoot (/Users/pabloelisseo/repos/one-beyond/csm/react-form-builder/node_modules/@testing-library/react/dist/pure.js:161:26)
          at render (/Users/pabloelisseo/repos/one-beyond/csm/react-form-builder/node_modules/@testing-library/react/dist/pure.js:247:10)
          at setup (/Users/pabloelisseo/repos/one-beyond/csm/react-form-builder/src/Questions/Autocomplete/__tests__/autocomplete.test.js:59:33)
          at Object.<anonymous> (/Users/pabloelisseo/repos/one-beyond/csm/react-form-builder/src/Questions/Autocomplete/__tests__/autocomplete.test.js:99:46)
          at Promise.then.completed (/Users/pabloelisseo/repos/one-beyond/csm/react-form-builder/node_modules/jest-circus/build/utils.js:391:28)
          at new Promise (<anonymous>)
          at callAsyncCircusFn (/Users/pabloelisseo/repos/one-beyond/csm/react-form-builder/node_modules/jest-circus/build/utils.js:316:10)
          at _callCircusTest (/Users/pabloelisseo/repos/one-beyond/csm/react-form-builder/node_modules/jest-circus/build/run.js:218:40)
          at processTicksAndRejections (node:internal/process/task_queues:95:5)
          at _runTest (/Users/pabloelisseo/repos/one-beyond/csm/react-form-builder/node_modules/jest-circus/build/run.js:155:3)
          at _runTestsForDescribeBlock (/Users/pabloelisseo/repos/one-beyond/csm/react-form-builder/node_modules/jest-circus/build/run.js:66:9)
          at run (/Users/pabloelisseo/repos/one-beyond/csm/react-form-builder/node_modules/jest-circus/build/run.js:25:3)
          at runAndTransformResultsToJestFormat (/Users/pabloelisseo/repos/one-beyond/csm/react-form-builder/node_modules/jest-circus/build/legacy-code-todo-rewrite/jestAdapterInit.js:170:21)
          at jestAdapter (/Users/pabloelisseo/repos/one-beyond/csm/react-form-builder/node_modules/jest-circus/build/legacy-code-todo-rewrite/jestAdapter.js:82:19)
          at runTestInternal (/Users/pabloelisseo/repos/one-beyond/csm/react-form-builder/node_modules/jest-runner/build/runTest.js:389:16)
          at runTest (/Users/pabloelisseo/repos/one-beyond/csm/react-form-builder/node_modules/jest-runner/build/runTest.js:475:34)
          at Object.worker (/Users/pabloelisseo/repos/one-beyond/csm/react-form-builder/node_modules/jest-runner/build/testWorker.js:133:12)

      at VirtualConsole.<anonymous> (node_modules/jsdom/lib/jsdom/virtual-console.js:29:45)
      at reportException (node_modules/jsdom/lib/jsdom/living/helpers/runtime-script-errors.js:70:28)
      at innerInvokeEventListeners (node_modules/jsdom/lib/jsdom/living/events/EventTarget-impl.js:341:9)
      at invokeEventListeners (node_modules/jsdom/lib/jsdom/living/events/EventTarget-impl.js:274:3)
      at HTMLUnknownElementImpl._dispatch (node_modules/jsdom/lib/jsdom/living/events/EventTarget-impl.js:221:9)
      at HTMLUnknownElementImpl.dispatchEvent (node_modules/jsdom/lib/jsdom/living/events/EventTarget-impl.js:94:17)
      at HTMLUnknownElement.dispatchEvent (node_modules/jsdom/lib/jsdom/living/generated/EventTarget.js:231:34)

    console.error
      Error: Uncaught [TypeError: Cannot read properties of undefined (reading 'array')]
          at reportException (/Users/pabloelisseo/repos/one-beyond/csm/react-form-builder/node_modules/jsdom/lib/jsdom/living/helpers/runtime-script-errors.js:66:24)
          at innerInvokeEventListeners (/Users/pabloelisseo/repos/one-beyond/csm/react-form-builder/node_modules/jsdom/lib/jsdom/living/events/EventTarget-impl.js:341:9)
          at invokeEventListeners (/Users/pabloelisseo/repos/one-beyond/csm/react-form-builder/node_modules/jsdom/lib/jsdom/living/events/EventTarget-impl.js:274:3)
          at HTMLUnknownElementImpl._dispatch (/Users/pabloelisseo/repos/one-beyond/csm/react-form-builder/node_modules/jsdom/lib/jsdom/living/events/EventTarget-impl.js:221:9)
          at HTMLUnknownElementImpl.dispatchEvent (/Users/pabloelisseo/repos/one-beyond/csm/react-form-builder/node_modules/jsdom/lib/jsdom/living/events/EventTarget-impl.js:94:17)
          at HTMLUnknownElement.dispatchEvent (/Users/pabloelisseo/repos/one-beyond/csm/react-form-builder/node_modules/jsdom/lib/jsdom/living/generated/EventTarget.js:231:34)
          at Object.invokeGuardedCallbackDev (/Users/pabloelisseo/repos/one-beyond/csm/react-form-builder/node_modules/react-dom/cjs/react-dom.development.js:4213:16)
          at invokeGuardedCallback (/Users/pabloelisseo/repos/one-beyond/csm/react-form-builder/node_modules/react-dom/cjs/react-dom.development.js:4277:31)
          at beginWork$1 (/Users/pabloelisseo/repos/one-beyond/csm/react-form-builder/node_modules/react-dom/cjs/react-dom.development.js:27451:7)
          at performUnitOfWork (/Users/pabloelisseo/repos/one-beyond/csm/react-form-builder/node_modules/react-dom/cjs/react-dom.development.js:26560:12) TypeError: Cannot read properties of undefined (reading 'array')
          at control (/Users/pabloelisseo/repos/one-beyond/csm/react-form-builder/node_modules/react-hook-form/src/useController.ts:63:35)
          at Object.<anonymous>.exports.Controller (/Users/pabloelisseo/repos/one-beyond/csm/react-form-builder/node_modules/react-hook-form/src/form.tsx:38:5)
          at renderWithHooks (/Users/pabloelisseo/repos/one-beyond/csm/react-form-builder/node_modules/react-dom/cjs/react-dom.development.js:16305:18)
          at mountIndeterminateComponent (/Users/pabloelisseo/repos/one-beyond/csm/react-form-builder/node_modules/react-dom/cjs/react-dom.development.js:20074:13)
          at beginWork (/Users/pabloelisseo/repos/one-beyond/csm/react-form-builder/node_modules/react-dom/cjs/react-dom.development.js:21587:16)
          at HTMLUnknownElement.callCallback (/Users/pabloelisseo/repos/one-beyond/csm/react-form-builder/node_modules/react-dom/cjs/react-dom.development.js:4164:14)
          at HTMLUnknownElement.callTheUserObjectsOperation (/Users/pabloelisseo/repos/one-beyond/csm/react-form-builder/node_modules/jsdom/lib/jsdom/living/generated/EventListener.js:26:30)
          at innerInvokeEventListeners (/Users/pabloelisseo/repos/one-beyond/csm/react-form-builder/node_modules/jsdom/lib/jsdom/living/events/EventTarget-impl.js:338:25)
          at invokeEventListeners (/Users/pabloelisseo/repos/one-beyond/csm/react-form-builder/node_modules/jsdom/lib/jsdom/living/events/EventTarget-impl.js:274:3)
          at HTMLUnknownElementImpl._dispatch (/Users/pabloelisseo/repos/one-beyond/csm/react-form-builder/node_modules/jsdom/lib/jsdom/living/events/EventTarget-impl.js:221:9)
          at HTMLUnknownElementImpl.dispatchEvent (/Users/pabloelisseo/repos/one-beyond/csm/react-form-builder/node_modules/jsdom/lib/jsdom/living/events/EventTarget-impl.js:94:17)
          at HTMLUnknownElement.dispatchEvent (/Users/pabloelisseo/repos/one-beyond/csm/react-form-builder/node_modules/jsdom/lib/jsdom/living/generated/EventTarget.js:231:34)
          at Object.invokeGuardedCallbackDev (/Users/pabloelisseo/repos/one-beyond/csm/react-form-builder/node_modules/react-dom/cjs/react-dom.development.js:4213:16)
          at invokeGuardedCallback (/Users/pabloelisseo/repos/one-beyond/csm/react-form-builder/node_modules/react-dom/cjs/react-dom.development.js:4277:31)
          at beginWork$1 (/Users/pabloelisseo/repos/one-beyond/csm/react-form-builder/node_modules/react-dom/cjs/react-dom.development.js:27451:7)
          at performUnitOfWork (/Users/pabloelisseo/repos/one-beyond/csm/react-form-builder/node_modules/react-dom/cjs/react-dom.development.js:26560:12)
          at workLoopSync (/Users/pabloelisseo/repos/one-beyond/csm/react-form-builder/node_modules/react-dom/cjs/react-dom.development.js:26466:5)
          at renderRootSync (/Users/pabloelisseo/repos/one-beyond/csm/react-form-builder/node_modules/react-dom/cjs/react-dom.development.js:26434:7)
          at recoverFromConcurrentError (/Users/pabloelisseo/repos/one-beyond/csm/react-form-builder/node_modules/react-dom/cjs/react-dom.development.js:25850:20)
          at performConcurrentWorkOnRoot (/Users/pabloelisseo/repos/one-beyond/csm/react-form-builder/node_modules/react-dom/cjs/react-dom.development.js:25750:22)
          at flushActQueue (/Users/pabloelisseo/repos/one-beyond/csm/react-form-builder/node_modules/react/cjs/react.development.js:2667:24)
          at act (/Users/pabloelisseo/repos/one-beyond/csm/react-form-builder/node_modules/react/cjs/react.development.js:2582:11)
          at /Users/pabloelisseo/repos/one-beyond/csm/react-form-builder/node_modules/@testing-library/react/dist/act-compat.js:46:25
          at renderRoot (/Users/pabloelisseo/repos/one-beyond/csm/react-form-builder/node_modules/@testing-library/react/dist/pure.js:161:26)
          at render (/Users/pabloelisseo/repos/one-beyond/csm/react-form-builder/node_modules/@testing-library/react/dist/pure.js:247:10)
          at setup (/Users/pabloelisseo/repos/one-beyond/csm/react-form-builder/src/Questions/Autocomplete/__tests__/autocomplete.test.js:59:33)
          at Object.<anonymous> (/Users/pabloelisseo/repos/one-beyond/csm/react-form-builder/src/Questions/Autocomplete/__tests__/autocomplete.test.js:99:46)
          at Promise.then.completed (/Users/pabloelisseo/repos/one-beyond/csm/react-form-builder/node_modules/jest-circus/build/utils.js:391:28)
          at new Promise (<anonymous>)
          at callAsyncCircusFn (/Users/pabloelisseo/repos/one-beyond/csm/react-form-builder/node_modules/jest-circus/build/utils.js:316:10)
          at _callCircusTest (/Users/pabloelisseo/repos/one-beyond/csm/react-form-builder/node_modules/jest-circus/build/run.js:218:40)
          at processTicksAndRejections (node:internal/process/task_queues:95:5)
          at _runTest (/Users/pabloelisseo/repos/one-beyond/csm/react-form-builder/node_modules/jest-circus/build/run.js:155:3)
          at _runTestsForDescribeBlock (/Users/pabloelisseo/repos/one-beyond/csm/react-form-builder/node_modules/jest-circus/build/run.js:66:9)
          at run (/Users/pabloelisseo/repos/one-beyond/csm/react-form-builder/node_modules/jest-circus/build/run.js:25:3)
          at runAndTransformResultsToJestFormat (/Users/pabloelisseo/repos/one-beyond/csm/react-form-builder/node_modules/jest-circus/build/legacy-code-todo-rewrite/jestAdapterInit.js:170:21)
          at jestAdapter (/Users/pabloelisseo/repos/one-beyond/csm/react-form-builder/node_modules/jest-circus/build/legacy-code-todo-rewrite/jestAdapter.js:82:19)
          at runTestInternal (/Users/pabloelisseo/repos/one-beyond/csm/react-form-builder/node_modules/jest-runner/build/runTest.js:389:16)
          at runTest (/Users/pabloelisseo/repos/one-beyond/csm/react-form-builder/node_modules/jest-runner/build/runTest.js:475:34)
          at Object.worker (/Users/pabloelisseo/repos/one-beyond/csm/react-form-builder/node_modules/jest-runner/build/testWorker.js:133:12)

      at VirtualConsole.<anonymous> (node_modules/jsdom/lib/jsdom/virtual-console.js:29:45)
      at reportException (node_modules/jsdom/lib/jsdom/living/helpers/runtime-script-errors.js:70:28)
      at innerInvokeEventListeners (node_modules/jsdom/lib/jsdom/living/events/EventTarget-impl.js:341:9)
      at invokeEventListeners (node_modules/jsdom/lib/jsdom/living/events/EventTarget-impl.js:274:3)
      at HTMLUnknownElementImpl._dispatch (node_modules/jsdom/lib/jsdom/living/events/EventTarget-impl.js:221:9)
      at HTMLUnknownElementImpl.dispatchEvent (node_modules/jsdom/lib/jsdom/living/events/EventTarget-impl.js:94:17)
      at HTMLUnknownElement.dispatchEvent (node_modules/jsdom/lib/jsdom/living/generated/EventTarget.js:231:34)

    console.error
      The above error occurred in one of your React components:
      
          at Object.<anonymous>.exports.Controller (/Users/pabloelisseo/repos/one-beyond/csm/react-form-builder/node_modules/react-hook-form/src/form.tsx:37:9)
          at Select (/Users/pabloelisseo/repos/one-beyond/csm/react-form-builder/src/Fields/AsyncReactSelect/index.js:10:3)
          at div
          at /Users/pabloelisseo/repos/one-beyond/csm/react-form-builder/node_modules/@emotion/react/dist/emotion-element-48d2c2e4.cjs.dev.js:62:23
          at QuestionAutocomplete (/Users/pabloelisseo/repos/one-beyond/csm/react-form-builder/src/Questions/Autocomplete/index.js:11:33)
      
      Consider adding an error boundary to your tree to customize error handling behavior.
      Visit https://reactjs.org/link/error-boundaries to learn more about error boundaries.

      at logCapturedError (node_modules/react-dom/cjs/react-dom.development.js:18687:23)
      at update.callback (node_modules/react-dom/cjs/react-dom.development.js:18720:5)
      at callCallback (node_modules/react-dom/cjs/react-dom.development.js:13923:12)
      at commitUpdateQueue (node_modules/react-dom/cjs/react-dom.development.js:13944:9)
      at commitLayoutEffectOnFiber (node_modules/react-dom/cjs/react-dom.development.js:23391:13)
      at commitLayoutMountEffects_complete (node_modules/react-dom/cjs/react-dom.development.js:24688:9)
      at commitLayoutEffects_begin (node_modules/react-dom/cjs/react-dom.development.js:24674:7)
      at commitLayoutEffects (node_modules/react-dom/cjs/react-dom.development.js:24612:3)

    console.error
      Error: Uncaught [TypeError: Cannot read properties of undefined (reading 'array')]
          at reportException (/Users/pabloelisseo/repos/one-beyond/csm/react-form-builder/node_modules/jsdom/lib/jsdom/living/helpers/runtime-script-errors.js:66:24)
          at innerInvokeEventListeners (/Users/pabloelisseo/repos/one-beyond/csm/react-form-builder/node_modules/jsdom/lib/jsdom/living/events/EventTarget-impl.js:341:9)
          at invokeEventListeners (/Users/pabloelisseo/repos/one-beyond/csm/react-form-builder/node_modules/jsdom/lib/jsdom/living/events/EventTarget-impl.js:274:3)
          at HTMLUnknownElementImpl._dispatch (/Users/pabloelisseo/repos/one-beyond/csm/react-form-builder/node_modules/jsdom/lib/jsdom/living/events/EventTarget-impl.js:221:9)
          at HTMLUnknownElementImpl.dispatchEvent (/Users/pabloelisseo/repos/one-beyond/csm/react-form-builder/node_modules/jsdom/lib/jsdom/living/events/EventTarget-impl.js:94:17)
          at HTMLUnknownElement.dispatchEvent (/Users/pabloelisseo/repos/one-beyond/csm/react-form-builder/node_modules/jsdom/lib/jsdom/living/generated/EventTarget.js:231:34)
          at Object.invokeGuardedCallbackDev (/Users/pabloelisseo/repos/one-beyond/csm/react-form-builder/node_modules/react-dom/cjs/react-dom.development.js:4213:16)
          at invokeGuardedCallback (/Users/pabloelisseo/repos/one-beyond/csm/react-form-builder/node_modules/react-dom/cjs/react-dom.development.js:4277:31)
          at beginWork$1 (/Users/pabloelisseo/repos/one-beyond/csm/react-form-builder/node_modules/react-dom/cjs/react-dom.development.js:27451:7)
          at performUnitOfWork (/Users/pabloelisseo/repos/one-beyond/csm/react-form-builder/node_modules/react-dom/cjs/react-dom.development.js:26560:12) TypeError: Cannot read properties of undefined (reading 'array')
          at control (/Users/pabloelisseo/repos/one-beyond/csm/react-form-builder/node_modules/react-hook-form/src/useController.ts:63:35)
          at Object.<anonymous>.exports.Controller (/Users/pabloelisseo/repos/one-beyond/csm/react-form-builder/node_modules/react-hook-form/src/form.tsx:38:5)
          at renderWithHooks (/Users/pabloelisseo/repos/one-beyond/csm/react-form-builder/node_modules/react-dom/cjs/react-dom.development.js:16305:18)
          at mountIndeterminateComponent (/Users/pabloelisseo/repos/one-beyond/csm/react-form-builder/node_modules/react-dom/cjs/react-dom.development.js:20074:13)
          at beginWork (/Users/pabloelisseo/repos/one-beyond/csm/react-form-builder/node_modules/react-dom/cjs/react-dom.development.js:21587:16)
          at HTMLUnknownElement.callCallback (/Users/pabloelisseo/repos/one-beyond/csm/react-form-builder/node_modules/react-dom/cjs/react-dom.development.js:4164:14)
          at HTMLUnknownElement.callTheUserObjectsOperation (/Users/pabloelisseo/repos/one-beyond/csm/react-form-builder/node_modules/jsdom/lib/jsdom/living/generated/EventListener.js:26:30)
          at innerInvokeEventListeners (/Users/pabloelisseo/repos/one-beyond/csm/react-form-builder/node_modules/jsdom/lib/jsdom/living/events/EventTarget-impl.js:338:25)
          at invokeEventListeners (/Users/pabloelisseo/repos/one-beyond/csm/react-form-builder/node_modules/jsdom/lib/jsdom/living/events/EventTarget-impl.js:274:3)
          at HTMLUnknownElementImpl._dispatch (/Users/pabloelisseo/repos/one-beyond/csm/react-form-builder/node_modules/jsdom/lib/jsdom/living/events/EventTarget-impl.js:221:9)
          at HTMLUnknownElementImpl.dispatchEvent (/Users/pabloelisseo/repos/one-beyond/csm/react-form-builder/node_modules/jsdom/lib/jsdom/living/events/EventTarget-impl.js:94:17)
          at HTMLUnknownElement.dispatchEvent (/Users/pabloelisseo/repos/one-beyond/csm/react-form-builder/node_modules/jsdom/lib/jsdom/living/generated/EventTarget.js:231:34)
          at Object.invokeGuardedCallbackDev (/Users/pabloelisseo/repos/one-beyond/csm/react-form-builder/node_modules/react-dom/cjs/react-dom.development.js:4213:16)
          at invokeGuardedCallback (/Users/pabloelisseo/repos/one-beyond/csm/react-form-builder/node_modules/react-dom/cjs/react-dom.development.js:4277:31)
          at beginWork$1 (/Users/pabloelisseo/repos/one-beyond/csm/react-form-builder/node_modules/react-dom/cjs/react-dom.development.js:27451:7)
          at performUnitOfWork (/Users/pabloelisseo/repos/one-beyond/csm/react-form-builder/node_modules/react-dom/cjs/react-dom.development.js:26560:12)
          at workLoopSync (/Users/pabloelisseo/repos/one-beyond/csm/react-form-builder/node_modules/react-dom/cjs/react-dom.development.js:26466:5)
          at renderRootSync (/Users/pabloelisseo/repos/one-beyond/csm/react-form-builder/node_modules/react-dom/cjs/react-dom.development.js:26434:7)
          at performConcurrentWorkOnRoot (/Users/pabloelisseo/repos/one-beyond/csm/react-form-builder/node_modules/react-dom/cjs/react-dom.development.js:25738:74)
          at flushActQueue (/Users/pabloelisseo/repos/one-beyond/csm/react-form-builder/node_modules/react/cjs/react.development.js:2667:24)
          at act (/Users/pabloelisseo/repos/one-beyond/csm/react-form-builder/node_modules/react/cjs/react.development.js:2582:11)
          at /Users/pabloelisseo/repos/one-beyond/csm/react-form-builder/node_modules/@testing-library/react/dist/act-compat.js:46:25
          at renderRoot (/Users/pabloelisseo/repos/one-beyond/csm/react-form-builder/node_modules/@testing-library/react/dist/pure.js:161:26)
          at render (/Users/pabloelisseo/repos/one-beyond/csm/react-form-builder/node_modules/@testing-library/react/dist/pure.js:247:10)
          at Object.<anonymous> (/Users/pabloelisseo/repos/one-beyond/csm/react-form-builder/src/Questions/Autocomplete/__tests__/autocomplete.test.js:114:31)
          at Promise.then.completed (/Users/pabloelisseo/repos/one-beyond/csm/react-form-builder/node_modules/jest-circus/build/utils.js:391:28)
          at new Promise (<anonymous>)
          at callAsyncCircusFn (/Users/pabloelisseo/repos/one-beyond/csm/react-form-builder/node_modules/jest-circus/build/utils.js:316:10)
          at _callCircusTest (/Users/pabloelisseo/repos/one-beyond/csm/react-form-builder/node_modules/jest-circus/build/run.js:218:40)
          at processTicksAndRejections (node:internal/process/task_queues:95:5)
          at _runTest (/Users/pabloelisseo/repos/one-beyond/csm/react-form-builder/node_modules/jest-circus/build/run.js:155:3)
          at _runTestsForDescribeBlock (/Users/pabloelisseo/repos/one-beyond/csm/react-form-builder/node_modules/jest-circus/build/run.js:66:9)
          at run (/Users/pabloelisseo/repos/one-beyond/csm/react-form-builder/node_modules/jest-circus/build/run.js:25:3)
          at runAndTransformResultsToJestFormat (/Users/pabloelisseo/repos/one-beyond/csm/react-form-builder/node_modules/jest-circus/build/legacy-code-todo-rewrite/jestAdapterInit.js:170:21)
          at jestAdapter (/Users/pabloelisseo/repos/one-beyond/csm/react-form-builder/node_modules/jest-circus/build/legacy-code-todo-rewrite/jestAdapter.js:82:19)
          at runTestInternal (/Users/pabloelisseo/repos/one-beyond/csm/react-form-builder/node_modules/jest-runner/build/runTest.js:389:16)
          at runTest (/Users/pabloelisseo/repos/one-beyond/csm/react-form-builder/node_modules/jest-runner/build/runTest.js:475:34)
          at Object.worker (/Users/pabloelisseo/repos/one-beyond/csm/react-form-builder/node_modules/jest-runner/build/testWorker.js:133:12)

      at VirtualConsole.<anonymous> (node_modules/jsdom/lib/jsdom/virtual-console.js:29:45)
      at reportException (node_modules/jsdom/lib/jsdom/living/helpers/runtime-script-errors.js:70:28)
      at innerInvokeEventListeners (node_modules/jsdom/lib/jsdom/living/events/EventTarget-impl.js:341:9)
      at invokeEventListeners (node_modules/jsdom/lib/jsdom/living/events/EventTarget-impl.js:274:3)
      at HTMLUnknownElementImpl._dispatch (node_modules/jsdom/lib/jsdom/living/events/EventTarget-impl.js:221:9)
      at HTMLUnknownElementImpl.dispatchEvent (node_modules/jsdom/lib/jsdom/living/events/EventTarget-impl.js:94:17)
      at HTMLUnknownElement.dispatchEvent (node_modules/jsdom/lib/jsdom/living/generated/EventTarget.js:231:34)

    console.error
      Error: Uncaught [TypeError: Cannot read properties of undefined (reading 'array')]
          at reportException (/Users/pabloelisseo/repos/one-beyond/csm/react-form-builder/node_modules/jsdom/lib/jsdom/living/helpers/runtime-script-errors.js:66:24)
          at innerInvokeEventListeners (/Users/pabloelisseo/repos/one-beyond/csm/react-form-builder/node_modules/jsdom/lib/jsdom/living/events/EventTarget-impl.js:341:9)
          at invokeEventListeners (/Users/pabloelisseo/repos/one-beyond/csm/react-form-builder/node_modules/jsdom/lib/jsdom/living/events/EventTarget-impl.js:274:3)
          at HTMLUnknownElementImpl._dispatch (/Users/pabloelisseo/repos/one-beyond/csm/react-form-builder/node_modules/jsdom/lib/jsdom/living/events/EventTarget-impl.js:221:9)
          at HTMLUnknownElementImpl.dispatchEvent (/Users/pabloelisseo/repos/one-beyond/csm/react-form-builder/node_modules/jsdom/lib/jsdom/living/events/EventTarget-impl.js:94:17)
          at HTMLUnknownElement.dispatchEvent (/Users/pabloelisseo/repos/one-beyond/csm/react-form-builder/node_modules/jsdom/lib/jsdom/living/generated/EventTarget.js:231:34)
          at Object.invokeGuardedCallbackDev (/Users/pabloelisseo/repos/one-beyond/csm/react-form-builder/node_modules/react-dom/cjs/react-dom.development.js:4213:16)
          at invokeGuardedCallback (/Users/pabloelisseo/repos/one-beyond/csm/react-form-builder/node_modules/react-dom/cjs/react-dom.development.js:4277:31)
          at beginWork$1 (/Users/pabloelisseo/repos/one-beyond/csm/react-form-builder/node_modules/react-dom/cjs/react-dom.development.js:27451:7)
          at performUnitOfWork (/Users/pabloelisseo/repos/one-beyond/csm/react-form-builder/node_modules/react-dom/cjs/react-dom.development.js:26560:12) TypeError: Cannot read properties of undefined (reading 'array')
          at control (/Users/pabloelisseo/repos/one-beyond/csm/react-form-builder/node_modules/react-hook-form/src/useController.ts:63:35)
          at Object.<anonymous>.exports.Controller (/Users/pabloelisseo/repos/one-beyond/csm/react-form-builder/node_modules/react-hook-form/src/form.tsx:38:5)
          at renderWithHooks (/Users/pabloelisseo/repos/one-beyond/csm/react-form-builder/node_modules/react-dom/cjs/react-dom.development.js:16305:18)
          at mountIndeterminateComponent (/Users/pabloelisseo/repos/one-beyond/csm/react-form-builder/node_modules/react-dom/cjs/react-dom.development.js:20074:13)
          at beginWork (/Users/pabloelisseo/repos/one-beyond/csm/react-form-builder/node_modules/react-dom/cjs/react-dom.development.js:21587:16)
          at HTMLUnknownElement.callCallback (/Users/pabloelisseo/repos/one-beyond/csm/react-form-builder/node_modules/react-dom/cjs/react-dom.development.js:4164:14)
          at HTMLUnknownElement.callTheUserObjectsOperation (/Users/pabloelisseo/repos/one-beyond/csm/react-form-builder/node_modules/jsdom/lib/jsdom/living/generated/EventListener.js:26:30)
          at innerInvokeEventListeners (/Users/pabloelisseo/repos/one-beyond/csm/react-form-builder/node_modules/jsdom/lib/jsdom/living/events/EventTarget-impl.js:338:25)
          at invokeEventListeners (/Users/pabloelisseo/repos/one-beyond/csm/react-form-builder/node_modules/jsdom/lib/jsdom/living/events/EventTarget-impl.js:274:3)
          at HTMLUnknownElementImpl._dispatch (/Users/pabloelisseo/repos/one-beyond/csm/react-form-builder/node_modules/jsdom/lib/jsdom/living/events/EventTarget-impl.js:221:9)
          at HTMLUnknownElementImpl.dispatchEvent (/Users/pabloelisseo/repos/one-beyond/csm/react-form-builder/node_modules/jsdom/lib/jsdom/living/events/EventTarget-impl.js:94:17)
          at HTMLUnknownElement.dispatchEvent (/Users/pabloelisseo/repos/one-beyond/csm/react-form-builder/node_modules/jsdom/lib/jsdom/living/generated/EventTarget.js:231:34)
          at Object.invokeGuardedCallbackDev (/Users/pabloelisseo/repos/one-beyond/csm/react-form-builder/node_modules/react-dom/cjs/react-dom.development.js:4213:16)
          at invokeGuardedCallback (/Users/pabloelisseo/repos/one-beyond/csm/react-form-builder/node_modules/react-dom/cjs/react-dom.development.js:4277:31)
          at beginWork$1 (/Users/pabloelisseo/repos/one-beyond/csm/react-form-builder/node_modules/react-dom/cjs/react-dom.development.js:27451:7)
          at performUnitOfWork (/Users/pabloelisseo/repos/one-beyond/csm/react-form-builder/node_modules/react-dom/cjs/react-dom.development.js:26560:12)
          at workLoopSync (/Users/pabloelisseo/repos/one-beyond/csm/react-form-builder/node_modules/react-dom/cjs/react-dom.development.js:26466:5)
          at renderRootSync (/Users/pabloelisseo/repos/one-beyond/csm/react-form-builder/node_modules/react-dom/cjs/react-dom.development.js:26434:7)
          at recoverFromConcurrentError (/Users/pabloelisseo/repos/one-beyond/csm/react-form-builder/node_modules/react-dom/cjs/react-dom.development.js:25850:20)
          at performConcurrentWorkOnRoot (/Users/pabloelisseo/repos/one-beyond/csm/react-form-builder/node_modules/react-dom/cjs/react-dom.development.js:25750:22)
          at flushActQueue (/Users/pabloelisseo/repos/one-beyond/csm/react-form-builder/node_modules/react/cjs/react.development.js:2667:24)
          at act (/Users/pabloelisseo/repos/one-beyond/csm/react-form-builder/node_modules/react/cjs/react.development.js:2582:11)
          at /Users/pabloelisseo/repos/one-beyond/csm/react-form-builder/node_modules/@testing-library/react/dist/act-compat.js:46:25
          at renderRoot (/Users/pabloelisseo/repos/one-beyond/csm/react-form-builder/node_modules/@testing-library/react/dist/pure.js:161:26)
          at render (/Users/pabloelisseo/repos/one-beyond/csm/react-form-builder/node_modules/@testing-library/react/dist/pure.js:247:10)
          at Object.<anonymous> (/Users/pabloelisseo/repos/one-beyond/csm/react-form-builder/src/Questions/Autocomplete/__tests__/autocomplete.test.js:114:31)
          at Promise.then.completed (/Users/pabloelisseo/repos/one-beyond/csm/react-form-builder/node_modules/jest-circus/build/utils.js:391:28)
          at new Promise (<anonymous>)
          at callAsyncCircusFn (/Users/pabloelisseo/repos/one-beyond/csm/react-form-builder/node_modules/jest-circus/build/utils.js:316:10)
          at _callCircusTest (/Users/pabloelisseo/repos/one-beyond/csm/react-form-builder/node_modules/jest-circus/build/run.js:218:40)
          at processTicksAndRejections (node:internal/process/task_queues:95:5)
          at _runTest (/Users/pabloelisseo/repos/one-beyond/csm/react-form-builder/node_modules/jest-circus/build/run.js:155:3)
          at _runTestsForDescribeBlock (/Users/pabloelisseo/repos/one-beyond/csm/react-form-builder/node_modules/jest-circus/build/run.js:66:9)
          at run (/Users/pabloelisseo/repos/one-beyond/csm/react-form-builder/node_modules/jest-circus/build/run.js:25:3)
          at runAndTransformResultsToJestFormat (/Users/pabloelisseo/repos/one-beyond/csm/react-form-builder/node_modules/jest-circus/build/legacy-code-todo-rewrite/jestAdapterInit.js:170:21)
          at jestAdapter (/Users/pabloelisseo/repos/one-beyond/csm/react-form-builder/node_modules/jest-circus/build/legacy-code-todo-rewrite/jestAdapter.js:82:19)
          at runTestInternal (/Users/pabloelisseo/repos/one-beyond/csm/react-form-builder/node_modules/jest-runner/build/runTest.js:389:16)
          at runTest (/Users/pabloelisseo/repos/one-beyond/csm/react-form-builder/node_modules/jest-runner/build/runTest.js:475:34)
          at Object.worker (/Users/pabloelisseo/repos/one-beyond/csm/react-form-builder/node_modules/jest-runner/build/testWorker.js:133:12)

      at VirtualConsole.<anonymous> (node_modules/jsdom/lib/jsdom/virtual-console.js:29:45)
      at reportException (node_modules/jsdom/lib/jsdom/living/helpers/runtime-script-errors.js:70:28)
      at innerInvokeEventListeners (node_modules/jsdom/lib/jsdom/living/events/EventTarget-impl.js:341:9)
      at invokeEventListeners (node_modules/jsdom/lib/jsdom/living/events/EventTarget-impl.js:274:3)
      at HTMLUnknownElementImpl._dispatch (node_modules/jsdom/lib/jsdom/living/events/EventTarget-impl.js:221:9)
      at HTMLUnknownElementImpl.dispatchEvent (node_modules/jsdom/lib/jsdom/living/events/EventTarget-impl.js:94:17)
      at HTMLUnknownElement.dispatchEvent (node_modules/jsdom/lib/jsdom/living/generated/EventTarget.js:231:34)

    console.error
      The above error occurred in one of your React components:
      
          at Object.<anonymous>.exports.Controller (/Users/pabloelisseo/repos/one-beyond/csm/react-form-builder/node_modules/react-hook-form/src/form.tsx:37:9)
          at Select (/Users/pabloelisseo/repos/one-beyond/csm/react-form-builder/src/Fields/AsyncReactSelect/index.js:10:3)
          at div
          at /Users/pabloelisseo/repos/one-beyond/csm/react-form-builder/node_modules/@emotion/react/dist/emotion-element-48d2c2e4.cjs.dev.js:62:23
          at QuestionAutocomplete (/Users/pabloelisseo/repos/one-beyond/csm/react-form-builder/src/Questions/Autocomplete/index.js:11:33)
      
      Consider adding an error boundary to your tree to customize error handling behavior.
      Visit https://reactjs.org/link/error-boundaries to learn more about error boundaries.

      at logCapturedError (node_modules/react-dom/cjs/react-dom.development.js:18687:23)
      at update.callback (node_modules/react-dom/cjs/react-dom.development.js:18720:5)
      at callCallback (node_modules/react-dom/cjs/react-dom.development.js:13923:12)
      at commitUpdateQueue (node_modules/react-dom/cjs/react-dom.development.js:13944:9)
      at commitLayoutEffectOnFiber (node_modules/react-dom/cjs/react-dom.development.js:23391:13)
      at commitLayoutMountEffects_complete (node_modules/react-dom/cjs/react-dom.development.js:24688:9)
      at commitLayoutEffects_begin (node_modules/react-dom/cjs/react-dom.development.js:24674:7)
      at commitLayoutEffects (node_modules/react-dom/cjs/react-dom.development.js:24612:3)

  ● check if component is rendered

    TypeError: Cannot read properties of undefined (reading 'array')

      57 |
      58 | const setup = () => {
    > 59 |   const renderComponent = render(
         |                                 ^
      60 |     <QuestionAutocomplete question={question} useForm={useForm} />
      61 |   )
      62 |   const autocompleteComponent = renderComponent.getByTestId(

      at control (node_modules/react-hook-form/src/useController.ts:63:35)
      at Object.<anonymous>.exports.Controller (node_modules/react-hook-form/src/form.tsx:38:5)
      at renderWithHooks (node_modules/react-dom/cjs/react-dom.development.js:16305:18)
      at mountIndeterminateComponent (node_modules/react-dom/cjs/react-dom.development.js:20074:13)
      at beginWork (node_modules/react-dom/cjs/react-dom.development.js:21587:16)
      at beginWork$1 (node_modules/react-dom/cjs/react-dom.development.js:27426:14)
      at performUnitOfWork (node_modules/react-dom/cjs/react-dom.development.js:26560:12)
      at workLoopSync (node_modules/react-dom/cjs/react-dom.development.js:26466:5)
      at renderRootSync (node_modules/react-dom/cjs/react-dom.development.js:26434:7)
      at recoverFromConcurrentError (node_modules/react-dom/cjs/react-dom.development.js:25850:20)
      at performConcurrentWorkOnRoot (node_modules/react-dom/cjs/react-dom.development.js:25750:22)
      at flushActQueue (node_modules/react/cjs/react.development.js:2667:24)
      at act (node_modules/react/cjs/react.development.js:2582:11)
      at node_modules/@testing-library/react/dist/act-compat.js:46:25
      at renderRoot (node_modules/@testing-library/react/dist/pure.js:161:26)
      at render (node_modules/@testing-library/react/dist/pure.js:247:10)
      at setup (src/Questions/Autocomplete/__tests__/autocomplete.test.js:59:33)
      at Object.<anonymous> (src/Questions/Autocomplete/__tests__/autocomplete.test.js:76:37)

  ● check if placeholder exists

    TypeError: Cannot read properties of undefined (reading 'array')

      57 |
      58 | const setup = () => {
    > 59 |   const renderComponent = render(
         |                                 ^
      60 |     <QuestionAutocomplete question={question} useForm={useForm} />
      61 |   )
      62 |   const autocompleteComponent = renderComponent.getByTestId(

      at control (node_modules/react-hook-form/src/useController.ts:63:35)
      at Object.<anonymous>.exports.Controller (node_modules/react-hook-form/src/form.tsx:38:5)
      at renderWithHooks (node_modules/react-dom/cjs/react-dom.development.js:16305:18)
      at mountIndeterminateComponent (node_modules/react-dom/cjs/react-dom.development.js:20074:13)
      at beginWork (node_modules/react-dom/cjs/react-dom.development.js:21587:16)
      at beginWork$1 (node_modules/react-dom/cjs/react-dom.development.js:27426:14)
      at performUnitOfWork (node_modules/react-dom/cjs/react-dom.development.js:26560:12)
      at workLoopSync (node_modules/react-dom/cjs/react-dom.development.js:26466:5)
      at renderRootSync (node_modules/react-dom/cjs/react-dom.development.js:26434:7)
      at recoverFromConcurrentError (node_modules/react-dom/cjs/react-dom.development.js:25850:20)
      at performConcurrentWorkOnRoot (node_modules/react-dom/cjs/react-dom.development.js:25750:22)
      at flushActQueue (node_modules/react/cjs/react.development.js:2667:24)
      at act (node_modules/react/cjs/react.development.js:2582:11)
      at node_modules/@testing-library/react/dist/act-compat.js:46:25
      at renderRoot (node_modules/@testing-library/react/dist/pure.js:161:26)
      at render (node_modules/@testing-library/react/dist/pure.js:247:10)
      at setup (src/Questions/Autocomplete/__tests__/autocomplete.test.js:59:33)
      at Object.<anonymous> (src/Questions/Autocomplete/__tests__/autocomplete.test.js:81:37)

  ● check if label exists

    TypeError: Cannot read properties of undefined (reading 'array')

      57 |
      58 | const setup = () => {
    > 59 |   const renderComponent = render(
         |                                 ^
      60 |     <QuestionAutocomplete question={question} useForm={useForm} />
      61 |   )
      62 |   const autocompleteComponent = renderComponent.getByTestId(

      at control (node_modules/react-hook-form/src/useController.ts:63:35)
      at Object.<anonymous>.exports.Controller (node_modules/react-hook-form/src/form.tsx:38:5)
      at renderWithHooks (node_modules/react-dom/cjs/react-dom.development.js:16305:18)
      at mountIndeterminateComponent (node_modules/react-dom/cjs/react-dom.development.js:20074:13)
      at beginWork (node_modules/react-dom/cjs/react-dom.development.js:21587:16)
      at beginWork$1 (node_modules/react-dom/cjs/react-dom.development.js:27426:14)
      at performUnitOfWork (node_modules/react-dom/cjs/react-dom.development.js:26560:12)
      at workLoopSync (node_modules/react-dom/cjs/react-dom.development.js:26466:5)
      at renderRootSync (node_modules/react-dom/cjs/react-dom.development.js:26434:7)
      at recoverFromConcurrentError (node_modules/react-dom/cjs/react-dom.development.js:25850:20)
      at performConcurrentWorkOnRoot (node_modules/react-dom/cjs/react-dom.development.js:25750:22)
      at flushActQueue (node_modules/react/cjs/react.development.js:2667:24)
      at act (node_modules/react/cjs/react.development.js:2582:11)
      at node_modules/@testing-library/react/dist/act-compat.js:46:25
      at renderRoot (node_modules/@testing-library/react/dist/pure.js:161:26)
      at render (node_modules/@testing-library/react/dist/pure.js:247:10)
      at setup (src/Questions/Autocomplete/__tests__/autocomplete.test.js:59:33)
      at Object.<anonymous> (src/Questions/Autocomplete/__tests__/autocomplete.test.js:86:37)

  ● label tag is not displayed when label value is null

    TypeError: Cannot read properties of undefined (reading 'array')

      91 |   const questionNoLabel = { ...question }
      92 |   delete questionNoLabel.label
    > 93 |   render(<QuestionAutocomplete question={questionNoLabel} useForm={useForm} />)
         |         ^
      94 |
      95 |   expect(!screen.queryByTestId('autocomplete-label'))
      96 | })

      at control (node_modules/react-hook-form/src/useController.ts:63:35)
      at Object.<anonymous>.exports.Controller (node_modules/react-hook-form/src/form.tsx:38:5)
      at renderWithHooks (node_modules/react-dom/cjs/react-dom.development.js:16305:18)
      at mountIndeterminateComponent (node_modules/react-dom/cjs/react-dom.development.js:20074:13)
      at beginWork (node_modules/react-dom/cjs/react-dom.development.js:21587:16)
      at beginWork$1 (node_modules/react-dom/cjs/react-dom.development.js:27426:14)
      at performUnitOfWork (node_modules/react-dom/cjs/react-dom.development.js:26560:12)
      at workLoopSync (node_modules/react-dom/cjs/react-dom.development.js:26466:5)
      at renderRootSync (node_modules/react-dom/cjs/react-dom.development.js:26434:7)
      at recoverFromConcurrentError (node_modules/react-dom/cjs/react-dom.development.js:25850:20)
      at performConcurrentWorkOnRoot (node_modules/react-dom/cjs/react-dom.development.js:25750:22)
      at flushActQueue (node_modules/react/cjs/react.development.js:2667:24)
      at act (node_modules/react/cjs/react.development.js:2582:11)
      at node_modules/@testing-library/react/dist/act-compat.js:46:25
      at renderRoot (node_modules/@testing-library/react/dist/pure.js:161:26)
      at render (node_modules/@testing-library/react/dist/pure.js:247:10)
      at Object.<anonymous> (src/Questions/Autocomplete/__tests__/autocomplete.test.js:93:9)

  ● Change value of autocomplete select

    TypeError: Cannot read properties of undefined (reading 'array')

      57 |
      58 | const setup = () => {
    > 59 |   const renderComponent = render(
         |                                 ^
      60 |     <QuestionAutocomplete question={question} useForm={useForm} />
      61 |   )
      62 |   const autocompleteComponent = renderComponent.getByTestId(

      at control (node_modules/react-hook-form/src/useController.ts:63:35)
      at Object.<anonymous>.exports.Controller (node_modules/react-hook-form/src/form.tsx:38:5)
      at renderWithHooks (node_modules/react-dom/cjs/react-dom.development.js:16305:18)
      at mountIndeterminateComponent (node_modules/react-dom/cjs/react-dom.development.js:20074:13)
      at beginWork (node_modules/react-dom/cjs/react-dom.development.js:21587:16)
      at beginWork$1 (node_modules/react-dom/cjs/react-dom.development.js:27426:14)
      at performUnitOfWork (node_modules/react-dom/cjs/react-dom.development.js:26560:12)
      at workLoopSync (node_modules/react-dom/cjs/react-dom.development.js:26466:5)
      at renderRootSync (node_modules/react-dom/cjs/react-dom.development.js:26434:7)
      at recoverFromConcurrentError (node_modules/react-dom/cjs/react-dom.development.js:25850:20)
      at performConcurrentWorkOnRoot (node_modules/react-dom/cjs/react-dom.development.js:25750:22)
      at flushActQueue (node_modules/react/cjs/react.development.js:2667:24)
      at act (node_modules/react/cjs/react.development.js:2582:11)
      at node_modules/@testing-library/react/dist/act-compat.js:46:25
      at renderRoot (node_modules/@testing-library/react/dist/pure.js:161:26)
      at render (node_modules/@testing-library/react/dist/pure.js:247:10)
      at setup (src/Questions/Autocomplete/__tests__/autocomplete.test.js:59:33)
      at Object.<anonymous> (src/Questions/Autocomplete/__tests__/autocomplete.test.js:99:46)

  ● check if error exists

    TypeError: Cannot read properties of undefined (reading 'array')

      112 |
      113 | test('check if error exists', () => {
    > 114 |   const { getByText } = render(
          |                               ^
      115 |     <QuestionAutocomplete
      116 |       question={question}
      117 |       useForm={{

      at control (node_modules/react-hook-form/src/useController.ts:63:35)
      at Object.<anonymous>.exports.Controller (node_modules/react-hook-form/src/form.tsx:38:5)
      at renderWithHooks (node_modules/react-dom/cjs/react-dom.development.js:16305:18)
      at mountIndeterminateComponent (node_modules/react-dom/cjs/react-dom.development.js:20074:13)
      at beginWork (node_modules/react-dom/cjs/react-dom.development.js:21587:16)
      at beginWork$1 (node_modules/react-dom/cjs/react-dom.development.js:27426:14)
      at performUnitOfWork (node_modules/react-dom/cjs/react-dom.development.js:26560:12)
      at workLoopSync (node_modules/react-dom/cjs/react-dom.development.js:26466:5)
      at renderRootSync (node_modules/react-dom/cjs/react-dom.development.js:26434:7)
      at recoverFromConcurrentError (node_modules/react-dom/cjs/react-dom.development.js:25850:20)
      at performConcurrentWorkOnRoot (node_modules/react-dom/cjs/react-dom.development.js:25750:22)
      at flushActQueue (node_modules/react/cjs/react.development.js:2667:24)
      at act (node_modules/react/cjs/react.development.js:2582:11)
      at node_modules/@testing-library/react/dist/act-compat.js:46:25
      at renderRoot (node_modules/@testing-library/react/dist/pure.js:161:26)
      at render (node_modules/@testing-library/react/dist/pure.js:247:10)
      at Object.<anonymous> (src/Questions/Autocomplete/__tests__/autocomplete.test.js:114:31)

PASS src/Questions/Radio/__tests__/radio.test.js
PASS src/Questions/Input/__tests__/input.test.js
PASS src/Questions/MultipleCheckboxes/__tests__/multipleCheckboxes.test.js
PASS src/Questions/SelectImage/_tests_/selectImages.test.js
  ● Console

    console.error
      Warning: Each child in a list should have a unique "key" prop.
      
      Check the render method of `QuestionSelectImage`. See https://reactjs.org/link/warning-keys for more information.
          at /Users/pabloelisseo/repos/one-beyond/csm/react-form-builder/node_modules/@emotion/react/dist/emotion-element-48d2c2e4.cjs.dev.js:62:23
          at QuestionSelectImage (/Users/pabloelisseo/repos/one-beyond/csm/react-form-builder/src/Questions/SelectImage/index.js:44:32)

      85 |     >
      86 |       {question.label && <Label>{question.label}</Label>}
    > 87 |       <div
         |       ^
      88 |         key={question.checkboxId}
      89 |         sx={{
      90 |           variant: question.checkboxId

      at printWarning (node_modules/react/cjs/react.development.js:209:30)
      at error (node_modules/react/cjs/react.development.js:183:7)
      at validateExplicitKey (node_modules/react/cjs/react.development.js:2191:5)
      at validateChildKeys (node_modules/react/cjs/react.development.js:2217:9)
      at createElementWithValidation (node_modules/react/cjs/react.development.js:2372:7)
      at jsx (node_modules/@emotion/react/dist/emotion-react.cjs.dev.js:186:41)
      at jsx (node_modules/@theme-ui/core/dist/theme-ui-core.cjs.dev.js:59:20)
      at QuestionSelectImage (src/Questions/SelectImage/index.js:87:7)
      at renderWithHooks (node_modules/react-dom/cjs/react-dom.development.js:16305:18)
      at mountIndeterminateComponent (node_modules/react-dom/cjs/react-dom.development.js:20074:13)
      at beginWork (node_modules/react-dom/cjs/react-dom.development.js:21587:16)
      at beginWork$1 (node_modules/react-dom/cjs/react-dom.development.js:27426:14)
      at performUnitOfWork (node_modules/react-dom/cjs/react-dom.development.js:26560:12)
      at workLoopSync (node_modules/react-dom/cjs/react-dom.development.js:26466:5)
      at renderRootSync (node_modules/react-dom/cjs/react-dom.development.js:26434:7)
      at performConcurrentWorkOnRoot (node_modules/react-dom/cjs/react-dom.development.js:25738:74)
      at flushActQueue (node_modules/react/cjs/react.development.js:2667:24)
      at act (node_modules/react/cjs/react.development.js:2582:11)
      at node_modules/@testing-library/react/dist/act-compat.js:46:25
      at renderRoot (node_modules/@testing-library/react/dist/pure.js:161:26)
      at render (node_modules/@testing-library/react/dist/pure.js:247:10)
      at customRender (src/Questions/SelectImage/_tests_/selectImages.test.js:51:9)
      at Object.<anonymous> (src/Questions/SelectImage/_tests_/selectImages.test.js:68:10)

PASS src/Questions/Markdown/__tests__/markdown.test.js
PASS src/Questions/Checkbox/__tests__/checkbox.test.js
FAIL src/__tests__/builder.test.js
  ● Console

    console.error
      Warning: EmotionCssPropInternal contains an input of type tel with both value and defaultValue props. Input elements must be either controlled or uncontrolled (specify either the value prop, or the defaultValue prop, but not both). Decide between using a controlled or uncontrolled input element and remove one of these props. More info: https://reactjs.org/link/controlled-components
          at input
          at /Users/pabloelisseo/repos/one-beyond/csm/react-form-builder/node_modules/@emotion/react/dist/emotion-element-48d2c2e4.cjs.dev.js:62:23
          at Box (/Users/pabloelisseo/repos/one-beyond/csm/react-form-builder/node_modules/@theme-ui/components/dist/theme-ui-components.cjs.dev.js:112:21)
          at Input (/Users/pabloelisseo/repos/one-beyond/csm/react-form-builder/node_modules/@theme-ui/components/dist/theme-ui-components.cjs.dev.js:424:17)
          at /Users/pabloelisseo/repos/one-beyond/csm/react-form-builder/src/Fields/Input/index.js:7:38
          at Input (/Users/pabloelisseo/repos/one-beyond/csm/react-form-builder/node_modules/input-format/source/react/Input.js:20:2)
          at InputSmart (/Users/pabloelisseo/repos/one-beyond/csm/react-form-builder/node_modules/react-phone-number-input/source/InputSmart.js:18:3)
          at div
          at PhoneNumberInput_ (/Users/pabloelisseo/repos/one-beyond/csm/react-form-builder/node_modules/react-phone-number-input/source/PhoneInputWithCountry.js:42:21)
          at Object.<anonymous>.exports.Controller (/Users/pabloelisseo/repos/one-beyond/csm/react-form-builder/node_modules/react-hook-form/src/form.tsx:37:9)
          at Phone (/Users/pabloelisseo/repos/one-beyond/csm/react-form-builder/src/Fields/Phone/index.js:10:3)
          at div
          at /Users/pabloelisseo/repos/one-beyond/csm/react-form-builder/node_modules/@emotion/react/dist/emotion-element-48d2c2e4.cjs.dev.js:62:23
          at QuestionPhone (/Users/pabloelisseo/repos/one-beyond/csm/react-form-builder/src/Questions/Phone/index.js:9:26)
          at form
          at /Users/pabloelisseo/repos/one-beyond/csm/react-form-builder/node_modules/@emotion/react/dist/emotion-element-48d2c2e4.cjs.dev.js:62:23
          at FormBuilder (/Users/pabloelisseo/repos/one-beyond/csm/react-form-builder/src/builder.js:36:13)

      at printWarning (node_modules/react-dom/cjs/react-dom.development.js:86:30)
      at error (node_modules/react-dom/cjs/react-dom.development.js:60:7)
      at initWrapperState (node_modules/react-dom/cjs/react-dom.development.js:1784:7)
      at setInitialProperties (node_modules/react-dom/cjs/react-dom.development.js:9888:7)
      at finalizeInitialChildren (node_modules/react-dom/cjs/react-dom.development.js:10950:3)
      at completeWork (node_modules/react-dom/cjs/react-dom.development.js:22193:17)
      at completeUnitOfWork (node_modules/react-dom/cjs/react-dom.development.js:26593:16)
      at performUnitOfWork (node_modules/react-dom/cjs/react-dom.development.js:26568:5)

  ● check if it calls submit eventhandler once only when required fields are filled in

    expect(jest.fn()).toHaveBeenCalledTimes(expected)

    Expected number of calls: 1
    Received number of calls: 2

      56 |     fireEvent.click(button)
      57 |   })
    > 58 |   expect(mockHandler).toHaveBeenCalledTimes(1)
         |                       ^
      59 | })
      60 |

      at Object.<anonymous> (src/__tests__/builder.test.js:58:23)

[0;33mOne of your dependencies, babel-preset-react-app, is importing the
"@babel/plugin-proposal-private-property-in-object" package without
declaring it in its dependencies. This is currently working because
"@babel/plugin-proposal-private-property-in-object" is already in your
node_modules folder for unrelated reasons, but it [1mmay break at any time[0;33m.

babel-preset-react-app is part of the create-react-app project, [1mwhich
is not maintianed anymore[0;33m. It is thus unlikely that this bug will
ever be fixed. Add "@babel/plugin-proposal-private-property-in-object" to
your devDependencies to work around this error. This will make this message
go away.[0m
  
Test Suites: 9 failed, 6 passed, 15 total
Tests:       66 failed, 42 passed, 108 total
Snapshots:   0 total
Time:        4.234 s
Ran all test suites.
ERROR: "test:unit" exited with 1.
